******************************************************************************
                  TI ARM Linker PC v20.2.7                     
******************************************************************************
>> Linked Sat Dec  3 14:44:46 2022

OUTPUT FILE NAME:   <T9.out>
ENTRY POINT SYMBOL: "_c_int00_noargs"  address: 00001f1d


MEMORY CONFIGURATION

         name            origin    length      used     unused   attr    fill
----------------------  --------  ---------  --------  --------  ----  --------
  MAIN                  00000000   00040000  000021ce  0003de32  R  X
  INFO                  00200000   00004000  00000000  00004000  R  X
  SRAM_CODE             01000000   00010000  00000a1b  0000f5e5  RW X
  SRAM_DATA             20000000   00010000  00000a1b  0000f5e5  RW  


SEGMENT ALLOCATION MAP

run origin  load origin   length   init length attrs members
----------  ----------- ---------- ----------- ----- -------
00000000    00000000    000021d0   000021d0    r-x
  00000000    00000000    000000e4   000000e4    r-- .intvecs
  000000e4    000000e4    0000202a   0000202a    r-x .text
  00002110    00002110    00000020   00000020    r-- .const
  00002130    00002130    000000a0   000000a0    r-- .cinit
20000000    20000000    0000081d   00000000    rw-
  20000000    20000000    00000400   00000000    rw- .sysmem
  20000400    20000400    00000216   00000000    rw- .data
  20000618    20000618    00000205   00000000    rw- .bss
2000fe00    2000fe00    00000200   00000000    rw-
  2000fe00    2000fe00    00000200   00000000    rw- .stack


SECTION ALLOCATION MAP

 output                                  attributes/
section   page    origin      length       input sections
--------  ----  ----------  ----------   ----------------
.intvecs   0    00000000    000000e4     
                  00000000    000000e4     startup_msp432p401r_ccs.obj (.intvecs:retain)

.text      0    000000e4    0000202a     
                  000000e4    000004e4     main.obj (.text)
                  000005c8    00000414     UART0.obj (.text)
                  000009dc    000001e0     system_msp432p401r.obj (.text)
                  00000bbc    0000013c     Clock.obj (.text)
                  00000cf8    00000110     rtsv7M4_T_le_v4SPD16_eabi.lib : fopen.c.obj (.text:_openfile)
                  00000e08    00000100                                   : memory.c.obj (.text:aligned_alloc)
                  00000f08    000000fc     PWM.obj (.text)
                  00001004    000000e8     Motor.obj (.text)
                  000010ec    000000e4     rtsv7M4_T_le_v4SPD16_eabi.lib : memory.c.obj (.text:free)
                  000011d0    000000dc                                   : setvbuf.c.obj (.text:setvbuf)
                  000012ac    000000c8     Reflectance.obj (.text)
                  00001374    000000bc     rtsv7M4_T_le_v4SPD16_eabi.lib : open.c.obj (.text:open)
                  00001430    000000b8                                   : add_device.c.obj (.text:add_device)
                  000014e8    0000009c     ADC14.obj (.text)
                  00001584    0000009c     LaunchPad.obj (.text)
                  00001620    0000009c     rtsv7M4_T_le_v4SPD16_eabi.lib : fopen.c.obj (.text:fopen)
                  000016bc    0000009c                                   : memcpy_t2.asm.obj (.text)
                  00001758    00000094     TimerA1.obj (.text)
                  000017ec    0000007a     rtsv7M4_T_le_v4SPD16_eabi.lib : memset_t2.asm.obj (.text)
                  00001866    00000002                                   : _lock.c.obj (.text:_nop)
                  00001868    00000074     BumpInt.obj (.text)
                  000018dc    00000074     rtsv7M4_T_le_v4SPD16_eabi.lib : fclose.c.obj (.text:__TI_closefile)
                  00001950    00000070                                   : memory.c.obj (.text:split)
                  000019c0    0000006c                                   : hostrename.c.obj (.text:HOSTrename)
                  00001a2c    00000068                                   : hostlseek.c.obj (.text:HOSTlseek)
                  00001a94    00000068                                   : copy_decompress_lzss.c.obj (.text:decompress:lzss:__TI_decompress_lzss)
                  00001afc    00000060                                   : hostopen.c.obj (.text:HOSTopen)
                  00001b5c    0000005c                                   : close.c.obj (.text:close)
                  00001bb8    00000058                                   : hostread.c.obj (.text:HOSTread)
                  00001c10    00000058                                   : hostwrite.c.obj (.text:HOSTwrite)
                  00001c68    0000004c                                   : fflush.c.obj (.text:__TI_doflush)
                  00001cb4    00000048                                   : exit.c.obj (.text:exit)
                  00001cfc    00000044                                   : hostclose.c.obj (.text:HOSTclose)
                  00001d40    00000044                                   : hostunlink.c.obj (.text:HOSTunlink)
                  00001d84    00000044                                   : autoinit.c.obj (.text:__TI_auto_init_nobinit_nopinit:__TI_auto_init_nobinit_nopinit)
                  00001dc8    00000044                                   : getdevice.c.obj (.text:getdevice)
                  00001e0c    00000038     IRDistance.obj (.text)
                  00001e44    00000038     rtsv7M4_T_le_v4SPD16_eabi.lib : trgmsg.c.obj (.text:__TI_writemsg)
                  00001e7c    00000036                                   : strncpy.c.obj (.text:strncpy)
                  00001eb2    00000002     --HOLE-- [fill = 0]
                  00001eb4    00000034                                   : fopen.c.obj (.text:__TI_cleanup)
                  00001ee8    00000034                                   : trgmsg.c.obj (.text:__TI_readmsg)
                  00001f1c    00000034                                   : boot_cortex_m.c.obj (.text:_c_int00_noargs:_c_int00_noargs)
                  00001f50    00000034                                   : fopen.c.obj (.text:freopen)
                  00001f84    00000030                                   : getdevice.c.obj (.text:finddevice)
                  00001fb4    0000002c                                   : unlink.c.obj (.text:unlink)
                  00001fe0    00000028                                   : memory.c.obj (.text:free_list_insert)
                  00002008    00000028                                   : write.c.obj (.text:write)
                  00002030    00000024     CortexM.obj (.text)
                  00002054    0000001c     rtsv7M4_T_le_v4SPD16_eabi.lib : copy_zero_init.c.obj (.text:decompress:ZI:__TI_zero_init_nomemset:__TI_zero_init_nomemset)
                  00002070    0000001c                                   : memory.c.obj (.text:free_list_remove)
                  0000208c    00000018                                   : strcmp.c.obj (.text:strcmp)
                  000020a4    00000016                                   : strchr.c.obj (.text:strchr)
                  000020ba    00000014                                   : strcpy.c.obj (.text:strcpy)
                  000020ce    00000014                                   : strlen.c.obj (.text:strlen)
                  000020e2    0000000e                                   : copy_decompress_none.c.obj (.text:decompress:none:__TI_decompress_none)
                  000020f0    0000000e     startup_msp432p401r_ccs.obj (.text)
                  000020fe    00000008     rtsv7M4_T_le_v4SPD16_eabi.lib : memory.c.obj (.text:malloc)
                  00002106    00000004                                   : pre_init.c.obj (.text:_system_pre_init)
                  0000210a    00000004                                   : exit.c.obj (.text:abort:abort)

.const     0    00002110    00000020     
                  00002110    00000020     Reflectance.obj (.const:$P$T0$1)

.cinit     0    00002130    000000a0     
                  00002130    00000077     (.cinit..data.load) [load image, compression = lzss]
                  000021a7    00000001     --HOLE-- [fill = 0]
                  000021a8    0000000c     (__TI_handler_table)
                  000021b4    00000004     --HOLE-- [fill = 0]
                  000021b8    00000008     (.cinit..bss.load) [load image, compression = zero_init]
                  000021c0    00000010     (__TI_cinit_table)

.init_array 
*          0    00000000    00000000     UNINITIALIZED

.binit     0    00000000    00000000     

.sysmem    0    20000000    00000400     UNINITIALIZED
                  20000000    00000010     rtsv7M4_T_le_v4SPD16_eabi.lib : memory.c.obj (.sysmem)
                  20000010    000003f0     --HOLE--

.data      0    20000400    00000216     UNINITIALIZED
                  20000400    000000f0     rtsv7M4_T_le_v4SPD16_eabi.lib : defs.c.obj (.data:_ftable)
                  200004f0    00000078                                   : host_device.c.obj (.data:_device)
                  20000568    00000050                                   : host_device.c.obj (.data:_stream)
                  200005b8    00000018     Clock.obj (.data)
                  200005d0    00000010     rtsv7M4_T_le_v4SPD16_eabi.lib : defs.c.obj (.data)
                  200005e0    0000000c                                   : exit.c.obj (.data:$O1$$)
                  200005ec    00000008                                   : _lock.c.obj (.data:$O1$$)
                  200005f4    00000008                                   : memory.c.obj (.data:$O1$$)
                  200005fc    00000008     IRDistance.obj (.data)
                  20000604    00000004     rtsv7M4_T_le_v4SPD16_eabi.lib : add_device.c.obj (.data)
                  20000608    00000004                                   : fopen.c.obj (.data)
                  2000060c    00000004                                   : open.c.obj (.data)
                  20000610    00000004     system_msp432p401r.obj (.data)
                  20000614    00000002     main.obj (.data)

.bss       0    20000618    00000205     UNINITIALIZED
                  20000618    00000120     rtsv7M4_T_le_v4SPD16_eabi.lib : trgmsg.c.obj (.bss:_CIOBUF_)
                  20000738    000000a0     (.common:__TI_tmpnams)
                  200007d8    00000008     (.common:Messageb)
                  200007e0    00000008     (.common:parmbuf)
                  200007e8    00000004     (.common:Center)
                  200007ec    00000004     (.common:Left)
                  200007f0    00000004     (.common:Messageindexb)
                  200007f4    00000004     (.common:P4EdgeIntTask)
                  200007f8    00000004     (.common:Right)
                  200007fc    00000004     (.common:TimerA1Task)
                  20000800    00000004     (.common:nc)
                  20000804    00000004     (.common:nl)
                  20000808    00000004     (.common:nr)
                  2000080c    00000004     (.common:position)
                  20000810    00000004     (.common:raw12)
                  20000814    00000004     (.common:raw16)
                  20000818    00000004     (.common:raw17)
                  2000081c    00000001     (.common:Data)

.stack     0    2000fe00    00000200     UNINITIALIZED
                  2000fe00    00000004     rtsv7M4_T_le_v4SPD16_eabi.lib : boot_cortex_m.c.obj (.stack)
                  2000fe04    000001fc     --HOLE--

__llvm_prf_cnts 
*          0    20000000    00000000     UNINITIALIZED

MODULE SUMMARY

       Module                        code   ro data   rw data
       ------                        ----   -------   -------
    .\
       main.obj                      1252   0         86     
       UART0.obj                     1044   0         24     
       system_msp432p401r.obj        480    0         8      
       Clock.obj                     316    0         48     
       PWM.obj                       252    0         0      
       startup_msp432p401r_ccs.obj   14     228       0      
       Motor.obj                     232    0         0      
       Reflectance.obj               200    32        0      
       ADC14.obj                     156    0         0      
       LaunchPad.obj                 156    0         0      
       TimerA1.obj                   148    0         8      
       BumpInt.obj                   116    0         8      
       IRDistance.obj                56     0         16     
       CortexM.obj                   36     0         0      
    +--+-----------------------------+------+---------+---------+
       Total:                        4458   260       198    
                                                             
    D:\MyPrograms\ccs\tools\compiler\ti-cgt-arm_20.2.7.LTS\lib\rtsv7M4_T_le_v4SPD16_eabi.lib
       defs.c.obj                    0      0         832    
       memory.c.obj                  672    0         16     
       trgmsg.c.obj                  108    0         576    
       fopen.c.obj                   532    0         8      
       host_device.c.obj             0      0         400    
       setvbuf.c.obj                 220    0         0      
       open.c.obj                    188    0         8      
       add_device.c.obj              184    0         8      
       memcpy_t2.asm.obj             156    0         0      
       memset_t2.asm.obj             122    0         0      
       fclose.c.obj                  116    0         0      
       getdevice.c.obj               116    0         0      
       hostopen.c.obj                96     0         16     
       hostrename.c.obj              108    0         0      
       copy_decompress_lzss.c.obj    104    0         0      
       hostlseek.c.obj               104    0         0      
       exit.c.obj                    76     0         24     
       close.c.obj                   92     0         0      
       hostread.c.obj                88     0         0      
       hostwrite.c.obj               88     0         0      
       fflush.c.obj                  76     0         0      
       autoinit.c.obj                68     0         0      
       hostclose.c.obj               68     0         0      
       hostunlink.c.obj              68     0         0      
       strncpy.c.obj                 54     0         0      
       boot_cortex_m.c.obj           52     0         0      
       unlink.c.obj                  44     0         0      
       write.c.obj                   40     0         0      
       copy_zero_init.c.obj          28     0         0      
       strcmp.c.obj                  24     0         0      
       strchr.c.obj                  22     0         0      
       strcpy.c.obj                  20     0         0      
       strlen.c.obj                  20     0         0      
       _lock.c.obj                   2      0         16     
       copy_decompress_none.c.obj    14     0         0      
       pre_init.c.obj                4      0         0      
    +--+-----------------------------+------+---------+---------+
       Total:                        3774   0         1904   
                                                             
       Heap:                         0      0         2048   
       Stack:                        0      0         1024   
       Linker Generated:             0      155       0      
    +--+-----------------------------+------+---------+---------+
       Grand Total:                  8232   415       5174   


LINKER GENERATED COPY TABLES

__TI_cinit_table @ 000021c0 records: 2, size/record: 8, table size: 16
	.data: load addr=00002130, load size=00000077 bytes, run addr=20000400, run size=00000216 bytes, compression=lzss
	.bss: load addr=000021b8, load size=00000008 bytes, run addr=20000618, run size=00000205 bytes, compression=zero_init


LINKER GENERATED HANDLER TABLE

__TI_handler_table @ 000021a8 records: 3, size/record: 4, table size: 12
	index: 0, handler: __TI_decompress_lzss
	index: 1, handler: __TI_decompress_none
	index: 2, handler: __TI_zero_init


GLOBAL SYMBOLS: SORTED ALPHABETICALLY BY Name 

address   name                           
-------   ----                           
00001517  ADC0_InitSWTriggerCh17_12_16   
000020fd  ADC14_IRQHandler               
000014e9  ADC_In17_12_16                 
000020fd  AES256_IRQHandler              
00001889  BumpInt_Init                   
00001869  Bump_Read                      
000020fd  BusFault_Handler               
0000210b  C$$EXIT                        
00001e73  C$$IO$$                        
000020fd  COMP_E0_IRQHandler             
000020fd  COMP_E1_IRQHandler             
200005c0  CPMwait                        
000020fd  CS_IRQHandler                  
200007e8  Center                         
00001e2d  CenterConvert                  
200005b8  ClockFrequency                 
00000caf  Clock_Delay1ms                 
00000cad  Clock_Delay1us                 
00000ca7  Clock_GetFreq                  
00000bc3  Clock_Init48MHz                
20000614  CollisionData                  
200005cc  Crystalstable                  
000020fd  DMA_ERR_IRQHandler             
000020fd  DMA_INT0_IRQHandler            
000020fd  DMA_INT1_IRQHandler            
000020fd  DMA_INT2_IRQHandler            
000020fd  DMA_INT3_IRQHandler            
2000081c  Data                           
000020fd  DebugMon_Handler               
000020fd  Default_Handler                
0000204f  DisableInterrupts              
000020fd  EUSCIA0_IRQHandler             
000020fd  EUSCIA1_IRQHandler             
000020fd  EUSCIA2_IRQHandler             
000020fd  EUSCIA3_IRQHandler             
000020fd  EUSCIB0_IRQHandler             
000020fd  EUSCIB1_IRQHandler             
000020fd  EUSCIB2_IRQHandler             
000020fd  EUSCIB3_IRQHandler             
00002049  EnableInterrupts               
00002041  EndCritical                    
000020fd  FLCTL_IRQHandler               
000020fd  FPU_IRQHandler                 
00001cfd  HOSTclose                      
00001a2d  HOSTlseek                      
00001afd  HOSTopen                       
00001bb9  HOSTread                       
000019c1  HOSTrename                     
00001d41  HOSTunlink                     
00001c11  HOSTwrite                      
00000439  HandleCollision                
000020fd  HardFault_Handler              
200005c8  IFlags                         
000002af  IRrun                          
000015bf  LaunchPad_Init                 
000015a1  LaunchPad_Input                
00001593  LaunchPad_LED                  
00001585  LaunchPad_Output               
200007ec  Left                           
00001e1d  LeftConvert                    
000020fd  MemManage_Handler              
200007d8  Messageb                       
200007f0  Messageindexb                  
000010c1  Motor_Backward                 
0000109f  Motor_Forward                  
00001079  Motor_Init                     
0000104f  Motor_Left                     
00001025  Motor_Right                    
00001005  Motor_Stop                     
000020fd  NMI_Handler                    
200007f4  P4EdgeIntTask                  
000020fd  PCM_IRQHandler                 
000003df  PORT1_IRQHandler               
000003df  PORT1_IRQHandler               
000020fd  PORT2_IRQHandler               
000020fd  PORT3_IRQHandler               
0000186f  PORT4_IRQHandler               
0000186f  PORT4_IRQHandler               
000020fd  PORT5_IRQHandler               
000020fd  PORT6_IRQHandler               
000020fd  PSS_IRQHandler                 
00000ff1  PWM_Duty1                      
00000fe5  PWM_Duty2                      
00000fd9  PWM_Duty3                      
00000fcd  PWM_Duty4                      
00000f91  PWM_Init1                      
00000f4d  PWM_Init12                     
00000f09  PWM_Init34                     
000020fd  PendSV_Handler                 
00000221  Port1_Init                     
000003d5  Port1_Input                    
000003cf  Port1_Output                   
200005c4  Postwait                       
200005bc  Prewait                        
000020fd  RTC_C_IRQHandler               
00001335  Reflectance_Init               
000012e9  Reflectance_Position           
000012ad  Reflectance_Read               
000020f1  Reset_Handler                  
200007f8  Right                          
00001e0d  RightConvert                   
000020fd  SVC_Handler                    
00002037  StartCritical                  
000020fd  SysTick_Handler                
20000610  SystemCoreClock                
00000a33  SystemCoreClockUpdate          
000009dd  SystemInit                     
000020fd  T32_INT1_IRQHandler            
000020fd  T32_INT2_IRQHandler            
000020fd  T32_INTC_IRQHandler            
000020fd  TA0_0_IRQHandler               
000020fd  TA0_N_IRQHandler               
000017c1  TA1_0_IRQHandler               
000017c1  TA1_0_IRQHandler               
000020fd  TA1_N_IRQHandler               
000020fd  TA2_0_IRQHandler               
000020fd  TA2_N_IRQHandler               
000020fd  TA3_0_IRQHandler               
000020fd  TA3_N_IRQHandler               
000000e5  TimedPause                     
200007fc  TimerA1Task                    
00001775  TimerA1_Init                   
00001759  TimerA1_Stop                   
00000605  UART0_InChar                   
00000953  UART0_InString                 
0000090f  UART0_InUDec                   
000008ad  UART0_InUHex                   
00000625  UART0_Init                     
0000084f  UART0_Initprintf               
000005c9  UART0_OutChar                  
000007bf  UART0_OutString                
000006c9  UART0_OutUDec                  
0000082b  UART0_OutUDec4                 
000007d3  UART0_OutUDec5                 
00000721  UART0_OutUFix1                 
000006ed  UART0_OutUFix2                 
000006a7  UART0_OutUHex                  
00000693  UART0_OutUHex2                 
000020fd  UsageFault_Handler             
4000480c  WDTCTL_SYM                     
000020fd  WDT_A_IRQHandler               
00002031  WaitForInterrupt               
20000618  __CIOBUF_                      
20010000  __STACK_END                    
00000200  __STACK_SIZE                   
00000400  __SYSMEM_SIZE                  
000021c0  __TI_CINIT_Base                
000021d0  __TI_CINIT_Limit               
000021a8  __TI_Handler_Table_Base        
000021b4  __TI_Handler_Table_Limit       
00001d85  __TI_auto_init_nobinit_nopinit 
00001eb5  __TI_cleanup                   
200005e0  __TI_cleanup_ptr               
000018dd  __TI_closefile                 
00001a95  __TI_decompress_lzss           
000020e3  __TI_decompress_none           
00001c69  __TI_doflush                   
200005e4  __TI_dtors_ptr                 
200005e8  __TI_enable_exit_profile_output
200005d0  __TI_ft_end                    
ffffffff  __TI_pprof_out_hndl            
ffffffff  __TI_prof_data_size            
ffffffff  __TI_prof_data_start           
00001ee9  __TI_readmsg                   
00000000  __TI_static_base__             
20000738  __TI_tmpnams                   
00001e45  __TI_writemsg                  
00002055  __TI_zero_init_nomemset        
000017ed  __aeabi_memclr                 
000017ed  __aeabi_memclr4                
000017ed  __aeabi_memclr8                
000016bd  __aeabi_memcpy                 
000016bd  __aeabi_memcpy4                
000016bd  __aeabi_memcpy8                
000017ef  __aeabi_memset                 
000017ef  __aeabi_memset4                
000017ef  __aeabi_memset8                
200005dc  __aeabi_stderr                 
200005d4  __aeabi_stdin                  
200005d8  __aeabi_stdout                 
ffffffff  __binit__                      
ffffffff  __c_args__                     
UNDEFED   __mpu_init                     
2000fe00  __stack                        
20000000  __start___llvm_prf_cnts        
20000000  __stop___llvm_prf_cnts         
00001f1d  _c_int00_noargs                
200004f0  _device                        
20000400  _ftable                        
200005ec  _lock                          
00001867  _nop                           
20000568  _stream                        
20000000  _sys_memory                    
UNDEFED   _system_post_cinit             
00002107  _system_pre_init               
200005f0  _unlock                        
0000210b  abort                          
00001431  add_device                     
00000e09  aligned_alloc                  
ffffffff  binit                          
00001b5d  close                          
00000bbd  delay                          
20000600  e                              
00001cb5  exit                           
0000068d  ferror                         
00000681  fgetc                          
00001f85  finddevice                     
00001621  fopen                          
000010ed  free                           
00001f51  freopen                        
00001dc9  getdevice                      
00000000  interruptVectors               
0000025f  loop                           
00000365  main                           
000020ff  malloc                         
00000e09  memalign                       
000016bd  memcpy                         
000017f5  memset                         
20000800  nc                             
20000804  nl                             
20000808  nr                             
00001375  open                           
00000673  outnibble                      
200007e0  parmbuf                        
2000080c  position                       
20000810  raw12                          
20000814  raw16                          
20000818  raw17                          
000000f1  reflactance                    
00001fb5  remove                         
000011d1  setvbuf                        
000020a5  strchr                         
0000208d  strcmp                         
000020bb  strcpy                         
000020cf  strlen                         
00001e7d  strncpy                        
20000615  t                              
0000066f  uart_close                     
0000066b  uart_lseek                     
00000661  uart_open                      
00000613  uart_read                      
00000601  uart_rename                    
000005fd  uart_unlink                    
000005d5  uart_write                     
00001fb5  unlink                         
00002009  write                          
200005fc  z                              


GLOBAL SYMBOLS: SORTED BY Symbol Address 

address   name                           
-------   ----                           
00000000  __TI_static_base__             
00000000  interruptVectors               
000000e5  TimedPause                     
000000f1  reflactance                    
00000200  __STACK_SIZE                   
00000221  Port1_Init                     
0000025f  loop                           
000002af  IRrun                          
00000365  main                           
000003cf  Port1_Output                   
000003d5  Port1_Input                    
000003df  PORT1_IRQHandler               
000003df  PORT1_IRQHandler               
00000400  __SYSMEM_SIZE                  
00000439  HandleCollision                
000005c9  UART0_OutChar                  
000005d5  uart_write                     
000005fd  uart_unlink                    
00000601  uart_rename                    
00000605  UART0_InChar                   
00000613  uart_read                      
00000625  UART0_Init                     
00000661  uart_open                      
0000066b  uart_lseek                     
0000066f  uart_close                     
00000673  outnibble                      
00000681  fgetc                          
0000068d  ferror                         
00000693  UART0_OutUHex2                 
000006a7  UART0_OutUHex                  
000006c9  UART0_OutUDec                  
000006ed  UART0_OutUFix2                 
00000721  UART0_OutUFix1                 
000007bf  UART0_OutString                
000007d3  UART0_OutUDec5                 
0000082b  UART0_OutUDec4                 
0000084f  UART0_Initprintf               
000008ad  UART0_InUHex                   
0000090f  UART0_InUDec                   
00000953  UART0_InString                 
000009dd  SystemInit                     
00000a33  SystemCoreClockUpdate          
00000bbd  delay                          
00000bc3  Clock_Init48MHz                
00000ca7  Clock_GetFreq                  
00000cad  Clock_Delay1us                 
00000caf  Clock_Delay1ms                 
00000e09  aligned_alloc                  
00000e09  memalign                       
00000f09  PWM_Init34                     
00000f4d  PWM_Init12                     
00000f91  PWM_Init1                      
00000fcd  PWM_Duty4                      
00000fd9  PWM_Duty3                      
00000fe5  PWM_Duty2                      
00000ff1  PWM_Duty1                      
00001005  Motor_Stop                     
00001025  Motor_Right                    
0000104f  Motor_Left                     
00001079  Motor_Init                     
0000109f  Motor_Forward                  
000010c1  Motor_Backward                 
000010ed  free                           
000011d1  setvbuf                        
000012ad  Reflectance_Read               
000012e9  Reflectance_Position           
00001335  Reflectance_Init               
00001375  open                           
00001431  add_device                     
000014e9  ADC_In17_12_16                 
00001517  ADC0_InitSWTriggerCh17_12_16   
00001585  LaunchPad_Output               
00001593  LaunchPad_LED                  
000015a1  LaunchPad_Input                
000015bf  LaunchPad_Init                 
00001621  fopen                          
000016bd  __aeabi_memcpy                 
000016bd  __aeabi_memcpy4                
000016bd  __aeabi_memcpy8                
000016bd  memcpy                         
00001759  TimerA1_Stop                   
00001775  TimerA1_Init                   
000017c1  TA1_0_IRQHandler               
000017c1  TA1_0_IRQHandler               
000017ed  __aeabi_memclr                 
000017ed  __aeabi_memclr4                
000017ed  __aeabi_memclr8                
000017ef  __aeabi_memset                 
000017ef  __aeabi_memset4                
000017ef  __aeabi_memset8                
000017f5  memset                         
00001867  _nop                           
00001869  Bump_Read                      
0000186f  PORT4_IRQHandler               
0000186f  PORT4_IRQHandler               
00001889  BumpInt_Init                   
000018dd  __TI_closefile                 
000019c1  HOSTrename                     
00001a2d  HOSTlseek                      
00001a95  __TI_decompress_lzss           
00001afd  HOSTopen                       
00001b5d  close                          
00001bb9  HOSTread                       
00001c11  HOSTwrite                      
00001c69  __TI_doflush                   
00001cb5  exit                           
00001cfd  HOSTclose                      
00001d41  HOSTunlink                     
00001d85  __TI_auto_init_nobinit_nopinit 
00001dc9  getdevice                      
00001e0d  RightConvert                   
00001e1d  LeftConvert                    
00001e2d  CenterConvert                  
00001e45  __TI_writemsg                  
00001e73  C$$IO$$                        
00001e7d  strncpy                        
00001eb5  __TI_cleanup                   
00001ee9  __TI_readmsg                   
00001f1d  _c_int00_noargs                
00001f51  freopen                        
00001f85  finddevice                     
00001fb5  remove                         
00001fb5  unlink                         
00002009  write                          
00002031  WaitForInterrupt               
00002037  StartCritical                  
00002041  EndCritical                    
00002049  EnableInterrupts               
0000204f  DisableInterrupts              
00002055  __TI_zero_init_nomemset        
0000208d  strcmp                         
000020a5  strchr                         
000020bb  strcpy                         
000020cf  strlen                         
000020e3  __TI_decompress_none           
000020f1  Reset_Handler                  
000020fd  ADC14_IRQHandler               
000020fd  AES256_IRQHandler              
000020fd  BusFault_Handler               
000020fd  COMP_E0_IRQHandler             
000020fd  COMP_E1_IRQHandler             
000020fd  CS_IRQHandler                  
000020fd  DMA_ERR_IRQHandler             
000020fd  DMA_INT0_IRQHandler            
000020fd  DMA_INT1_IRQHandler            
000020fd  DMA_INT2_IRQHandler            
000020fd  DMA_INT3_IRQHandler            
000020fd  DebugMon_Handler               
000020fd  Default_Handler                
000020fd  EUSCIA0_IRQHandler             
000020fd  EUSCIA1_IRQHandler             
000020fd  EUSCIA2_IRQHandler             
000020fd  EUSCIA3_IRQHandler             
000020fd  EUSCIB0_IRQHandler             
000020fd  EUSCIB1_IRQHandler             
000020fd  EUSCIB2_IRQHandler             
000020fd  EUSCIB3_IRQHandler             
000020fd  FLCTL_IRQHandler               
000020fd  FPU_IRQHandler                 
000020fd  HardFault_Handler              
000020fd  MemManage_Handler              
000020fd  NMI_Handler                    
000020fd  PCM_IRQHandler                 
000020fd  PORT2_IRQHandler               
000020fd  PORT3_IRQHandler               
000020fd  PORT5_IRQHandler               
000020fd  PORT6_IRQHandler               
000020fd  PSS_IRQHandler                 
000020fd  PendSV_Handler                 
000020fd  RTC_C_IRQHandler               
000020fd  SVC_Handler                    
000020fd  SysTick_Handler                
000020fd  T32_INT1_IRQHandler            
000020fd  T32_INT2_IRQHandler            
000020fd  T32_INTC_IRQHandler            
000020fd  TA0_0_IRQHandler               
000020fd  TA0_N_IRQHandler               
000020fd  TA1_N_IRQHandler               
000020fd  TA2_0_IRQHandler               
000020fd  TA2_N_IRQHandler               
000020fd  TA3_0_IRQHandler               
000020fd  TA3_N_IRQHandler               
000020fd  UsageFault_Handler             
000020fd  WDT_A_IRQHandler               
000020ff  malloc                         
00002107  _system_pre_init               
0000210b  C$$EXIT                        
0000210b  abort                          
000021a8  __TI_Handler_Table_Base        
000021b4  __TI_Handler_Table_Limit       
000021c0  __TI_CINIT_Base                
000021d0  __TI_CINIT_Limit               
20000000  __start___llvm_prf_cnts        
20000000  __stop___llvm_prf_cnts         
20000000  _sys_memory                    
20000400  _ftable                        
200004f0  _device                        
20000568  _stream                        
200005b8  ClockFrequency                 
200005bc  Prewait                        
200005c0  CPMwait                        
200005c4  Postwait                       
200005c8  IFlags                         
200005cc  Crystalstable                  
200005d0  __TI_ft_end                    
200005d4  __aeabi_stdin                  
200005d8  __aeabi_stdout                 
200005dc  __aeabi_stderr                 
200005e0  __TI_cleanup_ptr               
200005e4  __TI_dtors_ptr                 
200005e8  __TI_enable_exit_profile_output
200005ec  _lock                          
200005f0  _unlock                        
200005fc  z                              
20000600  e                              
20000610  SystemCoreClock                
20000614  CollisionData                  
20000615  t                              
20000618  __CIOBUF_                      
20000738  __TI_tmpnams                   
200007d8  Messageb                       
200007e0  parmbuf                        
200007e8  Center                         
200007ec  Left                           
200007f0  Messageindexb                  
200007f4  P4EdgeIntTask                  
200007f8  Right                          
200007fc  TimerA1Task                    
20000800  nc                             
20000804  nl                             
20000808  nr                             
2000080c  position                       
20000810  raw12                          
20000814  raw16                          
20000818  raw17                          
2000081c  Data                           
2000fe00  __stack                        
20010000  __STACK_END                    
4000480c  WDTCTL_SYM                     
ffffffff  __TI_pprof_out_hndl            
ffffffff  __TI_prof_data_size            
ffffffff  __TI_prof_data_start           
ffffffff  __binit__                      
ffffffff  __c_args__                     
ffffffff  binit                          
UNDEFED   __mpu_init                     
UNDEFED   _system_post_cinit             

[247 symbols]
