******************************************************************************
                  TI ARM Linker PC v18.1.2                     
******************************************************************************
>> Linked Fri Jul 12 14:38:47 2019

OUTPUT FILE NAME:   <Lab14_EdgeInterrupts.out>
ENTRY POINT SYMBOL: "_c_int00_noargs"  address: 000046e9


MEMORY CONFIGURATION

         name            origin    length      used     unused   attr    fill
----------------------  --------  ---------  --------  --------  ----  --------
  MAIN                  00000000   00040000  00004bf5  0003b40b  R  X
  INFO                  00200000   00004000  00000000  00004000  R  X
  SRAM_CODE             01000000   00010000  00000a15  0000f5eb  RW X
  SRAM_DATA             20000000   00010000  00000a15  0000f5eb  RW  


SEGMENT ALLOCATION MAP

run origin  load origin   length   init length attrs members
----------  ----------- ---------- ----------- ----- -------
00000000    00000000    00004bf8   00004bf8    r-x
  00000000    00000000    000000e4   000000e4    r-- .intvecs
  000000e4    000000e4    00004970   00004970    r-x .text
  00004a54    00004a54    00000101   00000101    r-- .const
  00004b58    00004b58    000000a0   000000a0    r-- .cinit
20000000    20000000    00000815   00000000    rw-
  20000000    20000000    00000400   00000000    rw- .sysmem
  20000400    20000400    0000022c   00000000    rw- .data
  2000062c    2000062c    000001e9   00000000    rw- .bss
2000fe00    2000fe00    00000200   00000000    rw-
  2000fe00    2000fe00    00000200   00000000    rw- .stack


SECTION ALLOCATION MAP

 output                                  attributes/
section   page    origin      length       input sections
--------  ----  ----------  ----------   ----------------
.intvecs   0    00000000    000000e4     
                  00000000    000000e4     startup_msp432p401r_ccs.obj (.intvecs:retain)

.text      0    000000e4    00004970     
                  000000e4    00000a5e     rtsv7M4_T_le_v4SPD16_eabi.lib : _printfi.c.obj (.text:__TI_printfi)
                  00000b42    00000002                                   : _lock.c.obj (.text:_nop)
                  00000b44    000006bc     UART0.obj (.text)
                  00001200    00000630     TExaS.obj (.text)
                  00001830    000004e0     Lab14_EdgeInterruptsmain.obj (.text)
                  00001d10    0000032c     system_msp432p401r.obj (.text)
                  0000203c    00000270     rtsv7M4_T_le_v4SPD16_eabi.lib : _printfi.c.obj (.text:_pconv_a)
                  000022ac    00000228     PWM.obj (.text)
                  000024d4    000001e0     Clock.obj (.text)
                  000026b4    000001d0     rtsv7M4_T_le_v4SPD16_eabi.lib : _printfi.c.obj (.text:_pconv_g)
                  00002884    000001b6                                   : fd_add_t2.asm.obj (.text)
                  00002a3a    00000002                                   : div0.asm.obj (.text)
                  00002a3c    0000016c     Motor.obj (.text)
                  00002ba8    0000013c     rtsv7M4_T_le_v4SPD16_eabi.lib : _printfi.c.obj (.text:_pconv_e)
                  00002ce4    00000136                                   : fd_div_t2.asm.obj (.text)
                  00002e1a    00000002     --HOLE-- [fill = 0]
                  00002e1c    00000120                                   : _printfi.c.obj (.text:fcvt)
                  00002f3c    00000114                                   : fputs.c.obj (.text:fputs)
                  00003050    00000110                                   : s_scalbn.c.obj (.text:scalbn)
                  00003160    000000fc                                   : fd_mul_t2.asm.obj (.text)
                  0000325c    000000f4     LaunchPad.obj (.text)
                  00003350    000000e4     BumpInt.obj (.text)
                  00003434    000000dc     rtsv7M4_T_le_v4SPD16_eabi.lib : setvbuf.c.obj (.text:setvbuf)
                  00003510    000000d8                                   : memory.c.obj (.text:free)
                  000035e8    000000d0                                   : fopen.c.obj (.text:_openfile)
                  000036b8    000000bc                                   : open.c.obj (.text:open)
                  00003774    000000b8                                   : add_device.c.obj (.text:add_device)
                  0000382c    000000b1                                   : _printfi.c.obj (.text:_ltostr)
                  000038dd    00000003     --HOLE-- [fill = 0]
                  000038e0    000000a8     TimerA1.obj (.text)
                  00003988    0000009c     rtsv7M4_T_le_v4SPD16_eabi.lib : fopen.c.obj (.text:fopen)
                  00003a24    0000009c                                   : memcpy_t2.asm.obj (.text)
                  00003ac0    00000096                                   : ull_div_t2.asm.obj (.text)
                  00003b56    00000002     --HOLE-- [fill = 0]
                  00003b58    0000008c                                   : fputc.c.obj (.text:fputc)
                  00003be4    00000086                                   : fd_cmp_t2.asm.obj (.text:__aeabi_cdcmple)
                  00003c6a    00000086                                   : fd_cmp_t2.asm.obj (.text:__aeabi_cdrcmple)
                  00003cf0    0000007a                                   : memset_t2.asm.obj (.text)
                  00003d6a    00000002     --HOLE-- [fill = 0]
                  00003d6c    00000078                                   : memory.c.obj (.text:malloc)
                  00003de4    00000074                                   : fclose.c.obj (.text:__TI_closefile)
                  00003e58    0000006e                                   : _printfi.c.obj (.text:_mcpy)
                  00003ec6    00000002     --HOLE-- [fill = 0]
                  00003ec8    00000068                                   : hostlseek.c.obj (.text:HOSTlseek)
                  00003f30    00000068                                   : hostrename.c.obj (.text:HOSTrename)
                  00003f98    00000068                                   : copy_decompress_lzss.c.obj (.text:decompress:lzss:__TI_decompress_lzss)
                  00004000    00000068                                   : printf.c.obj (.text:printf)
                  00004068    00000064                                   : s_frexp.c.obj (.text:frexp)
                  000040cc    00000064                                   : fseek.c.obj (.text:fseek)
                  00004130    00000062                                   : _io_perm.c.obj (.text:__TI_wrt_ok)
                  00004192    00000002     --HOLE-- [fill = 0]
                  00004194    00000060                                   : hostopen.c.obj (.text:HOSTopen)
                  000041f4    0000005c                                   : close.c.obj (.text:close)
                  00004250    00000058                                   : hostread.c.obj (.text:HOSTread)
                  000042a8    00000058                                   : hostwrite.c.obj (.text:HOSTwrite)
                  00004300    00000056                                   : _printfi.c.obj (.text:_pconv_f)
                  00004356    00000054                                   : ltoa.c.obj (.text:ltoa)
                  000043aa    00000052                                   : _printfi.c.obj (.text:_ecpy)
                  000043fc    0000004c                                   : fflush.c.obj (.text:__TI_doflush)
                  00004448    0000004c                                   : atoi.c.obj (.text:atoi)
                  00004494    00000048                                   : exit.c.obj (.text:exit)
                  000044dc    00000048                                   : fd_toi_t2.asm.obj (.text)
                  00004524    00000044                                   : hostclose.c.obj (.text:HOSTclose)
                  00004568    00000044                                   : hostunlink.c.obj (.text:HOSTunlink)
                  000045ac    00000044                                   : autoinit.c.obj (.text:__TI_auto_init_nobinit_nopinit:__TI_auto_init_nobinit_nopinit)
                  000045f0    00000044                                   : getdevice.c.obj (.text:getdevice)
                  00004634    0000003e                                   : _printfi.c.obj (.text:_fcpy)
                  00004672    00000002     --HOLE-- [fill = 0]
                  00004674    0000003c                                   : memory.c.obj (.text:minsert)
                  000046b0    00000038                                   : trgmsg.c.obj (.text:__TI_writemsg)
                  000046e8    00000038                                   : boot_cortex_m.c.obj (.text:_c_int00_noargs:_c_int00_noargs)
                  00004720    00000038                                   : memory.c.obj (.text:minit)
                  00004758    00000036                                   : strncpy.c.obj (.text:strncpy)
                  0000478e    00000002     --HOLE-- [fill = 0]
                  00004790    00000034                                   : fopen.c.obj (.text:__TI_cleanup)
                  000047c4    00000034                                   : trgmsg.c.obj (.text:__TI_readmsg)
                  000047f8    00000034                                   : fopen.c.obj (.text:freopen)
                  0000482c    00000030                                   : getdevice.c.obj (.text:finddevice)
                  0000485c    0000002e                                   : i_tofd_t2.asm.obj (.text)
                  0000488a    00000002     --HOLE-- [fill = 0]
                  0000488c    0000002c                                   : unlink.c.obj (.text:unlink)
                  000048b8    00000028                                   : lseek.c.obj (.text:lseek)
                  000048e0    00000028                                   : memory.c.obj (.text:mremove)
                  00004908    00000028                                   : write.c.obj (.text:write)
                  00004930    00000024     CortexM.obj (.text)
                  00004954    00000020     rtsv7M4_T_le_v4SPD16_eabi.lib : memchr.c.obj (.text:memchr)
                  00004974    0000001c                                   : memccpy.c.obj (.text:memccpy)
                  00004990    00000018                                   : strcmp.c.obj (.text:strcmp)
                  000049a8    00000016                                   : strchr.c.obj (.text:strchr)
                  000049be    00000014                                   : s_copysign.c.obj (.text:copysign)
                  000049d2    00000014                                   : strcpy.c.obj (.text:strcpy)
                  000049e6    00000014                                   : strlen.c.obj (.text:strlen)
                  000049fa    00000012                                   : copy_zero_init.c.obj (.text:decompress:ZI:__TI_zero_init_nomemset:__TI_zero_init_nomemset)
                  00004a0c    00000012                                   : wcslen.c.obj (.text:wcslen)
                  00004a1e    0000000e                                   : copy_decompress_none.c.obj (.text:decompress:none:__TI_decompress_none)
                  00004a2c    0000000e     startup_msp432p401r_ccs.obj (.text)
                  00004a3a    00000002     --HOLE-- [fill = 0]
                  00004a3c    00000008     rtsv7M4_T_le_v4SPD16_eabi.lib : errno.c.obj (.text:__aeabi_errno_addr)
                  00004a44    00000004                                   : printf.c.obj (.text:_outc)
                  00004a48    00000004                                   : printf.c.obj (.text:_outs)
                  00004a4c    00000004                                   : pre_init.c.obj (.text:_system_pre_init)
                  00004a50    00000004                                   : exit.c.obj (.text:abort:abort)

.const     0    00004a54    00000101     
                  00004a54    00000101     rtsv7M4_T_le_v4SPD16_eabi.lib : ctype.c.obj (.const:.string:_ctypes_)

.cinit     0    00004b58    000000a0     
                  00004b58    00000077     (.cinit..data.load) [load image, compression = lzss]
                  00004bcf    00000001     --HOLE-- [fill = 0]
                  00004bd0    0000000c     (__TI_handler_table)
                  00004bdc    00000004     --HOLE-- [fill = 0]
                  00004be0    00000008     (.cinit..bss.load) [load image, compression = zero_init]
                  00004be8    00000010     (__TI_cinit_table)

.init_array 
*          0    00000000    00000000     UNINITIALIZED

.binit     0    00000000    00000000     

.sysmem    0    20000000    00000400     UNINITIALIZED
                  20000000    00000008     rtsv7M4_T_le_v4SPD16_eabi.lib : memory.c.obj (.sysmem)
                  20000008    000003f8     --HOLE--

.data      0    20000400    0000022c     UNINITIALIZED
                  20000400    000000f0     rtsv7M4_T_le_v4SPD16_eabi.lib : defs.c.obj (.data:_ftable)
                  200004f0    00000078                                   : write.c.obj (.data:_device)
                  20000568    00000050                                   : write.c.obj (.data:_stream)
                  200005b8    00000018     Clock.obj (.data)
                  200005d0    00000010     rtsv7M4_T_le_v4SPD16_eabi.lib : defs.c.obj (.data)
                  200005e0    0000000c                                   : exit.c.obj (.data:$O1$$)
                  200005ec    0000000c                                   : memory.c.obj (.data:$O1$$)
                  200005f8    0000000c     Lab14_EdgeInterruptsmain.obj (.data)
                  20000604    0000000c     TExaS.obj (.data)
                  20000610    00000008     rtsv7M4_T_le_v4SPD16_eabi.lib : _lock.c.obj (.data:$O1$$)
                  20000618    00000004                                   : add_device.c.obj (.data)
                  2000061c    00000004                                   : errno.c.obj (.data)
                  20000620    00000004                                   : fopen.c.obj (.data)
                  20000624    00000004                                   : open.c.obj (.data)
                  20000628    00000004     system_msp432p401r.obj (.data)

.bss       0    2000062c    000001e9     UNINITIALIZED
                  2000062c    00000120     rtsv7M4_T_le_v4SPD16_eabi.lib : trgmsg.c.obj (.bss:_CIOBUF_)
                  2000074c    000000a0     (.common:__TI_tmpnams)
                  200007ec    00000008     (.common:Messageb)
                  200007f4    00000008     (.common:parmbuf)
                  200007fc    00000004     (.common:CollisionData)
                  20000800    00000004     (.common:CollisionFlag)
                  20000804    00000004     (.common:Messageindexb)
                  20000808    00000004     (.common:P4EdgeIntTask)
                  2000080c    00000004     (.common:PeriodicTask2)
                  20000810    00000004     (.common:TimerA1Task)
                  20000814    00000001     (.common:LogicData)

.stack     0    2000fe00    00000200     UNINITIALIZED
                  2000fe00    00000004     rtsv7M4_T_le_v4SPD16_eabi.lib : boot_cortex_m.c.obj (.stack)
                  2000fe04    000001fc     --HOLE--

MODULE SUMMARY

       Module                         code    ro data   rw data
       ------                         ----    -------   -------
    .\
       UART0.obj                      1724    0         24     
       TExaS.obj                      1584    0         34     
       Lab14_EdgeInterruptsmain.obj   1248    0         40     
       system_msp432p401r.obj         812     0         8      
       PWM.obj                        552     0         0      
       Clock.obj                      480     0         48     
       Motor.obj                      364     0         0      
       LaunchPad.obj                  244     0         0      
       startup_msp432p401r_ccs.obj    14      228       0      
       BumpInt.obj                    228     0         8      
       TimerA1.obj                    168     0         8      
       CortexM.obj                    36      0         0      
    +--+------------------------------+-------+---------+---------+
       Total:                         7454    228       170    
                                                               
    C:\ti\ccsv8\tools\compiler\ti-cgt-arm_18.1.2.LTS\lib\rtsv7M4_T_le_v4SPD16_eabi.lib
       _printfi.c.obj                 4863    0         0      
       defs.c.obj                     0       0         832    
       trgmsg.c.obj                   108     0         576    
       memory.c.obj                   492     0         24     
       fopen.c.obj                    468     0         8      
       write.c.obj                    40      0         400    
       fd_add_t2.asm.obj              438     0         0      
       fd_div_t2.asm.obj              310     0         0      
       fputs.c.obj                    276     0         0      
       s_scalbn.c.obj                 272     0         0      
       fd_cmp_t2.asm.obj              268     0         0      
       ctype.c.obj                    0       257       0      
       fd_mul_t2.asm.obj              252     0         0      
       setvbuf.c.obj                  220     0         0      
       open.c.obj                     188     0         8      
       add_device.c.obj               184     0         8      
       memcpy_t2.asm.obj              156     0         0      
       ull_div_t2.asm.obj             150     0         0      
       fputc.c.obj                    140     0         0      
       memset_t2.asm.obj              122     0         0      
       fclose.c.obj                   116     0         0      
       getdevice.c.obj                116     0         0      
       hostopen.c.obj                 96      0         16     
       printf.c.obj                   112     0         0      
       copy_decompress_lzss.c.obj     104     0         0      
       hostlseek.c.obj                104     0         0      
       hostrename.c.obj               104     0         0      
       exit.c.obj                     76      0         24     
       fseek.c.obj                    100     0         0      
       s_frexp.c.obj                  100     0         0      
       _io_perm.c.obj                 98      0         0      
       close.c.obj                    92      0         0      
       hostread.c.obj                 88      0         0      
       hostwrite.c.obj                88      0         0      
       ltoa.c.obj                     84      0         0      
       atoi.c.obj                     76      0         0      
       fflush.c.obj                   76      0         0      
       fd_toi_t2.asm.obj              72      0         0      
       autoinit.c.obj                 68      0         0      
       hostclose.c.obj                68      0         0      
       hostunlink.c.obj               68      0         0      
       boot_cortex_m.c.obj            56      0         0      
       strncpy.c.obj                  54      0         0      
       i_tofd_t2.asm.obj              46      0         0      
       unlink.c.obj                   44      0         0      
       lseek.c.obj                    40      0         0      
       memchr.c.obj                   32      0         0      
       memccpy.c.obj                  28      0         0      
       strcmp.c.obj                   24      0         0      
       strchr.c.obj                   22      0         0      
       s_copysign.c.obj               20      0         0      
       strcpy.c.obj                   20      0         0      
       strlen.c.obj                   20      0         0      
       _lock.c.obj                    2       0         16     
       copy_zero_init.c.obj           18      0         0      
       wcslen.c.obj                   18      0         0      
       errno.c.obj                    8       0         8      
       copy_decompress_none.c.obj     14      0         0      
       pre_init.c.obj                 4       0         0      
       div0.asm.obj                   2       0         0      
    +--+------------------------------+-------+---------+---------+
       Total:                         11325   257       1920   
                                                               
       Heap:                          0       0         2048   
       Stack:                         0       0         1024   
       Linker Generated:              0       155       0      
    +--+------------------------------+-------+---------+---------+
       Grand Total:                   18779   640       5162   


LINKER GENERATED COPY TABLES

__TI_cinit_table @ 00004be8 records: 2, size/record: 8, table size: 16
	.data: load addr=00004b58, load size=00000077 bytes, run addr=20000400, run size=0000022c bytes, compression=lzss
	.bss: load addr=00004be0, load size=00000008 bytes, run addr=2000062c, run size=000001e9 bytes, compression=zero_init


LINKER GENERATED HANDLER TABLE

__TI_handler_table @ 00004bd0 records: 3, size/record: 4, table size: 12
	index: 0, handler: __TI_decompress_lzss
	index: 1, handler: __TI_decompress_none
	index: 2, handler: __TI_zero_init


GLOBAL SYMBOLS: SORTED ALPHABETICALLY BY Name 

address   name                           
-------   ----                           
00004a39  ADC14_IRQHandler               
00001591  ADC_Init                       
00004a39  AES256_IRQHandler              
00003351  BumpInt_Init                   
000033b3  Bump_Read                      
00004a39  BusFault_Handler               
00004a51  C$$EXIT                        
000046df  C$$IO$$                        
00004a39  COMP_E0_IRQHandler             
00004a39  COMP_E1_IRQHandler             
200005c0  CPMwait                        
00004a39  CS_IRQHandler                  
200005b8  ClockFrequency                 
00002629  Clock_Delay1ms                 
000025ff  Clock_Delay1us                 
000025eb  Clock_GetFreq                  
000024d5  Clock_Init48MHz                
200007fc  CollisionData                  
20000800  CollisionFlag                  
200005cc  Crystalstable                  
00004a39  DMA_ERR_IRQHandler             
00004a39  DMA_INT0_IRQHandler            
00004a39  DMA_INT1_IRQHandler            
00004a39  DMA_INT2_IRQHandler            
00004a39  DMA_INT3_IRQHandler            
00004a39  DebugMon_Handler               
00004a39  Default_Handler                
00004931  DisableInterrupts              
00004a39  EUSCIA0_IRQHandler             
00004a39  EUSCIA1_IRQHandler             
00004a39  EUSCIA2_IRQHandler             
00004a39  EUSCIA3_IRQHandler             
00004a39  EUSCIB0_IRQHandler             
00004a39  EUSCIB1_IRQHandler             
00004a39  EUSCIB2_IRQHandler             
00004a39  EUSCIB3_IRQHandler             
00004937  EnableInterrupts               
00004947  EndCritical                    
00004a39  FLCTL_IRQHandler               
00004a39  FPU_IRQHandler                 
00004525  HOSTclose                      
00003ec9  HOSTlseek                      
00004195  HOSTopen                       
00004251  HOSTread                       
00003f31  HOSTrename                     
00004569  HOSTunlink                     
000042a9  HOSTwrite                      
00001831  HandleCollision                
00004a39  HardFault_Handler              
200005c8  IFlags                         
0000325d  LaunchPad_Init                 
000032cd  LaunchPad_Input                
000032e7  LaunchPad_LED                  
00003305  LaunchPad_Output               
00001201  LogicAnalyzer                  
0000120b  LogicAnalyzer_P1               
000012e1  LogicAnalyzer_P10              
00001219  LogicAnalyzer_P2               
00001227  LogicAnalyzer_P2_7654          
00001237  LogicAnalyzer_P3               
00001245  LogicAnalyzer_P4               
00001263  LogicAnalyzer_P4_765320        
00001253  LogicAnalyzer_P4_765432        
0000129b  LogicAnalyzer_P5               
000012a9  LogicAnalyzer_P6               
000012b7  LogicAnalyzer_P7               
000012c5  LogicAnalyzer_P8               
000012d3  LogicAnalyzer_P9               
20000814  LogicData                      
00004a39  MemManage_Handler              
200007ec  Messageb                       
20000804  Messageindexb                  
00002b53  Motor_Backward                 
00002aaf  Motor_Forward                  
00002a3d  Motor_Init                     
00002b19  Motor_Left                     
00002adf  Motor_Right                    
00002a8f  Motor_Stop                     
00004a39  NMI_Handler                    
20000808  P4EdgeIntTask                  
00004a39  PCM_IRQHandler                 
00004a39  PORT1_IRQHandler               
00004a39  PORT2_IRQHandler               
00004a39  PORT3_IRQHandler               
000033eb  PORT4_IRQHandler               
000033eb  PORT4_IRQHandler               
00004a39  PORT5_IRQHandler               
00004a39  PORT6_IRQHandler               
00004a39  PSS_IRQHandler                 
00002397  PWM_Duty1                      
000023b7  PWM_Duty2                      
0000245b  PWM_Duty3                      
0000247b  PWM_Duty4                      
000022ad  PWM_Init1                      
00002313  PWM_Init12                     
000023d7  PWM_Init34                     
00004a39  PendSV_Handler                 
2000080c  PeriodicTask2                  
00001373  PeriodicTask2_Init             
000013ed  PeriodicTask2_Stop             
200005c4  Postwait                       
200005bc  Prewait                        
00004a39  RTC_C_IRQHandler               
00004a2d  Reset_Handler                  
00004a39  SVC_Handler                    
000012ef  Scope                          
0000493d  StartCritical                  
00004a39  SysTick_Handler                
20000628  SystemCoreClock                
00001d11  SystemCoreClockUpdate          
00001f85  SystemInit                     
000013dd  T32_INT1_IRQHandler            
000013dd  T32_INT1_IRQHandler            
00004a39  T32_INT2_IRQHandler            
00004a39  T32_INTC_IRQHandler            
00004a39  TA0_0_IRQHandler               
00004a39  TA0_N_IRQHandler               
00003953  TA1_0_IRQHandler               
00003953  TA1_0_IRQHandler               
00004a39  TA1_N_IRQHandler               
00004a39  TA2_0_IRQHandler               
00004a39  TA2_N_IRQHandler               
00004a39  TA3_0_IRQHandler               
00004a39  TA3_N_IRQHandler               
0000152f  TExaS_Clear0                   
0000153b  TExaS_Clear1                   
00001547  TExaS_Clear2                   
00001553  TExaS_Clear3                   
0000155f  TExaS_Clear4                   
00001561  TExaS_Clear5                   
0000156d  TExaS_Clear6                   
0000166d  TExaS_Init                     
20000608  TExaS_ScopeErrConflict         
20000604  TExaS_ScopeErrLostData         
2000060c  TExaS_ScopeWrnReconfig         
000014cd  TExaS_Set                      
000014e5  TExaS_Set0                     
000014f1  TExaS_Set1                     
000014fd  TExaS_Set2                     
00001509  TExaS_Set3                     
00001515  TExaS_Set4                     
00001517  TExaS_Set5                     
00001523  TExaS_Set6                     
000017cd  TExaS_Stop                     
00001483  TExaS_Task0                    
0000148f  TExaS_Task1                    
0000149b  TExaS_Task2                    
000014a7  TExaS_Task3                    
000014b3  TExaS_Task4                    
000014b5  TExaS_Task5                    
000014c1  TExaS_Task6                    
200005f8  Time                           
200005fc  Time_For_Forward               
20000810  TimerA1Task                    
000038e1  TimerA1_Init                   
0000393f  TimerA1_Stop                   
000018a5  TimerA1_Task                   
00000b8b  UART0_InChar                   
00001015  UART0_InString                 
00000bd5  UART0_InUDec                   
00000ec9  UART0_InUHex                   
00000b45  UART0_Init                     
00001175  UART0_Initprintf               
00000b9b  UART0_OutChar                  
00000bb7  UART0_OutString                
00000c59  UART0_OutUDec                  
00000dc5  UART0_OutUDec4                 
00000e19  UART0_OutUDec5                 
00000e55  UART0_OutUFix1                 
00000e7d  UART0_OutUFix2                 
00000f8d  UART0_OutUHex                  
00000ff9  UART0_OutUHex2                 
00001457  UART_InChar                    
000013fd  UART_Init                      
00001467  UART_OutChar                   
00004a39  UsageFault_Handler             
4000480c  WDTCTL_SYM                     
00004a39  WDT_A_IRQHandler               
0000494f  WaitForInterrupt               
2000062c  __CIOBUF_                      
20010000  __STACK_END                    
00000200  __STACK_SIZE                   
00000400  __SYSMEM_SIZE                  
00004be8  __TI_CINIT_Base                
00004bf8  __TI_CINIT_Limit               
00004bd0  __TI_Handler_Table_Base        
00004bdc  __TI_Handler_Table_Limit       
000045ad  __TI_auto_init_nobinit_nopinit 
00004791  __TI_cleanup                   
200005e0  __TI_cleanup_ptr               
00003de5  __TI_closefile                 
00003f99  __TI_decompress_lzss           
00004a1f  __TI_decompress_none           
000043fd  __TI_doflush                   
200005e4  __TI_dtors_ptr                 
200005e8  __TI_enable_exit_profile_output
200005d0  __TI_ft_end                    
ffffffff  __TI_pprof_out_hndl            
000000e5  __TI_printfi                   
ffffffff  __TI_prof_data_size            
ffffffff  __TI_prof_data_start           
000047c5  __TI_readmsg                   
00000000  __TI_static_base__             
2000074c  __TI_tmpnams                   
000046b1  __TI_writemsg                  
00004131  __TI_wrt_ok                    
000049fb  __TI_zero_init_nomemset        
00003be5  __aeabi_cdcmpeq                
00003be5  __aeabi_cdcmple                
00003c6b  __aeabi_cdrcmple               
000044dd  __aeabi_d2iz                   
0000288f  __aeabi_dadd                   
00002ce5  __aeabi_ddiv                   
00003161  __aeabi_dmul                   
00002885  __aeabi_dsub                   
00004a3d  __aeabi_errno_addr             
0000485d  __aeabi_i2d                    
00002a3b  __aeabi_idiv0                  
00002a3b  __aeabi_ldiv0                  
00003cf1  __aeabi_memclr                 
00003cf1  __aeabi_memclr4                
00003cf1  __aeabi_memclr8                
00003a25  __aeabi_memcpy                 
00003a25  __aeabi_memcpy4                
00003a25  __aeabi_memcpy8                
00003cf3  __aeabi_memset                 
00003cf3  __aeabi_memset4                
00003cf3  __aeabi_memset8                
200005dc  __aeabi_stderr                 
200005d4  __aeabi_stdin                  
200005d8  __aeabi_stdout                 
00003ac1  __aeabi_uldivmod               
ffffffff  __binit__                      
ffffffff  __c_args__                     
UNDEFED   __mpu_init                     
2000fe00  __stack                        
000046e9  _c_int00_noargs                
00004a54  _ctypes_                       
200004f0  _device                        
20000400  _ftable                        
20000610  _lock                          
00000b43  _nop                           
20000568  _stream                        
20000000  _sys_memory                    
UNDEFED   _system_post_cinit             
00004a4d  _system_pre_init               
20000614  _unlock                        
00004a51  abort                          
00003775  add_device                     
00004449  atoi                           
ffffffff  binit                          
20000600  centerI                        
000041f5  close                          
000049bf  copysign                       
000049bf  copysignl                      
000025f1  delay                          
2000061c  errno                          
00004495  exit                           
000010af  ferror                         
0000108f  fgetc                          
0000482d  finddevice                     
00003989  fopen                          
00003b59  fputc                          
00002f3d  fputs                          
00003511  free                           
000047f9  freopen                        
00004069  frexp                          
00004069  frexpl                         
000040cd  fseek                          
000045f1  getdevice                      
00000000  interruptVectors               
00003051  ldexp                          
00003051  ldexpl                         
000048b9  lseek                          
00004357  ltoa                           
00001c03  main                           
00001c9f  main1                          
00003d6d  malloc                         
00004975  memccpy                        
00004955  memchr                         
00003a25  memcpy                         
00003cf9  memset                         
00004721  minit                          
000036b9  open                           
00000fd1  outnibble                      
200007f4  parmbuf                        
00004001  printf                         
00003b59  putc                           
0000488d  remove                         
00003051  scalbn                         
00003051  scalbnl                        
00003435  setvbuf                        
000049a9  strchr                         
00004991  strcmp                         
000049d3  strcpy                         
000049e7  strlen                         
00004759  strncpy                        
000010cd  uart_close                     
0000114b  uart_lseek                     
000010bd  uart_open                      
000010df  uart_read                      
00001167  uart_rename                    
0000115b  uart_unlink                    
00001109  uart_write                     
0000488d  unlink                         
00004a0d  wcslen                         
00004909  write                          


GLOBAL SYMBOLS: SORTED BY Symbol Address 

address   name                           
-------   ----                           
00000000  __TI_static_base__             
00000000  interruptVectors               
000000e5  __TI_printfi                   
00000200  __STACK_SIZE                   
00000400  __SYSMEM_SIZE                  
00000b43  _nop                           
00000b45  UART0_Init                     
00000b8b  UART0_InChar                   
00000b9b  UART0_OutChar                  
00000bb7  UART0_OutString                
00000bd5  UART0_InUDec                   
00000c59  UART0_OutUDec                  
00000dc5  UART0_OutUDec4                 
00000e19  UART0_OutUDec5                 
00000e55  UART0_OutUFix1                 
00000e7d  UART0_OutUFix2                 
00000ec9  UART0_InUHex                   
00000f8d  UART0_OutUHex                  
00000fd1  outnibble                      
00000ff9  UART0_OutUHex2                 
00001015  UART0_InString                 
0000108f  fgetc                          
000010af  ferror                         
000010bd  uart_open                      
000010cd  uart_close                     
000010df  uart_read                      
00001109  uart_write                     
0000114b  uart_lseek                     
0000115b  uart_unlink                    
00001167  uart_rename                    
00001175  UART0_Initprintf               
00001201  LogicAnalyzer                  
0000120b  LogicAnalyzer_P1               
00001219  LogicAnalyzer_P2               
00001227  LogicAnalyzer_P2_7654          
00001237  LogicAnalyzer_P3               
00001245  LogicAnalyzer_P4               
00001253  LogicAnalyzer_P4_765432        
00001263  LogicAnalyzer_P4_765320        
0000129b  LogicAnalyzer_P5               
000012a9  LogicAnalyzer_P6               
000012b7  LogicAnalyzer_P7               
000012c5  LogicAnalyzer_P8               
000012d3  LogicAnalyzer_P9               
000012e1  LogicAnalyzer_P10              
000012ef  Scope                          
00001373  PeriodicTask2_Init             
000013dd  T32_INT1_IRQHandler            
000013dd  T32_INT1_IRQHandler            
000013ed  PeriodicTask2_Stop             
000013fd  UART_Init                      
00001457  UART_InChar                    
00001467  UART_OutChar                   
00001483  TExaS_Task0                    
0000148f  TExaS_Task1                    
0000149b  TExaS_Task2                    
000014a7  TExaS_Task3                    
000014b3  TExaS_Task4                    
000014b5  TExaS_Task5                    
000014c1  TExaS_Task6                    
000014cd  TExaS_Set                      
000014e5  TExaS_Set0                     
000014f1  TExaS_Set1                     
000014fd  TExaS_Set2                     
00001509  TExaS_Set3                     
00001515  TExaS_Set4                     
00001517  TExaS_Set5                     
00001523  TExaS_Set6                     
0000152f  TExaS_Clear0                   
0000153b  TExaS_Clear1                   
00001547  TExaS_Clear2                   
00001553  TExaS_Clear3                   
0000155f  TExaS_Clear4                   
00001561  TExaS_Clear5                   
0000156d  TExaS_Clear6                   
00001591  ADC_Init                       
0000166d  TExaS_Init                     
000017cd  TExaS_Stop                     
00001831  HandleCollision                
000018a5  TimerA1_Task                   
00001c03  main                           
00001c9f  main1                          
00001d11  SystemCoreClockUpdate          
00001f85  SystemInit                     
000022ad  PWM_Init1                      
00002313  PWM_Init12                     
00002397  PWM_Duty1                      
000023b7  PWM_Duty2                      
000023d7  PWM_Init34                     
0000245b  PWM_Duty3                      
0000247b  PWM_Duty4                      
000024d5  Clock_Init48MHz                
000025eb  Clock_GetFreq                  
000025f1  delay                          
000025ff  Clock_Delay1us                 
00002629  Clock_Delay1ms                 
00002885  __aeabi_dsub                   
0000288f  __aeabi_dadd                   
00002a3b  __aeabi_idiv0                  
00002a3b  __aeabi_ldiv0                  
00002a3d  Motor_Init                     
00002a8f  Motor_Stop                     
00002aaf  Motor_Forward                  
00002adf  Motor_Right                    
00002b19  Motor_Left                     
00002b53  Motor_Backward                 
00002ce5  __aeabi_ddiv                   
00002f3d  fputs                          
00003051  ldexp                          
00003051  ldexpl                         
00003051  scalbn                         
00003051  scalbnl                        
00003161  __aeabi_dmul                   
0000325d  LaunchPad_Init                 
000032cd  LaunchPad_Input                
000032e7  LaunchPad_LED                  
00003305  LaunchPad_Output               
00003351  BumpInt_Init                   
000033b3  Bump_Read                      
000033eb  PORT4_IRQHandler               
000033eb  PORT4_IRQHandler               
00003435  setvbuf                        
00003511  free                           
000036b9  open                           
00003775  add_device                     
000038e1  TimerA1_Init                   
0000393f  TimerA1_Stop                   
00003953  TA1_0_IRQHandler               
00003953  TA1_0_IRQHandler               
00003989  fopen                          
00003a25  __aeabi_memcpy                 
00003a25  __aeabi_memcpy4                
00003a25  __aeabi_memcpy8                
00003a25  memcpy                         
00003ac1  __aeabi_uldivmod               
00003b59  fputc                          
00003b59  putc                           
00003be5  __aeabi_cdcmpeq                
00003be5  __aeabi_cdcmple                
00003c6b  __aeabi_cdrcmple               
00003cf1  __aeabi_memclr                 
00003cf1  __aeabi_memclr4                
00003cf1  __aeabi_memclr8                
00003cf3  __aeabi_memset                 
00003cf3  __aeabi_memset4                
00003cf3  __aeabi_memset8                
00003cf9  memset                         
00003d6d  malloc                         
00003de5  __TI_closefile                 
00003ec9  HOSTlseek                      
00003f31  HOSTrename                     
00003f99  __TI_decompress_lzss           
00004001  printf                         
00004069  frexp                          
00004069  frexpl                         
000040cd  fseek                          
00004131  __TI_wrt_ok                    
00004195  HOSTopen                       
000041f5  close                          
00004251  HOSTread                       
000042a9  HOSTwrite                      
00004357  ltoa                           
000043fd  __TI_doflush                   
00004449  atoi                           
00004495  exit                           
000044dd  __aeabi_d2iz                   
00004525  HOSTclose                      
00004569  HOSTunlink                     
000045ad  __TI_auto_init_nobinit_nopinit 
000045f1  getdevice                      
000046b1  __TI_writemsg                  
000046df  C$$IO$$                        
000046e9  _c_int00_noargs                
00004721  minit                          
00004759  strncpy                        
00004791  __TI_cleanup                   
000047c5  __TI_readmsg                   
000047f9  freopen                        
0000482d  finddevice                     
0000485d  __aeabi_i2d                    
0000488d  remove                         
0000488d  unlink                         
000048b9  lseek                          
00004909  write                          
00004931  DisableInterrupts              
00004937  EnableInterrupts               
0000493d  StartCritical                  
00004947  EndCritical                    
0000494f  WaitForInterrupt               
00004955  memchr                         
00004975  memccpy                        
00004991  strcmp                         
000049a9  strchr                         
000049bf  copysign                       
000049bf  copysignl                      
000049d3  strcpy                         
000049e7  strlen                         
000049fb  __TI_zero_init_nomemset        
00004a0d  wcslen                         
00004a1f  __TI_decompress_none           
00004a2d  Reset_Handler                  
00004a39  ADC14_IRQHandler               
00004a39  AES256_IRQHandler              
00004a39  BusFault_Handler               
00004a39  COMP_E0_IRQHandler             
00004a39  COMP_E1_IRQHandler             
00004a39  CS_IRQHandler                  
00004a39  DMA_ERR_IRQHandler             
00004a39  DMA_INT0_IRQHandler            
00004a39  DMA_INT1_IRQHandler            
00004a39  DMA_INT2_IRQHandler            
00004a39  DMA_INT3_IRQHandler            
00004a39  DebugMon_Handler               
00004a39  Default_Handler                
00004a39  EUSCIA0_IRQHandler             
00004a39  EUSCIA1_IRQHandler             
00004a39  EUSCIA2_IRQHandler             
00004a39  EUSCIA3_IRQHandler             
00004a39  EUSCIB0_IRQHandler             
00004a39  EUSCIB1_IRQHandler             
00004a39  EUSCIB2_IRQHandler             
00004a39  EUSCIB3_IRQHandler             
00004a39  FLCTL_IRQHandler               
00004a39  FPU_IRQHandler                 
00004a39  HardFault_Handler              
00004a39  MemManage_Handler              
00004a39  NMI_Handler                    
00004a39  PCM_IRQHandler                 
00004a39  PORT1_IRQHandler               
00004a39  PORT2_IRQHandler               
00004a39  PORT3_IRQHandler               
00004a39  PORT5_IRQHandler               
00004a39  PORT6_IRQHandler               
00004a39  PSS_IRQHandler                 
00004a39  PendSV_Handler                 
00004a39  RTC_C_IRQHandler               
00004a39  SVC_Handler                    
00004a39  SysTick_Handler                
00004a39  T32_INT2_IRQHandler            
00004a39  T32_INTC_IRQHandler            
00004a39  TA0_0_IRQHandler               
00004a39  TA0_N_IRQHandler               
00004a39  TA1_N_IRQHandler               
00004a39  TA2_0_IRQHandler               
00004a39  TA2_N_IRQHandler               
00004a39  TA3_0_IRQHandler               
00004a39  TA3_N_IRQHandler               
00004a39  UsageFault_Handler             
00004a39  WDT_A_IRQHandler               
00004a3d  __aeabi_errno_addr             
00004a4d  _system_pre_init               
00004a51  C$$EXIT                        
00004a51  abort                          
00004a54  _ctypes_                       
00004bd0  __TI_Handler_Table_Base        
00004bdc  __TI_Handler_Table_Limit       
00004be8  __TI_CINIT_Base                
00004bf8  __TI_CINIT_Limit               
20000000  _sys_memory                    
20000400  _ftable                        
200004f0  _device                        
20000568  _stream                        
200005b8  ClockFrequency                 
200005bc  Prewait                        
200005c0  CPMwait                        
200005c4  Postwait                       
200005c8  IFlags                         
200005cc  Crystalstable                  
200005d0  __TI_ft_end                    
200005d4  __aeabi_stdin                  
200005d8  __aeabi_stdout                 
200005dc  __aeabi_stderr                 
200005e0  __TI_cleanup_ptr               
200005e4  __TI_dtors_ptr                 
200005e8  __TI_enable_exit_profile_output
200005f8  Time                           
200005fc  Time_For_Forward               
20000600  centerI                        
20000604  TExaS_ScopeErrLostData         
20000608  TExaS_ScopeErrConflict         
2000060c  TExaS_ScopeWrnReconfig         
20000610  _lock                          
20000614  _unlock                        
2000061c  errno                          
20000628  SystemCoreClock                
2000062c  __CIOBUF_                      
2000074c  __TI_tmpnams                   
200007ec  Messageb                       
200007f4  parmbuf                        
200007fc  CollisionData                  
20000800  CollisionFlag                  
20000804  Messageindexb                  
20000808  P4EdgeIntTask                  
2000080c  PeriodicTask2                  
20000810  TimerA1Task                    
20000814  LogicData                      
2000fe00  __stack                        
20010000  __STACK_END                    
4000480c  WDTCTL_SYM                     
ffffffff  __TI_pprof_out_hndl            
ffffffff  __TI_prof_data_size            
ffffffff  __TI_prof_data_start           
ffffffff  __binit__                      
ffffffff  __c_args__                     
ffffffff  binit                          
UNDEFED   __mpu_init                     
UNDEFED   _system_post_cinit             

[307 symbols]
