******************************************************************************
                  TI ARM Linker PC v5.2.9                      
******************************************************************************
>> Linked Fri Dec 02 21:06:05 2022

OUTPUT FILE NAME:   <T4.out>
ENTRY POINT SYMBOL: "_c_int00"  address: 000016cd


MEMORY CONFIGURATION

         name            origin    length      used     unused   attr    fill
----------------------  --------  ---------  --------  --------  ----  --------
  MAIN                  00000000   00040000  00001896  0003e76a  R  X
  INFO                  00200000   00004000  00000000  00004000  R  X
  SRAM_CODE             01000000   00010000  00000000  00010000  RW X
  SRAM_DATA             20000000   00010000  0000066d  0000f993  RW  


SEGMENT ALLOCATION MAP

run origin  load origin   length   init length attrs members
----------  ----------- ---------- ----------- ----- -------
00000000    00000000    00001898   00001898    r-x
  00000000    00000000    000000e4   000000e4    r-- .intvecs
  000000e4    000000e4    0000174a   0000174a    r-x .text
  00001830    00001830    00000020   00000020    r-- .const
  00001850    00001850    00000048   00000048    r-- .cinit
20000000    20000000    0000046d   00000000    rw-
  20000000    20000000    00000400   00000000    rw- .sysmem
  20000400    20000400    00000038   00000000    rw- .data
  20000438    20000438    00000035   00000000    rw- .bss
2000fe00    2000fe00    00000200   00000000    rw-
  2000fe00    2000fe00    00000200   00000000    rw- .stack


SECTION ALLOCATION MAP

 output                                  attributes/
section   page    origin      length       input sections
--------  ----  ----------  ----------   ----------------
.intvecs   0    00000000    000000e4     
                  00000000    000000e4     startup_msp432p401r_ccs.obj (.intvecs:retain)

.text      0    000000e4    0000174a     
                  000000e4    00000614     main.obj (.text)
                  000006f8    00000334     system_msp432p401r.obj (.text)
                  00000a2c    00000228     PWM.obj (.text)
                  00000c54    000001e0     Clock.obj (.text)
                  00000e34    0000015c     Reflectance.obj (.text)
                  00000f90    00000138     Motor.obj (.text)
                  000010c8    00000124     BumpInt.obj (.text)
                  000011ec    000000f4     LaunchPad.obj (.text)
                  000012e0    000000f0     ADC14.obj (.text)
                  000013d0    000000a8     TimerA1.obj (.text)
                  00001478    0000009c     rtsv7M4_T_le_v4SPD16_eabi.lib : memcpy_t2.obj (.text)
                  00001514    0000007a                                   : memset_t2.obj (.text)
                  0000158e    00000002     --HOLE-- [fill = 0]
                  00001590    0000006c                                   : autoinit.obj (.text)
                  000015fc    0000006a                                   : copy_decompress_rle.obj (.text)
                  00001666    00000002     --HOLE-- [fill = 0]
                  00001668    00000064     IRDistance.obj (.text)
                  000016cc    00000050     rtsv7M4_T_le_v4SPD16_eabi.lib : boot.obj (.text)
                  0000171c    0000004c                                   : cpy_tbl.obj (.text)
                  00001768    00000044                                   : exit.obj (.text)
                  000017ac    00000024     CortexM.obj (.text)
                  000017d0    00000018     rtsv7M4_T_le_v4SPD16_eabi.lib : args_main.obj (.text)
                  000017e8    00000014                                   : _lock.obj (.text)
                  000017fc    0000000e                                   : copy_decompress_none.obj (.text:decompress:none)
                  0000180a    0000000e     startup_msp432p401r_ccs.obj (.text)
                  00001818    0000000c     rtsv7M4_T_le_v4SPD16_eabi.lib : copy_zero_init.obj (.text:decompress:ZI)
                  00001824    00000006                                   : copy_decompress_rle.obj (.text:decompress:rle24)
                  0000182a    00000004                                   : pre_init.obj (.text)

.const     0    00001830    00000020     
                  00001830    00000020     Reflectance.obj (.const)

.cinit     0    00001850    00000048     
                  00001850    00000021     (.cinit..data.load) [load image, compression = rle]
                  00001871    00000003     --HOLE-- [fill = 0]
                  00001874    0000000c     (__TI_handler_table)
                  00001880    00000008     (.cinit..bss.load) [load image, compression = zero_init]
                  00001888    00000010     (__TI_cinit_table)

.init_array 
*          0    00000000    00000000     UNINITIALIZED

.sysmem    0    20000000    00000400     UNINITIALIZED
                  20000000    00000008     rtsv7M4_T_le_v4SPD16_eabi.lib : memory.obj (.sysmem)
                  20000008    000003f8     --HOLE--

.data      0    20000400    00000038     UNINITIALIZED
                  20000400    00000018     Clock.obj (.data)
                  20000418    00000008     IRDistance.obj (.data)
                  20000420    00000008     rtsv7M4_T_le_v4SPD16_eabi.lib : _lock.obj (.data)
                  20000428    00000008                                   : exit.obj (.data)
                  20000430    00000004                                   : stkdepth_vars.obj (.data)
                  20000434    00000004     system_msp432p401r.obj (.data)

.TI.persistent 
*          0    20000400    00000000     UNINITIALIZED

.bss       0    20000438    00000035     UNINITIALIZED
                  20000438    00000004     (.common:Center)
                  2000043c    00000004     (.common:Left)
                  20000440    00000004     (.common:P4EdgeIntTask)
                  20000444    00000004     (.common:Right)
                  20000448    00000004     (.common:TimerA1Task)
                  2000044c    00000004     (.common:nc)
                  20000450    00000004     (.common:nl)
                  20000454    00000004     (.common:nr)
                  20000458    00000004     (.common:position)
                  2000045c    00000004     (.common:raw12)
                  20000460    00000004     (.common:raw16)
                  20000464    00000004     (.common:raw17)
                  20000468    00000004     (.common:t)
                  2000046c    00000001     (.common:Data)

.TI.noinit 
*          0    20000438    00000000     UNINITIALIZED

.stack     0    2000fe00    00000200     UNINITIALIZED
                  2000fe00    00000200     --HOLE--


LINKER GENERATED COPY TABLES

__TI_cinit_table @ 00001888 records: 2, size/record: 8, table size: 16
	.data: load addr=00001850, load size=00000021 bytes, run addr=20000400, run size=00000038 bytes, compression=rle
	.bss: load addr=00001880, load size=00000008 bytes, run addr=20000438, run size=00000035 bytes, compression=zero_init


LINKER GENERATED HANDLER TABLE

__TI_handler_table @ 00001874 records: 3, size/record: 4, table size: 12
	index: 0, handler: __TI_decompress_rle24
	index: 1, handler: __TI_decompress_none
	index: 2, handler: __TI_zero_init


GLOBAL SYMBOLS: SORTED ALPHABETICALLY BY Name 

address   name                        
-------   ----                        
000012e1  ADC0_InitSWTriggerCh17_12_16
00001817  ADC14_IRQHandler            
00001351  ADC_In17_12_16              
00001817  AES256_IRQHandler           
000010c9  BumpInt_Init                
0000112b  Bump_Read                   
00001817  BusFault_Handler            
00001769  C$$EXIT                     
00001817  COMP_E0_IRQHandler          
00001817  COMP_E1_IRQHandler          
20000408  CPMwait                     
00001817  CS_IRQHandler               
20000438  Center                      
00001687  CenterConvert               
20000400  ClockFrequency              
00000da9  Clock_Delay1ms              
00000d7f  Clock_Delay1us              
00000d6b  Clock_GetFreq               
00000c55  Clock_Init48MHz             
20000414  Crystalstable               
00001817  DMA_ERR_IRQHandler          
00001817  DMA_INT0_IRQHandler         
00001817  DMA_INT1_IRQHandler         
00001817  DMA_INT2_IRQHandler         
00001817  DMA_INT3_IRQHandler         
2000046c  Data                        
00001817  DebugMon_Handler            
00001817  Default_Handler             
000017ad  DisableInterrupts           
00001817  EUSCIA0_IRQHandler          
00001817  EUSCIA1_IRQHandler          
00001817  EUSCIA2_IRQHandler          
00001817  EUSCIA3_IRQHandler          
00001817  EUSCIB0_IRQHandler          
00001817  EUSCIB1_IRQHandler          
00001817  EUSCIB2_IRQHandler          
00001817  EUSCIB3_IRQHandler          
000017b3  EnableInterrupts            
000017c3  EndCritical                 
00001817  FLCTL_IRQHandler            
00001817  FPU_IRQHandler              
0000017b  HandleCollision             
00001817  HardFault_Handler           
20000410  IFlags                      
0000036d  IRrun                       
000011ed  LaunchPad_Init              
0000125d  LaunchPad_Input             
00001277  LaunchPad_LED               
00001295  LaunchPad_Output            
2000043c  Left                        
00001669  LeftConvert                 
00001817  MemManage_Handler           
0000107f  Motor_Backward              
00000fdb  Motor_Forward               
00000f91  Motor_Init                  
00001045  Motor_Left                  
0000100b  Motor_Right                 
00000fbb  Motor_Stop                  
00001817  NMI_Handler                 
20000440  P4EdgeIntTask               
00001817  PCM_IRQHandler              
00001817  PORT1_IRQHandler            
00001817  PORT2_IRQHandler            
00001817  PORT3_IRQHandler            
000011a1  PORT4_IRQHandler            
000011a1  PORT4_IRQHandler            
00001817  PORT5_IRQHandler            
00001817  PORT6_IRQHandler            
00001817  PSS_IRQHandler              
00000b17  PWM_Duty1                   
00000b37  PWM_Duty2                   
00000bdb  PWM_Duty3                   
00000bfb  PWM_Duty4                   
00000a2d  PWM_Init1                   
00000a93  PWM_Init12                  
00000b57  PWM_Init34                  
00001817  PendSV_Handler              
000004a1  Port1_Init                  
000004c1  Port1_Input                 
000004cb  Port1_Output                
2000040c  Postwait                    
20000404  Prewait                     
00001817  RTC_C_IRQHandler            
00000e35  Reflectance_Init            
00000ec1  Reflectance_Position        
00000e73  Reflectance_Read            
0000180b  Reset_Handler               
20000444  Right                       
000016a5  RightConvert                
UNDEFED   SHT$$INIT_ARRAY$$Base       
UNDEFED   SHT$$INIT_ARRAY$$Limit      
00001817  SVC_Handler                 
000017b9  StartCritical               
00001817  SysTick_Handler             
20000434  SystemCoreClock             
000006f9  SystemCoreClockUpdate       
00000971  SystemInit                  
00001817  T32_INT1_IRQHandler         
00001817  T32_INT2_IRQHandler         
00001817  T32_INTC_IRQHandler         
00001817  TA0_0_IRQHandler            
00001817  TA0_N_IRQHandler            
00001443  TA1_0_IRQHandler            
00001443  TA1_0_IRQHandler            
00001817  TA1_N_IRQHandler            
00001817  TA2_0_IRQHandler            
00001817  TA2_N_IRQHandler            
00001817  TA3_0_IRQHandler            
00001817  TA3_N_IRQHandler            
000000e5  TimedPause                  
20000448  TimerA1Task                 
000013d1  TimerA1_Init                
0000142f  TimerA1_Stop                
00001817  UsageFault_Handler          
4000480c  WDTCTL_SYM                  
00001817  WDT_A_IRQHandler            
000017cb  WaitForInterrupt            
20010000  __STACK_END                 
00000200  __STACK_SIZE                
00000400  __SYSMEM_SIZE               
00001888  __TI_CINIT_Base             
00001898  __TI_CINIT_Limit            
00001874  __TI_Handler_Table_Base     
00001880  __TI_Handler_Table_Limit    
00001591  __TI_auto_init              
20000428  __TI_cleanup_ptr            
000017fd  __TI_decompress_none        
00001825  __TI_decompress_rle24       
2000042c  __TI_dtors_ptr              
00000000  __TI_static_base__          
00001819  __TI_zero_init              
00001515  __aeabi_memclr              
00001515  __aeabi_memclr4             
00001515  __aeabi_memclr8             
00001479  __aeabi_memcpy              
00001479  __aeabi_memcpy4             
00001479  __aeabi_memcpy8             
00001517  __aeabi_memset              
00001517  __aeabi_memset4             
00001517  __aeabi_memset8             
ffffffff  __binit__                   
ffffffff  __c_args__                  
2000fe00  __stack                     
000017d1  _args_main                  
000016cd  _c_int00                    
20000420  _lock                       
000017f7  _nop                        
000017ef  _register_lock              
000017e9  _register_unlock            
20000000  _sys_memory                 
0000182b  _system_pre_init            
20000424  _unlock                     
0000176d  abort                       
ffffffff  binit                       
0000171d  copy_in                     
00000d71  delay                       
2000041c  e                           
00001775  exit                        
00000000  interruptVectors            
000000f5  loop                        
00000647  main                        
20000430  main_func_sp                
00001479  memcpy                      
0000151d  memset                      
2000044c  nc                          
20000450  nl                          
20000454  nr                          
20000458  position                    
2000045c  raw12                       
20000460  raw16                       
20000464  raw17                       
000004ed  reflactance                 
20000468  t                           
20000418  z                           


GLOBAL SYMBOLS: SORTED BY Symbol Address 

address   name                        
-------   ----                        
00000000  __TI_static_base__          
00000000  interruptVectors            
000000e5  TimedPause                  
000000f5  loop                        
0000017b  HandleCollision             
00000200  __STACK_SIZE                
0000036d  IRrun                       
00000400  __SYSMEM_SIZE               
000004a1  Port1_Init                  
000004c1  Port1_Input                 
000004cb  Port1_Output                
000004ed  reflactance                 
00000647  main                        
000006f9  SystemCoreClockUpdate       
00000971  SystemInit                  
00000a2d  PWM_Init1                   
00000a93  PWM_Init12                  
00000b17  PWM_Duty1                   
00000b37  PWM_Duty2                   
00000b57  PWM_Init34                  
00000bdb  PWM_Duty3                   
00000bfb  PWM_Duty4                   
00000c55  Clock_Init48MHz             
00000d6b  Clock_GetFreq               
00000d71  delay                       
00000d7f  Clock_Delay1us              
00000da9  Clock_Delay1ms              
00000e35  Reflectance_Init            
00000e73  Reflectance_Read            
00000ec1  Reflectance_Position        
00000f91  Motor_Init                  
00000fbb  Motor_Stop                  
00000fdb  Motor_Forward               
0000100b  Motor_Right                 
00001045  Motor_Left                  
0000107f  Motor_Backward              
000010c9  BumpInt_Init                
0000112b  Bump_Read                   
000011a1  PORT4_IRQHandler            
000011a1  PORT4_IRQHandler            
000011ed  LaunchPad_Init              
0000125d  LaunchPad_Input             
00001277  LaunchPad_LED               
00001295  LaunchPad_Output            
000012e1  ADC0_InitSWTriggerCh17_12_16
00001351  ADC_In17_12_16              
000013d1  TimerA1_Init                
0000142f  TimerA1_Stop                
00001443  TA1_0_IRQHandler            
00001443  TA1_0_IRQHandler            
00001479  __aeabi_memcpy              
00001479  __aeabi_memcpy4             
00001479  __aeabi_memcpy8             
00001479  memcpy                      
00001515  __aeabi_memclr              
00001515  __aeabi_memclr4             
00001515  __aeabi_memclr8             
00001517  __aeabi_memset              
00001517  __aeabi_memset4             
00001517  __aeabi_memset8             
0000151d  memset                      
00001591  __TI_auto_init              
00001669  LeftConvert                 
00001687  CenterConvert               
000016a5  RightConvert                
000016cd  _c_int00                    
0000171d  copy_in                     
00001769  C$$EXIT                     
0000176d  abort                       
00001775  exit                        
000017ad  DisableInterrupts           
000017b3  EnableInterrupts            
000017b9  StartCritical               
000017c3  EndCritical                 
000017cb  WaitForInterrupt            
000017d1  _args_main                  
000017e9  _register_unlock            
000017ef  _register_lock              
000017f7  _nop                        
000017fd  __TI_decompress_none        
0000180b  Reset_Handler               
00001817  ADC14_IRQHandler            
00001817  AES256_IRQHandler           
00001817  BusFault_Handler            
00001817  COMP_E0_IRQHandler          
00001817  COMP_E1_IRQHandler          
00001817  CS_IRQHandler               
00001817  DMA_ERR_IRQHandler          
00001817  DMA_INT0_IRQHandler         
00001817  DMA_INT1_IRQHandler         
00001817  DMA_INT2_IRQHandler         
00001817  DMA_INT3_IRQHandler         
00001817  DebugMon_Handler            
00001817  Default_Handler             
00001817  EUSCIA0_IRQHandler          
00001817  EUSCIA1_IRQHandler          
00001817  EUSCIA2_IRQHandler          
00001817  EUSCIA3_IRQHandler          
00001817  EUSCIB0_IRQHandler          
00001817  EUSCIB1_IRQHandler          
00001817  EUSCIB2_IRQHandler          
00001817  EUSCIB3_IRQHandler          
00001817  FLCTL_IRQHandler            
00001817  FPU_IRQHandler              
00001817  HardFault_Handler           
00001817  MemManage_Handler           
00001817  NMI_Handler                 
00001817  PCM_IRQHandler              
00001817  PORT1_IRQHandler            
00001817  PORT2_IRQHandler            
00001817  PORT3_IRQHandler            
00001817  PORT5_IRQHandler            
00001817  PORT6_IRQHandler            
00001817  PSS_IRQHandler              
00001817  PendSV_Handler              
00001817  RTC_C_IRQHandler            
00001817  SVC_Handler                 
00001817  SysTick_Handler             
00001817  T32_INT1_IRQHandler         
00001817  T32_INT2_IRQHandler         
00001817  T32_INTC_IRQHandler         
00001817  TA0_0_IRQHandler            
00001817  TA0_N_IRQHandler            
00001817  TA1_N_IRQHandler            
00001817  TA2_0_IRQHandler            
00001817  TA2_N_IRQHandler            
00001817  TA3_0_IRQHandler            
00001817  TA3_N_IRQHandler            
00001817  UsageFault_Handler          
00001817  WDT_A_IRQHandler            
00001819  __TI_zero_init              
00001825  __TI_decompress_rle24       
0000182b  _system_pre_init            
00001874  __TI_Handler_Table_Base     
00001880  __TI_Handler_Table_Limit    
00001888  __TI_CINIT_Base             
00001898  __TI_CINIT_Limit            
20000000  _sys_memory                 
20000400  ClockFrequency              
20000404  Prewait                     
20000408  CPMwait                     
2000040c  Postwait                    
20000410  IFlags                      
20000414  Crystalstable               
20000418  z                           
2000041c  e                           
20000420  _lock                       
20000424  _unlock                     
20000428  __TI_cleanup_ptr            
2000042c  __TI_dtors_ptr              
20000430  main_func_sp                
20000434  SystemCoreClock             
20000438  Center                      
2000043c  Left                        
20000440  P4EdgeIntTask               
20000444  Right                       
20000448  TimerA1Task                 
2000044c  nc                          
20000450  nl                          
20000454  nr                          
20000458  position                    
2000045c  raw12                       
20000460  raw16                       
20000464  raw17                       
20000468  t                           
2000046c  Data                        
2000fe00  __stack                     
20010000  __STACK_END                 
4000480c  WDTCTL_SYM                  
ffffffff  __binit__                   
ffffffff  __c_args__                  
ffffffff  binit                       
UNDEFED   SHT$$INIT_ARRAY$$Base       
UNDEFED   SHT$$INIT_ARRAY$$Limit      

[174 symbols]
