******************************************************************************
                  TI ARM Linker PC v20.2.7                     
******************************************************************************
>> Linked Thu Dec  1 00:34:44 2022

OUTPUT FILE NAME:   <ta2.out>
ENTRY POINT SYMBOL: "_c_int00_noargs"  address: 00000cbd


MEMORY CONFIGURATION

         name            origin    length      used     unused   attr    fill
----------------------  --------  ---------  --------  --------  ----  --------
  MAIN                  00000000   00040000  00000d34  0003f2cc  R  X
  INFO                  00200000   00004000  00000000  00004000  R  X
  SRAM_CODE             01000000   00010000  0000021c  0000fde4  RW X
  SRAM_DATA             20000000   00010000  0000021c  0000fde4  RW  


SEGMENT ALLOCATION MAP

run origin  load origin   length   init length attrs members
----------  ----------- ---------- ----------- ----- -------
00000000    00000000    00000d38   00000d38    r-x
  00000000    00000000    000000e4   000000e4    r-- .intvecs
  000000e4    000000e4    00000c30   00000c30    r-x .text
  00000d18    00000d18    00000020   00000020    r-- .cinit
20000000    20000000    0000001c   00000000    rw-
  20000000    20000000    0000001c   00000000    rw- .data
2000fe00    2000fe00    00000200   00000000    rw-
  2000fe00    2000fe00    00000200   00000000    rw- .stack


SECTION ALLOCATION MAP

 output                                  attributes/
section   page    origin      length       input sections
--------  ----  ----------  ----------   ----------------
.intvecs   0    00000000    000000e4     
                  00000000    000000e4     startup_msp432p401r_ccs.obj (.intvecs:retain)

.text      0    000000e4    00000c30     
                  000000e4    00000334     system_msp432p401r.obj (.text)
                  00000418    00000228     PWM.obj (.text)
                  00000640    0000021c     main.obj (.text)
                  0000085c    000001e0     Clock.obj (.text)
                  00000a3c    00000138     Motor.obj (.text)
                  00000b74    0000009c     rtsv7M4_T_le_v4SPD16_eabi.lib : memcpy_t2.asm.obj (.text)
                  00000c10    00000068                                   : copy_decompress_lzss.c.obj (.text:decompress:lzss:__TI_decompress_lzss)
                  00000c78    00000044                                   : autoinit.c.obj (.text:__TI_auto_init_nobinit_nopinit:__TI_auto_init_nobinit_nopinit)
                  00000cbc    00000034                                   : boot_cortex_m.c.obj (.text:_c_int00_noargs:_c_int00_noargs)
                  00000cf0    0000000e                                   : copy_decompress_none.c.obj (.text:decompress:none:__TI_decompress_none)
                  00000cfe    0000000e     startup_msp432p401r_ccs.obj (.text)
                  00000d0c    00000004     rtsv7M4_T_le_v4SPD16_eabi.lib : pre_init.c.obj (.text:_system_pre_init)
                  00000d10    00000004                                   : exit.c.obj (.text:abort:abort)

.cinit     0    00000d18    00000020     
                  00000d18    0000000d     (.cinit..data.load) [load image, compression = lzss]
                  00000d25    00000003     --HOLE-- [fill = 0]
                  00000d28    00000008     (__TI_handler_table)
                  00000d30    00000008     (__TI_cinit_table)

.init_array 
*          0    00000000    00000000     UNINITIALIZED

.binit     0    00000000    00000000     

.data      0    20000000    0000001c     UNINITIALIZED
                  20000000    00000018     Clock.obj (.data)
                  20000018    00000004     system_msp432p401r.obj (.data)

.stack     0    2000fe00    00000200     UNINITIALIZED
                  2000fe00    00000004     rtsv7M4_T_le_v4SPD16_eabi.lib : boot_cortex_m.c.obj (.stack)
                  2000fe04    000001fc     --HOLE--

__llvm_prf_cnts 
*          0    20000000    00000000     UNINITIALIZED

MODULE SUMMARY

       Module                        code   ro data   rw data
       ------                        ----   -------   -------
    .\
       system_msp432p401r.obj        820    0         8      
       PWM.obj                       552    0         0      
       main.obj                      540    0         0      
       Clock.obj                     480    0         48     
       Motor.obj                     312    0         0      
       startup_msp432p401r_ccs.obj   14     228       0      
    +--+-----------------------------+------+---------+---------+
       Total:                        2718   228       56     
                                                             
    D:\MyPrograms\ccs\tools\compiler\ti-cgt-arm_20.2.7.LTS\lib\rtsv7M4_T_le_v4SPD16_eabi.lib
       memcpy_t2.asm.obj             156    0         0      
       copy_decompress_lzss.c.obj    104    0         0      
       autoinit.c.obj                68     0         0      
       boot_cortex_m.c.obj           52     0         0      
       copy_decompress_none.c.obj    14     0         0      
       exit.c.obj                    4      0         0      
       pre_init.c.obj                4      0         0      
    +--+-----------------------------+------+---------+---------+
       Total:                        402    0         0      
                                                             
       Stack:                        0      0         1024   
       Linker Generated:             0      29        0      
    +--+-----------------------------+------+---------+---------+
       Grand Total:                  3120   257       1080   


LINKER GENERATED COPY TABLES

__TI_cinit_table @ 00000d30 records: 1, size/record: 8, table size: 8
	.data: load addr=00000d18, load size=0000000d bytes, run addr=20000000, run size=0000001c bytes, compression=lzss


LINKER GENERATED HANDLER TABLE

__TI_handler_table @ 00000d28 records: 2, size/record: 4, table size: 8
	index: 0, handler: __TI_decompress_lzss
	index: 1, handler: __TI_decompress_none


GLOBAL SYMBOLS: SORTED ALPHABETICALLY BY Name 

address   name                          
-------   ----                          
00000d0b  ADC14_IRQHandler              
00000d0b  AES256_IRQHandler             
00000d0b  BusFault_Handler              
00000d11  C$$EXIT                       
00000d0b  COMP_E0_IRQHandler            
00000d0b  COMP_E1_IRQHandler            
20000008  CPMwait                       
00000d0b  CS_IRQHandler                 
20000000  ClockFrequency                
000009b1  Clock_Delay1ms                
00000987  Clock_Delay1us                
00000973  Clock_GetFreq                 
0000085d  Clock_Init48MHz               
20000014  Crystalstable                 
00000d0b  DMA_ERR_IRQHandler            
00000d0b  DMA_INT0_IRQHandler           
00000d0b  DMA_INT1_IRQHandler           
00000d0b  DMA_INT2_IRQHandler           
00000d0b  DMA_INT3_IRQHandler           
00000d0b  DebugMon_Handler              
00000d0b  Default_Handler               
00000d0b  EUSCIA0_IRQHandler            
00000d0b  EUSCIA1_IRQHandler            
00000d0b  EUSCIA2_IRQHandler            
00000d0b  EUSCIA3_IRQHandler            
00000d0b  EUSCIB0_IRQHandler            
00000d0b  EUSCIB1_IRQHandler            
00000d0b  EUSCIB2_IRQHandler            
00000d0b  EUSCIB3_IRQHandler            
00000d0b  FLCTL_IRQHandler              
00000d0b  FPU_IRQHandler                
00000d0b  HardFault_Handler             
20000010  IFlags                        
00000d0b  MemManage_Handler             
00000b2b  Motor_Backward                
00000a87  Motor_Forward                 
00000a3d  Motor_Init                    
00000af1  Motor_Left                    
00000ab7  Motor_Right                   
00000a67  Motor_Stop                    
00000d0b  NMI_Handler                   
00000d0b  PCM_IRQHandler                
00000d0b  PORT1_IRQHandler              
00000d0b  PORT2_IRQHandler              
00000d0b  PORT3_IRQHandler              
00000d0b  PORT4_IRQHandler              
00000d0b  PORT5_IRQHandler              
00000d0b  PORT6_IRQHandler              
00000d0b  PSS_IRQHandler                
00000503  PWM_Duty1                     
00000523  PWM_Duty2                     
000005c7  PWM_Duty3                     
000005e7  PWM_Duty4                     
00000419  PWM_Init1                     
0000047f  PWM_Init12                    
00000543  PWM_Init34                    
00000d0b  PendSV_Handler                
00000641  Port1_Init                    
00000661  Port1_Input                   
0000066b  Port1_Output                  
2000000c  Postwait                      
20000004  Prewait                       
00000d0b  RTC_C_IRQHandler              
00000cff  Reset_Handler                 
00000d0b  SVC_Handler                   
00000d0b  SysTick_Handler               
20000018  SystemCoreClock               
000000e5  SystemCoreClockUpdate         
0000035d  SystemInit                    
00000d0b  T32_INT1_IRQHandler           
00000d0b  T32_INT2_IRQHandler           
00000d0b  T32_INTC_IRQHandler           
00000d0b  TA0_0_IRQHandler              
00000d0b  TA0_N_IRQHandler              
00000d0b  TA1_0_IRQHandler              
00000d0b  TA1_N_IRQHandler              
00000d0b  TA2_0_IRQHandler              
00000d0b  TA2_N_IRQHandler              
00000d0b  TA3_0_IRQHandler              
00000d0b  TA3_N_IRQHandler              
00000d0b  UsageFault_Handler            
4000480c  WDTCTL_SYM                    
00000d0b  WDT_A_IRQHandler              
20010000  __STACK_END                   
00000200  __STACK_SIZE                  
00000d30  __TI_CINIT_Base               
00000d38  __TI_CINIT_Limit              
00000d28  __TI_Handler_Table_Base       
00000d30  __TI_Handler_Table_Limit      
00000c79  __TI_auto_init_nobinit_nopinit
00000c11  __TI_decompress_lzss          
00000cf1  __TI_decompress_none          
ffffffff  __TI_pprof_out_hndl           
ffffffff  __TI_prof_data_size           
ffffffff  __TI_prof_data_start          
00000000  __TI_static_base__            
00000b75  __aeabi_memcpy                
00000b75  __aeabi_memcpy4               
00000b75  __aeabi_memcpy8               
ffffffff  __binit__                     
ffffffff  __c_args__                    
UNDEFED   __mpu_init                    
2000fe00  __stack                       
20000000  __start___llvm_prf_cnts       
20000000  __stop___llvm_prf_cnts        
00000cbd  _c_int00_noargs               
UNDEFED   _system_post_cinit            
00000d0d  _system_pre_init              
00000d11  abort                         
ffffffff  binit                         
00000979  delay                         
00000000  interruptVectors              
0000067f  main                          
00000b75  memcpy                        


GLOBAL SYMBOLS: SORTED BY Symbol Address 

address   name                          
-------   ----                          
00000000  __TI_static_base__            
00000000  interruptVectors              
000000e5  SystemCoreClockUpdate         
00000200  __STACK_SIZE                  
0000035d  SystemInit                    
00000419  PWM_Init1                     
0000047f  PWM_Init12                    
00000503  PWM_Duty1                     
00000523  PWM_Duty2                     
00000543  PWM_Init34                    
000005c7  PWM_Duty3                     
000005e7  PWM_Duty4                     
00000641  Port1_Init                    
00000661  Port1_Input                   
0000066b  Port1_Output                  
0000067f  main                          
0000085d  Clock_Init48MHz               
00000973  Clock_GetFreq                 
00000979  delay                         
00000987  Clock_Delay1us                
000009b1  Clock_Delay1ms                
00000a3d  Motor_Init                    
00000a67  Motor_Stop                    
00000a87  Motor_Forward                 
00000ab7  Motor_Right                   
00000af1  Motor_Left                    
00000b2b  Motor_Backward                
00000b75  __aeabi_memcpy                
00000b75  __aeabi_memcpy4               
00000b75  __aeabi_memcpy8               
00000b75  memcpy                        
00000c11  __TI_decompress_lzss          
00000c79  __TI_auto_init_nobinit_nopinit
00000cbd  _c_int00_noargs               
00000cf1  __TI_decompress_none          
00000cff  Reset_Handler                 
00000d0b  ADC14_IRQHandler              
00000d0b  AES256_IRQHandler             
00000d0b  BusFault_Handler              
00000d0b  COMP_E0_IRQHandler            
00000d0b  COMP_E1_IRQHandler            
00000d0b  CS_IRQHandler                 
00000d0b  DMA_ERR_IRQHandler            
00000d0b  DMA_INT0_IRQHandler           
00000d0b  DMA_INT1_IRQHandler           
00000d0b  DMA_INT2_IRQHandler           
00000d0b  DMA_INT3_IRQHandler           
00000d0b  DebugMon_Handler              
00000d0b  Default_Handler               
00000d0b  EUSCIA0_IRQHandler            
00000d0b  EUSCIA1_IRQHandler            
00000d0b  EUSCIA2_IRQHandler            
00000d0b  EUSCIA3_IRQHandler            
00000d0b  EUSCIB0_IRQHandler            
00000d0b  EUSCIB1_IRQHandler            
00000d0b  EUSCIB2_IRQHandler            
00000d0b  EUSCIB3_IRQHandler            
00000d0b  FLCTL_IRQHandler              
00000d0b  FPU_IRQHandler                
00000d0b  HardFault_Handler             
00000d0b  MemManage_Handler             
00000d0b  NMI_Handler                   
00000d0b  PCM_IRQHandler                
00000d0b  PORT1_IRQHandler              
00000d0b  PORT2_IRQHandler              
00000d0b  PORT3_IRQHandler              
00000d0b  PORT4_IRQHandler              
00000d0b  PORT5_IRQHandler              
00000d0b  PORT6_IRQHandler              
00000d0b  PSS_IRQHandler                
00000d0b  PendSV_Handler                
00000d0b  RTC_C_IRQHandler              
00000d0b  SVC_Handler                   
00000d0b  SysTick_Handler               
00000d0b  T32_INT1_IRQHandler           
00000d0b  T32_INT2_IRQHandler           
00000d0b  T32_INTC_IRQHandler           
00000d0b  TA0_0_IRQHandler              
00000d0b  TA0_N_IRQHandler              
00000d0b  TA1_0_IRQHandler              
00000d0b  TA1_N_IRQHandler              
00000d0b  TA2_0_IRQHandler              
00000d0b  TA2_N_IRQHandler              
00000d0b  TA3_0_IRQHandler              
00000d0b  TA3_N_IRQHandler              
00000d0b  UsageFault_Handler            
00000d0b  WDT_A_IRQHandler              
00000d0d  _system_pre_init              
00000d11  C$$EXIT                       
00000d11  abort                         
00000d28  __TI_Handler_Table_Base       
00000d30  __TI_CINIT_Base               
00000d30  __TI_Handler_Table_Limit      
00000d38  __TI_CINIT_Limit              
20000000  ClockFrequency                
20000000  __start___llvm_prf_cnts       
20000000  __stop___llvm_prf_cnts        
20000004  Prewait                       
20000008  CPMwait                       
2000000c  Postwait                      
20000010  IFlags                        
20000014  Crystalstable                 
20000018  SystemCoreClock               
2000fe00  __stack                       
20010000  __STACK_END                   
4000480c  WDTCTL_SYM                    
ffffffff  __TI_pprof_out_hndl           
ffffffff  __TI_prof_data_size           
ffffffff  __TI_prof_data_start          
ffffffff  __binit__                     
ffffffff  __c_args__                    
ffffffff  binit                         
UNDEFED   __mpu_init                    
UNDEFED   _system_post_cinit            

[114 symbols]
