******************************************************************************
                  TI ARM Linker PC v5.2.9                      
******************************************************************************
>> Linked Fri Dec 02 23:24:41 2022

OUTPUT FILE NAME:   <T5.out>
ENTRY POINT SYMBOL: "_c_int00"  address: 00002c6d


MEMORY CONFIGURATION

         name            origin    length      used     unused   attr    fill
----------------------  --------  ---------  --------  --------  ----  --------
  MAIN                  00000000   00040000  00002f26  0003d0da  R  X
  INFO                  00200000   00004000  00000000  00004000  R  X
  SRAM_CODE             01000000   00010000  00000000  00010000  RW X
  SRAM_DATA             20000000   00010000  00000a1f  0000f5e1  RW  


SEGMENT ALLOCATION MAP

run origin  load origin   length   init length attrs members
----------  ----------- ---------- ----------- ----- -------
00000000    00000000    00002f28   00002f28    r-x
  00000000    00000000    000000e4   000000e4    r-- .intvecs
  000000e4    000000e4    00002d72   00002d72    r-x .text
  00002e58    00002e58    00000020   00000020    r-- .const
  00002e78    00002e78    000000b0   000000b0    r-- .cinit
20000000    20000000    00000821   00000000    rw-
  20000000    20000000    00000400   00000000    rw- .sysmem
  20000400    20000400    0000021a   00000000    rw- .data
  2000061c    2000061c    00000205   00000000    rw- .bss
2000fe00    2000fe00    00000200   00000000    rw-
  2000fe00    2000fe00    00000200   00000000    rw- .stack


SECTION ALLOCATION MAP

 output                                  attributes/
section   page    origin      length       input sections
--------  ----  ----------  ----------   ----------------
.intvecs   0    00000000    000000e4     
                  00000000    000000e4     startup_msp432p401r_ccs.obj (.intvecs:retain)

.text      0    000000e4    00002d72     
                  000000e4    000006cc     main.obj (.text)
                  000007b0    000006c4     UART0.obj (.text)
                  00000e74    000003dc     rtsv7M4_T_le_v4SPD16_eabi.lib : memory.obj (.text)
                  00001250    00000334     system_msp432p401r.obj (.text)
                  00001584    0000030c     rtsv7M4_T_le_v4SPD16_eabi.lib : lowlev.obj (.text)
                  00001890    000002d4                                   : trgdrv.obj (.text)
                  00001b64    00000228     PWM.obj (.text)
                  00001d8c    000001e0     Clock.obj (.text)
                  00001f6c    000001c4     rtsv7M4_T_le_v4SPD16_eabi.lib : fopen.obj (.text)
                  00002130    0000015c     Reflectance.obj (.text)
                  0000228c    00000138     Motor.obj (.text)
                  000023c4    00000124     BumpInt.obj (.text)
                  000024e8    000000f4     LaunchPad.obj (.text)
                  000025dc    000000f0     ADC14.obj (.text)
                  000026cc    000000dc     rtsv7M4_T_le_v4SPD16_eabi.lib : setvbuf.obj (.text)
                  000027a8    000000c8                                   : fflush.obj (.text)
                  00002870    000000a8     TimerA1.obj (.text)
                  00002918    0000009c     rtsv7M4_T_le_v4SPD16_eabi.lib : memcpy_t2.obj (.text)
                  000029b4    00000098                                   : fclose.obj (.text)
                  00002a4c    0000007a                                   : memset_t2.obj (.text)
                  00002ac6    00000002     --HOLE-- [fill = 0]
                  00002ac8    0000006c                                   : autoinit.obj (.text)
                  00002b34    0000006a                                   : copy_decompress_rle.obj (.text)
                  00002b9e    00000002     --HOLE-- [fill = 0]
                  00002ba0    00000068                                   : trgmsg.obj (.text)
                  00002c08    00000064     IRDistance.obj (.text)
                  00002c6c    00000050     rtsv7M4_T_le_v4SPD16_eabi.lib : boot.obj (.text)
                  00002cbc    0000004c                                   : cpy_tbl.obj (.text)
                  00002d08    00000044                                   : exit.obj (.text)
                  00002d4c    00000030                                   : strncpy.obj (.text)
                  00002d7c    00000024     CortexM.obj (.text)
                  00002da0    00000018     rtsv7M4_T_le_v4SPD16_eabi.lib : args_main.obj (.text)
                  00002db8    00000018                                   : strcmp.obj (.text)
                  00002dd0    00000016                                   : strchr.obj (.text)
                  00002de6    00000002     --HOLE-- [fill = 0]
                  00002de8    00000014                                   : _lock.obj (.text)
                  00002dfc    00000014                                   : strcpy.obj (.text)
                  00002e10    00000014                                   : strlen.obj (.text)
                  00002e24    0000000e                                   : copy_decompress_none.obj (.text:decompress:none)
                  00002e32    0000000e     startup_msp432p401r_ccs.obj (.text)
                  00002e40    0000000c     rtsv7M4_T_le_v4SPD16_eabi.lib : copy_zero_init.obj (.text:decompress:ZI)
                  00002e4c    00000006                                   : copy_decompress_rle.obj (.text:decompress:rle24)
                  00002e52    00000004                                   : pre_init.obj (.text)

.const     0    00002e58    00000020     
                  00002e58    00000020     Reflectance.obj (.const)

.cinit     0    00002e78    000000b0     
                  00002e78    00000089     (.cinit..data.load) [load image, compression = rle]
                  00002f01    00000003     --HOLE-- [fill = 0]
                  00002f04    0000000c     (__TI_handler_table)
                  00002f10    00000008     (.cinit..bss.load) [load image, compression = zero_init]
                  00002f18    00000010     (__TI_cinit_table)

.init_array 
*          0    00000000    00000000     UNINITIALIZED

.sysmem    0    20000000    00000400     UNINITIALIZED
                  20000000    00000008     rtsv7M4_T_le_v4SPD16_eabi.lib : memory.obj (.sysmem)
                  20000008    000003f8     --HOLE--

.data      0    20000400    0000021a     UNINITIALIZED
                  20000400    000000f0     rtsv7M4_T_le_v4SPD16_eabi.lib : defs.obj (.data:_ftable)
                  200004f0    000000d0                                   : lowlev.obj (.data)
                  200005c0    00000018     Clock.obj (.data)
                  200005d8    00000010     rtsv7M4_T_le_v4SPD16_eabi.lib : defs.obj (.data)
                  200005e8    0000000c                                   : memory.obj (.data)
                  200005f4    00000008     IRDistance.obj (.data)
                  200005fc    00000008     rtsv7M4_T_le_v4SPD16_eabi.lib : _lock.obj (.data)
                  20000604    00000008                                   : exit.obj (.data)
                  2000060c    00000004                                   : fopen.obj (.data)
                  20000610    00000004                                   : stkdepth_vars.obj (.data)
                  20000614    00000004     system_msp432p401r.obj (.data)
                  20000618    00000002     main.obj (.data)

.TI.persistent 
*          0    20000400    00000000     UNINITIALIZED

.bss       0    2000061c    00000205     UNINITIALIZED
                  2000061c    00000120     rtsv7M4_T_le_v4SPD16_eabi.lib : trgmsg.obj (.bss:__CIOBUF_)
                  2000073c    000000a0                                   : defs.obj (.bss:__TI_tmpnams)
                  200007dc    00000008     (.common:Messageb)
                  200007e4    00000008     (.common:parmbuf)
                  200007ec    00000004     (.common:Center)
                  200007f0    00000004     (.common:Left)
                  200007f4    00000004     (.common:Messageindexb)
                  200007f8    00000004     (.common:P4EdgeIntTask)
                  200007fc    00000004     (.common:Right)
                  20000800    00000004     (.common:TimerA1Task)
                  20000804    00000004     (.common:nc)
                  20000808    00000004     (.common:nl)
                  2000080c    00000004     (.common:nr)
                  20000810    00000004     (.common:position)
                  20000814    00000004     (.common:raw12)
                  20000818    00000004     (.common:raw16)
                  2000081c    00000004     (.common:raw17)
                  20000820    00000001     (.common:Data)

.TI.noinit 
*          0    2000061c    00000000     UNINITIALIZED

.stack     0    2000fe00    00000200     UNINITIALIZED
                  2000fe00    00000200     --HOLE--


LINKER GENERATED COPY TABLES

__TI_cinit_table @ 00002f18 records: 2, size/record: 8, table size: 16
	.data: load addr=00002e78, load size=00000089 bytes, run addr=20000400, run size=0000021a bytes, compression=rle
	.bss: load addr=00002f10, load size=00000008 bytes, run addr=2000061c, run size=00000205 bytes, compression=zero_init


LINKER GENERATED HANDLER TABLE

__TI_handler_table @ 00002f04 records: 3, size/record: 4, table size: 12
	index: 0, handler: __TI_decompress_rle24
	index: 1, handler: __TI_decompress_none
	index: 2, handler: __TI_zero_init


GLOBAL SYMBOLS: SORTED ALPHABETICALLY BY Name 

address   name                        
-------   ----                        
000025dd  ADC0_InitSWTriggerCh17_12_16
00002e3f  ADC14_IRQHandler            
0000264d  ADC_In17_12_16              
00002e3f  AES256_IRQHandler           
000023c5  BumpInt_Init                
00002427  Bump_Read                   
00002e3f  BusFault_Handler            
00002d09  C$$EXIT                     
00002bcf  C$$IO$$                     
00002e3f  COMP_E0_IRQHandler          
00002e3f  COMP_E1_IRQHandler          
200005c8  CPMwait                     
00002e3f  CS_IRQHandler               
200007ec  Center                      
00002c27  CenterConvert               
200005c0  ClockFrequency              
00001ee1  Clock_Delay1ms              
00001eb7  Clock_Delay1us              
00001ea3  Clock_GetFreq               
00001d8d  Clock_Init48MHz             
20000618  CollisionData               
200005d4  Crystalstable               
00002e3f  DMA_ERR_IRQHandler          
00002e3f  DMA_INT0_IRQHandler         
00002e3f  DMA_INT1_IRQHandler         
00002e3f  DMA_INT2_IRQHandler         
00002e3f  DMA_INT3_IRQHandler         
20000820  Data                        
00002e3f  DebugMon_Handler            
00002e3f  Default_Handler             
00002d7d  DisableInterrupts           
00002e3f  EUSCIA0_IRQHandler          
00002e3f  EUSCIA1_IRQHandler          
00002e3f  EUSCIA2_IRQHandler          
00002e3f  EUSCIA3_IRQHandler          
00002e3f  EUSCIB0_IRQHandler          
00002e3f  EUSCIB1_IRQHandler          
00002e3f  EUSCIB2_IRQHandler          
00002e3f  EUSCIB3_IRQHandler          
00002d83  EnableInterrupts            
00002d93  EndCritical                 
00002e3f  FLCTL_IRQHandler            
00002e3f  FPU_IRQHandler              
00001b1d  HOSTclock                   
00001ae5  HOSTclose                   
00001aa7  HOSTgetenv                  
00001a4b  HOSTlseek                   
000019f9  HOSTopen                    
000019ad  HOSTread                    
0000194f  HOSTrename                  
00001915  HOSTtime                    
000018dd  HOSTunlink                  
00001891  HOSTwrite                   
0000017b  HandleCollision             
00002e3f  HardFault_Handler           
200005d0  IFlags                      
0000036d  IRrun                       
000024e9  LaunchPad_Init              
00002559  LaunchPad_Input             
00002573  LaunchPad_LED               
00002591  LaunchPad_Output            
200007f0  Left                        
00002c09  LeftConvert                 
00002e3f  MemManage_Handler           
200007dc  Messageb                    
200007f4  Messageindexb               
0000237b  Motor_Backward              
000022d7  Motor_Forward               
0000228d  Motor_Init                  
00002341  Motor_Left                  
00002307  Motor_Right                 
000022b7  Motor_Stop                  
00002e3f  NMI_Handler                 
200007f8  P4EdgeIntTask               
00002e3f  PCM_IRQHandler              
00000709  PORT1_IRQHandler            
00000709  PORT1_IRQHandler            
00002e3f  PORT2_IRQHandler            
00002e3f  PORT3_IRQHandler            
0000249d  PORT4_IRQHandler            
0000249d  PORT4_IRQHandler            
00002e3f  PORT5_IRQHandler            
00002e3f  PORT6_IRQHandler            
00002e3f  PSS_IRQHandler              
00001c4f  PWM_Duty1                   
00001c6f  PWM_Duty2                   
00001d13  PWM_Duty3                   
00001d33  PWM_Duty4                   
00001b65  PWM_Init1                   
00001bcb  PWM_Init12                  
00001c8f  PWM_Init34                  
00002e3f  PendSV_Handler              
000004a1  Port1_Init                  
000004f9  Port1_Input                 
0000050d  Port1_Output                
200005cc  Postwait                    
200005c4  Prewait                     
00002e3f  RTC_C_IRQHandler            
00002131  Reflectance_Init            
000021bd  Reflectance_Position        
0000216f  Reflectance_Read            
00002e33  Reset_Handler               
200007fc  Right                       
00002c45  RightConvert                
UNDEFED   SHT$$INIT_ARRAY$$Base       
UNDEFED   SHT$$INIT_ARRAY$$Limit      
00002e3f  SVC_Handler                 
00002d89  StartCritical               
00002e3f  SysTick_Handler             
20000614  SystemCoreClock             
00001251  SystemCoreClockUpdate       
000014c9  SystemInit                  
00002e3f  T32_INT1_IRQHandler         
00002e3f  T32_INT2_IRQHandler         
00002e3f  T32_INTC_IRQHandler         
00002e3f  TA0_0_IRQHandler            
00002e3f  TA0_N_IRQHandler            
000028e3  TA1_0_IRQHandler            
000028e3  TA1_0_IRQHandler            
00002e3f  TA1_N_IRQHandler            
00002e3f  TA2_0_IRQHandler            
00002e3f  TA2_N_IRQHandler            
00002e3f  TA3_0_IRQHandler            
00002e3f  TA3_N_IRQHandler            
000000e5  TimedPause                  
20000800  TimerA1Task                 
00002871  TimerA1_Init                
000028cf  TimerA1_Stop                
000007f7  UART0_InChar                
00000c81  UART0_InString              
00000841  UART0_InUDec                
00000b35  UART0_InUHex                
000007b1  UART0_Init                  
00000de9  UART0_Initprintf            
00000807  UART0_OutChar               
00000823  UART0_OutString             
000008c5  UART0_OutUDec               
00000a31  UART0_OutUDec4              
00000a85  UART0_OutUDec5              
00000ac1  UART0_OutUFix1              
00000ae9  UART0_OutUFix2              
00000bf9  UART0_OutUHex               
00000c65  UART0_OutUHex2              
00002e3f  UsageFault_Handler          
4000480c  WDTCTL_SYM                  
00002e3f  WDT_A_IRQHandler            
00002d9b  WaitForInterrupt            
2000061c  __CIOBUF_                   
20010000  __STACK_END                 
00000200  __STACK_SIZE                
00000400  __SYSMEM_SIZE               
00002f18  __TI_CINIT_Base             
00002f28  __TI_CINIT_Limit            
00002f04  __TI_Handler_Table_Base     
00002f10  __TI_Handler_Table_Limit    
00002ac9  __TI_auto_init              
00002035  __TI_cleanup                
20000604  __TI_cleanup_ptr            
000029b5  __TI_closefile              
00002e25  __TI_decompress_none        
00002e4d  __TI_decompress_rle24       
000027a9  __TI_doflush                
20000608  __TI_dtors_ptr              
200005d8  __TI_ft_end                 
00002bd3  __TI_readmsg                
00000000  __TI_static_base__          
2000073c  __TI_tmpnams                
00002ba1  __TI_writemsg               
00002e41  __TI_zero_init              
00002a4d  __aeabi_memclr              
00002a4d  __aeabi_memclr4             
00002a4d  __aeabi_memclr8             
00002919  __aeabi_memcpy              
00002919  __aeabi_memcpy4             
00002919  __aeabi_memcpy8             
00002a4f  __aeabi_memset              
00002a4f  __aeabi_memset4             
00002a4f  __aeabi_memset8             
200005e4  __aeabi_stderr              
200005dc  __aeabi_stdin               
200005e0  __aeabi_stdout              
ffffffff  __binit__                   
ffffffff  __c_args__                  
2000fe00  __stack                     
00002da1  _args_main                  
00002c6d  _c_int00                    
20000400  _ftable                     
200005fc  _lock                       
00002df7  _nop                        
00002def  _register_lock              
00002de9  _register_unlock            
20000000  _sys_memory                 
00002e53  _system_pre_init            
20000600  _unlock                     
00002d0d  abort                       
000017e5  add_device                  
ffffffff  binit                       
0000121d  calloc                      
00001795  close                       
00002cbd  copy_in                     
00001ea9  delay                       
200005f8  e                           
00002d15  exit                        
00002a1b  fclose                      
00000d23  ferror                      
000027f5  fflush                      
00000d01  fgetc                       
0000208b  fopen                       
00000f6b  free                        
00002061  freopen                     
00000000  interruptVectors            
000000f5  loop                        
00001771  lseek                       
00000689  main                        
20000610  main_func_sp                
00000f03  malloc                      
00001139  memalign                    
00002919  memcpy                      
00002a55  memset                      
00000e75  minit                       
20000804  nc                          
20000808  nl                          
2000080c  nr                          
000016c3  open                        
00000c3d  outnibble                   
20000810  position                    
20000814  raw12                       
20000818  raw16                       
2000081c  raw17                       
0000169f  read                        
0000102d  realloc                     
00000525  reflactance                 
00001615  remove                      
00001677  remove_device               
00001639  rename                      
000026cd  setvbuf                     
00002dd1  strchr                      
00002db9  strcmp                      
00002dfd  strcpy                      
00002e11  strlen                      
00002d4d  strncpy                     
20000619  t                           
00000d41  uart_close                  
00000dbf  uart_lseek                  
00000d31  uart_open                   
00000d53  uart_read                   
00000ddb  uart_rename                 
00000dcf  uart_unlink                 
00000d7d  uart_write                  
00001615  unlink                      
00001585  write                       
200005f4  z                           


GLOBAL SYMBOLS: SORTED BY Symbol Address 

address   name                        
-------   ----                        
00000000  __TI_static_base__          
00000000  interruptVectors            
000000e5  TimedPause                  
000000f5  loop                        
0000017b  HandleCollision             
00000200  __STACK_SIZE                
0000036d  IRrun                       
00000400  __SYSMEM_SIZE               
000004a1  Port1_Init                  
000004f9  Port1_Input                 
0000050d  Port1_Output                
00000525  reflactance                 
00000689  main                        
00000709  PORT1_IRQHandler            
00000709  PORT1_IRQHandler            
000007b1  UART0_Init                  
000007f7  UART0_InChar                
00000807  UART0_OutChar               
00000823  UART0_OutString             
00000841  UART0_InUDec                
000008c5  UART0_OutUDec               
00000a31  UART0_OutUDec4              
00000a85  UART0_OutUDec5              
00000ac1  UART0_OutUFix1              
00000ae9  UART0_OutUFix2              
00000b35  UART0_InUHex                
00000bf9  UART0_OutUHex               
00000c3d  outnibble                   
00000c65  UART0_OutUHex2              
00000c81  UART0_InString              
00000d01  fgetc                       
00000d23  ferror                      
00000d31  uart_open                   
00000d41  uart_close                  
00000d53  uart_read                   
00000d7d  uart_write                  
00000dbf  uart_lseek                  
00000dcf  uart_unlink                 
00000ddb  uart_rename                 
00000de9  UART0_Initprintf            
00000e75  minit                       
00000f03  malloc                      
00000f6b  free                        
0000102d  realloc                     
00001139  memalign                    
0000121d  calloc                      
00001251  SystemCoreClockUpdate       
000014c9  SystemInit                  
00001585  write                       
00001615  remove                      
00001615  unlink                      
00001639  rename                      
00001677  remove_device               
0000169f  read                        
000016c3  open                        
00001771  lseek                       
00001795  close                       
000017e5  add_device                  
00001891  HOSTwrite                   
000018dd  HOSTunlink                  
00001915  HOSTtime                    
0000194f  HOSTrename                  
000019ad  HOSTread                    
000019f9  HOSTopen                    
00001a4b  HOSTlseek                   
00001aa7  HOSTgetenv                  
00001ae5  HOSTclose                   
00001b1d  HOSTclock                   
00001b65  PWM_Init1                   
00001bcb  PWM_Init12                  
00001c4f  PWM_Duty1                   
00001c6f  PWM_Duty2                   
00001c8f  PWM_Init34                  
00001d13  PWM_Duty3                   
00001d33  PWM_Duty4                   
00001d8d  Clock_Init48MHz             
00001ea3  Clock_GetFreq               
00001ea9  delay                       
00001eb7  Clock_Delay1us              
00001ee1  Clock_Delay1ms              
00002035  __TI_cleanup                
00002061  freopen                     
0000208b  fopen                       
00002131  Reflectance_Init            
0000216f  Reflectance_Read            
000021bd  Reflectance_Position        
0000228d  Motor_Init                  
000022b7  Motor_Stop                  
000022d7  Motor_Forward               
00002307  Motor_Right                 
00002341  Motor_Left                  
0000237b  Motor_Backward              
000023c5  BumpInt_Init                
00002427  Bump_Read                   
0000249d  PORT4_IRQHandler            
0000249d  PORT4_IRQHandler            
000024e9  LaunchPad_Init              
00002559  LaunchPad_Input             
00002573  LaunchPad_LED               
00002591  LaunchPad_Output            
000025dd  ADC0_InitSWTriggerCh17_12_16
0000264d  ADC_In17_12_16              
000026cd  setvbuf                     
000027a9  __TI_doflush                
000027f5  fflush                      
00002871  TimerA1_Init                
000028cf  TimerA1_Stop                
000028e3  TA1_0_IRQHandler            
000028e3  TA1_0_IRQHandler            
00002919  __aeabi_memcpy              
00002919  __aeabi_memcpy4             
00002919  __aeabi_memcpy8             
00002919  memcpy                      
000029b5  __TI_closefile              
00002a1b  fclose                      
00002a4d  __aeabi_memclr              
00002a4d  __aeabi_memclr4             
00002a4d  __aeabi_memclr8             
00002a4f  __aeabi_memset              
00002a4f  __aeabi_memset4             
00002a4f  __aeabi_memset8             
00002a55  memset                      
00002ac9  __TI_auto_init              
00002ba1  __TI_writemsg               
00002bcf  C$$IO$$                     
00002bd3  __TI_readmsg                
00002c09  LeftConvert                 
00002c27  CenterConvert               
00002c45  RightConvert                
00002c6d  _c_int00                    
00002cbd  copy_in                     
00002d09  C$$EXIT                     
00002d0d  abort                       
00002d15  exit                        
00002d4d  strncpy                     
00002d7d  DisableInterrupts           
00002d83  EnableInterrupts            
00002d89  StartCritical               
00002d93  EndCritical                 
00002d9b  WaitForInterrupt            
00002da1  _args_main                  
00002db9  strcmp                      
00002dd1  strchr                      
00002de9  _register_unlock            
00002def  _register_lock              
00002df7  _nop                        
00002dfd  strcpy                      
00002e11  strlen                      
00002e25  __TI_decompress_none        
00002e33  Reset_Handler               
00002e3f  ADC14_IRQHandler            
00002e3f  AES256_IRQHandler           
00002e3f  BusFault_Handler            
00002e3f  COMP_E0_IRQHandler          
00002e3f  COMP_E1_IRQHandler          
00002e3f  CS_IRQHandler               
00002e3f  DMA_ERR_IRQHandler          
00002e3f  DMA_INT0_IRQHandler         
00002e3f  DMA_INT1_IRQHandler         
00002e3f  DMA_INT2_IRQHandler         
00002e3f  DMA_INT3_IRQHandler         
00002e3f  DebugMon_Handler            
00002e3f  Default_Handler             
00002e3f  EUSCIA0_IRQHandler          
00002e3f  EUSCIA1_IRQHandler          
00002e3f  EUSCIA2_IRQHandler          
00002e3f  EUSCIA3_IRQHandler          
00002e3f  EUSCIB0_IRQHandler          
00002e3f  EUSCIB1_IRQHandler          
00002e3f  EUSCIB2_IRQHandler          
00002e3f  EUSCIB3_IRQHandler          
00002e3f  FLCTL_IRQHandler            
00002e3f  FPU_IRQHandler              
00002e3f  HardFault_Handler           
00002e3f  MemManage_Handler           
00002e3f  NMI_Handler                 
00002e3f  PCM_IRQHandler              
00002e3f  PORT2_IRQHandler            
00002e3f  PORT3_IRQHandler            
00002e3f  PORT5_IRQHandler            
00002e3f  PORT6_IRQHandler            
00002e3f  PSS_IRQHandler              
00002e3f  PendSV_Handler              
00002e3f  RTC_C_IRQHandler            
00002e3f  SVC_Handler                 
00002e3f  SysTick_Handler             
00002e3f  T32_INT1_IRQHandler         
00002e3f  T32_INT2_IRQHandler         
00002e3f  T32_INTC_IRQHandler         
00002e3f  TA0_0_IRQHandler            
00002e3f  TA0_N_IRQHandler            
00002e3f  TA1_N_IRQHandler            
00002e3f  TA2_0_IRQHandler            
00002e3f  TA2_N_IRQHandler            
00002e3f  TA3_0_IRQHandler            
00002e3f  TA3_N_IRQHandler            
00002e3f  UsageFault_Handler          
00002e3f  WDT_A_IRQHandler            
00002e41  __TI_zero_init              
00002e4d  __TI_decompress_rle24       
00002e53  _system_pre_init            
00002f04  __TI_Handler_Table_Base     
00002f10  __TI_Handler_Table_Limit    
00002f18  __TI_CINIT_Base             
00002f28  __TI_CINIT_Limit            
20000000  _sys_memory                 
20000400  _ftable                     
200005c0  ClockFrequency              
200005c4  Prewait                     
200005c8  CPMwait                     
200005cc  Postwait                    
200005d0  IFlags                      
200005d4  Crystalstable               
200005d8  __TI_ft_end                 
200005dc  __aeabi_stdin               
200005e0  __aeabi_stdout              
200005e4  __aeabi_stderr              
200005f4  z                           
200005f8  e                           
200005fc  _lock                       
20000600  _unlock                     
20000604  __TI_cleanup_ptr            
20000608  __TI_dtors_ptr              
20000610  main_func_sp                
20000614  SystemCoreClock             
20000618  CollisionData               
20000619  t                           
2000061c  __CIOBUF_                   
2000073c  __TI_tmpnams                
200007dc  Messageb                    
200007ec  Center                      
200007f0  Left                        
200007f4  Messageindexb               
200007f8  P4EdgeIntTask               
200007fc  Right                       
20000800  TimerA1Task                 
20000804  nc                          
20000808  nl                          
2000080c  nr                          
20000810  position                    
20000814  raw12                       
20000818  raw16                       
2000081c  raw17                       
20000820  Data                        
2000fe00  __stack                     
20010000  __STACK_END                 
4000480c  WDTCTL_SYM                  
ffffffff  __binit__                   
ffffffff  __c_args__                  
ffffffff  binit                       
UNDEFED   SHT$$INIT_ARRAY$$Base       
UNDEFED   SHT$$INIT_ARRAY$$Limit      

[252 symbols]
