******************************************************************************
                  TI ARM Linker PC v5.2.9                      
******************************************************************************
>> Linked Sat Dec 03 13:58:22 2022

OUTPUT FILE NAME:   <T8.out>
ENTRY POINT SYMBOL: "_c_int00"  address: 00002c11


MEMORY CONFIGURATION

         name            origin    length      used     unused   attr    fill
----------------------  --------  ---------  --------  --------  ----  --------
  MAIN                  00000000   00040000  00002eca  0003d136  R  X
  INFO                  00200000   00004000  00000000  00004000  R  X
  SRAM_CODE             01000000   00010000  00000000  00010000  RW X
  SRAM_DATA             20000000   00010000  00000a1f  0000f5e1  RW  


SEGMENT ALLOCATION MAP

run origin  load origin   length   init length attrs members
----------  ----------- ---------- ----------- ----- -------
00000000    00000000    00002ed0   00002ed0    r-x
  00000000    00000000    000000e4   000000e4    r-- .intvecs
  000000e4    000000e4    00002d16   00002d16    r-x .text
  00002dfc    00002dfc    00000020   00000020    r-- .const
  00002e20    00002e20    000000b0   000000b0    r-- .cinit
20000000    20000000    00000821   00000000    rw-
  20000000    20000000    00000400   00000000    rw- .sysmem
  20000400    20000400    0000021a   00000000    rw- .data
  2000061c    2000061c    00000205   00000000    rw- .bss
2000fe00    2000fe00    00000200   00000000    rw-
  2000fe00    2000fe00    00000200   00000000    rw- .stack


SECTION ALLOCATION MAP

 output                                  attributes/
section   page    origin      length       input sections
--------  ----  ----------  ----------   ----------------
.intvecs   0    00000000    000000e4     
                  00000000    000000e4     startup_msp432p401r_ccs.obj (.intvecs:retain)

.text      0    000000e4    00002d16     
                  000000e4    000006c4     UART0.obj (.text)
                  000007a8    00000670     main.obj (.text)
                  00000e18    000003dc     rtsv7M4_T_le_v4SPD16_eabi.lib : memory.obj (.text)
                  000011f4    00000334     system_msp432p401r.obj (.text)
                  00001528    0000030c     rtsv7M4_T_le_v4SPD16_eabi.lib : lowlev.obj (.text)
                  00001834    000002d4                                   : trgdrv.obj (.text)
                  00001b08    00000228     PWM.obj (.text)
                  00001d30    000001e0     Clock.obj (.text)
                  00001f10    000001c4     rtsv7M4_T_le_v4SPD16_eabi.lib : fopen.obj (.text)
                  000020d4    0000015c     Reflectance.obj (.text)
                  00002230    00000138     Motor.obj (.text)
                  00002368    00000124     BumpInt.obj (.text)
                  0000248c    000000f4     LaunchPad.obj (.text)
                  00002580    000000f0     ADC14.obj (.text)
                  00002670    000000dc     rtsv7M4_T_le_v4SPD16_eabi.lib : setvbuf.obj (.text)
                  0000274c    000000c8                                   : fflush.obj (.text)
                  00002814    000000a8     TimerA1.obj (.text)
                  000028bc    0000009c     rtsv7M4_T_le_v4SPD16_eabi.lib : memcpy_t2.obj (.text)
                  00002958    00000098                                   : fclose.obj (.text)
                  000029f0    0000007a                                   : memset_t2.obj (.text)
                  00002a6a    00000002     --HOLE-- [fill = 0]
                  00002a6c    0000006c                                   : autoinit.obj (.text)
                  00002ad8    0000006a                                   : copy_decompress_rle.obj (.text)
                  00002b42    00000002     --HOLE-- [fill = 0]
                  00002b44    00000068                                   : trgmsg.obj (.text)
                  00002bac    00000064     IRDistance.obj (.text)
                  00002c10    00000050     rtsv7M4_T_le_v4SPD16_eabi.lib : boot.obj (.text)
                  00002c60    0000004c                                   : cpy_tbl.obj (.text)
                  00002cac    00000044                                   : exit.obj (.text)
                  00002cf0    00000030                                   : strncpy.obj (.text)
                  00002d20    00000024     CortexM.obj (.text)
                  00002d44    00000018     rtsv7M4_T_le_v4SPD16_eabi.lib : args_main.obj (.text)
                  00002d5c    00000018                                   : strcmp.obj (.text)
                  00002d74    00000016                                   : strchr.obj (.text)
                  00002d8a    00000002     --HOLE-- [fill = 0]
                  00002d8c    00000014                                   : _lock.obj (.text)
                  00002da0    00000014                                   : strcpy.obj (.text)
                  00002db4    00000014                                   : strlen.obj (.text)
                  00002dc8    0000000e                                   : copy_decompress_none.obj (.text:decompress:none)
                  00002dd6    0000000e     startup_msp432p401r_ccs.obj (.text)
                  00002de4    0000000c     rtsv7M4_T_le_v4SPD16_eabi.lib : copy_zero_init.obj (.text:decompress:ZI)
                  00002df0    00000006                                   : copy_decompress_rle.obj (.text:decompress:rle24)
                  00002df6    00000004                                   : pre_init.obj (.text)

.const     0    00002dfc    00000020     
                  00002dfc    00000020     Reflectance.obj (.const)

.cinit     0    00002e20    000000b0     
                  00002e20    00000089     (.cinit..data.load) [load image, compression = rle]
                  00002ea9    00000003     --HOLE-- [fill = 0]
                  00002eac    0000000c     (__TI_handler_table)
                  00002eb8    00000008     (.cinit..bss.load) [load image, compression = zero_init]
                  00002ec0    00000010     (__TI_cinit_table)

.init_array 
*          0    00000000    00000000     UNINITIALIZED

.sysmem    0    20000000    00000400     UNINITIALIZED
                  20000000    00000008     rtsv7M4_T_le_v4SPD16_eabi.lib : memory.obj (.sysmem)
                  20000008    000003f8     --HOLE--

.data      0    20000400    0000021a     UNINITIALIZED
                  20000400    000000f0     rtsv7M4_T_le_v4SPD16_eabi.lib : defs.obj (.data:_ftable)
                  200004f0    000000d0                                   : lowlev.obj (.data)
                  200005c0    00000018     Clock.obj (.data)
                  200005d8    00000010     rtsv7M4_T_le_v4SPD16_eabi.lib : defs.obj (.data)
                  200005e8    0000000c                                   : memory.obj (.data)
                  200005f4    00000008     IRDistance.obj (.data)
                  200005fc    00000008     rtsv7M4_T_le_v4SPD16_eabi.lib : _lock.obj (.data)
                  20000604    00000008                                   : exit.obj (.data)
                  2000060c    00000004                                   : fopen.obj (.data)
                  20000610    00000004                                   : stkdepth_vars.obj (.data)
                  20000614    00000004     system_msp432p401r.obj (.data)
                  20000618    00000002     main.obj (.data)

.TI.persistent 
*          0    20000400    00000000     UNINITIALIZED

.bss       0    2000061c    00000205     UNINITIALIZED
                  2000061c    00000120     rtsv7M4_T_le_v4SPD16_eabi.lib : trgmsg.obj (.bss:__CIOBUF_)
                  2000073c    000000a0                                   : defs.obj (.bss:__TI_tmpnams)
                  200007dc    00000008     (.common:Messageb)
                  200007e4    00000008     (.common:parmbuf)
                  200007ec    00000004     (.common:Center)
                  200007f0    00000004     (.common:Left)
                  200007f4    00000004     (.common:Messageindexb)
                  200007f8    00000004     (.common:P4EdgeIntTask)
                  200007fc    00000004     (.common:Right)
                  20000800    00000004     (.common:TimerA1Task)
                  20000804    00000004     (.common:nc)
                  20000808    00000004     (.common:nl)
                  2000080c    00000004     (.common:nr)
                  20000810    00000004     (.common:position)
                  20000814    00000004     (.common:raw12)
                  20000818    00000004     (.common:raw16)
                  2000081c    00000004     (.common:raw17)
                  20000820    00000001     (.common:Data)

.TI.noinit 
*          0    2000061c    00000000     UNINITIALIZED

.stack     0    2000fe00    00000200     UNINITIALIZED
                  2000fe00    00000200     --HOLE--


LINKER GENERATED COPY TABLES

__TI_cinit_table @ 00002ec0 records: 2, size/record: 8, table size: 16
	.data: load addr=00002e20, load size=00000089 bytes, run addr=20000400, run size=0000021a bytes, compression=rle
	.bss: load addr=00002eb8, load size=00000008 bytes, run addr=2000061c, run size=00000205 bytes, compression=zero_init


LINKER GENERATED HANDLER TABLE

__TI_handler_table @ 00002eac records: 3, size/record: 4, table size: 12
	index: 0, handler: __TI_decompress_rle24
	index: 1, handler: __TI_decompress_none
	index: 2, handler: __TI_zero_init


GLOBAL SYMBOLS: SORTED ALPHABETICALLY BY Name 

address   name                        
-------   ----                        
00002581  ADC0_InitSWTriggerCh17_12_16
00002de3  ADC14_IRQHandler            
000025f1  ADC_In17_12_16              
00002de3  AES256_IRQHandler           
00002369  BumpInt_Init                
000023cb  Bump_Read                   
00002de3  BusFault_Handler            
00002cad  C$$EXIT                     
00002b73  C$$IO$$                     
00002de3  COMP_E0_IRQHandler          
00002de3  COMP_E1_IRQHandler          
200005c8  CPMwait                     
00002de3  CS_IRQHandler               
200007ec  Center                      
00002bcb  CenterConvert               
200005c0  ClockFrequency              
00001e85  Clock_Delay1ms              
00001e5b  Clock_Delay1us              
00001e47  Clock_GetFreq               
00001d31  Clock_Init48MHz             
20000618  CollisionData               
200005d4  Crystalstable               
00002de3  DMA_ERR_IRQHandler          
00002de3  DMA_INT0_IRQHandler         
00002de3  DMA_INT1_IRQHandler         
00002de3  DMA_INT2_IRQHandler         
00002de3  DMA_INT3_IRQHandler         
20000820  Data                        
00002de3  DebugMon_Handler            
00002de3  Default_Handler             
00002d21  DisableInterrupts           
00002de3  EUSCIA0_IRQHandler          
00002de3  EUSCIA1_IRQHandler          
00002de3  EUSCIA2_IRQHandler          
00002de3  EUSCIA3_IRQHandler          
00002de3  EUSCIB0_IRQHandler          
00002de3  EUSCIB1_IRQHandler          
00002de3  EUSCIB2_IRQHandler          
00002de3  EUSCIB3_IRQHandler          
00002d27  EnableInterrupts            
00002d37  EndCritical                 
00002de3  FLCTL_IRQHandler            
00002de3  FPU_IRQHandler              
00001ac1  HOSTclock                   
00001a89  HOSTclose                   
00001a4b  HOSTgetenv                  
000019ef  HOSTlseek                   
0000199d  HOSTopen                    
00001951  HOSTread                    
000018f3  HOSTrename                  
000018b9  HOSTtime                    
00001881  HOSTunlink                  
00001835  HOSTwrite                   
0000083f  HandleCollision             
00002de3  HardFault_Handler           
200005d0  IFlags                      
00000a31  IRrun                       
0000248d  LaunchPad_Init              
000024fd  LaunchPad_Input             
00002517  LaunchPad_LED               
00002535  LaunchPad_Output            
200007f0  Left                        
00002bad  LeftConvert                 
00002de3  MemManage_Handler           
200007dc  Messageb                    
200007f4  Messageindexb               
0000231f  Motor_Backward              
0000227b  Motor_Forward               
00002231  Motor_Init                  
000022e5  Motor_Left                  
000022ab  Motor_Right                 
0000225b  Motor_Stop                  
00002de3  NMI_Handler                 
200007f8  P4EdgeIntTask               
00002de3  PCM_IRQHandler              
00000d69  PORT1_IRQHandler            
00000d69  PORT1_IRQHandler            
00002de3  PORT2_IRQHandler            
00002de3  PORT3_IRQHandler            
00002441  PORT4_IRQHandler            
00002441  PORT4_IRQHandler            
00002de3  PORT5_IRQHandler            
00002de3  PORT6_IRQHandler            
00002de3  PSS_IRQHandler              
00001bf3  PWM_Duty1                   
00001c13  PWM_Duty2                   
00001cb7  PWM_Duty3                   
00001cd7  PWM_Duty4                   
00001b09  PWM_Init1                   
00001b6f  PWM_Init12                  
00001c33  PWM_Init34                  
00002de3  PendSV_Handler              
00000b05  Port1_Init                  
00000b5d  Port1_Input                 
00000b75  Port1_Output                
200005cc  Postwait                    
200005c4  Prewait                     
00002de3  RTC_C_IRQHandler            
000020d5  Reflectance_Init            
00002161  Reflectance_Position        
00002113  Reflectance_Read            
00002dd7  Reset_Handler               
200007fc  Right                       
00002be9  RightConvert                
UNDEFED   SHT$$INIT_ARRAY$$Base       
UNDEFED   SHT$$INIT_ARRAY$$Limit      
00002de3  SVC_Handler                 
00002d2d  StartCritical               
00002de3  SysTick_Handler             
20000614  SystemCoreClock             
000011f5  SystemCoreClockUpdate       
0000146d  SystemInit                  
00002de3  T32_INT1_IRQHandler         
00002de3  T32_INT2_IRQHandler         
00002de3  T32_INTC_IRQHandler         
00002de3  TA0_0_IRQHandler            
00002de3  TA0_N_IRQHandler            
00002887  TA1_0_IRQHandler            
00002887  TA1_0_IRQHandler            
00002de3  TA1_N_IRQHandler            
00002de3  TA2_0_IRQHandler            
00002de3  TA2_N_IRQHandler            
00002de3  TA3_0_IRQHandler            
00002de3  TA3_N_IRQHandler            
000007a9  TimedPause                  
20000800  TimerA1Task                 
00002815  TimerA1_Init                
00002873  TimerA1_Stop                
0000012b  UART0_InChar                
000005b5  UART0_InString              
00000175  UART0_InUDec                
00000469  UART0_InUHex                
000000e5  UART0_Init                  
0000071d  UART0_Initprintf            
0000013b  UART0_OutChar               
00000157  UART0_OutString             
000001f9  UART0_OutUDec               
00000365  UART0_OutUDec4              
000003b9  UART0_OutUDec5              
000003f5  UART0_OutUFix1              
0000041d  UART0_OutUFix2              
0000052d  UART0_OutUHex               
00000599  UART0_OutUHex2              
00002de3  UsageFault_Handler          
4000480c  WDTCTL_SYM                  
00002de3  WDT_A_IRQHandler            
00002d3f  WaitForInterrupt            
2000061c  __CIOBUF_                   
20010000  __STACK_END                 
00000200  __STACK_SIZE                
00000400  __SYSMEM_SIZE               
00002ec0  __TI_CINIT_Base             
00002ed0  __TI_CINIT_Limit            
00002eac  __TI_Handler_Table_Base     
00002eb8  __TI_Handler_Table_Limit    
00002a6d  __TI_auto_init              
00001fd9  __TI_cleanup                
20000604  __TI_cleanup_ptr            
00002959  __TI_closefile              
00002dc9  __TI_decompress_none        
00002df1  __TI_decompress_rle24       
0000274d  __TI_doflush                
20000608  __TI_dtors_ptr              
200005d8  __TI_ft_end                 
00002b77  __TI_readmsg                
00000000  __TI_static_base__          
2000073c  __TI_tmpnams                
00002b45  __TI_writemsg               
00002de5  __TI_zero_init              
000029f1  __aeabi_memclr              
000029f1  __aeabi_memclr4             
000029f1  __aeabi_memclr8             
000028bd  __aeabi_memcpy              
000028bd  __aeabi_memcpy4             
000028bd  __aeabi_memcpy8             
000029f3  __aeabi_memset              
000029f3  __aeabi_memset4             
000029f3  __aeabi_memset8             
200005e4  __aeabi_stderr              
200005dc  __aeabi_stdin               
200005e0  __aeabi_stdout              
ffffffff  __binit__                   
ffffffff  __c_args__                  
2000fe00  __stack                     
00002d45  _args_main                  
00002c11  _c_int00                    
20000400  _ftable                     
200005fc  _lock                       
00002d9b  _nop                        
00002d93  _register_lock              
00002d8d  _register_unlock            
20000000  _sys_memory                 
00002df7  _system_pre_init            
20000600  _unlock                     
00002cb1  abort                       
00001789  add_device                  
ffffffff  binit                       
000011c1  calloc                      
00001739  close                       
00002c61  copy_in                     
00001e4d  delay                       
200005f8  e                           
00002cb9  exit                        
000029bf  fclose                      
00000657  ferror                      
00002799  fflush                      
00000635  fgetc                       
0000202f  fopen                       
00000f0f  free                        
00002005  freopen                     
00000000  interruptVectors            
000007b9  loop                        
00001715  lseek                       
00000ceb  main                        
20000610  main_func_sp                
00000ea7  malloc                      
000010dd  memalign                    
000028bd  memcpy                      
000029f9  memset                      
00000e19  minit                       
20000804  nc                          
20000808  nl                          
2000080c  nr                          
00001667  open                        
00000571  outnibble                   
20000810  position                    
20000814  raw12                       
20000818  raw16                       
2000081c  raw17                       
00001643  read                        
00000fd1  realloc                     
00000b95  reflactance                 
000015b9  remove                      
0000161b  remove_device               
000015dd  rename                      
00002671  setvbuf                     
00002d75  strchr                      
00002d5d  strcmp                      
00002da1  strcpy                      
00002db5  strlen                      
00002cf1  strncpy                     
20000619  t                           
00000675  uart_close                  
000006f3  uart_lseek                  
00000665  uart_open                   
00000687  uart_read                   
0000070f  uart_rename                 
00000703  uart_unlink                 
000006b1  uart_write                  
000015b9  unlink                      
00001529  write                       
200005f4  z                           


GLOBAL SYMBOLS: SORTED BY Symbol Address 

address   name                        
-------   ----                        
00000000  __TI_static_base__          
00000000  interruptVectors            
000000e5  UART0_Init                  
0000012b  UART0_InChar                
0000013b  UART0_OutChar               
00000157  UART0_OutString             
00000175  UART0_InUDec                
000001f9  UART0_OutUDec               
00000200  __STACK_SIZE                
00000365  UART0_OutUDec4              
000003b9  UART0_OutUDec5              
000003f5  UART0_OutUFix1              
00000400  __SYSMEM_SIZE               
0000041d  UART0_OutUFix2              
00000469  UART0_InUHex                
0000052d  UART0_OutUHex               
00000571  outnibble                   
00000599  UART0_OutUHex2              
000005b5  UART0_InString              
00000635  fgetc                       
00000657  ferror                      
00000665  uart_open                   
00000675  uart_close                  
00000687  uart_read                   
000006b1  uart_write                  
000006f3  uart_lseek                  
00000703  uart_unlink                 
0000070f  uart_rename                 
0000071d  UART0_Initprintf            
000007a9  TimedPause                  
000007b9  loop                        
0000083f  HandleCollision             
00000a31  IRrun                       
00000b05  Port1_Init                  
00000b5d  Port1_Input                 
00000b75  Port1_Output                
00000b95  reflactance                 
00000ceb  main                        
00000d69  PORT1_IRQHandler            
00000d69  PORT1_IRQHandler            
00000e19  minit                       
00000ea7  malloc                      
00000f0f  free                        
00000fd1  realloc                     
000010dd  memalign                    
000011c1  calloc                      
000011f5  SystemCoreClockUpdate       
0000146d  SystemInit                  
00001529  write                       
000015b9  remove                      
000015b9  unlink                      
000015dd  rename                      
0000161b  remove_device               
00001643  read                        
00001667  open                        
00001715  lseek                       
00001739  close                       
00001789  add_device                  
00001835  HOSTwrite                   
00001881  HOSTunlink                  
000018b9  HOSTtime                    
000018f3  HOSTrename                  
00001951  HOSTread                    
0000199d  HOSTopen                    
000019ef  HOSTlseek                   
00001a4b  HOSTgetenv                  
00001a89  HOSTclose                   
00001ac1  HOSTclock                   
00001b09  PWM_Init1                   
00001b6f  PWM_Init12                  
00001bf3  PWM_Duty1                   
00001c13  PWM_Duty2                   
00001c33  PWM_Init34                  
00001cb7  PWM_Duty3                   
00001cd7  PWM_Duty4                   
00001d31  Clock_Init48MHz             
00001e47  Clock_GetFreq               
00001e4d  delay                       
00001e5b  Clock_Delay1us              
00001e85  Clock_Delay1ms              
00001fd9  __TI_cleanup                
00002005  freopen                     
0000202f  fopen                       
000020d5  Reflectance_Init            
00002113  Reflectance_Read            
00002161  Reflectance_Position        
00002231  Motor_Init                  
0000225b  Motor_Stop                  
0000227b  Motor_Forward               
000022ab  Motor_Right                 
000022e5  Motor_Left                  
0000231f  Motor_Backward              
00002369  BumpInt_Init                
000023cb  Bump_Read                   
00002441  PORT4_IRQHandler            
00002441  PORT4_IRQHandler            
0000248d  LaunchPad_Init              
000024fd  LaunchPad_Input             
00002517  LaunchPad_LED               
00002535  LaunchPad_Output            
00002581  ADC0_InitSWTriggerCh17_12_16
000025f1  ADC_In17_12_16              
00002671  setvbuf                     
0000274d  __TI_doflush                
00002799  fflush                      
00002815  TimerA1_Init                
00002873  TimerA1_Stop                
00002887  TA1_0_IRQHandler            
00002887  TA1_0_IRQHandler            
000028bd  __aeabi_memcpy              
000028bd  __aeabi_memcpy4             
000028bd  __aeabi_memcpy8             
000028bd  memcpy                      
00002959  __TI_closefile              
000029bf  fclose                      
000029f1  __aeabi_memclr              
000029f1  __aeabi_memclr4             
000029f1  __aeabi_memclr8             
000029f3  __aeabi_memset              
000029f3  __aeabi_memset4             
000029f3  __aeabi_memset8             
000029f9  memset                      
00002a6d  __TI_auto_init              
00002b45  __TI_writemsg               
00002b73  C$$IO$$                     
00002b77  __TI_readmsg                
00002bad  LeftConvert                 
00002bcb  CenterConvert               
00002be9  RightConvert                
00002c11  _c_int00                    
00002c61  copy_in                     
00002cad  C$$EXIT                     
00002cb1  abort                       
00002cb9  exit                        
00002cf1  strncpy                     
00002d21  DisableInterrupts           
00002d27  EnableInterrupts            
00002d2d  StartCritical               
00002d37  EndCritical                 
00002d3f  WaitForInterrupt            
00002d45  _args_main                  
00002d5d  strcmp                      
00002d75  strchr                      
00002d8d  _register_unlock            
00002d93  _register_lock              
00002d9b  _nop                        
00002da1  strcpy                      
00002db5  strlen                      
00002dc9  __TI_decompress_none        
00002dd7  Reset_Handler               
00002de3  ADC14_IRQHandler            
00002de3  AES256_IRQHandler           
00002de3  BusFault_Handler            
00002de3  COMP_E0_IRQHandler          
00002de3  COMP_E1_IRQHandler          
00002de3  CS_IRQHandler               
00002de3  DMA_ERR_IRQHandler          
00002de3  DMA_INT0_IRQHandler         
00002de3  DMA_INT1_IRQHandler         
00002de3  DMA_INT2_IRQHandler         
00002de3  DMA_INT3_IRQHandler         
00002de3  DebugMon_Handler            
00002de3  Default_Handler             
00002de3  EUSCIA0_IRQHandler          
00002de3  EUSCIA1_IRQHandler          
00002de3  EUSCIA2_IRQHandler          
00002de3  EUSCIA3_IRQHandler          
00002de3  EUSCIB0_IRQHandler          
00002de3  EUSCIB1_IRQHandler          
00002de3  EUSCIB2_IRQHandler          
00002de3  EUSCIB3_IRQHandler          
00002de3  FLCTL_IRQHandler            
00002de3  FPU_IRQHandler              
00002de3  HardFault_Handler           
00002de3  MemManage_Handler           
00002de3  NMI_Handler                 
00002de3  PCM_IRQHandler              
00002de3  PORT2_IRQHandler            
00002de3  PORT3_IRQHandler            
00002de3  PORT5_IRQHandler            
00002de3  PORT6_IRQHandler            
00002de3  PSS_IRQHandler              
00002de3  PendSV_Handler              
00002de3  RTC_C_IRQHandler            
00002de3  SVC_Handler                 
00002de3  SysTick_Handler             
00002de3  T32_INT1_IRQHandler         
00002de3  T32_INT2_IRQHandler         
00002de3  T32_INTC_IRQHandler         
00002de3  TA0_0_IRQHandler            
00002de3  TA0_N_IRQHandler            
00002de3  TA1_N_IRQHandler            
00002de3  TA2_0_IRQHandler            
00002de3  TA2_N_IRQHandler            
00002de3  TA3_0_IRQHandler            
00002de3  TA3_N_IRQHandler            
00002de3  UsageFault_Handler          
00002de3  WDT_A_IRQHandler            
00002de5  __TI_zero_init              
00002df1  __TI_decompress_rle24       
00002df7  _system_pre_init            
00002eac  __TI_Handler_Table_Base     
00002eb8  __TI_Handler_Table_Limit    
00002ec0  __TI_CINIT_Base             
00002ed0  __TI_CINIT_Limit            
20000000  _sys_memory                 
20000400  _ftable                     
200005c0  ClockFrequency              
200005c4  Prewait                     
200005c8  CPMwait                     
200005cc  Postwait                    
200005d0  IFlags                      
200005d4  Crystalstable               
200005d8  __TI_ft_end                 
200005dc  __aeabi_stdin               
200005e0  __aeabi_stdout              
200005e4  __aeabi_stderr              
200005f4  z                           
200005f8  e                           
200005fc  _lock                       
20000600  _unlock                     
20000604  __TI_cleanup_ptr            
20000608  __TI_dtors_ptr              
20000610  main_func_sp                
20000614  SystemCoreClock             
20000618  CollisionData               
20000619  t                           
2000061c  __CIOBUF_                   
2000073c  __TI_tmpnams                
200007dc  Messageb                    
200007ec  Center                      
200007f0  Left                        
200007f4  Messageindexb               
200007f8  P4EdgeIntTask               
200007fc  Right                       
20000800  TimerA1Task                 
20000804  nc                          
20000808  nl                          
2000080c  nr                          
20000810  position                    
20000814  raw12                       
20000818  raw16                       
2000081c  raw17                       
20000820  Data                        
2000fe00  __stack                     
20010000  __STACK_END                 
4000480c  WDTCTL_SYM                  
ffffffff  __binit__                   
ffffffff  __c_args__                  
ffffffff  binit                       
UNDEFED   SHT$$INIT_ARRAY$$Base       
UNDEFED   SHT$$INIT_ARRAY$$Limit      

[252 symbols]
