******************************************************************************
                  TI ARM Linker PC v5.2.9                      
******************************************************************************
>> Linked Sat Dec 03 15:30:01 2022

OUTPUT FILE NAME:   <T9.out>
ENTRY POINT SYMBOL: "_c_int00"  address: 00002cd1


MEMORY CONFIGURATION

         name            origin    length      used     unused   attr    fill
----------------------  --------  ---------  --------  --------  ----  --------
  MAIN                  00000000   00040000  00002f8a  0003d076  R  X
  INFO                  00200000   00004000  00000000  00004000  R  X
  SRAM_CODE             01000000   00010000  00000000  00010000  RW X
  SRAM_DATA             20000000   00010000  00000a20  0000f5e0  RW  


SEGMENT ALLOCATION MAP

run origin  load origin   length   init length attrs members
----------  ----------- ---------- ----------- ----- -------
00000000    00000000    00002f90   00002f90    r-x
  00000000    00000000    000000e4   000000e4    r-- .intvecs
  000000e4    000000e4    00002dd6   00002dd6    r-x .text
  00002ebc    00002ebc    00000020   00000020    r-- .const
  00002ee0    00002ee0    000000b0   000000b0    r-- .cinit
20000000    20000000    00000821   00000000    rw-
  20000000    20000000    00000400   00000000    rw- .sysmem
  20000400    20000400    0000021b   00000000    rw- .data
  2000061c    2000061c    00000205   00000000    rw- .bss
2000fe00    2000fe00    00000200   00000000    rw-
  2000fe00    2000fe00    00000200   00000000    rw- .stack


SECTION ALLOCATION MAP

 output                                  attributes/
section   page    origin      length       input sections
--------  ----  ----------  ----------   ----------------
.intvecs   0    00000000    000000e4     
                  00000000    000000e4     startup_msp432p401r_ccs.obj (.intvecs:retain)

.text      0    000000e4    00002dd6     
                  000000e4    00000730     main.obj (.text)
                  00000814    000006c4     UART0.obj (.text)
                  00000ed8    000003dc     rtsv7M4_T_le_v4SPD16_eabi.lib : memory.obj (.text)
                  000012b4    00000334     system_msp432p401r.obj (.text)
                  000015e8    0000030c     rtsv7M4_T_le_v4SPD16_eabi.lib : lowlev.obj (.text)
                  000018f4    000002d4                                   : trgdrv.obj (.text)
                  00001bc8    00000228     PWM.obj (.text)
                  00001df0    000001e0     Clock.obj (.text)
                  00001fd0    000001c4     rtsv7M4_T_le_v4SPD16_eabi.lib : fopen.obj (.text)
                  00002194    0000015c     Reflectance.obj (.text)
                  000022f0    00000138     Motor.obj (.text)
                  00002428    00000124     BumpInt.obj (.text)
                  0000254c    000000f4     LaunchPad.obj (.text)
                  00002640    000000f0     ADC14.obj (.text)
                  00002730    000000dc     rtsv7M4_T_le_v4SPD16_eabi.lib : setvbuf.obj (.text)
                  0000280c    000000c8                                   : fflush.obj (.text)
                  000028d4    000000a8     TimerA1.obj (.text)
                  0000297c    0000009c     rtsv7M4_T_le_v4SPD16_eabi.lib : memcpy_t2.obj (.text)
                  00002a18    00000098                                   : fclose.obj (.text)
                  00002ab0    0000007a                                   : memset_t2.obj (.text)
                  00002b2a    00000002     --HOLE-- [fill = 0]
                  00002b2c    0000006c                                   : autoinit.obj (.text)
                  00002b98    0000006a                                   : copy_decompress_rle.obj (.text)
                  00002c02    00000002     --HOLE-- [fill = 0]
                  00002c04    00000068                                   : trgmsg.obj (.text)
                  00002c6c    00000064     IRDistance.obj (.text)
                  00002cd0    00000050     rtsv7M4_T_le_v4SPD16_eabi.lib : boot.obj (.text)
                  00002d20    0000004c                                   : cpy_tbl.obj (.text)
                  00002d6c    00000044                                   : exit.obj (.text)
                  00002db0    00000030                                   : strncpy.obj (.text)
                  00002de0    00000024     CortexM.obj (.text)
                  00002e04    00000018     rtsv7M4_T_le_v4SPD16_eabi.lib : args_main.obj (.text)
                  00002e1c    00000018                                   : strcmp.obj (.text)
                  00002e34    00000016                                   : strchr.obj (.text)
                  00002e4a    00000002     --HOLE-- [fill = 0]
                  00002e4c    00000014                                   : _lock.obj (.text)
                  00002e60    00000014                                   : strcpy.obj (.text)
                  00002e74    00000014                                   : strlen.obj (.text)
                  00002e88    0000000e                                   : copy_decompress_none.obj (.text:decompress:none)
                  00002e96    0000000e     startup_msp432p401r_ccs.obj (.text)
                  00002ea4    0000000c     rtsv7M4_T_le_v4SPD16_eabi.lib : copy_zero_init.obj (.text:decompress:ZI)
                  00002eb0    00000006                                   : copy_decompress_rle.obj (.text:decompress:rle24)
                  00002eb6    00000004                                   : pre_init.obj (.text)

.const     0    00002ebc    00000020     
                  00002ebc    00000020     Reflectance.obj (.const)

.cinit     0    00002ee0    000000b0     
                  00002ee0    0000008a     (.cinit..data.load) [load image, compression = rle]
                  00002f6a    00000002     --HOLE-- [fill = 0]
                  00002f6c    0000000c     (__TI_handler_table)
                  00002f78    00000008     (.cinit..bss.load) [load image, compression = zero_init]
                  00002f80    00000010     (__TI_cinit_table)

.init_array 
*          0    00000000    00000000     UNINITIALIZED

.sysmem    0    20000000    00000400     UNINITIALIZED
                  20000000    00000008     rtsv7M4_T_le_v4SPD16_eabi.lib : memory.obj (.sysmem)
                  20000008    000003f8     --HOLE--

.data      0    20000400    0000021b     UNINITIALIZED
                  20000400    000000f0     rtsv7M4_T_le_v4SPD16_eabi.lib : defs.obj (.data:_ftable)
                  200004f0    000000d0                                   : lowlev.obj (.data)
                  200005c0    00000018     Clock.obj (.data)
                  200005d8    00000010     rtsv7M4_T_le_v4SPD16_eabi.lib : defs.obj (.data)
                  200005e8    0000000c                                   : memory.obj (.data)
                  200005f4    00000008     IRDistance.obj (.data)
                  200005fc    00000008     rtsv7M4_T_le_v4SPD16_eabi.lib : _lock.obj (.data)
                  20000604    00000008                                   : exit.obj (.data)
                  2000060c    00000004                                   : fopen.obj (.data)
                  20000610    00000004                                   : stkdepth_vars.obj (.data)
                  20000614    00000004     system_msp432p401r.obj (.data)
                  20000618    00000003     main.obj (.data)

.TI.persistent 
*          0    20000400    00000000     UNINITIALIZED

.bss       0    2000061c    00000205     UNINITIALIZED
                  2000061c    00000120     rtsv7M4_T_le_v4SPD16_eabi.lib : trgmsg.obj (.bss:__CIOBUF_)
                  2000073c    000000a0                                   : defs.obj (.bss:__TI_tmpnams)
                  200007dc    00000008     (.common:Messageb)
                  200007e4    00000008     (.common:parmbuf)
                  200007ec    00000004     (.common:Center)
                  200007f0    00000004     (.common:Left)
                  200007f4    00000004     (.common:Messageindexb)
                  200007f8    00000004     (.common:P4EdgeIntTask)
                  200007fc    00000004     (.common:Right)
                  20000800    00000004     (.common:TimerA1Task)
                  20000804    00000004     (.common:nc)
                  20000808    00000004     (.common:nl)
                  2000080c    00000004     (.common:nr)
                  20000810    00000004     (.common:position)
                  20000814    00000004     (.common:raw12)
                  20000818    00000004     (.common:raw16)
                  2000081c    00000004     (.common:raw17)
                  20000820    00000001     (.common:Data)

.TI.noinit 
*          0    2000061c    00000000     UNINITIALIZED

.stack     0    2000fe00    00000200     UNINITIALIZED
                  2000fe00    00000200     --HOLE--


LINKER GENERATED COPY TABLES

__TI_cinit_table @ 00002f80 records: 2, size/record: 8, table size: 16
	.data: load addr=00002ee0, load size=0000008a bytes, run addr=20000400, run size=0000021b bytes, compression=rle
	.bss: load addr=00002f78, load size=00000008 bytes, run addr=2000061c, run size=00000205 bytes, compression=zero_init


LINKER GENERATED HANDLER TABLE

__TI_handler_table @ 00002f6c records: 3, size/record: 4, table size: 12
	index: 0, handler: __TI_decompress_rle24
	index: 1, handler: __TI_decompress_none
	index: 2, handler: __TI_zero_init


GLOBAL SYMBOLS: SORTED ALPHABETICALLY BY Name 

address   name                        
-------   ----                        
00002641  ADC0_InitSWTriggerCh17_12_16
00002ea3  ADC14_IRQHandler            
000026b1  ADC_In17_12_16              
00002ea3  AES256_IRQHandler           
00002429  BumpInt_Init                
0000248b  Bump_Read                   
00002ea3  BusFault_Handler            
00002d6d  C$$EXIT                     
00002c33  C$$IO$$                     
00002ea3  COMP_E0_IRQHandler          
00002ea3  COMP_E1_IRQHandler          
200005c8  CPMwait                     
00002ea3  CS_IRQHandler               
200007ec  Center                      
00002c8b  CenterConvert               
200005c0  ClockFrequency              
00001f45  Clock_Delay1ms              
00001f1b  Clock_Delay1us              
00001f07  Clock_GetFreq               
00001df1  Clock_Init48MHz             
20000618  CollisionData               
200005d4  Crystalstable               
00002ea3  DMA_ERR_IRQHandler          
00002ea3  DMA_INT0_IRQHandler         
00002ea3  DMA_INT1_IRQHandler         
00002ea3  DMA_INT2_IRQHandler         
00002ea3  DMA_INT3_IRQHandler         
20000820  Data                        
00002ea3  DebugMon_Handler            
00002ea3  Default_Handler             
00002de1  DisableInterrupts           
00002ea3  EUSCIA0_IRQHandler          
00002ea3  EUSCIA1_IRQHandler          
00002ea3  EUSCIA2_IRQHandler          
00002ea3  EUSCIA3_IRQHandler          
00002ea3  EUSCIB0_IRQHandler          
00002ea3  EUSCIB1_IRQHandler          
00002ea3  EUSCIB2_IRQHandler          
00002ea3  EUSCIB3_IRQHandler          
00002de7  EnableInterrupts            
00002df7  EndCritical                 
00002ea3  FLCTL_IRQHandler            
00002ea3  FPU_IRQHandler              
00001b81  HOSTclock                   
00001b49  HOSTclose                   
00001b0b  HOSTgetenv                  
00001aaf  HOSTlseek                   
00001a5d  HOSTopen                    
00001a11  HOSTread                    
000019b3  HOSTrename                  
00001979  HOSTtime                    
00001941  HOSTunlink                  
000018f5  HOSTwrite                   
0000017b  HandleCollision             
00002ea3  HardFault_Handler           
200005d0  IFlags                      
0000036d  IRrun                       
0000254d  LaunchPad_Init              
000025bd  LaunchPad_Input             
000025d7  LaunchPad_LED               
000025f5  LaunchPad_Output            
200007f0  Left                        
00002c6d  LeftConvert                 
00002ea3  MemManage_Handler           
200007dc  Messageb                    
200007f4  Messageindexb               
000023df  Motor_Backward              
0000233b  Motor_Forward               
000022f1  Motor_Init                  
000023a5  Motor_Left                  
0000236b  Motor_Right                 
0000231b  Motor_Stop                  
00002ea3  NMI_Handler                 
200007f8  P4EdgeIntTask               
00002ea3  PCM_IRQHandler              
0000078d  PORT1_IRQHandler            
0000078d  PORT1_IRQHandler            
00002ea3  PORT2_IRQHandler            
00002ea3  PORT3_IRQHandler            
00002501  PORT4_IRQHandler            
00002501  PORT4_IRQHandler            
00002ea3  PORT5_IRQHandler            
00002ea3  PORT6_IRQHandler            
00002ea3  PSS_IRQHandler              
00001cb3  PWM_Duty1                   
00001cd3  PWM_Duty2                   
00001d77  PWM_Duty3                   
00001d97  PWM_Duty4                   
00001bc9  PWM_Init1                   
00001c2f  PWM_Init12                  
00001cf3  PWM_Init34                  
00002ea3  PendSV_Handler              
00000441  Port1_Init                  
00000499  Port1_Input                 
000004b1  Port1_Output                
200005cc  Postwait                    
200005c4  Prewait                     
00002ea3  RTC_C_IRQHandler            
00002195  Reflectance_Init            
00002221  Reflectance_Position        
000021d3  Reflectance_Read            
00002e97  Reset_Handler               
200007fc  Right                       
00002ca9  RightConvert                
UNDEFED   SHT$$INIT_ARRAY$$Base       
UNDEFED   SHT$$INIT_ARRAY$$Limit      
00002ea3  SVC_Handler                 
00002ded  StartCritical               
00002ea3  SysTick_Handler             
20000614  SystemCoreClock             
000012b5  SystemCoreClockUpdate       
0000152d  SystemInit                  
00002ea3  T32_INT1_IRQHandler         
00002ea3  T32_INT2_IRQHandler         
00002ea3  T32_INTC_IRQHandler         
00002ea3  TA0_0_IRQHandler            
00002ea3  TA0_N_IRQHandler            
00002947  TA1_0_IRQHandler            
00002947  TA1_0_IRQHandler            
00002ea3  TA1_N_IRQHandler            
00002ea3  TA2_0_IRQHandler            
00002ea3  TA2_N_IRQHandler            
00002ea3  TA3_0_IRQHandler            
00002ea3  TA3_N_IRQHandler            
000000e5  TimedPause                  
20000800  TimerA1Task                 
000028d5  TimerA1_Init                
00002933  TimerA1_Stop                
0000085b  UART0_InChar                
00000ce5  UART0_InString              
000008a5  UART0_InUDec                
00000b99  UART0_InUHex                
00000815  UART0_Init                  
00000e4d  UART0_Initprintf            
0000086b  UART0_OutChar               
00000887  UART0_OutString             
00000929  UART0_OutUDec               
00000a95  UART0_OutUDec4              
00000ae9  UART0_OutUDec5              
00000b25  UART0_OutUFix1              
00000b4d  UART0_OutUFix2              
00000c5d  UART0_OutUHex               
00000cc9  UART0_OutUHex2              
00002ea3  UsageFault_Handler          
4000480c  WDTCTL_SYM                  
00002ea3  WDT_A_IRQHandler            
00002dff  WaitForInterrupt            
2000061c  __CIOBUF_                   
20010000  __STACK_END                 
00000200  __STACK_SIZE                
00000400  __SYSMEM_SIZE               
00002f80  __TI_CINIT_Base             
00002f90  __TI_CINIT_Limit            
00002f6c  __TI_Handler_Table_Base     
00002f78  __TI_Handler_Table_Limit    
00002b2d  __TI_auto_init              
00002099  __TI_cleanup                
20000604  __TI_cleanup_ptr            
00002a19  __TI_closefile              
00002e89  __TI_decompress_none        
00002eb1  __TI_decompress_rle24       
0000280d  __TI_doflush                
20000608  __TI_dtors_ptr              
200005d8  __TI_ft_end                 
00002c37  __TI_readmsg                
00000000  __TI_static_base__          
2000073c  __TI_tmpnams                
00002c05  __TI_writemsg               
00002ea5  __TI_zero_init              
00002ab1  __aeabi_memclr              
00002ab1  __aeabi_memclr4             
00002ab1  __aeabi_memclr8             
0000297d  __aeabi_memcpy              
0000297d  __aeabi_memcpy4             
0000297d  __aeabi_memcpy8             
00002ab3  __aeabi_memset              
00002ab3  __aeabi_memset4             
00002ab3  __aeabi_memset8             
200005e4  __aeabi_stderr              
200005dc  __aeabi_stdin               
200005e0  __aeabi_stdout              
ffffffff  __binit__                   
ffffffff  __c_args__                  
2000fe00  __stack                     
00002e05  _args_main                  
00002cd1  _c_int00                    
20000400  _ftable                     
200005fc  _lock                       
00002e5b  _nop                        
00002e53  _register_lock              
00002e4d  _register_unlock            
20000000  _sys_memory                 
00002eb7  _system_pre_init            
20000600  _unlock                     
00002d71  abort                       
00001849  add_device                  
ffffffff  binit                       
00001281  calloc                      
000017f9  close                       
00002d21  copy_in                     
00001f0d  delay                       
200005f8  e                           
00002d79  exit                        
00002a7f  fclose                      
00000d87  ferror                      
00002859  fflush                      
00000d65  fgetc                       
20000619  flag                        
000020ef  fopen                       
00000fcf  free                        
000020c5  freopen                     
00000000  interruptVectors            
000000f5  loop                        
000017d5  lseek                       
000006e9  main                        
20000610  main_func_sp                
00000f67  malloc                      
0000119d  memalign                    
0000297d  memcpy                      
00002ab9  memset                      
00000ed9  minit                       
20000804  nc                          
20000808  nl                          
2000080c  nr                          
00001727  open                        
00000ca1  outnibble                   
20000810  position                    
20000814  raw12                       
20000818  raw16                       
2000081c  raw17                       
00001703  read                        
00001091  realloc                     
000004d1  reflactance                 
00001679  remove                      
000016db  remove_device               
0000169d  rename                      
00002731  setvbuf                     
00002e35  strchr                      
00002e1d  strcmp                      
00002e61  strcpy                      
00002e75  strlen                      
00002db1  strncpy                     
2000061a  t                           
00000da5  uart_close                  
00000e23  uart_lseek                  
00000d95  uart_open                   
00000db7  uart_read                   
00000e3f  uart_rename                 
00000e33  uart_unlink                 
00000de1  uart_write                  
00001679  unlink                      
000015e9  write                       
200005f4  z                           


GLOBAL SYMBOLS: SORTED BY Symbol Address 

address   name                        
-------   ----                        
00000000  __TI_static_base__          
00000000  interruptVectors            
000000e5  TimedPause                  
000000f5  loop                        
0000017b  HandleCollision             
00000200  __STACK_SIZE                
0000036d  IRrun                       
00000400  __SYSMEM_SIZE               
00000441  Port1_Init                  
00000499  Port1_Input                 
000004b1  Port1_Output                
000004d1  reflactance                 
000006e9  main                        
0000078d  PORT1_IRQHandler            
0000078d  PORT1_IRQHandler            
00000815  UART0_Init                  
0000085b  UART0_InChar                
0000086b  UART0_OutChar               
00000887  UART0_OutString             
000008a5  UART0_InUDec                
00000929  UART0_OutUDec               
00000a95  UART0_OutUDec4              
00000ae9  UART0_OutUDec5              
00000b25  UART0_OutUFix1              
00000b4d  UART0_OutUFix2              
00000b99  UART0_InUHex                
00000c5d  UART0_OutUHex               
00000ca1  outnibble                   
00000cc9  UART0_OutUHex2              
00000ce5  UART0_InString              
00000d65  fgetc                       
00000d87  ferror                      
00000d95  uart_open                   
00000da5  uart_close                  
00000db7  uart_read                   
00000de1  uart_write                  
00000e23  uart_lseek                  
00000e33  uart_unlink                 
00000e3f  uart_rename                 
00000e4d  UART0_Initprintf            
00000ed9  minit                       
00000f67  malloc                      
00000fcf  free                        
00001091  realloc                     
0000119d  memalign                    
00001281  calloc                      
000012b5  SystemCoreClockUpdate       
0000152d  SystemInit                  
000015e9  write                       
00001679  remove                      
00001679  unlink                      
0000169d  rename                      
000016db  remove_device               
00001703  read                        
00001727  open                        
000017d5  lseek                       
000017f9  close                       
00001849  add_device                  
000018f5  HOSTwrite                   
00001941  HOSTunlink                  
00001979  HOSTtime                    
000019b3  HOSTrename                  
00001a11  HOSTread                    
00001a5d  HOSTopen                    
00001aaf  HOSTlseek                   
00001b0b  HOSTgetenv                  
00001b49  HOSTclose                   
00001b81  HOSTclock                   
00001bc9  PWM_Init1                   
00001c2f  PWM_Init12                  
00001cb3  PWM_Duty1                   
00001cd3  PWM_Duty2                   
00001cf3  PWM_Init34                  
00001d77  PWM_Duty3                   
00001d97  PWM_Duty4                   
00001df1  Clock_Init48MHz             
00001f07  Clock_GetFreq               
00001f0d  delay                       
00001f1b  Clock_Delay1us              
00001f45  Clock_Delay1ms              
00002099  __TI_cleanup                
000020c5  freopen                     
000020ef  fopen                       
00002195  Reflectance_Init            
000021d3  Reflectance_Read            
00002221  Reflectance_Position        
000022f1  Motor_Init                  
0000231b  Motor_Stop                  
0000233b  Motor_Forward               
0000236b  Motor_Right                 
000023a5  Motor_Left                  
000023df  Motor_Backward              
00002429  BumpInt_Init                
0000248b  Bump_Read                   
00002501  PORT4_IRQHandler            
00002501  PORT4_IRQHandler            
0000254d  LaunchPad_Init              
000025bd  LaunchPad_Input             
000025d7  LaunchPad_LED               
000025f5  LaunchPad_Output            
00002641  ADC0_InitSWTriggerCh17_12_16
000026b1  ADC_In17_12_16              
00002731  setvbuf                     
0000280d  __TI_doflush                
00002859  fflush                      
000028d5  TimerA1_Init                
00002933  TimerA1_Stop                
00002947  TA1_0_IRQHandler            
00002947  TA1_0_IRQHandler            
0000297d  __aeabi_memcpy              
0000297d  __aeabi_memcpy4             
0000297d  __aeabi_memcpy8             
0000297d  memcpy                      
00002a19  __TI_closefile              
00002a7f  fclose                      
00002ab1  __aeabi_memclr              
00002ab1  __aeabi_memclr4             
00002ab1  __aeabi_memclr8             
00002ab3  __aeabi_memset              
00002ab3  __aeabi_memset4             
00002ab3  __aeabi_memset8             
00002ab9  memset                      
00002b2d  __TI_auto_init              
00002c05  __TI_writemsg               
00002c33  C$$IO$$                     
00002c37  __TI_readmsg                
00002c6d  LeftConvert                 
00002c8b  CenterConvert               
00002ca9  RightConvert                
00002cd1  _c_int00                    
00002d21  copy_in                     
00002d6d  C$$EXIT                     
00002d71  abort                       
00002d79  exit                        
00002db1  strncpy                     
00002de1  DisableInterrupts           
00002de7  EnableInterrupts            
00002ded  StartCritical               
00002df7  EndCritical                 
00002dff  WaitForInterrupt            
00002e05  _args_main                  
00002e1d  strcmp                      
00002e35  strchr                      
00002e4d  _register_unlock            
00002e53  _register_lock              
00002e5b  _nop                        
00002e61  strcpy                      
00002e75  strlen                      
00002e89  __TI_decompress_none        
00002e97  Reset_Handler               
00002ea3  ADC14_IRQHandler            
00002ea3  AES256_IRQHandler           
00002ea3  BusFault_Handler            
00002ea3  COMP_E0_IRQHandler          
00002ea3  COMP_E1_IRQHandler          
00002ea3  CS_IRQHandler               
00002ea3  DMA_ERR_IRQHandler          
00002ea3  DMA_INT0_IRQHandler         
00002ea3  DMA_INT1_IRQHandler         
00002ea3  DMA_INT2_IRQHandler         
00002ea3  DMA_INT3_IRQHandler         
00002ea3  DebugMon_Handler            
00002ea3  Default_Handler             
00002ea3  EUSCIA0_IRQHandler          
00002ea3  EUSCIA1_IRQHandler          
00002ea3  EUSCIA2_IRQHandler          
00002ea3  EUSCIA3_IRQHandler          
00002ea3  EUSCIB0_IRQHandler          
00002ea3  EUSCIB1_IRQHandler          
00002ea3  EUSCIB2_IRQHandler          
00002ea3  EUSCIB3_IRQHandler          
00002ea3  FLCTL_IRQHandler            
00002ea3  FPU_IRQHandler              
00002ea3  HardFault_Handler           
00002ea3  MemManage_Handler           
00002ea3  NMI_Handler                 
00002ea3  PCM_IRQHandler              
00002ea3  PORT2_IRQHandler            
00002ea3  PORT3_IRQHandler            
00002ea3  PORT5_IRQHandler            
00002ea3  PORT6_IRQHandler            
00002ea3  PSS_IRQHandler              
00002ea3  PendSV_Handler              
00002ea3  RTC_C_IRQHandler            
00002ea3  SVC_Handler                 
00002ea3  SysTick_Handler             
00002ea3  T32_INT1_IRQHandler         
00002ea3  T32_INT2_IRQHandler         
00002ea3  T32_INTC_IRQHandler         
00002ea3  TA0_0_IRQHandler            
00002ea3  TA0_N_IRQHandler            
00002ea3  TA1_N_IRQHandler            
00002ea3  TA2_0_IRQHandler            
00002ea3  TA2_N_IRQHandler            
00002ea3  TA3_0_IRQHandler            
00002ea3  TA3_N_IRQHandler            
00002ea3  UsageFault_Handler          
00002ea3  WDT_A_IRQHandler            
00002ea5  __TI_zero_init              
00002eb1  __TI_decompress_rle24       
00002eb7  _system_pre_init            
00002f6c  __TI_Handler_Table_Base     
00002f78  __TI_Handler_Table_Limit    
00002f80  __TI_CINIT_Base             
00002f90  __TI_CINIT_Limit            
20000000  _sys_memory                 
20000400  _ftable                     
200005c0  ClockFrequency              
200005c4  Prewait                     
200005c8  CPMwait                     
200005cc  Postwait                    
200005d0  IFlags                      
200005d4  Crystalstable               
200005d8  __TI_ft_end                 
200005dc  __aeabi_stdin               
200005e0  __aeabi_stdout              
200005e4  __aeabi_stderr              
200005f4  z                           
200005f8  e                           
200005fc  _lock                       
20000600  _unlock                     
20000604  __TI_cleanup_ptr            
20000608  __TI_dtors_ptr              
20000610  main_func_sp                
20000614  SystemCoreClock             
20000618  CollisionData               
20000619  flag                        
2000061a  t                           
2000061c  __CIOBUF_                   
2000073c  __TI_tmpnams                
200007dc  Messageb                    
200007ec  Center                      
200007f0  Left                        
200007f4  Messageindexb               
200007f8  P4EdgeIntTask               
200007fc  Right                       
20000800  TimerA1Task                 
20000804  nc                          
20000808  nl                          
2000080c  nr                          
20000810  position                    
20000814  raw12                       
20000818  raw16                       
2000081c  raw17                       
20000820  Data                        
2000fe00  __stack                     
20010000  __STACK_END                 
4000480c  WDTCTL_SYM                  
ffffffff  __binit__                   
ffffffff  __c_args__                  
ffffffff  binit                       
UNDEFED   SHT$$INIT_ARRAY$$Base       
UNDEFED   SHT$$INIT_ARRAY$$Limit      

[253 symbols]
