<?xml version="1.0"?>
<link_info>
   <banner>TI ARM Linker PC v5.2.9</banner>
   <copyright>Copyright (c) 1996-2017 Texas Instruments Incorporated</copyright>
   <link_time>0x6389f83d</link_time>
   <link_errors>0x0</link_errors>
   <output_file>T4.out</output_file>
   <entry_point>
      <name>_c_int00</name>
      <address>0x16cd</address>
   </entry_point>
   <input_file_list>
      <input_file id="fl-2">
         <path>.\</path>
         <kind>object</kind>
         <file>ADC14.obj</file>
         <name>ADC14.obj</name>
      </input_file>
      <input_file id="fl-3">
         <path>.\</path>
         <kind>object</kind>
         <file>BumpInt.obj</file>
         <name>BumpInt.obj</name>
      </input_file>
      <input_file id="fl-4">
         <path>.\</path>
         <kind>object</kind>
         <file>Clock.obj</file>
         <name>Clock.obj</name>
      </input_file>
      <input_file id="fl-5">
         <path>.\</path>
         <kind>object</kind>
         <file>CortexM.obj</file>
         <name>CortexM.obj</name>
      </input_file>
      <input_file id="fl-6">
         <path>.\</path>
         <kind>object</kind>
         <file>FlashProgram.obj</file>
         <name>FlashProgram.obj</name>
      </input_file>
      <input_file id="fl-7">
         <path>.\</path>
         <kind>object</kind>
         <file>IRDistance.obj</file>
         <name>IRDistance.obj</name>
      </input_file>
      <input_file id="fl-8">
         <path>.\</path>
         <kind>object</kind>
         <file>LaunchPad.obj</file>
         <name>LaunchPad.obj</name>
      </input_file>
      <input_file id="fl-9">
         <path>.\</path>
         <kind>object</kind>
         <file>Motor.obj</file>
         <name>Motor.obj</name>
      </input_file>
      <input_file id="fl-a">
         <path>.\</path>
         <kind>object</kind>
         <file>PWM.obj</file>
         <name>PWM.obj</name>
      </input_file>
      <input_file id="fl-b">
         <path>.\</path>
         <kind>object</kind>
         <file>Reflectance.obj</file>
         <name>Reflectance.obj</name>
      </input_file>
      <input_file id="fl-c">
         <path>.\</path>
         <kind>object</kind>
         <file>SysTickInts.obj</file>
         <name>SysTickInts.obj</name>
      </input_file>
      <input_file id="fl-d">
         <path>.\</path>
         <kind>object</kind>
         <file>TimerA1.obj</file>
         <name>TimerA1.obj</name>
      </input_file>
      <input_file id="fl-e">
         <path>.\</path>
         <kind>object</kind>
         <file>UART0.obj</file>
         <name>UART0.obj</name>
      </input_file>
      <input_file id="fl-f">
         <path>.\</path>
         <kind>object</kind>
         <file>main.obj</file>
         <name>main.obj</name>
      </input_file>
      <input_file id="fl-10">
         <path>.\</path>
         <kind>object</kind>
         <file>startup_msp432p401r_ccs.obj</file>
         <name>startup_msp432p401r_ccs.obj</name>
      </input_file>
      <input_file id="fl-11">
         <path>.\</path>
         <kind>object</kind>
         <file>system_msp432p401r.obj</file>
         <name>system_msp432p401r.obj</name>
      </input_file>
      <input_file id="fl-137">
         <path>D:\MyPrograms\ccs\tools\compiler\ti-cgt-arm_5.2.9\lib\</path>
         <kind>archive</kind>
         <file>rtsv7M4_T_le_v4SPD16_eabi.lib</file>
         <name>boot.obj</name>
      </input_file>
      <input_file id="fl-138">
         <path>D:\MyPrograms\ccs\tools\compiler\ti-cgt-arm_5.2.9\lib\</path>
         <kind>archive</kind>
         <file>rtsv7M4_T_le_v4SPD16_eabi.lib</file>
         <name>copy_decompress_none.obj</name>
      </input_file>
      <input_file id="fl-139">
         <path>D:\MyPrograms\ccs\tools\compiler\ti-cgt-arm_5.2.9\lib\</path>
         <kind>archive</kind>
         <file>rtsv7M4_T_le_v4SPD16_eabi.lib</file>
         <name>copy_decompress_rle.obj</name>
      </input_file>
      <input_file id="fl-13a">
         <path>D:\MyPrograms\ccs\tools\compiler\ti-cgt-arm_5.2.9\lib\</path>
         <kind>archive</kind>
         <file>rtsv7M4_T_le_v4SPD16_eabi.lib</file>
         <name>copy_zero_init.obj</name>
      </input_file>
      <input_file id="fl-13b">
         <path>D:\MyPrograms\ccs\tools\compiler\ti-cgt-arm_5.2.9\lib\</path>
         <kind>archive</kind>
         <file>rtsv7M4_T_le_v4SPD16_eabi.lib</file>
         <name>defs.obj</name>
      </input_file>
      <input_file id="fl-13c">
         <path>D:\MyPrograms\ccs\tools\compiler\ti-cgt-arm_5.2.9\lib\</path>
         <kind>archive</kind>
         <file>rtsv7M4_T_le_v4SPD16_eabi.lib</file>
         <name>exit.obj</name>
      </input_file>
      <input_file id="fl-13d">
         <path>D:\MyPrograms\ccs\tools\compiler\ti-cgt-arm_5.2.9\lib\</path>
         <kind>archive</kind>
         <file>rtsv7M4_T_le_v4SPD16_eabi.lib</file>
         <name>fopen.obj</name>
      </input_file>
      <input_file id="fl-13e">
         <path>D:\MyPrograms\ccs\tools\compiler\ti-cgt-arm_5.2.9\lib\</path>
         <kind>archive</kind>
         <file>rtsv7M4_T_le_v4SPD16_eabi.lib</file>
         <name>lowlev.obj</name>
      </input_file>
      <input_file id="fl-13f">
         <path>D:\MyPrograms\ccs\tools\compiler\ti-cgt-arm_5.2.9\lib\</path>
         <kind>archive</kind>
         <file>rtsv7M4_T_le_v4SPD16_eabi.lib</file>
         <name>memcpy_t2.obj</name>
      </input_file>
      <input_file id="fl-140">
         <path>D:\MyPrograms\ccs\tools\compiler\ti-cgt-arm_5.2.9\lib\</path>
         <kind>archive</kind>
         <file>rtsv7M4_T_le_v4SPD16_eabi.lib</file>
         <name>memset_t2.obj</name>
      </input_file>
      <input_file id="fl-141">
         <path>D:\MyPrograms\ccs\tools\compiler\ti-cgt-arm_5.2.9\lib\</path>
         <kind>archive</kind>
         <file>rtsv7M4_T_le_v4SPD16_eabi.lib</file>
         <name>pre_init.obj</name>
      </input_file>
      <input_file id="fl-142">
         <path>D:\MyPrograms\ccs\tools\compiler\ti-cgt-arm_5.2.9\lib\</path>
         <kind>archive</kind>
         <file>rtsv7M4_T_le_v4SPD16_eabi.lib</file>
         <name>setvbuf.obj</name>
      </input_file>
      <input_file id="fl-143">
         <path>D:\MyPrograms\ccs\tools\compiler\ti-cgt-arm_5.2.9\lib\</path>
         <kind>archive</kind>
         <file>rtsv7M4_T_le_v4SPD16_eabi.lib</file>
         <name>stkdepth_vars.obj</name>
      </input_file>
      <input_file id="fl-144">
         <path>D:\MyPrograms\ccs\tools\compiler\ti-cgt-arm_5.2.9\lib\</path>
         <kind>archive</kind>
         <file>rtsv7M4_T_le_v4SPD16_eabi.lib</file>
         <name>strchr.obj</name>
      </input_file>
      <input_file id="fl-145">
         <path>D:\MyPrograms\ccs\tools\compiler\ti-cgt-arm_5.2.9\lib\</path>
         <kind>archive</kind>
         <file>rtsv7M4_T_le_v4SPD16_eabi.lib</file>
         <name>strcmp.obj</name>
      </input_file>
      <input_file id="fl-146">
         <path>D:\MyPrograms\ccs\tools\compiler\ti-cgt-arm_5.2.9\lib\</path>
         <kind>archive</kind>
         <file>rtsv7M4_T_le_v4SPD16_eabi.lib</file>
         <name>strncpy.obj</name>
      </input_file>
      <input_file id="fl-147">
         <path>D:\MyPrograms\ccs\tools\compiler\ti-cgt-arm_5.2.9\lib\</path>
         <kind>archive</kind>
         <file>rtsv7M4_T_le_v4SPD16_eabi.lib</file>
         <name>trgdrv.obj</name>
      </input_file>
      <input_file id="fl-148">
         <path>D:\MyPrograms\ccs\tools\compiler\ti-cgt-arm_5.2.9\lib\</path>
         <kind>archive</kind>
         <file>rtsv7M4_T_le_v4SPD16_eabi.lib</file>
         <name>trgmsg.obj</name>
      </input_file>
      <input_file id="fl-149">
         <path>D:\MyPrograms\ccs\tools\compiler\ti-cgt-arm_5.2.9\lib\</path>
         <kind>archive</kind>
         <file>rtsv7M4_T_le_v4SPD16_eabi.lib</file>
         <name>_lock.obj</name>
      </input_file>
      <input_file id="fl-14a">
         <path>D:\MyPrograms\ccs\tools\compiler\ti-cgt-arm_5.2.9\lib\</path>
         <kind>archive</kind>
         <file>rtsv7M4_T_le_v4SPD16_eabi.lib</file>
         <name>args_main.obj</name>
      </input_file>
      <input_file id="fl-14b">
         <path>D:\MyPrograms\ccs\tools\compiler\ti-cgt-arm_5.2.9\lib\</path>
         <kind>archive</kind>
         <file>rtsv7M4_T_le_v4SPD16_eabi.lib</file>
         <name>autoinit.obj</name>
      </input_file>
      <input_file id="fl-14c">
         <path>D:\MyPrograms\ccs\tools\compiler\ti-cgt-arm_5.2.9\lib\</path>
         <kind>archive</kind>
         <file>rtsv7M4_T_le_v4SPD16_eabi.lib</file>
         <name>cpy_tbl.obj</name>
      </input_file>
      <input_file id="fl-14d">
         <path>D:\MyPrograms\ccs\tools\compiler\ti-cgt-arm_5.2.9\lib\</path>
         <kind>archive</kind>
         <file>rtsv7M4_T_le_v4SPD16_eabi.lib</file>
         <name>fclose.obj</name>
      </input_file>
      <input_file id="fl-14e">
         <path>D:\MyPrograms\ccs\tools\compiler\ti-cgt-arm_5.2.9\lib\</path>
         <kind>archive</kind>
         <file>rtsv7M4_T_le_v4SPD16_eabi.lib</file>
         <name>fflush.obj</name>
      </input_file>
      <input_file id="fl-14f">
         <path>D:\MyPrograms\ccs\tools\compiler\ti-cgt-arm_5.2.9\lib\</path>
         <kind>archive</kind>
         <file>rtsv7M4_T_le_v4SPD16_eabi.lib</file>
         <name>memory.obj</name>
      </input_file>
      <input_file id="fl-150">
         <path>D:\MyPrograms\ccs\tools\compiler\ti-cgt-arm_5.2.9\lib\</path>
         <kind>archive</kind>
         <file>rtsv7M4_T_le_v4SPD16_eabi.lib</file>
         <name>remove.obj</name>
      </input_file>
      <input_file id="fl-151">
         <path>D:\MyPrograms\ccs\tools\compiler\ti-cgt-arm_5.2.9\lib\</path>
         <kind>archive</kind>
         <file>rtsv7M4_T_le_v4SPD16_eabi.lib</file>
         <name>strcpy.obj</name>
      </input_file>
      <input_file id="fl-152">
         <path>D:\MyPrograms\ccs\tools\compiler\ti-cgt-arm_5.2.9\lib\</path>
         <kind>archive</kind>
         <file>rtsv7M4_T_le_v4SPD16_eabi.lib</file>
         <name>strlen.obj</name>
      </input_file>
   </input_file_list>
   <object_component_list>
      <object_component id="oc-2a">
         <name>.intvecs:retain</name>
         <load_address>0x0</load_address>
         <run_address>0x0</run_address>
         <size>0xe4</size>
         <input_file_ref idref="fl-10"/>
      </object_component>
      <object_component id="oc-ac">
         <name>.text</name>
         <load_address>0xe4</load_address>
         <run_address>0xe4</run_address>
         <size>0x614</size>
         <input_file_ref idref="fl-f"/>
      </object_component>
      <object_component id="oc-bf">
         <name>.text</name>
         <load_address>0x6f8</load_address>
         <run_address>0x6f8</run_address>
         <size>0x334</size>
         <input_file_ref idref="fl-11"/>
      </object_component>
      <object_component id="oc-15a">
         <name>.text</name>
         <load_address>0xa2c</load_address>
         <run_address>0xa2c</run_address>
         <size>0x228</size>
         <input_file_ref idref="fl-a"/>
      </object_component>
      <object_component id="oc-ef">
         <name>.text</name>
         <load_address>0xc54</load_address>
         <run_address>0xc54</run_address>
         <size>0x1e0</size>
         <input_file_ref idref="fl-4"/>
      </object_component>
      <object_component id="oc-10f">
         <name>.text</name>
         <load_address>0xe34</load_address>
         <run_address>0xe34</run_address>
         <size>0x15c</size>
         <input_file_ref idref="fl-b"/>
      </object_component>
      <object_component id="oc-f5">
         <name>.text</name>
         <load_address>0xf90</load_address>
         <run_address>0xf90</run_address>
         <size>0x138</size>
         <input_file_ref idref="fl-9"/>
      </object_component>
      <object_component id="oc-7e">
         <name>.text</name>
         <load_address>0x10c8</load_address>
         <run_address>0x10c8</run_address>
         <size>0x124</size>
         <input_file_ref idref="fl-3"/>
      </object_component>
      <object_component id="oc-115">
         <name>.text</name>
         <load_address>0x11ec</load_address>
         <run_address>0x11ec</run_address>
         <size>0xf4</size>
         <input_file_ref idref="fl-8"/>
      </object_component>
      <object_component id="oc-fb">
         <name>.text</name>
         <load_address>0x12e0</load_address>
         <run_address>0x12e0</run_address>
         <size>0xf0</size>
         <input_file_ref idref="fl-2"/>
      </object_component>
      <object_component id="oc-78">
         <name>.text</name>
         <load_address>0x13d0</load_address>
         <run_address>0x13d0</run_address>
         <size>0xa8</size>
         <input_file_ref idref="fl-d"/>
      </object_component>
      <object_component id="oc-31">
         <name>.text</name>
         <load_address>0x1478</load_address>
         <run_address>0x1478</run_address>
         <size>0x9c</size>
         <input_file_ref idref="fl-13f"/>
      </object_component>
      <object_component id="oc-4a">
         <name>.text</name>
         <load_address>0x1514</load_address>
         <run_address>0x1514</run_address>
         <size>0x7a</size>
         <input_file_ref idref="fl-140"/>
      </object_component>
      <object_component id="oc-5c">
         <name>.text</name>
         <load_address>0x1590</load_address>
         <run_address>0x1590</run_address>
         <size>0x6c</size>
         <input_file_ref idref="fl-14b"/>
      </object_component>
      <object_component id="oc-3d">
         <name>.text</name>
         <load_address>0x15fc</load_address>
         <run_address>0x15fc</run_address>
         <size>0x6a</size>
         <input_file_ref idref="fl-139"/>
      </object_component>
      <object_component id="oc-101">
         <name>.text</name>
         <load_address>0x1668</load_address>
         <run_address>0x1668</run_address>
         <size>0x64</size>
         <input_file_ref idref="fl-7"/>
      </object_component>
      <object_component id="oc-25">
         <name>.text</name>
         <load_address>0x16cc</load_address>
         <run_address>0x16cc</run_address>
         <size>0x50</size>
         <input_file_ref idref="fl-137"/>
      </object_component>
      <object_component id="oc-a4">
         <name>.text</name>
         <load_address>0x171c</load_address>
         <run_address>0x171c</run_address>
         <size>0x4c</size>
         <input_file_ref idref="fl-14c"/>
      </object_component>
      <object_component id="oc-68">
         <name>.text</name>
         <load_address>0x1768</load_address>
         <run_address>0x1768</run_address>
         <size>0x44</size>
         <input_file_ref idref="fl-13c"/>
      </object_component>
      <object_component id="oc-11b">
         <name>.text</name>
         <load_address>0x17ac</load_address>
         <run_address>0x17ac</run_address>
         <size>0x24</size>
         <input_file_ref idref="fl-5"/>
      </object_component>
      <object_component id="oc-62">
         <name>.text</name>
         <load_address>0x17d0</load_address>
         <run_address>0x17d0</run_address>
         <size>0x18</size>
         <input_file_ref idref="fl-14a"/>
      </object_component>
      <object_component id="oc-12f">
         <name>.text</name>
         <load_address>0x17e8</load_address>
         <run_address>0x17e8</run_address>
         <size>0x14</size>
         <input_file_ref idref="fl-149"/>
      </object_component>
      <object_component id="oc-13">
         <name>.text:decompress:none</name>
         <load_address>0x17fc</load_address>
         <run_address>0x17fc</run_address>
         <size>0xe</size>
         <input_file_ref idref="fl-138"/>
      </object_component>
      <object_component id="oc-72">
         <name>.text</name>
         <load_address>0x180a</load_address>
         <run_address>0x180a</run_address>
         <size>0xe</size>
         <input_file_ref idref="fl-10"/>
      </object_component>
      <object_component id="oc-1f">
         <name>.text:decompress:ZI</name>
         <load_address>0x1818</load_address>
         <run_address>0x1818</run_address>
         <size>0xc</size>
         <input_file_ref idref="fl-13a"/>
      </object_component>
      <object_component id="oc-19">
         <name>.text:decompress:rle24</name>
         <load_address>0x1824</load_address>
         <run_address>0x1824</run_address>
         <size>0x6</size>
         <input_file_ref idref="fl-139"/>
      </object_component>
      <object_component id="oc-56">
         <name>.text</name>
         <load_address>0x182a</load_address>
         <run_address>0x182a</run_address>
         <size>0x4</size>
         <input_file_ref idref="fl-141"/>
      </object_component>
      <object_component id="oc-169">
         <name>.const</name>
         <load_address>0x1830</load_address>
         <run_address>0x1830</run_address>
         <size>0x20</size>
         <input_file_ref idref="fl-b"/>
      </object_component>
      <object_component id="oc-1ac">
         <name>.cinit..data.load</name>
         <load_address>0x1850</load_address>
         <run_address>0x1850</run_address>
         <size>0x21</size>
      </object_component>
      <object_component id="oc-1aa">
         <name>__TI_handler_table</name>
         <load_address>0x1874</load_address>
         <run_address>0x1874</run_address>
         <size>0xc</size>
      </object_component>
      <object_component id="oc-1ad">
         <name>.cinit..bss.load</name>
         <load_address>0x1880</load_address>
         <run_address>0x1880</run_address>
         <size>0x8</size>
      </object_component>
      <object_component id="oc-1ab">
         <name>__TI_cinit_table</name>
         <load_address>0x1888</load_address>
         <run_address>0x1888</run_address>
         <size>0x10</size>
      </object_component>
      <object_component id="oc-2e">
         <name>.sysmem</name>
         <uninitialized>true</uninitialized>
         <run_address>0x20000000</run_address>
         <size>0x8</size>
         <input_file_ref idref="fl-14f"/>
      </object_component>
      <object_component id="oc-1af">
         <name>.sysmem</name>
         <uninitialized>true</uninitialized>
         <run_address>0x20000000</run_address>
         <size>0x0</size>
      </object_component>
      <object_component id="oc-2d">
         <name>.stack</name>
         <uninitialized>true</uninitialized>
         <run_address>0x2000fe00</run_address>
         <size>0x0</size>
         <input_file_ref idref="fl-137"/>
      </object_component>
      <object_component id="oc-1ae">
         <name>.stack</name>
         <uninitialized>true</uninitialized>
         <run_address>0x2000fe00</run_address>
         <size>0x0</size>
      </object_component>
      <object_component id="oc-cf">
         <name>.common:P4EdgeIntTask</name>
         <uninitialized>true</uninitialized>
         <run_address>0x20000440</run_address>
         <size>0x4</size>
      </object_component>
      <object_component id="oc-c6">
         <name>.common:TimerA1Task</name>
         <uninitialized>true</uninitialized>
         <run_address>0x20000448</run_address>
         <size>0x4</size>
      </object_component>
      <object_component id="oc-121">
         <name>.common:Right</name>
         <uninitialized>true</uninitialized>
         <run_address>0x20000444</run_address>
         <size>0x4</size>
      </object_component>
      <object_component id="oc-122">
         <name>.common:Center</name>
         <uninitialized>true</uninitialized>
         <run_address>0x20000438</run_address>
         <size>0x4</size>
      </object_component>
      <object_component id="oc-123">
         <name>.common:Left</name>
         <uninitialized>true</uninitialized>
         <run_address>0x2000043c</run_address>
         <size>0x4</size>
      </object_component>
      <object_component id="oc-10c">
         <name>.common:nr</name>
         <uninitialized>true</uninitialized>
         <run_address>0x20000454</run_address>
         <size>0x4</size>
      </object_component>
      <object_component id="oc-10d">
         <name>.common:nc</name>
         <uninitialized>true</uninitialized>
         <run_address>0x2000044c</run_address>
         <size>0x4</size>
      </object_component>
      <object_component id="oc-10e">
         <name>.common:nl</name>
         <uninitialized>true</uninitialized>
         <run_address>0x20000450</run_address>
         <size>0x4</size>
      </object_component>
      <object_component id="oc-107">
         <name>.common:raw17</name>
         <uninitialized>true</uninitialized>
         <run_address>0x20000464</run_address>
         <size>0x4</size>
      </object_component>
      <object_component id="oc-10a">
         <name>.common:raw12</name>
         <uninitialized>true</uninitialized>
         <run_address>0x2000045c</run_address>
         <size>0x4</size>
      </object_component>
      <object_component id="oc-10b">
         <name>.common:raw16</name>
         <uninitialized>true</uninitialized>
         <run_address>0x20000460</run_address>
         <size>0x4</size>
      </object_component>
      <object_component id="oc-124">
         <name>.common:Data</name>
         <uninitialized>true</uninitialized>
         <run_address>0x2000046c</run_address>
         <size>0x1</size>
      </object_component>
      <object_component id="oc-125">
         <name>.common:position</name>
         <uninitialized>true</uninitialized>
         <run_address>0x20000458</run_address>
         <size>0x4</size>
      </object_component>
      <object_component id="oc-126">
         <name>.common:t</name>
         <uninitialized>true</uninitialized>
         <run_address>0x20000468</run_address>
         <size>0x4</size>
      </object_component>
      <object_component id="oc-156">
         <name>.data</name>
         <load_address>0x20000400</load_address>
         <run_address>0x20000400</run_address>
         <size>0x18</size>
         <input_file_ref idref="fl-4"/>
      </object_component>
      <object_component id="oc-163">
         <name>.data</name>
         <load_address>0x20000418</load_address>
         <run_address>0x20000418</run_address>
         <size>0x8</size>
         <input_file_ref idref="fl-7"/>
      </object_component>
      <object_component id="oc-13d">
         <name>.data</name>
         <load_address>0x20000434</load_address>
         <run_address>0x20000434</run_address>
         <size>0x4</size>
         <input_file_ref idref="fl-11"/>
      </object_component>
      <object_component id="oc-b7">
         <name>.data</name>
         <load_address>0x20000428</load_address>
         <run_address>0x20000428</run_address>
         <size>0x8</size>
         <input_file_ref idref="fl-13c"/>
      </object_component>
      <object_component id="oc-6e">
         <name>.data</name>
         <load_address>0x20000430</load_address>
         <run_address>0x20000430</run_address>
         <size>0x4</size>
         <input_file_ref idref="fl-143"/>
      </object_component>
      <object_component id="oc-b4">
         <name>.data</name>
         <load_address>0x20000420</load_address>
         <run_address>0x20000420</run_address>
         <size>0x8</size>
         <input_file_ref idref="fl-149"/>
      </object_component>
      <object_component id="oc-162">
         <name>.debug_info</name>
         <load_address>0x0</load_address>
         <run_address>0x0</run_address>
         <size>0x36e</size>
         <input_file_ref idref="fl-2"/>
      </object_component>
      <object_component id="oc-fc">
         <name>.debug_info</name>
         <load_address>0x36e</load_address>
         <run_address>0x36e</run_address>
         <size>0x1c5</size>
         <input_file_ref idref="fl-2"/>
      </object_component>
      <object_component id="oc-143">
         <name>.debug_info</name>
         <load_address>0x533</load_address>
         <run_address>0x533</run_address>
         <size>0x37e2</size>
         <input_file_ref idref="fl-2"/>
      </object_component>
      <object_component id="oc-148">
         <name>.debug_info</name>
         <load_address>0x3d15</load_address>
         <run_address>0x3d15</run_address>
         <size>0x1055</size>
         <input_file_ref idref="fl-2"/>
      </object_component>
      <object_component id="oc-93">
         <name>.debug_info</name>
         <load_address>0x4d6a</load_address>
         <run_address>0x4d6a</run_address>
         <size>0x84</size>
         <input_file_ref idref="fl-2"/>
      </object_component>
      <object_component id="oc-ca">
         <name>.debug_info</name>
         <load_address>0x4dee</load_address>
         <run_address>0x4dee</run_address>
         <size>0x18b</size>
         <input_file_ref idref="fl-2"/>
      </object_component>
      <object_component id="oc-d0">
         <name>.debug_info</name>
         <load_address>0x4f79</load_address>
         <run_address>0x4f79</run_address>
         <size>0x3be</size>
         <input_file_ref idref="fl-3"/>
      </object_component>
      <object_component id="oc-7f">
         <name>.debug_info</name>
         <load_address>0x5337</load_address>
         <run_address>0x5337</run_address>
         <size>0x2be</size>
         <input_file_ref idref="fl-3"/>
      </object_component>
      <object_component id="oc-157">
         <name>.debug_info</name>
         <load_address>0x55f5</load_address>
         <run_address>0x55f5</run_address>
         <size>0x16a</size>
         <input_file_ref idref="fl-4"/>
      </object_component>
      <object_component id="oc-f0">
         <name>.debug_info</name>
         <load_address>0x575f</load_address>
         <run_address>0x575f</run_address>
         <size>0x28e</size>
         <input_file_ref idref="fl-4"/>
      </object_component>
      <object_component id="oc-11c">
         <name>.debug_info</name>
         <load_address>0x59ed</load_address>
         <run_address>0x59ed</run_address>
         <size>0x34c</size>
         <input_file_ref idref="fl-5"/>
      </object_component>
      <object_component id="oc-164">
         <name>.debug_info</name>
         <load_address>0x5d39</load_address>
         <run_address>0x5d39</run_address>
         <size>0xc1</size>
         <input_file_ref idref="fl-7"/>
      </object_component>
      <object_component id="oc-102">
         <name>.debug_info</name>
         <load_address>0x5dfa</load_address>
         <run_address>0x5dfa</run_address>
         <size>0x22f</size>
         <input_file_ref idref="fl-7"/>
      </object_component>
      <object_component id="oc-116">
         <name>.debug_info</name>
         <load_address>0x6029</load_address>
         <run_address>0x6029</run_address>
         <size>0x323</size>
         <input_file_ref idref="fl-8"/>
      </object_component>
      <object_component id="oc-f7">
         <name>.debug_info</name>
         <load_address>0x634c</load_address>
         <run_address>0x634c</run_address>
         <size>0x450</size>
         <input_file_ref idref="fl-9"/>
      </object_component>
      <object_component id="oc-15b">
         <name>.debug_info</name>
         <load_address>0x679c</load_address>
         <run_address>0x679c</run_address>
         <size>0x451</size>
         <input_file_ref idref="fl-a"/>
      </object_component>
      <object_component id="oc-16d">
         <name>.debug_info</name>
         <load_address>0x6bed</load_address>
         <run_address>0x6bed</run_address>
         <size>0x402</size>
         <input_file_ref idref="fl-b"/>
      </object_component>
      <object_component id="oc-16a">
         <name>.debug_info</name>
         <load_address>0x6fef</load_address>
         <run_address>0x6fef</run_address>
         <size>0xd1</size>
         <input_file_ref idref="fl-b"/>
      </object_component>
      <object_component id="oc-110">
         <name>.debug_info</name>
         <load_address>0x70c0</load_address>
         <run_address>0x70c0</run_address>
         <size>0x35b</size>
         <input_file_ref idref="fl-b"/>
      </object_component>
      <object_component id="oc-180">
         <name>.debug_info</name>
         <load_address>0x741b</load_address>
         <run_address>0x741b</run_address>
         <size>0x37e2</size>
         <input_file_ref idref="fl-b"/>
      </object_component>
      <object_component id="oc-c7">
         <name>.debug_info</name>
         <load_address>0xabfd</load_address>
         <run_address>0xabfd</run_address>
         <size>0x3b0</size>
         <input_file_ref idref="fl-d"/>
      </object_component>
      <object_component id="oc-79">
         <name>.debug_info</name>
         <load_address>0xafad</load_address>
         <run_address>0xafad</run_address>
         <size>0x291</size>
         <input_file_ref idref="fl-d"/>
      </object_component>
      <object_component id="oc-108">
         <name>.debug_info</name>
         <load_address>0xb23e</load_address>
         <run_address>0xb23e</run_address>
         <size>0x85d</size>
         <input_file_ref idref="fl-f"/>
      </object_component>
      <object_component id="oc-ad">
         <name>.debug_info</name>
         <load_address>0xba9b</load_address>
         <run_address>0xba9b</run_address>
         <size>0xa81</size>
         <input_file_ref idref="fl-f"/>
      </object_component>
      <object_component id="oc-86">
         <name>.debug_info</name>
         <load_address>0xc51c</load_address>
         <run_address>0xc51c</run_address>
         <size>0x107</size>
         <input_file_ref idref="fl-10"/>
      </object_component>
      <object_component id="oc-2b">
         <name>.debug_info</name>
         <load_address>0xc623</load_address>
         <run_address>0xc623</run_address>
         <size>0xd9</size>
         <input_file_ref idref="fl-10"/>
      </object_component>
      <object_component id="oc-73">
         <name>.debug_info</name>
         <load_address>0xc6fc</load_address>
         <run_address>0xc6fc</run_address>
         <size>0x1a0</size>
         <input_file_ref idref="fl-10"/>
      </object_component>
      <object_component id="oc-13e">
         <name>.debug_info</name>
         <load_address>0xc89c</load_address>
         <run_address>0xc89c</run_address>
         <size>0xd2</size>
         <input_file_ref idref="fl-11"/>
      </object_component>
      <object_component id="oc-c0">
         <name>.debug_info</name>
         <load_address>0xc96e</load_address>
         <run_address>0xc96e</run_address>
         <size>0x244</size>
         <input_file_ref idref="fl-11"/>
      </object_component>
      <object_component id="oc-27">
         <name>.debug_info</name>
         <load_address>0xcbb2</load_address>
         <run_address>0xcbb2</run_address>
         <size>0x14e</size>
         <input_file_ref idref="fl-137"/>
      </object_component>
      <object_component id="oc-3c">
         <name>.debug_info</name>
         <load_address>0xcd00</load_address>
         <run_address>0xcd00</run_address>
         <size>0x13b</size>
         <input_file_ref idref="fl-138"/>
      </object_component>
      <object_component id="oc-14">
         <name>.debug_info</name>
         <load_address>0xce3b</load_address>
         <run_address>0xce3b</run_address>
         <size>0x1da</size>
         <input_file_ref idref="fl-138"/>
      </object_component>
      <object_component id="oc-37">
         <name>.debug_info</name>
         <load_address>0xd015</load_address>
         <run_address>0xd015</run_address>
         <size>0x46</size>
         <input_file_ref idref="fl-138"/>
      </object_component>
      <object_component id="oc-8c">
         <name>.debug_info</name>
         <load_address>0xd05b</load_address>
         <run_address>0xd05b</run_address>
         <size>0x2c</size>
         <input_file_ref idref="fl-138"/>
      </object_component>
      <object_component id="oc-44">
         <name>.debug_info</name>
         <load_address>0xd087</load_address>
         <run_address>0xd087</run_address>
         <size>0x12f</size>
         <input_file_ref idref="fl-139"/>
      </object_component>
      <object_component id="oc-3e">
         <name>.debug_info</name>
         <load_address>0xd1b6</load_address>
         <run_address>0xd1b6</run_address>
         <size>0x242</size>
         <input_file_ref idref="fl-139"/>
      </object_component>
      <object_component id="oc-1a">
         <name>.debug_info</name>
         <load_address>0xd3f8</load_address>
         <run_address>0xd3f8</run_address>
         <size>0x1ac</size>
         <input_file_ref idref="fl-139"/>
      </object_component>
      <object_component id="oc-45">
         <name>.debug_info</name>
         <load_address>0xd5a4</load_address>
         <run_address>0xd5a4</run_address>
         <size>0x39</size>
         <input_file_ref idref="fl-139"/>
      </object_component>
      <object_component id="oc-9b">
         <name>.debug_info</name>
         <load_address>0xd5dd</load_address>
         <run_address>0xd5dd</run_address>
         <size>0x2c</size>
         <input_file_ref idref="fl-139"/>
      </object_component>
      <object_component id="oc-55">
         <name>.debug_info</name>
         <load_address>0xd609</load_address>
         <run_address>0xd609</run_address>
         <size>0x12a</size>
         <input_file_ref idref="fl-13a"/>
      </object_component>
      <object_component id="oc-21">
         <name>.debug_info</name>
         <load_address>0xd733</load_address>
         <run_address>0xd733</run_address>
         <size>0x1a5</size>
         <input_file_ref idref="fl-13a"/>
      </object_component>
      <object_component id="oc-50">
         <name>.debug_info</name>
         <load_address>0xd8d8</load_address>
         <run_address>0xd8d8</run_address>
         <size>0x46</size>
         <input_file_ref idref="fl-13a"/>
      </object_component>
      <object_component id="oc-bb">
         <name>.debug_info</name>
         <load_address>0xd91e</load_address>
         <run_address>0xd91e</run_address>
         <size>0x18c</size>
         <input_file_ref idref="fl-13c"/>
      </object_component>
      <object_component id="oc-b8">
         <name>.debug_info</name>
         <load_address>0xdaaa</load_address>
         <run_address>0xdaaa</run_address>
         <size>0x131</size>
         <input_file_ref idref="fl-13c"/>
      </object_component>
      <object_component id="oc-6a">
         <name>.debug_info</name>
         <load_address>0xdbdb</load_address>
         <run_address>0xdbdb</run_address>
         <size>0x208</size>
         <input_file_ref idref="fl-13c"/>
      </object_component>
      <object_component id="oc-d7">
         <name>.debug_info</name>
         <load_address>0xdde3</load_address>
         <run_address>0xdde3</run_address>
         <size>0x2c</size>
         <input_file_ref idref="fl-13d"/>
      </object_component>
      <object_component id="oc-34">
         <name>.debug_info</name>
         <load_address>0xde0f</load_address>
         <run_address>0xde0f</run_address>
         <size>0x110</size>
         <input_file_ref idref="fl-13f"/>
      </object_component>
      <object_component id="oc-4b">
         <name>.debug_info</name>
         <load_address>0xdf1f</load_address>
         <run_address>0xdf1f</run_address>
         <size>0x13e</size>
         <input_file_ref idref="fl-140"/>
      </object_component>
      <object_component id="oc-57">
         <name>.debug_info</name>
         <load_address>0xe05d</load_address>
         <run_address>0xe05d</run_address>
         <size>0x143</size>
         <input_file_ref idref="fl-141"/>
      </object_component>
      <object_component id="oc-6f">
         <name>.debug_info</name>
         <load_address>0xe1a0</load_address>
         <run_address>0xe1a0</run_address>
         <size>0x104</size>
         <input_file_ref idref="fl-143"/>
      </object_component>
      <object_component id="oc-137">
         <name>.debug_info</name>
         <load_address>0xe2a4</load_address>
         <run_address>0xe2a4</run_address>
         <size>0x11f</size>
         <input_file_ref idref="fl-149"/>
      </object_component>
      <object_component id="oc-b5">
         <name>.debug_info</name>
         <load_address>0xe3c3</load_address>
         <run_address>0xe3c3</run_address>
         <size>0x10e</size>
         <input_file_ref idref="fl-149"/>
      </object_component>
      <object_component id="oc-131">
         <name>.debug_info</name>
         <load_address>0xe4d1</load_address>
         <run_address>0xe4d1</run_address>
         <size>0x21a</size>
         <input_file_ref idref="fl-149"/>
      </object_component>
      <object_component id="oc-b3">
         <name>.debug_info</name>
         <load_address>0xe6eb</load_address>
         <run_address>0xe6eb</run_address>
         <size>0x161</size>
         <input_file_ref idref="fl-14a"/>
      </object_component>
      <object_component id="oc-63">
         <name>.debug_info</name>
         <load_address>0xe84c</load_address>
         <run_address>0xe84c</run_address>
         <size>0x162</size>
         <input_file_ref idref="fl-14a"/>
      </object_component>
      <object_component id="oc-12a">
         <name>.debug_info</name>
         <load_address>0xe9ae</load_address>
         <run_address>0xe9ae</run_address>
         <size>0x5e</size>
         <input_file_ref idref="fl-14a"/>
      </object_component>
      <object_component id="oc-ab">
         <name>.debug_info</name>
         <load_address>0xea0c</load_address>
         <run_address>0xea0c</run_address>
         <size>0x2b8</size>
         <input_file_ref idref="fl-14b"/>
      </object_component>
      <object_component id="oc-5d">
         <name>.debug_info</name>
         <load_address>0xecc4</load_address>
         <run_address>0xecc4</run_address>
         <size>0x172</size>
         <input_file_ref idref="fl-14b"/>
      </object_component>
      <object_component id="oc-e5">
         <name>.debug_info</name>
         <load_address>0xee36</load_address>
         <run_address>0xee36</run_address>
         <size>0x39</size>
         <input_file_ref idref="fl-14b"/>
      </object_component>
      <object_component id="oc-ea">
         <name>.debug_info</name>
         <load_address>0xee6f</load_address>
         <run_address>0xee6f</run_address>
         <size>0xcd</size>
         <input_file_ref idref="fl-14b"/>
      </object_component>
      <object_component id="oc-e2">
         <name>.debug_info</name>
         <load_address>0xef3c</load_address>
         <run_address>0xef3c</run_address>
         <size>0x1db</size>
         <input_file_ref idref="fl-14c"/>
      </object_component>
      <object_component id="oc-a6">
         <name>.debug_info</name>
         <load_address>0xf117</load_address>
         <run_address>0xf117</run_address>
         <size>0x17e</size>
         <input_file_ref idref="fl-14c"/>
      </object_component>
      <object_component id="oc-151">
         <name>.debug_info</name>
         <load_address>0xf295</load_address>
         <run_address>0xf295</run_address>
         <size>0x2c</size>
         <input_file_ref idref="fl-14c"/>
      </object_component>
      <object_component id="oc-89">
         <name>.debug_info</name>
         <load_address>0xf2c1</load_address>
         <run_address>0xf2c1</run_address>
         <size>0x21d</size>
         <input_file_ref idref="fl-14f"/>
      </object_component>
      <object_component id="oc-2f">
         <name>.debug_info</name>
         <load_address>0xf4de</load_address>
         <run_address>0xf4de</run_address>
         <size>0xfc</size>
         <input_file_ref idref="fl-14f"/>
      </object_component>
      <object_component id="oc-dc">
         <name>.debug_info</name>
         <load_address>0xf5da</load_address>
         <run_address>0xf5da</run_address>
         <size>0x62</size>
         <input_file_ref idref="fl-14f"/>
      </object_component>
      <object_component id="oc-1b0">
         <name>.debug_info</name>
         <load_address>0xf63c</load_address>
         <run_address>0xf63c</run_address>
         <size>0x8c</size>
      </object_component>
      <object_component id="oc-179">
         <name>.debug_line</name>
         <load_address>0x0</load_address>
         <run_address>0x0</run_address>
         <size>0x20</size>
         <input_file_ref idref="fl-2"/>
      </object_component>
      <object_component id="oc-ff">
         <name>.debug_line</name>
         <load_address>0x20</load_address>
         <run_address>0x20</run_address>
         <size>0x76</size>
         <input_file_ref idref="fl-2"/>
      </object_component>
      <object_component id="oc-146">
         <name>.debug_line</name>
         <load_address>0x96</load_address>
         <run_address>0x96</run_address>
         <size>0x58</size>
         <input_file_ref idref="fl-2"/>
      </object_component>
      <object_component id="oc-14b">
         <name>.debug_line</name>
         <load_address>0xee</load_address>
         <run_address>0xee</run_address>
         <size>0x5b</size>
         <input_file_ref idref="fl-2"/>
      </object_component>
      <object_component id="oc-96">
         <name>.debug_line</name>
         <load_address>0x149</load_address>
         <run_address>0x149</run_address>
         <size>0x20</size>
         <input_file_ref idref="fl-2"/>
      </object_component>
      <object_component id="oc-cd">
         <name>.debug_line</name>
         <load_address>0x169</load_address>
         <run_address>0x169</run_address>
         <size>0x66</size>
         <input_file_ref idref="fl-2"/>
      </object_component>
      <object_component id="oc-14e">
         <name>.debug_line</name>
         <load_address>0x1cf</load_address>
         <run_address>0x1cf</run_address>
         <size>0x47</size>
         <input_file_ref idref="fl-3"/>
      </object_component>
      <object_component id="oc-82">
         <name>.debug_line</name>
         <load_address>0x216</load_address>
         <run_address>0x216</run_address>
         <size>0xce</size>
         <input_file_ref idref="fl-3"/>
      </object_component>
      <object_component id="oc-176">
         <name>.debug_line</name>
         <load_address>0x2e4</load_address>
         <run_address>0x2e4</run_address>
         <size>0x2e</size>
         <input_file_ref idref="fl-4"/>
      </object_component>
      <object_component id="oc-f3">
         <name>.debug_line</name>
         <load_address>0x312</load_address>
         <run_address>0x312</run_address>
         <size>0xf9</size>
         <input_file_ref idref="fl-4"/>
      </object_component>
      <object_component id="oc-11f">
         <name>.debug_line</name>
         <load_address>0x40b</load_address>
         <run_address>0x40b</run_address>
         <size>0xc9</size>
         <input_file_ref idref="fl-5"/>
      </object_component>
      <object_component id="oc-17b">
         <name>.debug_line</name>
         <load_address>0x4d4</load_address>
         <run_address>0x4d4</run_address>
         <size>0x33</size>
         <input_file_ref idref="fl-7"/>
      </object_component>
      <object_component id="oc-105">
         <name>.debug_line</name>
         <load_address>0x507</load_address>
         <run_address>0x507</run_address>
         <size>0x81</size>
         <input_file_ref idref="fl-7"/>
      </object_component>
      <object_component id="oc-119">
         <name>.debug_line</name>
         <load_address>0x588</load_address>
         <run_address>0x588</run_address>
         <size>0xbb</size>
         <input_file_ref idref="fl-8"/>
      </object_component>
      <object_component id="oc-f6">
         <name>.debug_line</name>
         <load_address>0x643</load_address>
         <run_address>0x643</run_address>
         <size>0xdc</size>
         <input_file_ref idref="fl-9"/>
      </object_component>
      <object_component id="oc-15e">
         <name>.debug_line</name>
         <load_address>0x71f</load_address>
         <run_address>0x71f</run_address>
         <size>0x137</size>
         <input_file_ref idref="fl-a"/>
      </object_component>
      <object_component id="oc-17f">
         <name>.debug_line</name>
         <load_address>0x856</load_address>
         <run_address>0x856</run_address>
         <size>0x4c</size>
         <input_file_ref idref="fl-b"/>
      </object_component>
      <object_component id="oc-17d">
         <name>.debug_line</name>
         <load_address>0x8a2</load_address>
         <run_address>0x8a2</run_address>
         <size>0x4b</size>
         <input_file_ref idref="fl-b"/>
      </object_component>
      <object_component id="oc-114">
         <name>.debug_line</name>
         <load_address>0x8ed</load_address>
         <run_address>0x8ed</run_address>
         <size>0xd2</size>
         <input_file_ref idref="fl-b"/>
      </object_component>
      <object_component id="oc-183">
         <name>.debug_line</name>
         <load_address>0x9bf</load_address>
         <run_address>0x9bf</run_address>
         <size>0x58</size>
         <input_file_ref idref="fl-b"/>
      </object_component>
      <object_component id="oc-142">
         <name>.debug_line</name>
         <load_address>0xa17</load_address>
         <run_address>0xa17</run_address>
         <size>0x47</size>
         <input_file_ref idref="fl-d"/>
      </object_component>
      <object_component id="oc-7c">
         <name>.debug_line</name>
         <load_address>0xa5e</load_address>
         <run_address>0xa5e</run_address>
         <size>0x9e</size>
         <input_file_ref idref="fl-d"/>
      </object_component>
      <object_component id="oc-168">
         <name>.debug_line</name>
         <load_address>0xafc</load_address>
         <run_address>0xafc</run_address>
         <size>0xfc</size>
         <input_file_ref idref="fl-f"/>
      </object_component>
      <object_component id="oc-b1">
         <name>.debug_line</name>
         <load_address>0xbf8</load_address>
         <run_address>0xbf8</run_address>
         <size>0x259</size>
         <input_file_ref idref="fl-f"/>
      </object_component>
      <object_component id="oc-d4">
         <name>.debug_line</name>
         <load_address>0xe51</load_address>
         <run_address>0xe51</run_address>
         <size>0x40</size>
         <input_file_ref idref="fl-10"/>
      </object_component>
      <object_component id="oc-85">
         <name>.debug_line</name>
         <load_address>0xe91</load_address>
         <run_address>0xe91</run_address>
         <size>0x40</size>
         <input_file_ref idref="fl-10"/>
      </object_component>
      <object_component id="oc-76">
         <name>.debug_line</name>
         <load_address>0xed1</load_address>
         <run_address>0xed1</run_address>
         <size>0x71</size>
         <input_file_ref idref="fl-10"/>
      </object_component>
      <object_component id="oc-174">
         <name>.debug_line</name>
         <load_address>0xf42</load_address>
         <run_address>0xf42</run_address>
         <size>0x3b</size>
         <input_file_ref idref="fl-11"/>
      </object_component>
      <object_component id="oc-c3">
         <name>.debug_line</name>
         <load_address>0xf7d</load_address>
         <run_address>0xf7d</run_address>
         <size>0x159</size>
         <input_file_ref idref="fl-11"/>
      </object_component>
      <object_component id="oc-29">
         <name>.debug_line</name>
         <load_address>0x10d6</load_address>
         <run_address>0x10d6</run_address>
         <size>0x52</size>
         <input_file_ref idref="fl-137"/>
      </object_component>
      <object_component id="oc-92">
         <name>.debug_line</name>
         <load_address>0x1128</load_address>
         <run_address>0x1128</run_address>
         <size>0x8a</size>
         <input_file_ref idref="fl-138"/>
      </object_component>
      <object_component id="oc-17">
         <name>.debug_line</name>
         <load_address>0x11b2</load_address>
         <run_address>0x11b2</run_address>
         <size>0x55</size>
         <input_file_ref idref="fl-138"/>
      </object_component>
      <object_component id="oc-3a">
         <name>.debug_line</name>
         <load_address>0x1207</load_address>
         <run_address>0x1207</run_address>
         <size>0x3a</size>
         <input_file_ref idref="fl-138"/>
      </object_component>
      <object_component id="oc-8f">
         <name>.debug_line</name>
         <load_address>0x1241</load_address>
         <run_address>0x1241</run_address>
         <size>0x8a</size>
         <input_file_ref idref="fl-138"/>
      </object_component>
      <object_component id="oc-9a">
         <name>.debug_line</name>
         <load_address>0x12cb</load_address>
         <run_address>0x12cb</run_address>
         <size>0x8a</size>
         <input_file_ref idref="fl-139"/>
      </object_component>
      <object_component id="oc-42">
         <name>.debug_line</name>
         <load_address>0x1355</load_address>
         <run_address>0x1355</run_address>
         <size>0x98</size>
         <input_file_ref idref="fl-139"/>
      </object_component>
      <object_component id="oc-1e">
         <name>.debug_line</name>
         <load_address>0x13ed</load_address>
         <run_address>0x13ed</run_address>
         <size>0x4b</size>
         <input_file_ref idref="fl-139"/>
      </object_component>
      <object_component id="oc-48">
         <name>.debug_line</name>
         <load_address>0x1438</load_address>
         <run_address>0x1438</run_address>
         <size>0x39</size>
         <input_file_ref idref="fl-139"/>
      </object_component>
      <object_component id="oc-9e">
         <name>.debug_line</name>
         <load_address>0x1471</load_address>
         <run_address>0x1471</run_address>
         <size>0x8a</size>
         <input_file_ref idref="fl-139"/>
      </object_component>
      <object_component id="oc-a2">
         <name>.debug_line</name>
         <load_address>0x14fb</load_address>
         <run_address>0x14fb</run_address>
         <size>0x8a</size>
         <input_file_ref idref="fl-13a"/>
      </object_component>
      <object_component id="oc-23">
         <name>.debug_line</name>
         <load_address>0x1585</load_address>
         <run_address>0x1585</run_address>
         <size>0x4f</size>
         <input_file_ref idref="fl-13a"/>
      </object_component>
      <object_component id="oc-53">
         <name>.debug_line</name>
         <load_address>0x15d4</load_address>
         <run_address>0x15d4</run_address>
         <size>0x34</size>
         <input_file_ref idref="fl-13a"/>
      </object_component>
      <object_component id="oc-13c">
         <name>.debug_line</name>
         <load_address>0x1608</load_address>
         <run_address>0x1608</run_address>
         <size>0x89</size>
         <input_file_ref idref="fl-13c"/>
      </object_component>
      <object_component id="oc-13a">
         <name>.debug_line</name>
         <load_address>0x1691</load_address>
         <run_address>0x1691</run_address>
         <size>0x2a</size>
         <input_file_ref idref="fl-13c"/>
      </object_component>
      <object_component id="oc-69">
         <name>.debug_line</name>
         <load_address>0x16bb</load_address>
         <run_address>0x16bb</run_address>
         <size>0x7a</size>
         <input_file_ref idref="fl-13c"/>
      </object_component>
      <object_component id="oc-da">
         <name>.debug_line</name>
         <load_address>0x1735</load_address>
         <run_address>0x1735</run_address>
         <size>0x8a</size>
         <input_file_ref idref="fl-13d"/>
      </object_component>
      <object_component id="oc-33">
         <name>.debug_line</name>
         <load_address>0x17bf</load_address>
         <run_address>0x17bf</run_address>
         <size>0x88</size>
         <input_file_ref idref="fl-13f"/>
      </object_component>
      <object_component id="oc-4e">
         <name>.debug_line</name>
         <load_address>0x1847</load_address>
         <run_address>0x1847</run_address>
         <size>0x79</size>
         <input_file_ref idref="fl-140"/>
      </object_component>
      <object_component id="oc-5a">
         <name>.debug_line</name>
         <load_address>0x18c0</load_address>
         <run_address>0x18c0</run_address>
         <size>0x40</size>
         <input_file_ref idref="fl-141"/>
      </object_component>
      <object_component id="oc-be">
         <name>.debug_line</name>
         <load_address>0x1900</load_address>
         <run_address>0x1900</run_address>
         <size>0x33</size>
         <input_file_ref idref="fl-143"/>
      </object_component>
      <object_component id="oc-172">
         <name>.debug_line</name>
         <load_address>0x1933</load_address>
         <run_address>0x1933</run_address>
         <size>0x20</size>
         <input_file_ref idref="fl-149"/>
      </object_component>
      <object_component id="oc-136">
         <name>.debug_line</name>
         <load_address>0x1953</load_address>
         <run_address>0x1953</run_address>
         <size>0x2b</size>
         <input_file_ref idref="fl-149"/>
      </object_component>
      <object_component id="oc-134">
         <name>.debug_line</name>
         <load_address>0x197e</load_address>
         <run_address>0x197e</run_address>
         <size>0x68</size>
         <input_file_ref idref="fl-149"/>
      </object_component>
      <object_component id="oc-129">
         <name>.debug_line</name>
         <load_address>0x19e6</load_address>
         <run_address>0x19e6</run_address>
         <size>0x2b</size>
         <input_file_ref idref="fl-14a"/>
      </object_component>
      <object_component id="oc-66">
         <name>.debug_line</name>
         <load_address>0x1a11</load_address>
         <run_address>0x1a11</run_address>
         <size>0x50</size>
         <input_file_ref idref="fl-14a"/>
      </object_component>
      <object_component id="oc-12d">
         <name>.debug_line</name>
         <load_address>0x1a61</load_address>
         <run_address>0x1a61</run_address>
         <size>0x2b</size>
         <input_file_ref idref="fl-14a"/>
      </object_component>
      <object_component id="oc-e4">
         <name>.debug_line</name>
         <load_address>0x1a8c</load_address>
         <run_address>0x1a8c</run_address>
         <size>0x99</size>
         <input_file_ref idref="fl-14b"/>
      </object_component>
      <object_component id="oc-60">
         <name>.debug_line</name>
         <load_address>0x1b25</load_address>
         <run_address>0x1b25</run_address>
         <size>0x79</size>
         <input_file_ref idref="fl-14b"/>
      </object_component>
      <object_component id="oc-e8">
         <name>.debug_line</name>
         <load_address>0x1b9e</load_address>
         <run_address>0x1b9e</run_address>
         <size>0x2e</size>
         <input_file_ref idref="fl-14b"/>
      </object_component>
      <object_component id="oc-ed">
         <name>.debug_line</name>
         <load_address>0x1bcc</load_address>
         <run_address>0x1bcc</run_address>
         <size>0x8b</size>
         <input_file_ref idref="fl-14b"/>
      </object_component>
      <object_component id="oc-150">
         <name>.debug_line</name>
         <load_address>0x1c57</load_address>
         <run_address>0x1c57</run_address>
         <size>0x98</size>
         <input_file_ref idref="fl-14c"/>
      </object_component>
      <object_component id="oc-a5">
         <name>.debug_line</name>
         <load_address>0x1cef</load_address>
         <run_address>0x1cef</run_address>
         <size>0x68</size>
         <input_file_ref idref="fl-14c"/>
      </object_component>
      <object_component id="oc-154">
         <name>.debug_line</name>
         <load_address>0x1d57</load_address>
         <run_address>0x1d57</run_address>
         <size>0x2e</size>
         <input_file_ref idref="fl-14c"/>
      </object_component>
      <object_component id="oc-d6">
         <name>.debug_line</name>
         <load_address>0x1d85</load_address>
         <run_address>0x1d85</run_address>
         <size>0xff</size>
         <input_file_ref idref="fl-14f"/>
      </object_component>
      <object_component id="oc-88">
         <name>.debug_line</name>
         <load_address>0x1e84</load_address>
         <run_address>0x1e84</run_address>
         <size>0x2c</size>
         <input_file_ref idref="fl-14f"/>
      </object_component>
      <object_component id="oc-df">
         <name>.debug_line</name>
         <load_address>0x1eb0</load_address>
         <run_address>0x1eb0</run_address>
         <size>0x2c</size>
         <input_file_ref idref="fl-14f"/>
      </object_component>
      <object_component id="oc-100">
         <name>.debug_frame</name>
         <load_address>0x0</load_address>
         <run_address>0x0</run_address>
         <size>0x98</size>
         <input_file_ref idref="fl-2"/>
      </object_component>
      <object_component id="oc-83">
         <name>.debug_frame</name>
         <load_address>0x98</load_address>
         <run_address>0x98</run_address>
         <size>0xb6</size>
         <input_file_ref idref="fl-3"/>
      </object_component>
      <object_component id="oc-f4">
         <name>.debug_frame</name>
         <load_address>0x14e</load_address>
         <run_address>0x14e</run_address>
         <size>0xd9</size>
         <input_file_ref idref="fl-4"/>
      </object_component>
      <object_component id="oc-120">
         <name>.debug_frame</name>
         <load_address>0x227</load_address>
         <run_address>0x227</run_address>
         <size>0xc5</size>
         <input_file_ref idref="fl-5"/>
      </object_component>
      <object_component id="oc-106">
         <name>.debug_frame</name>
         <load_address>0x2ec</load_address>
         <run_address>0x2ec</run_address>
         <size>0xb5</size>
         <input_file_ref idref="fl-7"/>
      </object_component>
      <object_component id="oc-11a">
         <name>.debug_frame</name>
         <load_address>0x3a1</load_address>
         <run_address>0x3a1</run_address>
         <size>0xc0</size>
         <input_file_ref idref="fl-8"/>
      </object_component>
      <object_component id="oc-fa">
         <name>.debug_frame</name>
         <load_address>0x461</load_address>
         <run_address>0x461</run_address>
         <size>0xf2</size>
         <input_file_ref idref="fl-9"/>
      </object_component>
      <object_component id="oc-15f">
         <name>.debug_frame</name>
         <load_address>0x553</load_address>
         <run_address>0x553</run_address>
         <size>0x111</size>
         <input_file_ref idref="fl-a"/>
      </object_component>
      <object_component id="oc-113">
         <name>.debug_frame</name>
         <load_address>0x664</load_address>
         <run_address>0x664</run_address>
         <size>0xbe</size>
         <input_file_ref idref="fl-b"/>
      </object_component>
      <object_component id="oc-7d">
         <name>.debug_frame</name>
         <load_address>0x722</load_address>
         <run_address>0x722</run_address>
         <size>0xb0</size>
         <input_file_ref idref="fl-d"/>
      </object_component>
      <object_component id="oc-b0">
         <name>.debug_frame</name>
         <load_address>0x7d2</load_address>
         <run_address>0x7d2</run_address>
         <size>0x144</size>
         <input_file_ref idref="fl-f"/>
      </object_component>
      <object_component id="oc-77">
         <name>.debug_frame</name>
         <load_address>0x916</load_address>
         <run_address>0x916</run_address>
         <size>0x99</size>
         <input_file_ref idref="fl-10"/>
      </object_component>
      <object_component id="oc-c4">
         <name>.debug_frame</name>
         <load_address>0x9af</load_address>
         <run_address>0x9af</run_address>
         <size>0x9a</size>
         <input_file_ref idref="fl-11"/>
      </object_component>
      <object_component id="oc-18">
         <name>.debug_frame</name>
         <load_address>0xa49</load_address>
         <run_address>0xa49</run_address>
         <size>0x81</size>
         <input_file_ref idref="fl-138"/>
      </object_component>
      <object_component id="oc-41">
         <name>.debug_frame</name>
         <load_address>0xaca</load_address>
         <run_address>0xaca</run_address>
         <size>0x90</size>
         <input_file_ref idref="fl-139"/>
      </object_component>
      <object_component id="oc-1d">
         <name>.debug_frame</name>
         <load_address>0xb5a</load_address>
         <run_address>0xb5a</run_address>
         <size>0x81</size>
         <input_file_ref idref="fl-139"/>
      </object_component>
      <object_component id="oc-24">
         <name>.debug_frame</name>
         <load_address>0xbdb</load_address>
         <run_address>0xbdb</run_address>
         <size>0x81</size>
         <input_file_ref idref="fl-13a"/>
      </object_component>
      <object_component id="oc-6d">
         <name>.debug_frame</name>
         <load_address>0xc5c</load_address>
         <run_address>0xc5c</run_address>
         <size>0xb5</size>
         <input_file_ref idref="fl-13c"/>
      </object_component>
      <object_component id="oc-5b">
         <name>.debug_frame</name>
         <load_address>0xd11</load_address>
         <run_address>0xd11</run_address>
         <size>0x81</size>
         <input_file_ref idref="fl-141"/>
      </object_component>
      <object_component id="oc-130">
         <name>.debug_frame</name>
         <load_address>0xd92</load_address>
         <run_address>0xd92</run_address>
         <size>0xa3</size>
         <input_file_ref idref="fl-149"/>
      </object_component>
      <object_component id="oc-67">
         <name>.debug_frame</name>
         <load_address>0xe35</load_address>
         <run_address>0xe35</run_address>
         <size>0x81</size>
         <input_file_ref idref="fl-14a"/>
      </object_component>
      <object_component id="oc-61">
         <name>.debug_frame</name>
         <load_address>0xeb6</load_address>
         <run_address>0xeb6</run_address>
         <size>0x8c</size>
         <input_file_ref idref="fl-14b"/>
      </object_component>
      <object_component id="oc-a9">
         <name>.debug_frame</name>
         <load_address>0xf42</load_address>
         <run_address>0xf42</run_address>
         <size>0x90</size>
         <input_file_ref idref="fl-14c"/>
      </object_component>
      <object_component id="oc-178">
         <name>.debug_abbrev</name>
         <load_address>0x0</load_address>
         <run_address>0x0</run_address>
         <size>0x66</size>
         <input_file_ref idref="fl-2"/>
      </object_component>
      <object_component id="oc-161">
         <name>.debug_abbrev</name>
         <load_address>0x66</load_address>
         <run_address>0x66</run_address>
         <size>0x6c</size>
         <input_file_ref idref="fl-2"/>
      </object_component>
      <object_component id="oc-145">
         <name>.debug_abbrev</name>
         <load_address>0xd2</load_address>
         <run_address>0xd2</run_address>
         <size>0xbd</size>
         <input_file_ref idref="fl-2"/>
      </object_component>
      <object_component id="oc-14a">
         <name>.debug_abbrev</name>
         <load_address>0x18f</load_address>
         <run_address>0x18f</run_address>
         <size>0x97</size>
         <input_file_ref idref="fl-2"/>
      </object_component>
      <object_component id="oc-95">
         <name>.debug_abbrev</name>
         <load_address>0x226</load_address>
         <run_address>0x226</run_address>
         <size>0x1f</size>
         <input_file_ref idref="fl-2"/>
      </object_component>
      <object_component id="oc-cc">
         <name>.debug_abbrev</name>
         <load_address>0x245</load_address>
         <run_address>0x245</run_address>
         <size>0x35</size>
         <input_file_ref idref="fl-2"/>
      </object_component>
      <object_component id="oc-14d">
         <name>.debug_abbrev</name>
         <load_address>0x27a</load_address>
         <run_address>0x27a</run_address>
         <size>0x95</size>
         <input_file_ref idref="fl-3"/>
      </object_component>
      <object_component id="oc-d2">
         <name>.debug_abbrev</name>
         <load_address>0x30f</load_address>
         <run_address>0x30f</run_address>
         <size>0xb8</size>
         <input_file_ref idref="fl-3"/>
      </object_component>
      <object_component id="oc-175">
         <name>.debug_abbrev</name>
         <load_address>0x3c7</load_address>
         <run_address>0x3c7</run_address>
         <size>0x29</size>
         <input_file_ref idref="fl-4"/>
      </object_component>
      <object_component id="oc-159">
         <name>.debug_abbrev</name>
         <load_address>0x3f0</load_address>
         <run_address>0x3f0</run_address>
         <size>0xa9</size>
         <input_file_ref idref="fl-4"/>
      </object_component>
      <object_component id="oc-16f">
         <name>.debug_abbrev</name>
         <load_address>0x499</load_address>
         <run_address>0x499</run_address>
         <size>0x50</size>
         <input_file_ref idref="fl-5"/>
      </object_component>
      <object_component id="oc-17a">
         <name>.debug_abbrev</name>
         <load_address>0x4e9</load_address>
         <run_address>0x4e9</run_address>
         <size>0x29</size>
         <input_file_ref idref="fl-7"/>
      </object_component>
      <object_component id="oc-166">
         <name>.debug_abbrev</name>
         <load_address>0x512</load_address>
         <run_address>0x512</run_address>
         <size>0x6e</size>
         <input_file_ref idref="fl-7"/>
      </object_component>
      <object_component id="oc-16e">
         <name>.debug_abbrev</name>
         <load_address>0x580</load_address>
         <run_address>0x580</run_address>
         <size>0x9b</size>
         <input_file_ref idref="fl-8"/>
      </object_component>
      <object_component id="oc-160">
         <name>.debug_abbrev</name>
         <load_address>0x61b</load_address>
         <run_address>0x61b</run_address>
         <size>0x7a</size>
         <input_file_ref idref="fl-9"/>
      </object_component>
      <object_component id="oc-177">
         <name>.debug_abbrev</name>
         <load_address>0x695</load_address>
         <run_address>0x695</run_address>
         <size>0x6c</size>
         <input_file_ref idref="fl-a"/>
      </object_component>
      <object_component id="oc-17e">
         <name>.debug_abbrev</name>
         <load_address>0x701</load_address>
         <run_address>0x701</run_address>
         <size>0x83</size>
         <input_file_ref idref="fl-b"/>
      </object_component>
      <object_component id="oc-17c">
         <name>.debug_abbrev</name>
         <load_address>0x784</load_address>
         <run_address>0x784</run_address>
         <size>0x27</size>
         <input_file_ref idref="fl-b"/>
      </object_component>
      <object_component id="oc-16c">
         <name>.debug_abbrev</name>
         <load_address>0x7ab</load_address>
         <run_address>0x7ab</run_address>
         <size>0xa9</size>
         <input_file_ref idref="fl-b"/>
      </object_component>
      <object_component id="oc-182">
         <name>.debug_abbrev</name>
         <load_address>0x854</load_address>
         <run_address>0x854</run_address>
         <size>0xbd</size>
         <input_file_ref idref="fl-b"/>
      </object_component>
      <object_component id="oc-141">
         <name>.debug_abbrev</name>
         <load_address>0x911</load_address>
         <run_address>0x911</run_address>
         <size>0x8c</size>
         <input_file_ref idref="fl-d"/>
      </object_component>
      <object_component id="oc-c9">
         <name>.debug_abbrev</name>
         <load_address>0x99d</load_address>
         <run_address>0x99d</run_address>
         <size>0x7b</size>
         <input_file_ref idref="fl-d"/>
      </object_component>
      <object_component id="oc-167">
         <name>.debug_abbrev</name>
         <load_address>0xa18</load_address>
         <run_address>0xa18</run_address>
         <size>0x10a</size>
         <input_file_ref idref="fl-f"/>
      </object_component>
      <object_component id="oc-127">
         <name>.debug_abbrev</name>
         <load_address>0xb22</load_address>
         <run_address>0xb22</run_address>
         <size>0xd6</size>
         <input_file_ref idref="fl-f"/>
      </object_component>
      <object_component id="oc-d3">
         <name>.debug_abbrev</name>
         <load_address>0xbf8</load_address>
         <run_address>0xbf8</run_address>
         <size>0x71</size>
         <input_file_ref idref="fl-10"/>
      </object_component>
      <object_component id="oc-84">
         <name>.debug_abbrev</name>
         <load_address>0xc69</load_address>
         <run_address>0xc69</run_address>
         <size>0x29</size>
         <input_file_ref idref="fl-10"/>
      </object_component>
      <object_component id="oc-c5">
         <name>.debug_abbrev</name>
         <load_address>0xc92</load_address>
         <run_address>0xc92</run_address>
         <size>0x89</size>
         <input_file_ref idref="fl-10"/>
      </object_component>
      <object_component id="oc-173">
         <name>.debug_abbrev</name>
         <load_address>0xd1b</load_address>
         <run_address>0xd1b</run_address>
         <size>0x29</size>
         <input_file_ref idref="fl-11"/>
      </object_component>
      <object_component id="oc-140">
         <name>.debug_abbrev</name>
         <load_address>0xd44</load_address>
         <run_address>0xd44</run_address>
         <size>0x8b</size>
         <input_file_ref idref="fl-11"/>
      </object_component>
      <object_component id="oc-71">
         <name>.debug_abbrev</name>
         <load_address>0xdcf</load_address>
         <run_address>0xdcf</run_address>
         <size>0x3e</size>
         <input_file_ref idref="fl-137"/>
      </object_component>
      <object_component id="oc-91">
         <name>.debug_abbrev</name>
         <load_address>0xe0d</load_address>
         <run_address>0xe0d</run_address>
         <size>0x52</size>
         <input_file_ref idref="fl-138"/>
      </object_component>
      <object_component id="oc-36">
         <name>.debug_abbrev</name>
         <load_address>0xe5f</load_address>
         <run_address>0xe5f</run_address>
         <size>0x74</size>
         <input_file_ref idref="fl-138"/>
      </object_component>
      <object_component id="oc-39">
         <name>.debug_abbrev</name>
         <load_address>0xed3</load_address>
         <run_address>0xed3</run_address>
         <size>0x24</size>
         <input_file_ref idref="fl-138"/>
      </object_component>
      <object_component id="oc-8e">
         <name>.debug_abbrev</name>
         <load_address>0xef7</load_address>
         <run_address>0xef7</run_address>
         <size>0x24</size>
         <input_file_ref idref="fl-138"/>
      </object_component>
      <object_component id="oc-99">
         <name>.debug_abbrev</name>
         <load_address>0xf1b</load_address>
         <run_address>0xf1b</run_address>
         <size>0x52</size>
         <input_file_ref idref="fl-139"/>
      </object_component>
      <object_component id="oc-98">
         <name>.debug_abbrev</name>
         <load_address>0xf6d</load_address>
         <run_address>0xf6d</run_address>
         <size>0x7b</size>
         <input_file_ref idref="fl-139"/>
      </object_component>
      <object_component id="oc-43">
         <name>.debug_abbrev</name>
         <load_address>0xfe8</load_address>
         <run_address>0xfe8</run_address>
         <size>0x66</size>
         <input_file_ref idref="fl-139"/>
      </object_component>
      <object_component id="oc-47">
         <name>.debug_abbrev</name>
         <load_address>0x104e</load_address>
         <run_address>0x104e</run_address>
         <size>0x24</size>
         <input_file_ref idref="fl-139"/>
      </object_component>
      <object_component id="oc-9d">
         <name>.debug_abbrev</name>
         <load_address>0x1072</load_address>
         <run_address>0x1072</run_address>
         <size>0x24</size>
         <input_file_ref idref="fl-139"/>
      </object_component>
      <object_component id="oc-a1">
         <name>.debug_abbrev</name>
         <load_address>0x1096</load_address>
         <run_address>0x1096</run_address>
         <size>0x52</size>
         <input_file_ref idref="fl-13a"/>
      </object_component>
      <object_component id="oc-4f">
         <name>.debug_abbrev</name>
         <load_address>0x10e8</load_address>
         <run_address>0x10e8</run_address>
         <size>0x74</size>
         <input_file_ref idref="fl-13a"/>
      </object_component>
      <object_component id="oc-52">
         <name>.debug_abbrev</name>
         <load_address>0x115c</load_address>
         <run_address>0x115c</run_address>
         <size>0x24</size>
         <input_file_ref idref="fl-13a"/>
      </object_component>
      <object_component id="oc-13b">
         <name>.debug_abbrev</name>
         <load_address>0x1180</load_address>
         <run_address>0x1180</run_address>
         <size>0x6b</size>
         <input_file_ref idref="fl-13c"/>
      </object_component>
      <object_component id="oc-139">
         <name>.debug_abbrev</name>
         <load_address>0x11eb</load_address>
         <run_address>0x11eb</run_address>
         <size>0x29</size>
         <input_file_ref idref="fl-13c"/>
      </object_component>
      <object_component id="oc-ba">
         <name>.debug_abbrev</name>
         <load_address>0x1214</load_address>
         <run_address>0x1214</run_address>
         <size>0xba</size>
         <input_file_ref idref="fl-13c"/>
      </object_component>
      <object_component id="oc-d9">
         <name>.debug_abbrev</name>
         <load_address>0x12ce</load_address>
         <run_address>0x12ce</run_address>
         <size>0x24</size>
         <input_file_ref idref="fl-13d"/>
      </object_component>
      <object_component id="oc-8b">
         <name>.debug_abbrev</name>
         <load_address>0x12f2</load_address>
         <run_address>0x12f2</run_address>
         <size>0x3e</size>
         <input_file_ref idref="fl-13f"/>
      </object_component>
      <object_component id="oc-a0">
         <name>.debug_abbrev</name>
         <load_address>0x1330</load_address>
         <run_address>0x1330</run_address>
         <size>0x4f</size>
         <input_file_ref idref="fl-140"/>
      </object_component>
      <object_component id="oc-a3">
         <name>.debug_abbrev</name>
         <load_address>0x137f</load_address>
         <run_address>0x137f</run_address>
         <size>0x55</size>
         <input_file_ref idref="fl-141"/>
      </object_component>
      <object_component id="oc-bd">
         <name>.debug_abbrev</name>
         <load_address>0x13d4</load_address>
         <run_address>0x13d4</run_address>
         <size>0x27</size>
         <input_file_ref idref="fl-143"/>
      </object_component>
      <object_component id="oc-171">
         <name>.debug_abbrev</name>
         <load_address>0x13fb</load_address>
         <run_address>0x13fb</run_address>
         <size>0x45</size>
         <input_file_ref idref="fl-149"/>
      </object_component>
      <object_component id="oc-135">
         <name>.debug_abbrev</name>
         <load_address>0x1440</load_address>
         <run_address>0x1440</run_address>
         <size>0x29</size>
         <input_file_ref idref="fl-149"/>
      </object_component>
      <object_component id="oc-170">
         <name>.debug_abbrev</name>
         <load_address>0x1469</load_address>
         <run_address>0x1469</run_address>
         <size>0x6f</size>
         <input_file_ref idref="fl-149"/>
      </object_component>
      <object_component id="oc-128">
         <name>.debug_abbrev</name>
         <load_address>0x14d8</load_address>
         <run_address>0x14d8</run_address>
         <size>0x8e</size>
         <input_file_ref idref="fl-14a"/>
      </object_component>
      <object_component id="oc-b2">
         <name>.debug_abbrev</name>
         <load_address>0x1566</load_address>
         <run_address>0x1566</run_address>
         <size>0x68</size>
         <input_file_ref idref="fl-14a"/>
      </object_component>
      <object_component id="oc-12c">
         <name>.debug_abbrev</name>
         <load_address>0x15ce</load_address>
         <run_address>0x15ce</run_address>
         <size>0x49</size>
         <input_file_ref idref="fl-14a"/>
      </object_component>
      <object_component id="oc-e3">
         <name>.debug_abbrev</name>
         <load_address>0x1617</load_address>
         <run_address>0x1617</run_address>
         <size>0x9a</size>
         <input_file_ref idref="fl-14b"/>
      </object_component>
      <object_component id="oc-aa">
         <name>.debug_abbrev</name>
         <load_address>0x16b1</load_address>
         <run_address>0x16b1</run_address>
         <size>0x7e</size>
         <input_file_ref idref="fl-14b"/>
      </object_component>
      <object_component id="oc-e7">
         <name>.debug_abbrev</name>
         <load_address>0x172f</load_address>
         <run_address>0x172f</run_address>
         <size>0x24</size>
         <input_file_ref idref="fl-14b"/>
      </object_component>
      <object_component id="oc-ec">
         <name>.debug_abbrev</name>
         <load_address>0x1753</load_address>
         <run_address>0x1753</run_address>
         <size>0x4b</size>
         <input_file_ref idref="fl-14b"/>
      </object_component>
      <object_component id="oc-14f">
         <name>.debug_abbrev</name>
         <load_address>0x179e</load_address>
         <run_address>0x179e</run_address>
         <size>0x9c</size>
         <input_file_ref idref="fl-14c"/>
      </object_component>
      <object_component id="oc-e1">
         <name>.debug_abbrev</name>
         <load_address>0x183a</load_address>
         <run_address>0x183a</run_address>
         <size>0x8c</size>
         <input_file_ref idref="fl-14c"/>
      </object_component>
      <object_component id="oc-153">
         <name>.debug_abbrev</name>
         <load_address>0x18c6</load_address>
         <run_address>0x18c6</run_address>
         <size>0x24</size>
         <input_file_ref idref="fl-14c"/>
      </object_component>
      <object_component id="oc-d5">
         <name>.debug_abbrev</name>
         <load_address>0x18ea</load_address>
         <run_address>0x18ea</run_address>
         <size>0xcb</size>
         <input_file_ref idref="fl-14f"/>
      </object_component>
      <object_component id="oc-87">
         <name>.debug_abbrev</name>
         <load_address>0x19b5</load_address>
         <run_address>0x19b5</run_address>
         <size>0x29</size>
         <input_file_ref idref="fl-14f"/>
      </object_component>
      <object_component id="oc-de">
         <name>.debug_abbrev</name>
         <load_address>0x19de</load_address>
         <run_address>0x19de</run_address>
         <size>0x4b</size>
         <input_file_ref idref="fl-14f"/>
      </object_component>
      <object_component id="oc-1b1">
         <name>.debug_abbrev</name>
         <load_address>0x1a29</load_address>
         <run_address>0x1a29</run_address>
         <size>0xf</size>
      </object_component>
      <object_component id="oc-147">
         <name>.debug_str</name>
         <load_address>0x0</load_address>
         <run_address>0x0</run_address>
         <size>0x15af</size>
         <input_file_ref idref="fl-2"/>
      </object_component>
      <object_component id="oc-14c">
         <name>.debug_str</name>
         <load_address>0x15af</load_address>
[...]
      </symbol>
      <symbol id="sm-db">
         <name>StartCritical</name>
         <value>0x17b9</value>
         <object_component_ref idref="oc-11b"/>
      </symbol>
      <symbol id="sm-dc">
         <name>EndCritical</name>
         <value>0x17c3</value>
         <object_component_ref idref="oc-11b"/>
      </symbol>
      <symbol id="sm-dd">
         <name>DisableInterrupts</name>
         <value>0x17ad</value>
         <object_component_ref idref="oc-11b"/>
      </symbol>
      <symbol id="sm-de">
         <name>WaitForInterrupt</name>
         <value>0x17cb</value>
         <object_component_ref idref="oc-11b"/>
      </symbol>
      <symbol id="sm-df">
         <name>EnableInterrupts</name>
         <value>0x17b3</value>
         <object_component_ref idref="oc-11b"/>
      </symbol>
      <symbol id="sm-f6">
         <name>CenterConvert</name>
         <value>0x1687</value>
         <object_component_ref idref="oc-101"/>
      </symbol>
      <symbol id="sm-f7">
         <name>z</name>
         <value>0x20000418</value>
         <object_component_ref idref="oc-163"/>
      </symbol>
      <symbol id="sm-f8">
         <name>e</name>
         <value>0x2000041c</value>
         <object_component_ref idref="oc-163"/>
      </symbol>
      <symbol id="sm-f9">
         <name>RightConvert</name>
         <value>0x16a5</value>
         <object_component_ref idref="oc-101"/>
      </symbol>
      <symbol id="sm-fa">
         <name>LeftConvert</name>
         <value>0x1669</value>
         <object_component_ref idref="oc-101"/>
      </symbol>
      <symbol id="sm-113">
         <name>LaunchPad_LED</name>
         <value>0x1277</value>
         <object_component_ref idref="oc-115"/>
      </symbol>
      <symbol id="sm-114">
         <name>LaunchPad_Input</name>
         <value>0x125d</value>
         <object_component_ref idref="oc-115"/>
      </symbol>
      <symbol id="sm-115">
         <name>LaunchPad_Output</name>
         <value>0x1295</value>
         <object_component_ref idref="oc-115"/>
      </symbol>
      <symbol id="sm-116">
         <name>LaunchPad_Init</name>
         <value>0x11ed</value>
         <object_component_ref idref="oc-115"/>
      </symbol>
      <symbol id="sm-12c">
         <name>Motor_Left</name>
         <value>0x1045</value>
         <object_component_ref idref="oc-f5"/>
      </symbol>
      <symbol id="sm-12d">
         <name>Motor_Init</name>
         <value>0xf91</value>
         <object_component_ref idref="oc-f5"/>
      </symbol>
      <symbol id="sm-12e">
         <name>Motor_Backward</name>
         <value>0x107f</value>
         <object_component_ref idref="oc-f5"/>
      </symbol>
      <symbol id="sm-12f">
         <name>Motor_Right</name>
         <value>0x100b</value>
         <object_component_ref idref="oc-f5"/>
      </symbol>
      <symbol id="sm-130">
         <name>Motor_Stop</name>
         <value>0xfbb</value>
         <object_component_ref idref="oc-f5"/>
      </symbol>
      <symbol id="sm-131">
         <name>Motor_Forward</name>
         <value>0xfdb</value>
         <object_component_ref idref="oc-f5"/>
      </symbol>
      <symbol id="sm-157">
         <name>PWM_Duty3</name>
         <value>0xbdb</value>
         <object_component_ref idref="oc-15a"/>
      </symbol>
      <symbol id="sm-158">
         <name>PWM_Duty2</name>
         <value>0xb37</value>
         <object_component_ref idref="oc-15a"/>
      </symbol>
      <symbol id="sm-159">
         <name>PWM_Duty1</name>
         <value>0xb17</value>
         <object_component_ref idref="oc-15a"/>
      </symbol>
      <symbol id="sm-15a">
         <name>PWM_Duty4</name>
         <value>0xbfb</value>
         <object_component_ref idref="oc-15a"/>
      </symbol>
      <symbol id="sm-15b">
         <name>PWM_Init34</name>
         <value>0xb57</value>
         <object_component_ref idref="oc-15a"/>
      </symbol>
      <symbol id="sm-15c">
         <name>PWM_Init12</name>
         <value>0xa93</value>
         <object_component_ref idref="oc-15a"/>
      </symbol>
      <symbol id="sm-15d">
         <name>PWM_Init1</name>
         <value>0xa2d</value>
         <object_component_ref idref="oc-15a"/>
      </symbol>
      <symbol id="sm-187">
         <name>Reflectance_Read</name>
         <value>0xe73</value>
         <object_component_ref idref="oc-10f"/>
      </symbol>
      <symbol id="sm-188">
         <name>Reflectance_Init</name>
         <value>0xe35</value>
         <object_component_ref idref="oc-10f"/>
      </symbol>
      <symbol id="sm-189">
         <name>Reflectance_Position</name>
         <value>0xec1</value>
         <object_component_ref idref="oc-10f"/>
      </symbol>
      <symbol id="sm-1a3">
         <name>TimerA1Task</name>
         <value>0x20000448</value>
      </symbol>
      <symbol id="sm-1a4">
         <name>TimerA1_Init</name>
         <value>0x13d1</value>
         <object_component_ref idref="oc-78"/>
      </symbol>
      <symbol id="sm-1a5">
         <name>TA1_0_IRQHandler</name>
         <value>0x1443</value>
         <object_component_ref idref="oc-78"/>
      </symbol>
      <symbol id="sm-1a6">
         <name>TimerA1_Stop</name>
         <value>0x142f</value>
         <object_component_ref idref="oc-78"/>
      </symbol>
      <symbol id="sm-1f2">
         <name>Right</name>
         <value>0x20000444</value>
      </symbol>
      <symbol id="sm-1f3">
         <name>Center</name>
         <value>0x20000438</value>
      </symbol>
      <symbol id="sm-1f4">
         <name>Left</name>
         <value>0x2000043c</value>
      </symbol>
      <symbol id="sm-1f5">
         <name>nr</name>
         <value>0x20000454</value>
      </symbol>
      <symbol id="sm-1f6">
         <name>nc</name>
         <value>0x2000044c</value>
      </symbol>
      <symbol id="sm-1f7">
         <name>nl</name>
         <value>0x20000450</value>
      </symbol>
      <symbol id="sm-1f8">
         <name>raw17</name>
         <value>0x20000464</value>
      </symbol>
      <symbol id="sm-1f9">
         <name>raw12</name>
         <value>0x2000045c</value>
      </symbol>
      <symbol id="sm-1fa">
         <name>raw16</name>
         <value>0x20000460</value>
      </symbol>
      <symbol id="sm-1fb">
         <name>Data</name>
         <value>0x2000046c</value>
      </symbol>
      <symbol id="sm-1fc">
         <name>position</name>
         <value>0x20000458</value>
      </symbol>
      <symbol id="sm-1fd">
         <name>t</name>
         <value>0x20000468</value>
      </symbol>
      <symbol id="sm-1fe">
         <name>Port1_Output</name>
         <value>0x4cb</value>
         <object_component_ref idref="oc-ac"/>
      </symbol>
      <symbol id="sm-1ff">
         <name>IRrun</name>
         <value>0x36d</value>
         <object_component_ref idref="oc-ac"/>
      </symbol>
      <symbol id="sm-200">
         <name>Port1_Init</name>
         <value>0x4a1</value>
         <object_component_ref idref="oc-ac"/>
      </symbol>
      <symbol id="sm-201">
         <name>reflactance</name>
         <value>0x4ed</value>
         <object_component_ref idref="oc-ac"/>
      </symbol>
      <symbol id="sm-202">
         <name>Port1_Input</name>
         <value>0x4c1</value>
         <object_component_ref idref="oc-ac"/>
      </symbol>
      <symbol id="sm-203">
         <name>HandleCollision</name>
         <value>0x17b</value>
         <object_component_ref idref="oc-ac"/>
      </symbol>
      <symbol id="sm-204">
         <name>main</name>
         <value>0x647</value>
         <object_component_ref idref="oc-ac"/>
      </symbol>
      <symbol id="sm-205">
         <name>loop</name>
         <value>0xf5</value>
         <object_component_ref idref="oc-ac"/>
      </symbol>
      <symbol id="sm-206">
         <name>TimedPause</name>
         <value>0xe5</value>
         <object_component_ref idref="oc-ac"/>
      </symbol>
      <symbol id="sm-21b">
         <name>Reset_Handler</name>
         <value>0x180b</value>
         <object_component_ref idref="oc-72"/>
      </symbol>
      <symbol id="sm-21c">
         <name>Default_Handler</name>
         <value>0x1817</value>
         <object_component_ref idref="oc-72"/>
      </symbol>
      <symbol id="sm-21d">
         <name>interruptVectors</name>
         <value>0x0</value>
         <object_component_ref idref="oc-2a"/>
      </symbol>
      <symbol id="sm-265">
         <name>SystemInit</name>
         <value>0x971</value>
         <object_component_ref idref="oc-bf"/>
      </symbol>
      <symbol id="sm-266">
         <name>SystemCoreClockUpdate</name>
         <value>0x6f9</value>
         <object_component_ref idref="oc-bf"/>
      </symbol>
      <symbol id="sm-267">
         <name>SystemCoreClock</name>
         <value>0x20000434</value>
         <object_component_ref idref="oc-13d"/>
      </symbol>
      <symbol id="sm-279">
         <name>_c_int00</name>
         <value>0x16cd</value>
         <object_component_ref idref="oc-25"/>
      </symbol>
      <symbol id="sm-27a">
         <name>__stack</name>
         <value>0x2000fe00</value>
         <object_component_ref idref="oc-2d"/>
      </symbol>
      <symbol id="sm-291">
         <name>__TI_decompress_none</name>
         <value>0x17fd</value>
         <object_component_ref idref="oc-13"/>
      </symbol>
      <symbol id="sm-2b9">
         <name>__TI_decompress_rle24</name>
         <value>0x1825</value>
         <object_component_ref idref="oc-19"/>
      </symbol>
      <symbol id="sm-2cb">
         <name>__TI_zero_init</name>
         <value>0x1819</value>
         <object_component_ref idref="oc-1f"/>
      </symbol>
      <symbol id="sm-2eb">
         <name>C$$EXIT</name>
         <value>0x1769</value>
         <object_component_ref idref="oc-68"/>
      </symbol>
      <symbol id="sm-2ec">
         <name>abort</name>
         <value>0x176d</value>
         <object_component_ref idref="oc-68"/>
      </symbol>
      <symbol id="sm-2ed">
         <name>exit</name>
         <value>0x1775</value>
         <object_component_ref idref="oc-68"/>
      </symbol>
      <symbol id="sm-2ee">
         <name>__TI_dtors_ptr</name>
         <value>0x2000042c</value>
         <object_component_ref idref="oc-b7"/>
      </symbol>
      <symbol id="sm-2ef">
         <name>__TI_cleanup_ptr</name>
         <value>0x20000428</value>
         <object_component_ref idref="oc-b7"/>
      </symbol>
      <symbol id="sm-315">
         <name>memcpy</name>
         <value>0x1479</value>
         <object_component_ref idref="oc-31"/>
      </symbol>
      <symbol id="sm-316">
         <name>__aeabi_memcpy</name>
         <value>0x1479</value>
         <object_component_ref idref="oc-31"/>
      </symbol>
      <symbol id="sm-317">
         <name>__aeabi_memcpy8</name>
         <value>0x1479</value>
         <object_component_ref idref="oc-31"/>
      </symbol>
      <symbol id="sm-318">
         <name>__aeabi_memcpy4</name>
         <value>0x1479</value>
         <object_component_ref idref="oc-31"/>
      </symbol>
      <symbol id="sm-327">
         <name>__aeabi_memset</name>
         <value>0x1517</value>
         <object_component_ref idref="oc-4a"/>
      </symbol>
      <symbol id="sm-328">
         <name>memset</name>
         <value>0x151d</value>
         <object_component_ref idref="oc-4a"/>
      </symbol>
      <symbol id="sm-329">
         <name>__aeabi_memset8</name>
         <value>0x1517</value>
         <object_component_ref idref="oc-4a"/>
      </symbol>
      <symbol id="sm-32a">
         <name>__aeabi_memset4</name>
         <value>0x1517</value>
         <object_component_ref idref="oc-4a"/>
      </symbol>
      <symbol id="sm-32b">
         <name>__aeabi_memclr8</name>
         <value>0x1515</value>
         <object_component_ref idref="oc-4a"/>
      </symbol>
      <symbol id="sm-32c">
         <name>__aeabi_memclr4</name>
         <value>0x1515</value>
         <object_component_ref idref="oc-4a"/>
      </symbol>
      <symbol id="sm-32d">
         <name>__aeabi_memclr</name>
         <value>0x1515</value>
         <object_component_ref idref="oc-4a"/>
      </symbol>
      <symbol id="sm-337">
         <name>_system_pre_init</name>
         <value>0x182b</value>
         <object_component_ref idref="oc-56"/>
      </symbol>
      <symbol id="sm-340">
         <name>main_func_sp</name>
         <value>0x20000430</value>
         <object_component_ref idref="oc-6e"/>
      </symbol>
      <symbol id="sm-35e">
         <name>_nop</name>
         <value>0x17f7</value>
         <object_component_ref idref="oc-12f"/>
      </symbol>
      <symbol id="sm-35f">
         <name>_lock</name>
         <value>0x20000420</value>
         <object_component_ref idref="oc-b4"/>
      </symbol>
      <symbol id="sm-360">
         <name>_unlock</name>
         <value>0x20000424</value>
         <object_component_ref idref="oc-b4"/>
      </symbol>
      <symbol id="sm-361">
         <name>_register_lock</name>
         <value>0x17ef</value>
         <object_component_ref idref="oc-12f"/>
      </symbol>
      <symbol id="sm-362">
         <name>_register_unlock</name>
         <value>0x17e9</value>
         <object_component_ref idref="oc-12f"/>
      </symbol>
      <symbol id="sm-377">
         <name>_args_main</name>
         <value>0x17d1</value>
         <object_component_ref idref="oc-62"/>
      </symbol>
      <symbol id="sm-39d">
         <name>__TI_auto_init</name>
         <value>0x1591</value>
         <object_component_ref idref="oc-5c"/>
      </symbol>
      <symbol id="sm-3b7">
         <name>copy_in</name>
         <value>0x171d</value>
         <object_component_ref idref="oc-a4"/>
      </symbol>
      <symbol id="sm-3cc">
         <name>_sys_memory</name>
         <value>0x20000000</value>
         <object_component_ref idref="oc-2e"/>
      </symbol>
      <symbol id="sm-3d0">
         <name>__TI_static_base__</name>
         <value>0x0</value>
      </symbol>
      <symbol id="sm-3d3">
         <name>SHT$$INIT_ARRAY$$Limit</name>
         <value>0x0</value>
      </symbol>
      <symbol id="sm-3d4">
         <name>SHT$$INIT_ARRAY$$Base</name>
         <value>0x0</value>
      </symbol>
      <symbol id="sm-3d5">
         <name>NMI_Handler</name>
         <value>0x1817</value>
      </symbol>
      <symbol id="sm-3d6">
         <name>HardFault_Handler</name>
         <value>0x1817</value>
      </symbol>
      <symbol id="sm-3d7">
         <name>MemManage_Handler</name>
         <value>0x1817</value>
      </symbol>
      <symbol id="sm-3d8">
         <name>BusFault_Handler</name>
         <value>0x1817</value>
      </symbol>
      <symbol id="sm-3d9">
         <name>UsageFault_Handler</name>
         <value>0x1817</value>
      </symbol>
      <symbol id="sm-3da">
         <name>SVC_Handler</name>
         <value>0x1817</value>
      </symbol>
      <symbol id="sm-3db">
         <name>DebugMon_Handler</name>
         <value>0x1817</value>
      </symbol>
      <symbol id="sm-3dc">
         <name>PendSV_Handler</name>
         <value>0x1817</value>
      </symbol>
      <symbol id="sm-3dd">
         <name>SysTick_Handler</name>
         <value>0x1817</value>
      </symbol>
      <symbol id="sm-3de">
         <name>PSS_IRQHandler</name>
         <value>0x1817</value>
      </symbol>
      <symbol id="sm-3df">
         <name>CS_IRQHandler</name>
         <value>0x1817</value>
      </symbol>
      <symbol id="sm-3e0">
         <name>PCM_IRQHandler</name>
         <value>0x1817</value>
      </symbol>
      <symbol id="sm-3e1">
         <name>WDT_A_IRQHandler</name>
         <value>0x1817</value>
      </symbol>
      <symbol id="sm-3e2">
         <name>FPU_IRQHandler</name>
         <value>0x1817</value>
      </symbol>
      <symbol id="sm-3e3">
         <name>FLCTL_IRQHandler</name>
         <value>0x1817</value>
      </symbol>
      <symbol id="sm-3e4">
         <name>COMP_E0_IRQHandler</name>
         <value>0x1817</value>
      </symbol>
      <symbol id="sm-3e5">
         <name>COMP_E1_IRQHandler</name>
         <value>0x1817</value>
      </symbol>
      <symbol id="sm-3e6">
         <name>TA0_0_IRQHandler</name>
         <value>0x1817</value>
      </symbol>
      <symbol id="sm-3e7">
         <name>TA0_N_IRQHandler</name>
         <value>0x1817</value>
      </symbol>
      <symbol id="sm-3e8">
         <name>TA1_0_IRQHandler</name>
         <value>0x1443</value>
      </symbol>
      <symbol id="sm-3e9">
         <name>TA1_N_IRQHandler</name>
         <value>0x1817</value>
      </symbol>
      <symbol id="sm-3ea">
         <name>TA2_0_IRQHandler</name>
         <value>0x1817</value>
      </symbol>
      <symbol id="sm-3eb">
         <name>TA2_N_IRQHandler</name>
         <value>0x1817</value>
      </symbol>
      <symbol id="sm-3ec">
         <name>TA3_0_IRQHandler</name>
         <value>0x1817</value>
      </symbol>
      <symbol id="sm-3ed">
         <name>TA3_N_IRQHandler</name>
         <value>0x1817</value>
      </symbol>
      <symbol id="sm-3ee">
         <name>EUSCIA0_IRQHandler</name>
         <value>0x1817</value>
      </symbol>
      <symbol id="sm-3ef">
         <name>EUSCIA1_IRQHandler</name>
         <value>0x1817</value>
      </symbol>
      <symbol id="sm-3f0">
         <name>EUSCIA2_IRQHandler</name>
         <value>0x1817</value>
      </symbol>
      <symbol id="sm-3f1">
         <name>EUSCIA3_IRQHandler</name>
         <value>0x1817</value>
      </symbol>
      <symbol id="sm-3f2">
         <name>EUSCIB0_IRQHandler</name>
         <value>0x1817</value>
      </symbol>
      <symbol id="sm-3f3">
         <name>EUSCIB1_IRQHandler</name>
         <value>0x1817</value>
      </symbol>
      <symbol id="sm-3f4">
         <name>EUSCIB2_IRQHandler</name>
         <value>0x1817</value>
      </symbol>
      <symbol id="sm-3f5">
         <name>EUSCIB3_IRQHandler</name>
         <value>0x1817</value>
      </symbol>
      <symbol id="sm-3f6">
         <name>ADC14_IRQHandler</name>
         <value>0x1817</value>
      </symbol>
      <symbol id="sm-3f7">
         <name>T32_INT1_IRQHandler</name>
         <value>0x1817</value>
      </symbol>
      <symbol id="sm-3f8">
         <name>T32_INT2_IRQHandler</name>
         <value>0x1817</value>
      </symbol>
      <symbol id="sm-3f9">
         <name>T32_INTC_IRQHandler</name>
         <value>0x1817</value>
      </symbol>
      <symbol id="sm-3fa">
         <name>AES256_IRQHandler</name>
         <value>0x1817</value>
      </symbol>
      <symbol id="sm-3fb">
         <name>RTC_C_IRQHandler</name>
         <value>0x1817</value>
      </symbol>
      <symbol id="sm-3fc">
         <name>DMA_ERR_IRQHandler</name>
         <value>0x1817</value>
      </symbol>
      <symbol id="sm-3fd">
         <name>DMA_INT3_IRQHandler</name>
         <value>0x1817</value>
      </symbol>
      <symbol id="sm-3fe">
         <name>DMA_INT2_IRQHandler</name>
         <value>0x1817</value>
      </symbol>
      <symbol id="sm-3ff">
         <name>DMA_INT1_IRQHandler</name>
         <value>0x1817</value>
      </symbol>
      <symbol id="sm-400">
         <name>DMA_INT0_IRQHandler</name>
         <value>0x1817</value>
      </symbol>
      <symbol id="sm-401">
         <name>PORT1_IRQHandler</name>
         <value>0x1817</value>
      </symbol>
      <symbol id="sm-402">
         <name>PORT2_IRQHandler</name>
         <value>0x1817</value>
      </symbol>
      <symbol id="sm-403">
         <name>PORT3_IRQHandler</name>
         <value>0x1817</value>
      </symbol>
      <symbol id="sm-404">
         <name>PORT4_IRQHandler</name>
         <value>0x11a1</value>
      </symbol>
      <symbol id="sm-405">
         <name>PORT5_IRQHandler</name>
         <value>0x1817</value>
      </symbol>
      <symbol id="sm-406">
         <name>PORT6_IRQHandler</name>
         <value>0x1817</value>
      </symbol>
   </symbol_table>
   <title>Link successful</title>
</link_info>
