******************************************************************************
                  TI ARM Linker PC v5.2.9                      
******************************************************************************
>> Linked Sat Dec 03 11:38:17 2022

OUTPUT FILE NAME:   <T6.out>
ENTRY POINT SYMBOL: "_c_int00"  address: 00002d99


MEMORY CONFIGURATION

         name            origin    length      used     unused   attr    fill
----------------------  --------  ---------  --------  --------  ----  --------
  MAIN                  00000000   00040000  00003052  0003cfae  R  X
  INFO                  00200000   00004000  00000000  00004000  R  X
  SRAM_CODE             01000000   00010000  00000000  00010000  RW X
  SRAM_DATA             20000000   00010000  00000a1f  0000f5e1  RW  


SEGMENT ALLOCATION MAP

run origin  load origin   length   init length attrs members
----------  ----------- ---------- ----------- ----- -------
00000000    00000000    00003058   00003058    r-x
  00000000    00000000    000000e4   000000e4    r-- .intvecs
  000000e4    000000e4    00002e9e   00002e9e    r-x .text
  00002f84    00002f84    00000020   00000020    r-- .const
  00002fa8    00002fa8    000000b0   000000b0    r-- .cinit
20000000    20000000    00000821   00000000    rw-
  20000000    20000000    00000400   00000000    rw- .sysmem
  20000400    20000400    0000021a   00000000    rw- .data
  2000061c    2000061c    00000205   00000000    rw- .bss
2000fe00    2000fe00    00000200   00000000    rw-
  2000fe00    2000fe00    00000200   00000000    rw- .stack


SECTION ALLOCATION MAP

 output                                  attributes/
section   page    origin      length       input sections
--------  ----  ----------  ----------   ----------------
.intvecs   0    00000000    000000e4     
                  00000000    000000e4     startup_msp432p401r_ccs.obj (.intvecs:retain)

.text      0    000000e4    00002e9e     
                  000000e4    000007f8     main.obj (.text)
                  000008dc    000006c4     UART0.obj (.text)
                  00000fa0    000003dc     rtsv7M4_T_le_v4SPD16_eabi.lib : memory.obj (.text)
                  0000137c    00000334     system_msp432p401r.obj (.text)
                  000016b0    0000030c     rtsv7M4_T_le_v4SPD16_eabi.lib : lowlev.obj (.text)
                  000019bc    000002d4                                   : trgdrv.obj (.text)
                  00001c90    00000228     PWM.obj (.text)
                  00001eb8    000001e0     Clock.obj (.text)
                  00002098    000001c4     rtsv7M4_T_le_v4SPD16_eabi.lib : fopen.obj (.text)
                  0000225c    0000015c     Reflectance.obj (.text)
                  000023b8    00000138     Motor.obj (.text)
                  000024f0    00000124     BumpInt.obj (.text)
                  00002614    000000f4     LaunchPad.obj (.text)
                  00002708    000000f0     ADC14.obj (.text)
                  000027f8    000000dc     rtsv7M4_T_le_v4SPD16_eabi.lib : setvbuf.obj (.text)
                  000028d4    000000c8                                   : fflush.obj (.text)
                  0000299c    000000a8     TimerA1.obj (.text)
                  00002a44    0000009c     rtsv7M4_T_le_v4SPD16_eabi.lib : memcpy_t2.obj (.text)
                  00002ae0    00000098                                   : fclose.obj (.text)
                  00002b78    0000007a                                   : memset_t2.obj (.text)
                  00002bf2    00000002     --HOLE-- [fill = 0]
                  00002bf4    0000006c                                   : autoinit.obj (.text)
                  00002c60    0000006a                                   : copy_decompress_rle.obj (.text)
                  00002cca    00000002     --HOLE-- [fill = 0]
                  00002ccc    00000068                                   : trgmsg.obj (.text)
                  00002d34    00000064     IRDistance.obj (.text)
                  00002d98    00000050     rtsv7M4_T_le_v4SPD16_eabi.lib : boot.obj (.text)
                  00002de8    0000004c                                   : cpy_tbl.obj (.text)
                  00002e34    00000044                                   : exit.obj (.text)
                  00002e78    00000030                                   : strncpy.obj (.text)
                  00002ea8    00000024     CortexM.obj (.text)
                  00002ecc    00000018     rtsv7M4_T_le_v4SPD16_eabi.lib : args_main.obj (.text)
                  00002ee4    00000018                                   : strcmp.obj (.text)
                  00002efc    00000016                                   : strchr.obj (.text)
                  00002f12    00000002     --HOLE-- [fill = 0]
                  00002f14    00000014                                   : _lock.obj (.text)
                  00002f28    00000014                                   : strcpy.obj (.text)
                  00002f3c    00000014                                   : strlen.obj (.text)
                  00002f50    0000000e                                   : copy_decompress_none.obj (.text:decompress:none)
                  00002f5e    0000000e     startup_msp432p401r_ccs.obj (.text)
                  00002f6c    0000000c     rtsv7M4_T_le_v4SPD16_eabi.lib : copy_zero_init.obj (.text:decompress:ZI)
                  00002f78    00000006                                   : copy_decompress_rle.obj (.text:decompress:rle24)
                  00002f7e    00000004                                   : pre_init.obj (.text)

.const     0    00002f84    00000020     
                  00002f84    00000020     Reflectance.obj (.const)

.cinit     0    00002fa8    000000b0     
                  00002fa8    00000089     (.cinit..data.load) [load image, compression = rle]
                  00003031    00000003     --HOLE-- [fill = 0]
                  00003034    0000000c     (__TI_handler_table)
                  00003040    00000008     (.cinit..bss.load) [load image, compression = zero_init]
                  00003048    00000010     (__TI_cinit_table)

.init_array 
*          0    00000000    00000000     UNINITIALIZED

.sysmem    0    20000000    00000400     UNINITIALIZED
                  20000000    00000008     rtsv7M4_T_le_v4SPD16_eabi.lib : memory.obj (.sysmem)
                  20000008    000003f8     --HOLE--

.data      0    20000400    0000021a     UNINITIALIZED
                  20000400    000000f0     rtsv7M4_T_le_v4SPD16_eabi.lib : defs.obj (.data:_ftable)
                  200004f0    000000d0                                   : lowlev.obj (.data)
                  200005c0    00000018     Clock.obj (.data)
                  200005d8    00000010     rtsv7M4_T_le_v4SPD16_eabi.lib : defs.obj (.data)
                  200005e8    0000000c                                   : memory.obj (.data)
                  200005f4    00000008     IRDistance.obj (.data)
                  200005fc    00000008     rtsv7M4_T_le_v4SPD16_eabi.lib : _lock.obj (.data)
                  20000604    00000008                                   : exit.obj (.data)
                  2000060c    00000004                                   : fopen.obj (.data)
                  20000610    00000004                                   : stkdepth_vars.obj (.data)
                  20000614    00000004     system_msp432p401r.obj (.data)
                  20000618    00000002     main.obj (.data)

.TI.persistent 
*          0    20000400    00000000     UNINITIALIZED

.bss       0    2000061c    00000205     UNINITIALIZED
                  2000061c    00000120     rtsv7M4_T_le_v4SPD16_eabi.lib : trgmsg.obj (.bss:__CIOBUF_)
                  2000073c    000000a0                                   : defs.obj (.bss:__TI_tmpnams)
                  200007dc    00000008     (.common:Messageb)
                  200007e4    00000008     (.common:parmbuf)
                  200007ec    00000004     (.common:Center)
                  200007f0    00000004     (.common:Left)
                  200007f4    00000004     (.common:Messageindexb)
                  200007f8    00000004     (.common:P4EdgeIntTask)
                  200007fc    00000004     (.common:Right)
                  20000800    00000004     (.common:TimerA1Task)
                  20000804    00000004     (.common:nc)
                  20000808    00000004     (.common:nl)
                  2000080c    00000004     (.common:nr)
                  20000810    00000004     (.common:position)
                  20000814    00000004     (.common:raw12)
                  20000818    00000004     (.common:raw16)
                  2000081c    00000004     (.common:raw17)
                  20000820    00000001     (.common:Data)

.TI.noinit 
*          0    2000061c    00000000     UNINITIALIZED

.stack     0    2000fe00    00000200     UNINITIALIZED
                  2000fe00    00000200     --HOLE--


LINKER GENERATED COPY TABLES

__TI_cinit_table @ 00003048 records: 2, size/record: 8, table size: 16
	.data: load addr=00002fa8, load size=00000089 bytes, run addr=20000400, run size=0000021a bytes, compression=rle
	.bss: load addr=00003040, load size=00000008 bytes, run addr=2000061c, run size=00000205 bytes, compression=zero_init


LINKER GENERATED HANDLER TABLE

__TI_handler_table @ 00003034 records: 3, size/record: 4, table size: 12
	index: 0, handler: __TI_decompress_rle24
	index: 1, handler: __TI_decompress_none
	index: 2, handler: __TI_zero_init


GLOBAL SYMBOLS: SORTED ALPHABETICALLY BY Name 

address   name                        
-------   ----                        
00002709  ADC0_InitSWTriggerCh17_12_16
00002f6b  ADC14_IRQHandler            
00002779  ADC_In17_12_16              
00002f6b  AES256_IRQHandler           
000024f1  BumpInt_Init                
00002553  Bump_Read                   
00002f6b  BusFault_Handler            
00002e35  C$$EXIT                     
00002cfb  C$$IO$$                     
00002f6b  COMP_E0_IRQHandler          
00002f6b  COMP_E1_IRQHandler          
200005c8  CPMwait                     
00002f6b  CS_IRQHandler               
200007ec  Center                      
00002d53  CenterConvert               
200005c0  ClockFrequency              
0000200d  Clock_Delay1ms              
00001fe3  Clock_Delay1us              
00001fcf  Clock_GetFreq               
00001eb9  Clock_Init48MHz             
20000618  CollisionData               
200005d4  Crystalstable               
00002f6b  DMA_ERR_IRQHandler          
00002f6b  DMA_INT0_IRQHandler         
00002f6b  DMA_INT1_IRQHandler         
00002f6b  DMA_INT2_IRQHandler         
00002f6b  DMA_INT3_IRQHandler         
20000820  Data                        
00002f6b  DebugMon_Handler            
00002f6b  Default_Handler             
00002ea9  DisableInterrupts           
00002f6b  EUSCIA0_IRQHandler          
00002f6b  EUSCIA1_IRQHandler          
00002f6b  EUSCIA2_IRQHandler          
00002f6b  EUSCIA3_IRQHandler          
00002f6b  EUSCIB0_IRQHandler          
00002f6b  EUSCIB1_IRQHandler          
00002f6b  EUSCIB2_IRQHandler          
00002f6b  EUSCIB3_IRQHandler          
00002eaf  EnableInterrupts            
00002ebf  EndCritical                 
00002f6b  FLCTL_IRQHandler            
00002f6b  FPU_IRQHandler              
00001c49  HOSTclock                   
00001c11  HOSTclose                   
00001bd3  HOSTgetenv                  
00001b77  HOSTlseek                   
00001b25  HOSTopen                    
00001ad9  HOSTread                    
00001a7b  HOSTrename                  
00001a41  HOSTtime                    
00001a09  HOSTunlink                  
000019bd  HOSTwrite                   
0000017b  HandleCollision             
00002f6b  HardFault_Handler           
200005d0  IFlags                      
0000036d  IRrun                       
00002615  LaunchPad_Init              
00002685  LaunchPad_Input             
0000269f  LaunchPad_LED               
000026bd  LaunchPad_Output            
200007f0  Left                        
00002d35  LeftConvert                 
00002f6b  MemManage_Handler           
200007dc  Messageb                    
200007f4  Messageindexb               
000024a7  Motor_Backward              
00002403  Motor_Forward               
000023b9  Motor_Init                  
0000246d  Motor_Left                  
00002433  Motor_Right                 
000023e3  Motor_Stop                  
00002f6b  NMI_Handler                 
200007f8  P4EdgeIntTask               
00002f6b  PCM_IRQHandler              
00000859  PORT1_IRQHandler            
00000859  PORT1_IRQHandler            
00002f6b  PORT2_IRQHandler            
00002f6b  PORT3_IRQHandler            
000025c9  PORT4_IRQHandler            
000025c9  PORT4_IRQHandler            
00002f6b  PORT5_IRQHandler            
00002f6b  PORT6_IRQHandler            
00002f6b  PSS_IRQHandler              
00001d7b  PWM_Duty1                   
00001d9b  PWM_Duty2                   
00001e3f  PWM_Duty3                   
00001e5f  PWM_Duty4                   
00001c91  PWM_Init1                   
00001cf7  PWM_Init12                  
00001dbb  PWM_Init34                  
00002f6b  PendSV_Handler              
000004a1  Port1_Init                  
000004f9  Port1_Input                 
0000050d  Port1_Output                
200005cc  Postwait                    
200005c4  Prewait                     
00002f6b  RTC_C_IRQHandler            
0000225d  Reflectance_Init            
000022e9  Reflectance_Position        
0000229b  Reflectance_Read            
00002f5f  Reset_Handler               
200007fc  Right                       
00002d71  RightConvert                
UNDEFED   SHT$$INIT_ARRAY$$Base       
UNDEFED   SHT$$INIT_ARRAY$$Limit      
00002f6b  SVC_Handler                 
00002eb5  StartCritical               
00002f6b  SysTick_Handler             
20000614  SystemCoreClock             
0000137d  SystemCoreClockUpdate       
000015f5  SystemInit                  
00002f6b  T32_INT1_IRQHandler         
00002f6b  T32_INT2_IRQHandler         
00002f6b  T32_INTC_IRQHandler         
00002f6b  TA0_0_IRQHandler            
00002f6b  TA0_N_IRQHandler            
00002a0f  TA1_0_IRQHandler            
00002a0f  TA1_0_IRQHandler            
00002f6b  TA1_N_IRQHandler            
00002f6b  TA2_0_IRQHandler            
00002f6b  TA2_N_IRQHandler            
00002f6b  TA3_0_IRQHandler            
00002f6b  TA3_N_IRQHandler            
000000e5  TimedPause                  
20000800  TimerA1Task                 
0000299d  TimerA1_Init                
000029fb  TimerA1_Stop                
00000923  UART0_InChar                
00000dad  UART0_InString              
0000096d  UART0_InUDec                
00000c61  UART0_InUHex                
000008dd  UART0_Init                  
00000f15  UART0_Initprintf            
00000933  UART0_OutChar               
0000094f  UART0_OutString             
000009f1  UART0_OutUDec               
00000b5d  UART0_OutUDec4              
00000bb1  UART0_OutUDec5              
00000bed  UART0_OutUFix1              
00000c15  UART0_OutUFix2              
00000d25  UART0_OutUHex               
00000d91  UART0_OutUHex2              
00002f6b  UsageFault_Handler          
4000480c  WDTCTL_SYM                  
00002f6b  WDT_A_IRQHandler            
00002ec7  WaitForInterrupt            
2000061c  __CIOBUF_                   
20010000  __STACK_END                 
00000200  __STACK_SIZE                
00000400  __SYSMEM_SIZE               
00003048  __TI_CINIT_Base             
00003058  __TI_CINIT_Limit            
00003034  __TI_Handler_Table_Base     
00003040  __TI_Handler_Table_Limit    
00002bf5  __TI_auto_init              
00002161  __TI_cleanup                
20000604  __TI_cleanup_ptr            
00002ae1  __TI_closefile              
00002f51  __TI_decompress_none        
00002f79  __TI_decompress_rle24       
000028d5  __TI_doflush                
20000608  __TI_dtors_ptr              
200005d8  __TI_ft_end                 
00002cff  __TI_readmsg                
00000000  __TI_static_base__          
2000073c  __TI_tmpnams                
00002ccd  __TI_writemsg               
00002f6d  __TI_zero_init              
00002b79  __aeabi_memclr              
00002b79  __aeabi_memclr4             
00002b79  __aeabi_memclr8             
00002a45  __aeabi_memcpy              
00002a45  __aeabi_memcpy4             
00002a45  __aeabi_memcpy8             
00002b7b  __aeabi_memset              
00002b7b  __aeabi_memset4             
00002b7b  __aeabi_memset8             
200005e4  __aeabi_stderr              
200005dc  __aeabi_stdin               
200005e0  __aeabi_stdout              
ffffffff  __binit__                   
ffffffff  __c_args__                  
2000fe00  __stack                     
00002ecd  _args_main                  
00002d99  _c_int00                    
20000400  _ftable                     
200005fc  _lock                       
00002f23  _nop                        
00002f1b  _register_lock              
00002f15  _register_unlock            
20000000  _sys_memory                 
00002f7f  _system_pre_init            
20000600  _unlock                     
00002e39  abort                       
00001911  add_device                  
ffffffff  binit                       
00001349  calloc                      
000018c1  close                       
00002de9  copy_in                     
00001fd5  delay                       
200005f8  e                           
00002e41  exit                        
00002b47  fclose                      
00000e4f  ferror                      
00002921  fflush                      
00000e2d  fgetc                       
000021b7  fopen                       
00001097  free                        
0000218d  freopen                     
00000000  interruptVectors            
000000f5  loop                        
0000189d  lseek                       
000007d9  main                        
20000610  main_func_sp                
0000102f  malloc                      
00001265  memalign                    
00002a45  memcpy                      
00002b81  memset                      
00000fa1  minit                       
20000804  nc                          
20000808  nl                          
2000080c  nr                          
000017ef  open                        
00000d69  outnibble                   
20000810  position                    
20000814  raw12                       
20000818  raw16                       
2000081c  raw17                       
000017cb  read                        
00001159  realloc                     
00000531  reflactance                 
00001741  remove                      
000017a3  remove_device               
00001765  rename                      
000027f9  setvbuf                     
00002efd  strchr                      
00002ee5  strcmp                      
00002f29  strcpy                      
00002f3d  strlen                      
00002e79  strncpy                     
20000619  t                           
00000e6d  uart_close                  
00000eeb  uart_lseek                  
00000e5d  uart_open                   
00000e7f  uart_read                   
00000f07  uart_rename                 
00000efb  uart_unlink                 
00000ea9  uart_write                  
00001741  unlink                      
000016b1  write                       
200005f4  z                           


GLOBAL SYMBOLS: SORTED BY Symbol Address 

address   name                        
-------   ----                        
00000000  __TI_static_base__          
00000000  interruptVectors            
000000e5  TimedPause                  
000000f5  loop                        
0000017b  HandleCollision             
00000200  __STACK_SIZE                
0000036d  IRrun                       
00000400  __SYSMEM_SIZE               
000004a1  Port1_Init                  
000004f9  Port1_Input                 
0000050d  Port1_Output                
00000531  reflactance                 
000007d9  main                        
00000859  PORT1_IRQHandler            
00000859  PORT1_IRQHandler            
000008dd  UART0_Init                  
00000923  UART0_InChar                
00000933  UART0_OutChar               
0000094f  UART0_OutString             
0000096d  UART0_InUDec                
000009f1  UART0_OutUDec               
00000b5d  UART0_OutUDec4              
00000bb1  UART0_OutUDec5              
00000bed  UART0_OutUFix1              
00000c15  UART0_OutUFix2              
00000c61  UART0_InUHex                
00000d25  UART0_OutUHex               
00000d69  outnibble                   
00000d91  UART0_OutUHex2              
00000dad  UART0_InString              
00000e2d  fgetc                       
00000e4f  ferror                      
00000e5d  uart_open                   
00000e6d  uart_close                  
00000e7f  uart_read                   
00000ea9  uart_write                  
00000eeb  uart_lseek                  
00000efb  uart_unlink                 
00000f07  uart_rename                 
00000f15  UART0_Initprintf            
00000fa1  minit                       
0000102f  malloc                      
00001097  free                        
00001159  realloc                     
00001265  memalign                    
00001349  calloc                      
0000137d  SystemCoreClockUpdate       
000015f5  SystemInit                  
000016b1  write                       
00001741  remove                      
00001741  unlink                      
00001765  rename                      
000017a3  remove_device               
000017cb  read                        
000017ef  open                        
0000189d  lseek                       
000018c1  close                       
00001911  add_device                  
000019bd  HOSTwrite                   
00001a09  HOSTunlink                  
00001a41  HOSTtime                    
00001a7b  HOSTrename                  
00001ad9  HOSTread                    
00001b25  HOSTopen                    
00001b77  HOSTlseek                   
00001bd3  HOSTgetenv                  
00001c11  HOSTclose                   
00001c49  HOSTclock                   
00001c91  PWM_Init1                   
00001cf7  PWM_Init12                  
00001d7b  PWM_Duty1                   
00001d9b  PWM_Duty2                   
00001dbb  PWM_Init34                  
00001e3f  PWM_Duty3                   
00001e5f  PWM_Duty4                   
00001eb9  Clock_Init48MHz             
00001fcf  Clock_GetFreq               
00001fd5  delay                       
00001fe3  Clock_Delay1us              
0000200d  Clock_Delay1ms              
00002161  __TI_cleanup                
0000218d  freopen                     
000021b7  fopen                       
0000225d  Reflectance_Init            
0000229b  Reflectance_Read            
000022e9  Reflectance_Position        
000023b9  Motor_Init                  
000023e3  Motor_Stop                  
00002403  Motor_Forward               
00002433  Motor_Right                 
0000246d  Motor_Left                  
000024a7  Motor_Backward              
000024f1  BumpInt_Init                
00002553  Bump_Read                   
000025c9  PORT4_IRQHandler            
000025c9  PORT4_IRQHandler            
00002615  LaunchPad_Init              
00002685  LaunchPad_Input             
0000269f  LaunchPad_LED               
000026bd  LaunchPad_Output            
00002709  ADC0_InitSWTriggerCh17_12_16
00002779  ADC_In17_12_16              
000027f9  setvbuf                     
000028d5  __TI_doflush                
00002921  fflush                      
0000299d  TimerA1_Init                
000029fb  TimerA1_Stop                
00002a0f  TA1_0_IRQHandler            
00002a0f  TA1_0_IRQHandler            
00002a45  __aeabi_memcpy              
00002a45  __aeabi_memcpy4             
00002a45  __aeabi_memcpy8             
00002a45  memcpy                      
00002ae1  __TI_closefile              
00002b47  fclose                      
00002b79  __aeabi_memclr              
00002b79  __aeabi_memclr4             
00002b79  __aeabi_memclr8             
00002b7b  __aeabi_memset              
00002b7b  __aeabi_memset4             
00002b7b  __aeabi_memset8             
00002b81  memset                      
00002bf5  __TI_auto_init              
00002ccd  __TI_writemsg               
00002cfb  C$$IO$$                     
00002cff  __TI_readmsg                
00002d35  LeftConvert                 
00002d53  CenterConvert               
00002d71  RightConvert                
00002d99  _c_int00                    
00002de9  copy_in                     
00002e35  C$$EXIT                     
00002e39  abort                       
00002e41  exit                        
00002e79  strncpy                     
00002ea9  DisableInterrupts           
00002eaf  EnableInterrupts            
00002eb5  StartCritical               
00002ebf  EndCritical                 
00002ec7  WaitForInterrupt            
00002ecd  _args_main                  
00002ee5  strcmp                      
00002efd  strchr                      
00002f15  _register_unlock            
00002f1b  _register_lock              
00002f23  _nop                        
00002f29  strcpy                      
00002f3d  strlen                      
00002f51  __TI_decompress_none        
00002f5f  Reset_Handler               
00002f6b  ADC14_IRQHandler            
00002f6b  AES256_IRQHandler           
00002f6b  BusFault_Handler            
00002f6b  COMP_E0_IRQHandler          
00002f6b  COMP_E1_IRQHandler          
00002f6b  CS_IRQHandler               
00002f6b  DMA_ERR_IRQHandler          
00002f6b  DMA_INT0_IRQHandler         
00002f6b  DMA_INT1_IRQHandler         
00002f6b  DMA_INT2_IRQHandler         
00002f6b  DMA_INT3_IRQHandler         
00002f6b  DebugMon_Handler            
00002f6b  Default_Handler             
00002f6b  EUSCIA0_IRQHandler          
00002f6b  EUSCIA1_IRQHandler          
00002f6b  EUSCIA2_IRQHandler          
00002f6b  EUSCIA3_IRQHandler          
00002f6b  EUSCIB0_IRQHandler          
00002f6b  EUSCIB1_IRQHandler          
00002f6b  EUSCIB2_IRQHandler          
00002f6b  EUSCIB3_IRQHandler          
00002f6b  FLCTL_IRQHandler            
00002f6b  FPU_IRQHandler              
00002f6b  HardFault_Handler           
00002f6b  MemManage_Handler           
00002f6b  NMI_Handler                 
00002f6b  PCM_IRQHandler              
00002f6b  PORT2_IRQHandler            
00002f6b  PORT3_IRQHandler            
00002f6b  PORT5_IRQHandler            
00002f6b  PORT6_IRQHandler            
00002f6b  PSS_IRQHandler              
00002f6b  PendSV_Handler              
00002f6b  RTC_C_IRQHandler            
00002f6b  SVC_Handler                 
00002f6b  SysTick_Handler             
00002f6b  T32_INT1_IRQHandler         
00002f6b  T32_INT2_IRQHandler         
00002f6b  T32_INTC_IRQHandler         
00002f6b  TA0_0_IRQHandler            
00002f6b  TA0_N_IRQHandler            
00002f6b  TA1_N_IRQHandler            
00002f6b  TA2_0_IRQHandler            
00002f6b  TA2_N_IRQHandler            
00002f6b  TA3_0_IRQHandler            
00002f6b  TA3_N_IRQHandler            
00002f6b  UsageFault_Handler          
00002f6b  WDT_A_IRQHandler            
00002f6d  __TI_zero_init              
00002f79  __TI_decompress_rle24       
00002f7f  _system_pre_init            
00003034  __TI_Handler_Table_Base     
00003040  __TI_Handler_Table_Limit    
00003048  __TI_CINIT_Base             
00003058  __TI_CINIT_Limit            
20000000  _sys_memory                 
20000400  _ftable                     
200005c0  ClockFrequency              
200005c4  Prewait                     
200005c8  CPMwait                     
200005cc  Postwait                    
200005d0  IFlags                      
200005d4  Crystalstable               
200005d8  __TI_ft_end                 
200005dc  __aeabi_stdin               
200005e0  __aeabi_stdout              
200005e4  __aeabi_stderr              
200005f4  z                           
200005f8  e                           
200005fc  _lock                       
20000600  _unlock                     
20000604  __TI_cleanup_ptr            
20000608  __TI_dtors_ptr              
20000610  main_func_sp                
20000614  SystemCoreClock             
20000618  CollisionData               
20000619  t                           
2000061c  __CIOBUF_                   
2000073c  __TI_tmpnams                
200007dc  Messageb                    
200007ec  Center                      
200007f0  Left                        
200007f4  Messageindexb               
200007f8  P4EdgeIntTask               
200007fc  Right                       
20000800  TimerA1Task                 
20000804  nc                          
20000808  nl                          
2000080c  nr                          
20000810  position                    
20000814  raw12                       
20000818  raw16                       
2000081c  raw17                       
20000820  Data                        
2000fe00  __stack                     
20010000  __STACK_END                 
4000480c  WDTCTL_SYM                  
ffffffff  __binit__                   
ffffffff  __c_args__                  
ffffffff  binit                       
UNDEFED   SHT$$INIT_ARRAY$$Base       
UNDEFED   SHT$$INIT_ARRAY$$Limit      

[252 symbols]
