<?xml version="1.0"?>
<link_info>
   <banner>TI ARM Linker PC v5.2.9</banner>
   <copyright>Copyright (c) 1996-2017 Texas Instruments Incorporated</copyright>
   <link_time>0x638ac979</link_time>
   <link_errors>0x0</link_errors>
   <output_file>T7.out</output_file>
   <entry_point>
      <name>_c_int00</name>
      <address>0x4b65</address>
   </entry_point>
   <input_file_list>
      <input_file id="fl-2">
         <path>.\</path>
         <kind>object</kind>
         <file>ADC14.obj</file>
         <name>ADC14.obj</name>
      </input_file>
      <input_file id="fl-3">
         <path>.\</path>
         <kind>object</kind>
         <file>BumpInt.obj</file>
         <name>BumpInt.obj</name>
      </input_file>
      <input_file id="fl-4">
         <path>.\</path>
         <kind>object</kind>
         <file>Clock.obj</file>
         <name>Clock.obj</name>
      </input_file>
      <input_file id="fl-5">
         <path>.\</path>
         <kind>object</kind>
         <file>CortexM.obj</file>
         <name>CortexM.obj</name>
      </input_file>
      <input_file id="fl-6">
         <path>.\</path>
         <kind>object</kind>
         <file>FlashProgram.obj</file>
         <name>FlashProgram.obj</name>
      </input_file>
      <input_file id="fl-7">
         <path>.\</path>
         <kind>object</kind>
         <file>IRDistance.obj</file>
         <name>IRDistance.obj</name>
      </input_file>
      <input_file id="fl-8">
         <path>.\</path>
         <kind>object</kind>
         <file>LaunchPad.obj</file>
         <name>LaunchPad.obj</name>
      </input_file>
      <input_file id="fl-9">
         <path>.\</path>
         <kind>object</kind>
         <file>Motor.obj</file>
         <name>Motor.obj</name>
      </input_file>
      <input_file id="fl-a">
         <path>.\</path>
         <kind>object</kind>
         <file>PWM.obj</file>
         <name>PWM.obj</name>
      </input_file>
      <input_file id="fl-b">
         <path>.\</path>
         <kind>object</kind>
         <file>Reflectance.obj</file>
         <name>Reflectance.obj</name>
      </input_file>
      <input_file id="fl-c">
         <path>.\</path>
         <kind>object</kind>
         <file>SysTickInts.obj</file>
         <name>SysTickInts.obj</name>
      </input_file>
      <input_file id="fl-d">
         <path>.\</path>
         <kind>object</kind>
         <file>TimerA1.obj</file>
         <name>TimerA1.obj</name>
      </input_file>
      <input_file id="fl-e">
         <path>.\</path>
         <kind>object</kind>
         <file>UART0.obj</file>
         <name>UART0.obj</name>
      </input_file>
      <input_file id="fl-f">
         <path>.\</path>
         <kind>object</kind>
         <file>main.obj</file>
         <name>main.obj</name>
      </input_file>
      <input_file id="fl-10">
         <path>.\</path>
         <kind>object</kind>
         <file>startup_msp432p401r_ccs.obj</file>
         <name>startup_msp432p401r_ccs.obj</name>
      </input_file>
      <input_file id="fl-11">
         <path>.\</path>
         <kind>object</kind>
         <file>system_msp432p401r.obj</file>
         <name>system_msp432p401r.obj</name>
      </input_file>
      <input_file id="fl-137">
         <path>D:\MyPrograms\ccs\tools\compiler\ti-cgt-arm_5.2.9\lib\</path>
         <kind>archive</kind>
         <file>rtsv7M4_T_le_v4SPD16_eabi.lib</file>
         <name>boot.obj</name>
      </input_file>
      <input_file id="fl-138">
         <path>D:\MyPrograms\ccs\tools\compiler\ti-cgt-arm_5.2.9\lib\</path>
         <kind>archive</kind>
         <file>rtsv7M4_T_le_v4SPD16_eabi.lib</file>
         <name>copy_decompress_none.obj</name>
      </input_file>
      <input_file id="fl-139">
         <path>D:\MyPrograms\ccs\tools\compiler\ti-cgt-arm_5.2.9\lib\</path>
         <kind>archive</kind>
         <file>rtsv7M4_T_le_v4SPD16_eabi.lib</file>
         <name>copy_decompress_rle.obj</name>
      </input_file>
      <input_file id="fl-13a">
         <path>D:\MyPrograms\ccs\tools\compiler\ti-cgt-arm_5.2.9\lib\</path>
         <kind>archive</kind>
         <file>rtsv7M4_T_le_v4SPD16_eabi.lib</file>
         <name>copy_zero_init.obj</name>
      </input_file>
      <input_file id="fl-13b">
         <path>D:\MyPrograms\ccs\tools\compiler\ti-cgt-arm_5.2.9\lib\</path>
         <kind>archive</kind>
         <file>rtsv7M4_T_le_v4SPD16_eabi.lib</file>
         <name>defs.obj</name>
      </input_file>
      <input_file id="fl-13c">
         <path>D:\MyPrograms\ccs\tools\compiler\ti-cgt-arm_5.2.9\lib\</path>
         <kind>archive</kind>
         <file>rtsv7M4_T_le_v4SPD16_eabi.lib</file>
         <name>exit.obj</name>
      </input_file>
      <input_file id="fl-13d">
         <path>D:\MyPrograms\ccs\tools\compiler\ti-cgt-arm_5.2.9\lib\</path>
         <kind>archive</kind>
         <file>rtsv7M4_T_le_v4SPD16_eabi.lib</file>
         <name>fopen.obj</name>
      </input_file>
      <input_file id="fl-13e">
         <path>D:\MyPrograms\ccs\tools\compiler\ti-cgt-arm_5.2.9\lib\</path>
         <kind>archive</kind>
         <file>rtsv7M4_T_le_v4SPD16_eabi.lib</file>
         <name>lowlev.obj</name>
      </input_file>
      <input_file id="fl-13f">
         <path>D:\MyPrograms\ccs\tools\compiler\ti-cgt-arm_5.2.9\lib\</path>
         <kind>archive</kind>
         <file>rtsv7M4_T_le_v4SPD16_eabi.lib</file>
         <name>memcpy_t2.obj</name>
      </input_file>
      <input_file id="fl-140">
         <path>D:\MyPrograms\ccs\tools\compiler\ti-cgt-arm_5.2.9\lib\</path>
         <kind>archive</kind>
         <file>rtsv7M4_T_le_v4SPD16_eabi.lib</file>
         <name>memset_t2.obj</name>
      </input_file>
      <input_file id="fl-141">
         <path>D:\MyPrograms\ccs\tools\compiler\ti-cgt-arm_5.2.9\lib\</path>
         <kind>archive</kind>
         <file>rtsv7M4_T_le_v4SPD16_eabi.lib</file>
         <name>pre_init.obj</name>
      </input_file>
      <input_file id="fl-142">
         <path>D:\MyPrograms\ccs\tools\compiler\ti-cgt-arm_5.2.9\lib\</path>
         <kind>archive</kind>
         <file>rtsv7M4_T_le_v4SPD16_eabi.lib</file>
         <name>printf.obj</name>
      </input_file>
      <input_file id="fl-143">
         <path>D:\MyPrograms\ccs\tools\compiler\ti-cgt-arm_5.2.9\lib\</path>
         <kind>archive</kind>
         <file>rtsv7M4_T_le_v4SPD16_eabi.lib</file>
         <name>setvbuf.obj</name>
      </input_file>
      <input_file id="fl-144">
         <path>D:\MyPrograms\ccs\tools\compiler\ti-cgt-arm_5.2.9\lib\</path>
         <kind>archive</kind>
         <file>rtsv7M4_T_le_v4SPD16_eabi.lib</file>
         <name>stkdepth_vars.obj</name>
      </input_file>
      <input_file id="fl-145">
         <path>D:\MyPrograms\ccs\tools\compiler\ti-cgt-arm_5.2.9\lib\</path>
         <kind>archive</kind>
         <file>rtsv7M4_T_le_v4SPD16_eabi.lib</file>
         <name>strchr.obj</name>
      </input_file>
      <input_file id="fl-146">
         <path>D:\MyPrograms\ccs\tools\compiler\ti-cgt-arm_5.2.9\lib\</path>
         <kind>archive</kind>
         <file>rtsv7M4_T_le_v4SPD16_eabi.lib</file>
         <name>strcmp.obj</name>
      </input_file>
      <input_file id="fl-147">
         <path>D:\MyPrograms\ccs\tools\compiler\ti-cgt-arm_5.2.9\lib\</path>
         <kind>archive</kind>
         <file>rtsv7M4_T_le_v4SPD16_eabi.lib</file>
         <name>strncpy.obj</name>
      </input_file>
      <input_file id="fl-148">
         <path>D:\MyPrograms\ccs\tools\compiler\ti-cgt-arm_5.2.9\lib\</path>
         <kind>archive</kind>
         <file>rtsv7M4_T_le_v4SPD16_eabi.lib</file>
         <name>trgdrv.obj</name>
      </input_file>
      <input_file id="fl-149">
         <path>D:\MyPrograms\ccs\tools\compiler\ti-cgt-arm_5.2.9\lib\</path>
         <kind>archive</kind>
         <file>rtsv7M4_T_le_v4SPD16_eabi.lib</file>
         <name>trgmsg.obj</name>
      </input_file>
      <input_file id="fl-14a">
         <path>D:\MyPrograms\ccs\tools\compiler\ti-cgt-arm_5.2.9\lib\</path>
         <kind>archive</kind>
         <file>rtsv7M4_T_le_v4SPD16_eabi.lib</file>
         <name>_lock.obj</name>
      </input_file>
      <input_file id="fl-14b">
         <path>D:\MyPrograms\ccs\tools\compiler\ti-cgt-arm_5.2.9\lib\</path>
         <kind>archive</kind>
         <file>rtsv7M4_T_le_v4SPD16_eabi.lib</file>
         <name>_printfi.obj</name>
      </input_file>
      <input_file id="fl-14c">
         <path>D:\MyPrograms\ccs\tools\compiler\ti-cgt-arm_5.2.9\lib\</path>
         <kind>archive</kind>
         <file>rtsv7M4_T_le_v4SPD16_eabi.lib</file>
         <name>args_main.obj</name>
      </input_file>
      <input_file id="fl-14d">
         <path>D:\MyPrograms\ccs\tools\compiler\ti-cgt-arm_5.2.9\lib\</path>
         <kind>archive</kind>
         <file>rtsv7M4_T_le_v4SPD16_eabi.lib</file>
         <name>atoi.obj</name>
      </input_file>
      <input_file id="fl-14e">
         <path>D:\MyPrograms\ccs\tools\compiler\ti-cgt-arm_5.2.9\lib\</path>
         <kind>archive</kind>
         <file>rtsv7M4_T_le_v4SPD16_eabi.lib</file>
         <name>autoinit.obj</name>
      </input_file>
      <input_file id="fl-14f">
         <path>D:\MyPrograms\ccs\tools\compiler\ti-cgt-arm_5.2.9\lib\</path>
         <kind>archive</kind>
         <file>rtsv7M4_T_le_v4SPD16_eabi.lib</file>
         <name>cpy_tbl.obj</name>
      </input_file>
      <input_file id="fl-150">
         <path>D:\MyPrograms\ccs\tools\compiler\ti-cgt-arm_5.2.9\lib\</path>
         <kind>archive</kind>
         <file>rtsv7M4_T_le_v4SPD16_eabi.lib</file>
         <name>ctype.obj</name>
      </input_file>
      <input_file id="fl-151">
         <path>D:\MyPrograms\ccs\tools\compiler\ti-cgt-arm_5.2.9\lib\</path>
         <kind>archive</kind>
         <file>rtsv7M4_T_le_v4SPD16_eabi.lib</file>
         <name>fclose.obj</name>
      </input_file>
      <input_file id="fl-152">
         <path>D:\MyPrograms\ccs\tools\compiler\ti-cgt-arm_5.2.9\lib\</path>
         <kind>archive</kind>
         <file>rtsv7M4_T_le_v4SPD16_eabi.lib</file>
         <name>fd_add_t2.obj</name>
      </input_file>
      <input_file id="fl-153">
         <path>D:\MyPrograms\ccs\tools\compiler\ti-cgt-arm_5.2.9\lib\</path>
         <kind>archive</kind>
         <file>rtsv7M4_T_le_v4SPD16_eabi.lib</file>
         <name>fd_cmp_t2.obj</name>
      </input_file>
      <input_file id="fl-154">
         <path>D:\MyPrograms\ccs\tools\compiler\ti-cgt-arm_5.2.9\lib\</path>
         <kind>archive</kind>
         <file>rtsv7M4_T_le_v4SPD16_eabi.lib</file>
         <name>fd_div_t2.obj</name>
      </input_file>
      <input_file id="fl-155">
         <path>D:\MyPrograms\ccs\tools\compiler\ti-cgt-arm_5.2.9\lib\</path>
         <kind>archive</kind>
         <file>rtsv7M4_T_le_v4SPD16_eabi.lib</file>
         <name>fd_mul_t2.obj</name>
      </input_file>
      <input_file id="fl-156">
         <path>D:\MyPrograms\ccs\tools\compiler\ti-cgt-arm_5.2.9\lib\</path>
         <kind>archive</kind>
         <file>rtsv7M4_T_le_v4SPD16_eabi.lib</file>
         <name>fd_toi_t2.obj</name>
      </input_file>
      <input_file id="fl-157">
         <path>D:\MyPrograms\ccs\tools\compiler\ti-cgt-arm_5.2.9\lib\</path>
         <kind>archive</kind>
         <file>rtsv7M4_T_le_v4SPD16_eabi.lib</file>
         <name>fflush.obj</name>
      </input_file>
      <input_file id="fl-158">
         <path>D:\MyPrograms\ccs\tools\compiler\ti-cgt-arm_5.2.9\lib\</path>
         <kind>archive</kind>
         <file>rtsv7M4_T_le_v4SPD16_eabi.lib</file>
         <name>fputc.obj</name>
      </input_file>
      <input_file id="fl-159">
         <path>D:\MyPrograms\ccs\tools\compiler\ti-cgt-arm_5.2.9\lib\</path>
         <kind>archive</kind>
         <file>rtsv7M4_T_le_v4SPD16_eabi.lib</file>
         <name>fputs.obj</name>
      </input_file>
      <input_file id="fl-15a">
         <path>D:\MyPrograms\ccs\tools\compiler\ti-cgt-arm_5.2.9\lib\</path>
         <kind>archive</kind>
         <file>rtsv7M4_T_le_v4SPD16_eabi.lib</file>
         <name>frexp.obj</name>
      </input_file>
      <input_file id="fl-15b">
         <path>D:\MyPrograms\ccs\tools\compiler\ti-cgt-arm_5.2.9\lib\</path>
         <kind>archive</kind>
         <file>rtsv7M4_T_le_v4SPD16_eabi.lib</file>
         <name>i_tofd_t2.obj</name>
      </input_file>
      <input_file id="fl-15c">
         <path>D:\MyPrograms\ccs\tools\compiler\ti-cgt-arm_5.2.9\lib\</path>
         <kind>archive</kind>
         <file>rtsv7M4_T_le_v4SPD16_eabi.lib</file>
         <name>ldexp.obj</name>
      </input_file>
      <input_file id="fl-15d">
         <path>D:\MyPrograms\ccs\tools\compiler\ti-cgt-arm_5.2.9\lib\</path>
         <kind>archive</kind>
         <file>rtsv7M4_T_le_v4SPD16_eabi.lib</file>
         <name>ltoa.obj</name>
      </input_file>
      <input_file id="fl-15e">
         <path>D:\MyPrograms\ccs\tools\compiler\ti-cgt-arm_5.2.9\lib\</path>
         <kind>archive</kind>
         <file>rtsv7M4_T_le_v4SPD16_eabi.lib</file>
         <name>memccpy.obj</name>
      </input_file>
      <input_file id="fl-15f">
         <path>D:\MyPrograms\ccs\tools\compiler\ti-cgt-arm_5.2.9\lib\</path>
         <kind>archive</kind>
         <file>rtsv7M4_T_le_v4SPD16_eabi.lib</file>
         <name>memchr.obj</name>
      </input_file>
      <input_file id="fl-160">
         <path>D:\MyPrograms\ccs\tools\compiler\ti-cgt-arm_5.2.9\lib\</path>
         <kind>archive</kind>
         <file>rtsv7M4_T_le_v4SPD16_eabi.lib</file>
         <name>memory.obj</name>
      </input_file>
      <input_file id="fl-161">
         <path>D:\MyPrograms\ccs\tools\compiler\ti-cgt-arm_5.2.9\lib\</path>
         <kind>archive</kind>
         <file>rtsv7M4_T_le_v4SPD16_eabi.lib</file>
         <name>remove.obj</name>
      </input_file>
      <input_file id="fl-162">
         <path>D:\MyPrograms\ccs\tools\compiler\ti-cgt-arm_5.2.9\lib\</path>
         <kind>archive</kind>
         <file>rtsv7M4_T_le_v4SPD16_eabi.lib</file>
         <name>strcpy.obj</name>
      </input_file>
      <input_file id="fl-163">
         <path>D:\MyPrograms\ccs\tools\compiler\ti-cgt-arm_5.2.9\lib\</path>
         <kind>archive</kind>
         <file>rtsv7M4_T_le_v4SPD16_eabi.lib</file>
         <name>strlen.obj</name>
      </input_file>
      <input_file id="fl-164">
         <path>D:\MyPrograms\ccs\tools\compiler\ti-cgt-arm_5.2.9\lib\</path>
         <kind>archive</kind>
         <file>rtsv7M4_T_le_v4SPD16_eabi.lib</file>
         <name>ull_div_t2.obj</name>
      </input_file>
      <input_file id="fl-165">
         <path>D:\MyPrograms\ccs\tools\compiler\ti-cgt-arm_5.2.9\lib\</path>
         <kind>archive</kind>
         <file>rtsv7M4_T_le_v4SPD16_eabi.lib</file>
         <name>xdscale.obj</name>
      </input_file>
      <input_file id="fl-166">
         <path>D:\MyPrograms\ccs\tools\compiler\ti-cgt-arm_5.2.9\lib\</path>
         <kind>archive</kind>
         <file>rtsv7M4_T_le_v4SPD16_eabi.lib</file>
         <name>xdunscal.obj</name>
      </input_file>
      <input_file id="fl-167">
         <path>D:\MyPrograms\ccs\tools\compiler\ti-cgt-arm_5.2.9\lib\</path>
         <kind>archive</kind>
         <file>rtsv7M4_T_le_v4SPD16_eabi.lib</file>
         <name>xferaise.obj</name>
      </input_file>
      <input_file id="fl-168">
         <path>D:\MyPrograms\ccs\tools\compiler\ti-cgt-arm_5.2.9\lib\</path>
         <kind>archive</kind>
         <file>rtsv7M4_T_le_v4SPD16_eabi.lib</file>
         <name>xvalues.obj</name>
      </input_file>
      <input_file id="fl-169">
         <path>D:\MyPrograms\ccs\tools\compiler\ti-cgt-arm_5.2.9\lib\</path>
         <kind>archive</kind>
         <file>rtsv7M4_T_le_v4SPD16_eabi.lib</file>
         <name>_io_perm.obj</name>
      </input_file>
      <input_file id="fl-16a">
         <path>D:\MyPrograms\ccs\tools\compiler\ti-cgt-arm_5.2.9\lib\</path>
         <kind>archive</kind>
         <file>rtsv7M4_T_le_v4SPD16_eabi.lib</file>
         <name>errno.obj</name>
      </input_file>
      <input_file id="fl-16b">
         <path>D:\MyPrograms\ccs\tools\compiler\ti-cgt-arm_5.2.9\lib\</path>
         <kind>archive</kind>
         <file>rtsv7M4_T_le_v4SPD16_eabi.lib</file>
         <name>feraiseexcept.obj</name>
      </input_file>
      <input_file id="fl-16c">
         <path>D:\MyPrograms\ccs\tools\compiler\ti-cgt-arm_5.2.9\lib\</path>
         <kind>archive</kind>
         <file>rtsv7M4_T_le_v4SPD16_eabi.lib</file>
         <name>fseek.obj</name>
      </input_file>
      <input_file id="fl-16d">
         <path>D:\MyPrograms\ccs\tools\compiler\ti-cgt-arm_5.2.9\lib\</path>
         <kind>archive</kind>
         <file>rtsv7M4_T_le_v4SPD16_eabi.lib</file>
         <name>raise.obj</name>
      </input_file>
      <input_file id="fl-16e">
         <path>D:\MyPrograms\ccs\tools\compiler\ti-cgt-arm_5.2.9\lib\</path>
         <kind>archive</kind>
         <file>rtsv7M4_T_le_v4SPD16_eabi.lib</file>
         <name>signal.obj</name>
      </input_file>
      <input_file id="fl-16f">
         <path>D:\MyPrograms\ccs\tools\compiler\ti-cgt-arm_5.2.9\lib\</path>
         <kind>archive</kind>
         <file>rtsv7M4_T_le_v4SPD16_eabi.lib</file>
         <name>xdnorm.obj</name>
      </input_file>
   </input_file_list>
   <object_component_list>
      <object_component id="oc-2a">
         <name>.intvecs:retain</name>
         <load_address>0x0</load_address>
         <run_address>0x0</run_address>
         <size>0xe4</size>
         <input_file_ref idref="fl-10"/>
      </object_component>
      <object_component id="oc-1a0">
         <name>.text</name>
         <load_address>0xe4</load_address>
         <run_address>0xe4</run_address>
         <size>0x10ec</size>
         <input_file_ref idref="fl-14b"/>
      </object_component>
      <object_component id="oc-7e">
         <name>.text</name>
         <load_address>0x11d0</load_address>
         <run_address>0x11d0</run_address>
         <size>0x7c0</size>
         <input_file_ref idref="fl-f"/>
      </object_component>
      <object_component id="oc-fe">
         <name>.text</name>
         <load_address>0x1990</load_address>
         <run_address>0x1990</run_address>
         <size>0x6c4</size>
         <input_file_ref idref="fl-e"/>
      </object_component>
      <object_component id="oc-1f8">
         <name>.text</name>
         <load_address>0x2054</load_address>
         <run_address>0x2054</run_address>
         <size>0x3dc</size>
         <input_file_ref idref="fl-160"/>
      </object_component>
      <object_component id="oc-bf">
         <name>.text</name>
         <load_address>0x2430</load_address>
         <run_address>0x2430</run_address>
         <size>0x334</size>
         <input_file_ref idref="fl-11"/>
      </object_component>
      <object_component id="oc-178">
         <name>.text</name>
         <load_address>0x2764</load_address>
         <run_address>0x2764</run_address>
         <size>0x30c</size>
         <input_file_ref idref="fl-13e"/>
      </object_component>
      <object_component id="oc-288">
         <name>.text</name>
         <load_address>0x2a70</load_address>
         <run_address>0x2a70</run_address>
         <size>0x2d4</size>
         <input_file_ref idref="fl-148"/>
      </object_component>
      <object_component id="oc-15f">
         <name>.text</name>
         <load_address>0x2d44</load_address>
         <run_address>0x2d44</run_address>
         <size>0x228</size>
         <input_file_ref idref="fl-a"/>
      </object_component>
      <object_component id="oc-224">
         <name>.text</name>
         <load_address>0x2f6c</load_address>
         <run_address>0x2f6c</run_address>
         <size>0x1f4</size>
         <input_file_ref idref="fl-164"/>
      </object_component>
      <object_component id="oc-cf">
         <name>.text</name>
         <load_address>0x3160</load_address>
         <run_address>0x3160</run_address>
         <size>0x1e0</size>
         <input_file_ref idref="fl-4"/>
      </object_component>
      <object_component id="oc-17e">
         <name>.text</name>
         <load_address>0x3340</load_address>
         <run_address>0x3340</run_address>
         <size>0x1c4</size>
         <input_file_ref idref="fl-13d"/>
      </object_component>
      <object_component id="oc-24d">
         <name>.text</name>
         <load_address>0x3504</load_address>
         <run_address>0x3504</run_address>
         <size>0x1b6</size>
         <input_file_ref idref="fl-152"/>
      </object_component>
      <object_component id="oc-f2">
         <name>.text</name>
         <load_address>0x36bc</load_address>
         <run_address>0x36bc</run_address>
         <size>0x15c</size>
         <input_file_ref idref="fl-b"/>
      </object_component>
      <object_component id="oc-d5">
         <name>.text</name>
         <load_address>0x3818</load_address>
         <run_address>0x3818</run_address>
         <size>0x138</size>
         <input_file_ref idref="fl-9"/>
      </object_component>
      <object_component id="oc-233">
         <name>.text</name>
         <load_address>0x3950</load_address>
         <run_address>0x3950</run_address>
         <size>0x136</size>
         <input_file_ref idref="fl-154"/>
      </object_component>
      <object_component id="oc-19a">
         <name>.text</name>
         <load_address>0x3a88</load_address>
         <run_address>0x3a88</run_address>
         <size>0x134</size>
         <input_file_ref idref="fl-159"/>
      </object_component>
      <object_component id="oc-84">
         <name>.text</name>
         <load_address>0x3bbc</load_address>
         <run_address>0x3bbc</run_address>
         <size>0x124</size>
         <input_file_ref idref="fl-3"/>
      </object_component>
      <object_component id="oc-2cc">
         <name>.text</name>
         <load_address>0x3ce0</load_address>
         <run_address>0x3ce0</run_address>
         <size>0x110</size>
         <input_file_ref idref="fl-165"/>
      </object_component>
      <object_component id="oc-22e">
         <name>.text</name>
         <load_address>0x3df0</load_address>
         <run_address>0x3df0</run_address>
         <size>0xfc</size>
         <input_file_ref idref="fl-155"/>
      </object_component>
      <object_component id="oc-f8">
         <name>.text</name>
         <load_address>0x3eec</load_address>
         <run_address>0x3eec</run_address>
         <size>0xf4</size>
         <input_file_ref idref="fl-8"/>
      </object_component>
      <object_component id="oc-db">
         <name>.text</name>
         <load_address>0x3fe0</load_address>
         <run_address>0x3fe0</run_address>
         <size>0xf0</size>
         <input_file_ref idref="fl-2"/>
      </object_component>
      <object_component id="oc-184">
         <name>.text</name>
         <load_address>0x40d0</load_address>
         <run_address>0x40d0</run_address>
         <size>0xdc</size>
         <input_file_ref idref="fl-143"/>
      </object_component>
      <object_component id="oc-20e">
         <name>.text</name>
         <load_address>0x41ac</load_address>
         <run_address>0x41ac</run_address>
         <size>0xc8</size>
         <input_file_ref idref="fl-157"/>
      </object_component>
      <object_component id="oc-315">
         <name>.text</name>
         <load_address>0x4274</load_address>
         <run_address>0x4274</run_address>
         <size>0xbe</size>
         <input_file_ref idref="fl-16f"/>
      </object_component>
      <object_component id="oc-208">
         <name>.text</name>
         <load_address>0x4332</load_address>
         <run_address>0x4332</run_address>
         <size>0xac</size>
         <input_file_ref idref="fl-169"/>
      </object_component>
      <object_component id="oc-78">
         <name>.text</name>
         <load_address>0x43e0</load_address>
         <run_address>0x43e0</run_address>
         <size>0xa8</size>
         <input_file_ref idref="fl-d"/>
      </object_component>
      <object_component id="oc-31">
         <name>.text</name>
         <load_address>0x4488</load_address>
         <run_address>0x4488</run_address>
         <size>0x9c</size>
         <input_file_ref idref="fl-13f"/>
      </object_component>
      <object_component id="oc-1ec">
         <name>.text</name>
         <load_address>0x4524</load_address>
         <run_address>0x4524</run_address>
         <size>0x98</size>
         <input_file_ref idref="fl-151"/>
      </object_component>
      <object_component id="oc-194">
         <name>.text</name>
         <load_address>0x45bc</load_address>
         <run_address>0x45bc</run_address>
         <size>0x98</size>
         <input_file_ref idref="fl-158"/>
      </object_component>
      <object_component id="oc-229">
         <name>.text:__aeabi_cdcmple</name>
         <load_address>0x4654</load_address>
         <run_address>0x4654</run_address>
         <size>0x86</size>
         <input_file_ref idref="fl-153"/>
      </object_component>
      <object_component id="oc-238">
         <name>.text:__aeabi_cdrcmple</name>
         <load_address>0x46da</load_address>
         <run_address>0x46da</run_address>
         <size>0x86</size>
         <input_file_ref idref="fl-153"/>
      </object_component>
      <object_component id="oc-4a">
         <name>.text</name>
         <load_address>0x4760</load_address>
         <run_address>0x4760</run_address>
         <size>0x7a</size>
         <input_file_ref idref="fl-140"/>
      </object_component>
      <object_component id="oc-10a">
         <name>.text</name>
         <load_address>0x47dc</load_address>
         <run_address>0x47dc</run_address>
         <size>0x70</size>
         <input_file_ref idref="fl-142"/>
      </object_component>
      <object_component id="oc-5c">
         <name>.text</name>
         <load_address>0x484c</load_address>
         <run_address>0x484c</run_address>
         <size>0x6c</size>
         <input_file_ref idref="fl-14e"/>
      </object_component>
      <object_component id="oc-3d">
         <name>.text</name>
         <load_address>0x48b8</load_address>
         <run_address>0x48b8</run_address>
         <size>0x6a</size>
         <input_file_ref idref="fl-139"/>
      </object_component>
      <object_component id="oc-2ee">
         <name>.text</name>
         <load_address>0x4924</load_address>
         <run_address>0x4924</run_address>
         <size>0x68</size>
         <input_file_ref idref="fl-149"/>
      </object_component>
      <object_component id="oc-2c4">
         <name>.text</name>
         <load_address>0x498c</load_address>
         <run_address>0x498c</run_address>
         <size>0x66</size>
         <input_file_ref idref="fl-166"/>
      </object_component>
      <object_component id="oc-e1">
         <name>.text</name>
         <load_address>0x49f4</load_address>
         <run_address>0x49f4</run_address>
         <size>0x64</size>
         <input_file_ref idref="fl-7"/>
      </object_component>
      <object_component id="oc-2a8">
         <name>.text</name>
         <load_address>0x4a58</load_address>
         <run_address>0x4a58</run_address>
         <size>0x64</size>
         <input_file_ref idref="fl-16c"/>
      </object_component>
      <object_component id="oc-242">
         <name>.text</name>
         <load_address>0x4abc</load_address>
         <run_address>0x4abc</run_address>
         <size>0x54</size>
         <input_file_ref idref="fl-15d"/>
      </object_component>
      <object_component id="oc-258">
         <name>.text</name>
         <load_address>0x4b10</load_address>
         <run_address>0x4b10</run_address>
         <size>0x52</size>
         <input_file_ref idref="fl-15c"/>
      </object_component>
      <object_component id="oc-25">
         <name>.text</name>
         <load_address>0x4b64</load_address>
         <run_address>0x4b64</run_address>
         <size>0x50</size>
         <input_file_ref idref="fl-137"/>
      </object_component>
      <object_component id="oc-264">
         <name>.text</name>
         <load_address>0x4bb4</load_address>
         <run_address>0x4bb4</run_address>
         <size>0x4c</size>
         <input_file_ref idref="fl-14d"/>
      </object_component>
      <object_component id="oc-aa">
         <name>.text</name>
         <load_address>0x4c00</load_address>
         <run_address>0x4c00</run_address>
         <size>0x4c</size>
         <input_file_ref idref="fl-14f"/>
      </object_component>
      <object_component id="oc-23d">
         <name>.text</name>
         <load_address>0x4c4c</load_address>
         <run_address>0x4c4c</run_address>
         <size>0x48</size>
         <input_file_ref idref="fl-156"/>
      </object_component>
      <object_component id="oc-68">
         <name>.text</name>
         <load_address>0x4c94</load_address>
         <run_address>0x4c94</run_address>
         <size>0x44</size>
         <input_file_ref idref="fl-13c"/>
      </object_component>
      <object_component id="oc-365">
         <name>.text</name>
         <load_address>0x4cd8</load_address>
         <run_address>0x4cd8</run_address>
         <size>0x40</size>
         <input_file_ref idref="fl-16e"/>
      </object_component>
      <object_component id="oc-324">
         <name>.text</name>
         <load_address>0x4d18</load_address>
         <run_address>0x4d18</run_address>
         <size>0x34</size>
         <input_file_ref idref="fl-16b"/>
      </object_component>
      <object_component id="oc-1e0">
         <name>.text</name>
         <load_address>0x4d4c</load_address>
         <run_address>0x4d4c</run_address>
         <size>0x30</size>
         <input_file_ref idref="fl-147"/>
      </object_component>
      <object_component id="oc-2d2">
         <name>.text</name>
         <load_address>0x4d7c</load_address>
         <run_address>0x4d7c</run_address>
         <size>0x30</size>
         <input_file_ref idref="fl-167"/>
      </object_component>
      <object_component id="oc-248">
         <name>.text</name>
         <load_address>0x4dac</load_address>
         <run_address>0x4dac</run_address>
         <size>0x2e</size>
         <input_file_ref idref="fl-15b"/>
      </object_component>
      <object_component id="oc-34f">
         <name>.text</name>
         <load_address>0x4dda</load_address>
         <run_address>0x4dda</run_address>
         <size>0x2e</size>
         <input_file_ref idref="fl-16d"/>
      </object_component>
      <object_component id="oc-252">
         <name>.text</name>
         <load_address>0x4e08</load_address>
         <run_address>0x4e08</run_address>
         <size>0x2a</size>
         <input_file_ref idref="fl-15a"/>
      </object_component>
      <object_component id="oc-104">
         <name>.text</name>
         <load_address>0x4e32</load_address>
         <run_address>0x4e32</run_address>
         <size>0x24</size>
         <input_file_ref idref="fl-5"/>
      </object_component>
      <object_component id="oc-21c">
         <name>.text</name>
         <load_address>0x4e56</load_address>
         <run_address>0x4e56</run_address>
         <size>0x20</size>
         <input_file_ref idref="fl-15f"/>
      </object_component>
      <object_component id="oc-25e">
         <name>.text</name>
         <load_address>0x4e76</load_address>
         <run_address>0x4e76</run_address>
         <size>0x1c</size>
         <input_file_ref idref="fl-15e"/>
      </object_component>
      <object_component id="oc-62">
         <name>.text</name>
         <load_address>0x4e94</load_address>
         <run_address>0x4e94</run_address>
         <size>0x18</size>
         <input_file_ref idref="fl-14c"/>
      </object_component>
      <object_component id="oc-1d4">
         <name>.text</name>
         <load_address>0x4eac</load_address>
         <run_address>0x4eac</run_address>
         <size>0x18</size>
         <input_file_ref idref="fl-146"/>
      </object_component>
      <object_component id="oc-1da">
         <name>.text</name>
         <load_address>0x4ec4</load_address>
         <run_address>0x4ec4</run_address>
         <size>0x16</size>
         <input_file_ref idref="fl-145"/>
      </object_component>
      <object_component id="oc-13d">
         <name>.text</name>
         <load_address>0x4edc</load_address>
         <run_address>0x4edc</run_address>
         <size>0x14</size>
         <input_file_ref idref="fl-14a"/>
      </object_component>
      <object_component id="oc-2f4">
         <name>.text</name>
         <load_address>0x4ef0</load_address>
         <run_address>0x4ef0</run_address>
         <size>0x14</size>
         <input_file_ref idref="fl-162"/>
      </object_component>
      <object_component id="oc-216">
         <name>.text</name>
         <load_address>0x4f04</load_address>
         <run_address>0x4f04</run_address>
         <size>0x14</size>
         <input_file_ref idref="fl-163"/>
      </object_component>
      <object_component id="oc-13">
         <name>.text:decompress:none</name>
         <load_address>0x4f18</load_address>
         <run_address>0x4f18</run_address>
         <size>0xe</size>
         <input_file_ref idref="fl-138"/>
      </object_component>
      <object_component id="oc-72">
         <name>.text</name>
         <load_address>0x4f26</load_address>
         <run_address>0x4f26</run_address>
         <size>0xe</size>
         <input_file_ref idref="fl-10"/>
      </object_component>
      <object_component id="oc-1f">
         <name>.text:decompress:ZI</name>
         <load_address>0x4f34</load_address>
         <run_address>0x4f34</run_address>
         <size>0xc</size>
         <input_file_ref idref="fl-13a"/>
      </object_component>
      <object_component id="oc-19">
         <name>.text:decompress:rle24</name>
         <load_address>0x4f40</load_address>
         <run_address>0x4f40</run_address>
         <size>0x6</size>
         <input_file_ref idref="fl-139"/>
      </object_component>
      <object_component id="oc-56">
         <name>.text</name>
         <load_address>0x4f46</load_address>
         <run_address>0x4f46</run_address>
         <size>0x4</size>
         <input_file_ref idref="fl-141"/>
      </object_component>
      <object_component id="oc-2dc">
         <name>.const:.string:_ctypes_</name>
         <load_address>0x4f4c</load_address>
         <run_address>0x4f4c</run_address>
         <size>0x101</size>
         <input_file_ref idref="fl-150"/>
      </object_component>
      <object_component id="oc-16e">
         <name>.const</name>
         <load_address>0x5050</load_address>
         <run_address>0x5050</run_address>
         <size>0x20</size>
         <input_file_ref idref="fl-b"/>
      </object_component>
      <object_component id="oc-3af">
         <name>.cinit..data.load</name>
         <load_address>0x5070</load_address>
         <run_address>0x5070</run_address>
         <size>0xba</size>
      </object_component>
      <object_component id="oc-3ad">
         <name>__TI_handler_table</name>
         <load_address>0x512c</load_address>
         <run_address>0x512c</run_address>
         <size>0xc</size>
      </object_component>
      <object_component id="oc-3b0">
         <name>.cinit..bss.load</name>
         <load_address>0x5138</load_address>
         <run_address>0x5138</run_address>
         <size>0x8</size>
      </object_component>
      <object_component id="oc-3ae">
         <name>__TI_cinit_table</name>
         <load_address>0x5140</load_address>
         <run_address>0x5140</run_address>
         <size>0x10</size>
      </object_component>
      <object_component id="oc-2e">
         <name>.sysmem</name>
         <uninitialized>true</uninitialized>
         <run_address>0x20000000</run_address>
         <size>0x8</size>
         <input_file_ref idref="fl-160"/>
      </object_component>
      <object_component id="oc-3b2">
         <name>.sysmem</name>
         <uninitialized>true</uninitialized>
         <run_address>0x20000000</run_address>
         <size>0x0</size>
      </object_component>
      <object_component id="oc-2d">
         <name>.stack</name>
         <uninitialized>true</uninitialized>
         <run_address>0x2000fe00</run_address>
         <size>0x0</size>
         <input_file_ref idref="fl-137"/>
      </object_component>
      <object_component id="oc-3b1">
         <name>.stack</name>
         <uninitialized>true</uninitialized>
         <run_address>0x2000fe00</run_address>
         <size>0x0</size>
      </object_component>
      <object_component id="oc-297">
         <name>.bss:__TI_tmpnams</name>
         <uninitialized>true</uninitialized>
         <run_address>0x20000878</run_address>
         <size>0xa0</size>
         <input_file_ref idref="fl-13b"/>
      </object_component>
      <object_component id="oc-337">
         <name>.bss:__CIOBUF_</name>
         <uninitialized>true</uninitialized>
         <run_address>0x20000758</run_address>
         <size>0x120</size>
         <input_file_ref idref="fl-149"/>
      </object_component>
      <object_component id="oc-116">
         <name>.common:P4EdgeIntTask</name>
         <uninitialized>true</uninitialized>
         <run_address>0x20000934</run_address>
         <size>0x4</size>
      </object_component>
      <object_component id="oc-c6">
         <name>.common:TimerA1Task</name>
         <uninitialized>true</uninitialized>
         <run_address>0x2000093c</run_address>
         <size>0x4</size>
      </object_component>
      <object_component id="oc-177">
         <name>.common:Messageindexb</name>
         <uninitialized>true</uninitialized>
         <run_address>0x20000930</run_address>
         <size>0x4</size>
      </object_component>
      <object_component id="oc-174">
         <name>.common:Messageb</name>
         <uninitialized>true</uninitialized>
         <run_address>0x20000918</run_address>
         <size>0x8</size>
      </object_component>
      <object_component id="oc-ef">
         <name>.common:Right</name>
         <uninitialized>true</uninitialized>
         <run_address>0x20000938</run_address>
         <size>0x4</size>
      </object_component>
      <object_component id="oc-f0">
         <name>.common:Center</name>
         <uninitialized>true</uninitialized>
         <run_address>0x20000928</run_address>
         <size>0x4</size>
      </object_component>
      <object_component id="oc-f1">
         <name>.common:Left</name>
         <uninitialized>true</uninitialized>
         <run_address>0x2000092c</run_address>
         <size>0x4</size>
      </object_component>
      <object_component id="oc-ec">
         <name>.common:nr</name>
         <uninitialized>true</uninitialized>
         <run_address>0x20000948</run_address>
         <size>0x4</size>
      </object_component>
      <object_component id="oc-ed">
         <name>.common:nc</name>
         <uninitialized>true</uninitialized>
         <run_address>0x20000940</run_address>
         <size>0x4</size>
      </object_component>
      <object_component id="oc-ee">
         <name>.common:nl</name>
         <uninitialized>true</uninitialized>
         <run_address>0x20000944</run_address>
         <size>0x4</size>
      </object_component>
      <object_component id="oc-e7">
         <name>.common:raw17</name>
         <uninitialized>true</uninitialized>
         <run_address>0x20000958</run_address>
         <size>0x4</size>
      </object_component>
      <object_component id="oc-ea">
         <name>.common:raw12</name>
         <uninitialized>true</uninitialized>
         <run_address>0x20000950</run_address>
         <size>0x4</size>
      </object_component>
      <object_component id="oc-eb">
         <name>.common:raw16</name>
         <uninitialized>true</uninitialized>
         <run_address>0x20000954</run_address>
         <size>0x4</size>
      </object_component>
      <object_component id="oc-110">
         <name>.common:Data</name>
         <uninitialized>true</uninitialized>
         <run_address>0x2000095c</run_address>
         <size>0x1</size>
      </object_component>
      <object_component id="oc-111">
         <name>.common:position</name>
         <uninitialized>true</uninitialized>
         <run_address>0x2000094c</run_address>
         <size>0x4</size>
      </object_component>
      <object_component id="oc-2fa">
         <name>.common:parmbuf</name>
         <uninitialized>true</uninitialized>
         <run_address>0x20000920</run_address>
         <size>0x8</size>
      </object_component>
      <object_component id="oc-15b">
         <name>.data</name>
         <load_address>0x200006f0</load_address>
         <run_address>0x200006f0</run_address>
         <size>0x18</size>
         <input_file_ref idref="fl-4"/>
      </object_component>
      <object_component id="oc-168">
         <name>.data</name>
         <load_address>0x20000724</load_address>
         <run_address>0x20000724</run_address>
         <size>0x8</size>
         <input_file_ref idref="fl-7"/>
      </object_component>
      <object_component id="oc-112">
         <name>.data</name>
         <load_address>0x20000754</load_address>
         <run_address>0x20000754</run_address>
         <size>0x2</size>
         <input_file_ref idref="fl-f"/>
      </object_component>
      <object_component id="oc-14b">
         <name>.data</name>
         <load_address>0x20000750</load_address>
         <run_address>0x20000750</run_address>
         <size>0x4</size>
         <input_file_ref idref="fl-11"/>
      </object_component>
      <object_component id="oc-18a">
         <name>.data:_ftable</name>
         <load_address>0x20000400</load_address>
         <run_address>0x20000400</run_address>
         <size>0xf0</size>
         <input_file_ref idref="fl-13b"/>
      </object_component>
      <object_component id="oc-1f2">
         <name>.data</name>
         <load_address>0x20000708</load_address>
         <run_address>0x20000708</run_address>
         <size>0x10</size>
         <input_file_ref idref="fl-13b"/>
      </object_component>
      <object_component id="oc-b7">
         <name>.data</name>
         <load_address>0x20000734</load_address>
         <run_address>0x20000734</run_address>
         <size>0x8</size>
         <input_file_ref idref="fl-13c"/>
      </object_component>
      <object_component id="oc-1f5">
         <name>.data</name>
         <load_address>0x20000748</load_address>
         <run_address>0x20000748</run_address>
         <size>0x4</size>
         <input_file_ref idref="fl-13d"/>
      </object_component>
      <object_component id="oc-1e6">
         <name>.data</name>
         <load_address>0x200004f0</load_address>
         <run_address>0x200004f0</run_address>
         <size>0xd0</size>
         <input_file_ref idref="fl-13e"/>
      </object_component>
      <object_component id="oc-6e">
         <name>.data</name>
         <load_address>0x2000074c</load_address>
         <run_address>0x2000074c</run_address>
         <size>0x4</size>
         <input_file_ref idref="fl-144"/>
      </object_component>
      <object_component id="oc-b4">
         <name>.data</name>
         <load_address>0x2000072c</load_address>
         <run_address>0x2000072c</run_address>
         <size>0x8</size>
         <input_file_ref idref="fl-14a"/>
      </object_component>
      <object_component id="oc-2a0">
         <name>.data</name>
         <load_address>0x20000718</load_address>
         <run_address>0x20000718</run_address>
         <size>0xc</size>
         <input_file_ref idref="fl-160"/>
      </object_component>
      <object_component id="oc-31f">
         <name>.data</name>
         <load_address>0x20000670</load_address>
         <run_address>0x20000670</run_address>
         <size>0x80</size>
         <input_file_ref idref="fl-168"/>
      </object_component>
      <object_component id="oc-32a">
         <name>.data</name>
         <load_address>0x20000744</load_address>
         <run_address>0x20000744</run_address>
         <size>0x4</size>
         <input_file_ref idref="fl-16a"/>
      </object_component>
      <object_component id="oc-355">
         <name>.data</name>
         <load_address>0x2000073c</load_address>
         <run_address>0x2000073c</run_address>
         <size>0x8</size>
         <input_file_ref idref="fl-16b"/>
      </object_component>
      <object_component id="oc-376">
         <name>.data:sigtable</name>
         <load_address>0x200005c0</load_address>
         <run_address>0x200005c0</run_address>
         <size>0xb0</size>
         <input_file_ref idref="fl-16e"/>
      </object_component>
      <object_component id="oc-167">
         <name>.debug_info</name>
         <load_address>0x0</load_address>
         <run_address>0x0</run_address>
         <size>0x36e</size>
         <input_file_ref idref="fl-2"/>
      </object_component>
      <object_component id="oc-dc">
         <name>.debug_info</name>
         <load_address>0x36e</load_address>
         <run_address>0x36e</run_address>
         <size>0x1c5</size>
         <input_file_ref idref="fl-2"/>
      </object_component>
      <object_component id="oc-151">
         <name>.debug_info</name>
         <load_address>0x533</load_address>
         <run_address>0x533</run_address>
         <size>0x37e2</size>
         <input_file_ref idref="fl-2"/>
      </object_component>
      <object_component id="oc-156">
         <name>.debug_info</name>
         <load_address>0x3d15</load_address>
         <run_address>0x3d15</run_address>
         <size>0x1055</size>
         <input_file_ref idref="fl-2"/>
      </object_component>
      <object_component id="oc-99">
         <name>.debug_info</name>
         <load_address>0x4d6a</load_address>
         <run_address>0x4d6a</run_address>
         <size>0x84</size>
         <input_file_ref idref="fl-2"/>
      </object_component>
      <object_component id="oc-ca">
         <name>.debug_info</name>
         <load_address>0x4dee</load_address>
         <run_address>0x4dee</run_address>
         <size>0x18b</size>
         <input_file_ref idref="fl-2"/>
      </object_component>
      <object_component id="oc-117">
         <name>.debug_info</name>
         <load_address>0x4f79</load_address>
         <run_address>0x4f79</run_address>
         <size>0x3be</size>
         <input_file_ref idref="fl-3"/>
      </object_component>
      <object_component id="oc-86">
         <name>.debug_info</name>
         <load_address>0x5337</load_address>
         <run_address>0x5337</run_address>
         <size>0x2be</size>
         <input_file_ref idref="fl-3"/>
      </object_component>
      <object_component id="oc-15c">
         <name>.debug_info</name>
         <load_address>0x55f5</load_address>
         <run_address>0x55f5</run_address>
         <size>0x16a</size>
         <input_file_ref idref="fl-4"/>
      </object_component>
      <object_component id="oc-d2">
         <name>.debug_info</name>
         <load_address>0x575f</load_address>
         <run_address>0x575f</run_address>
         <size>0x28e</size>
         <input_file_ref idref="fl-4"/>
      </object_component>
      <object_component id="oc-105">
         <name>.debug_info</name>
         <load_address>0x59ed</load_address>
         <run_address>0x59ed</run_address>
         <size>0x34c</size>
         <input_file_ref idref="fl-5"/>
      </object_component>
      <object_component id="oc-169">
         <name>.debug_info</name>
         <load_address>0x5d39</load_address>
         <run_address>0x5d39</run_address>
         <size>0xc1</size>
         <input_file_ref idref="fl-7"/>
      </object_component>
      <object_component id="oc-e2">
         <name>.debug_info</name>
         <load_address>0x5dfa</load_address>
         <run_address>0x5dfa</run_address>
         <size>0x22f</size>
         <input_file_ref idref="fl-7"/>
      </object_component>
      <object_component id="oc-f9">
         <name>.debug_info</name>
         <load_address>0x6029</load_address>
         <run_address>0x6029</run_address>
         <size>0x323</size>
         <input_file_ref idref="fl-8"/>
      </object_component>
      <object_component id="oc-d7">
         <name>.debug_info</name>
         <load_address>0x634c</load_address>
         <run_address>0x634c</run_address>
         <size>0x450</size>
         <input_file_ref idref="fl-9"/>
      </object_component>
      <object_component id="oc-161">
         <name>.debug_info</name>
         <load_address>0x679c</load_address>
         <run_address>0x679c</run_address>
         <size>0x451</size>
         <input_file_ref idref="fl-a"/>
      </object_component>
      <object_component id="oc-172">
         <name>.debug_info</name>
         <load_address>0x6bed</load_address>
         <run_address>0x6bed</run_address>
         <size>0x402</size>
         <input_file_ref idref="fl-b"/>
      </object_component>
      <object_component id="oc-16f">
         <name>.debug_info</name>
         <load_address>0x6fef</load_address>
         <run_address>0x6fef</run_address>
         <size>0xd1</size>
         <input_file_ref idref="fl-b"/>
      </object_component>
      <object_component id="oc-f3">
         <name>.debug_info</name>
         <load_address>0x70c0</load_address>
         <run_address>0x70c0</run_address>
         <size>0x35b</size>
         <input_file_ref idref="fl-b"/>
      </object_component>
      <object_component id="oc-1c8">
         <name>.debug_info</name>
         <load_address>0x741b</load_address>
         <run_address>0x741b</run_address>
         <size>0x37e2</size>
         <input_file_ref idref="fl-b"/>
      </object_component>
      <object_component id="oc-c7">
         <name>.debug_info</name>
         <load_address>0xabfd</load_address>
         <run_address>0xabfd</run_address>
         <size>0x3b0</size>
         <input_file_ref idref="fl-d"/>
      </object_component>
      <object_component id="oc-7b">
         <name>.debug_info</name>
         <load_address>0xafad</load_address>
         <run_address>0xafad</run_address>
         <size>0x291</size>
         <input_file_ref idref="fl-d"/>
      </object_component>
      <object_component id="oc-175">
         <name>.debug_info</name>
         <load_address>0xb23e</load_address>
         <run_address>0xb23e</run_address>
         <size>0x5bd</size>
         <input_file_ref idref="fl-e"/>
      </object_component>
      <object_component id="oc-ff">
         <name>.debug_info</name>
         <load_address>0xb7fb</load_address>
         <run_address>0xb7fb</run_address>
         <size>0x17e6</size>
         <input_file_ref idref="fl-e"/>
      </object_component>
      <object_component id="oc-1cf">
         <name>.debug_info</name>
         <load_address>0xcfe1</load_address>
         <run_address>0xcfe1</run_address>
         <size>0xc8</size>
         <input_file_ref idref="fl-e"/>
      </object_component>
      <object_component id="oc-18e">
         <name>.debug_info</name>
         <load_address>0xd0a9</load_address>
         <run_address>0xd0a9</run_address>
         <size>0x2c</size>
         <input_file_ref idref="fl-e"/>
      </object_component>
      <object_component id="oc-1a8">
         <name>.debug_info</name>
         <load_address>0xd0d5</load_address>
         <run_address>0xd0d5</run_address>
         <size>0x4e</size>
         <input_file_ref idref="fl-e"/>
      </object_component>
      <object_component id="oc-e8">
         <name>.debug_info</name>
         <load_address>0xd123</load_address>
         <run_address>0xd123</run_address>
         <size>0x8a0</size>
         <input_file_ref idref="fl-f"/>
      </object_component>
      <object_component id="oc-113">
         <name>.debug_info</name>
         <load_address>0xd9c3</load_address>
         <run_address>0xd9c3</run_address>
         <size>0xd4</size>
         <input_file_ref idref="fl-f"/>
      </object_component>
      <object_component id="oc-82">
         <name>.debug_info</name>
         <load_address>0xda97</load_address>
         <run_address>0xda97</run_address>
         <size>0xbcf</size>
         <input_file_ref idref="fl-f"/>
      </object_component>
      <object_component id="oc-8c">
         <name>.debug_info</name>
         <load_address>0xe666</load_address>
         <run_address>0xe666</run_address>
         <size>0x107</size>
         <input_file_ref idref="fl-10"/>
      </object_component>
      <object_component id="oc-2b">
         <name>.debug_info</name>
         <load_address>0xe76d</load_address>
         <run_address>0xe76d</run_address>
         <size>0xd9</size>
         <input_file_ref idref="fl-10"/>
      </object_component>
      <object_component id="oc-73">
         <name>.debug_info</name>
         <load_address>0xe846</load_address>
         <run_address>0xe846</run_address>
         <size>0x1a0</size>
         <input_file_ref idref="fl-10"/>
      </object_component>
      <object_component id="oc-14c">
         <name>.debug_info</name>
         <load_address>0xe9e6</load_address>
         <run_address>0xe9e6</run_address>
         <size>0xd2</size>
         <input_file_ref idref="fl-11"/>
      </object_component>
      <object_component id="oc-c0">
         <name>.debug_info</name>
         <load_address>0xeab8</load_address>
         <run_address>0xeab8</run_address>
         <size>0x244</size>
         <input_file_ref idref="fl-11"/>
      </object_component>
      <object_component id="oc-28">
         <name>.debug_info</name>
         <load_address>0xecfc</load_address>
         <run_address>0xecfc</run_address>
         <size>0x14e</size>
         <input_file_ref idref="fl-137"/>
      </object_component>
      <object_component id="oc-3c">
         <name>.debug_info</name>
         <load_address>0xee4a</load_address>
         <run_address>0xee4a</run_address>
         <size>0x13b</size>
         <input_file_ref idref="fl-138"/>
      </object_component>
      <object_component id="oc-14">
         <name>.debug_info</name>
         <load_address>0xef85</load_address>
         <run_address>0xef85</run_address>
         <size>0x1da</size>
         <input_file_ref idref="fl-138"/>
      </object_component>
      <object_component id="oc-37">
         <name>.debug_info</name>
         <load_address>0xf15f</load_address>
         <run_address>0xf15f</run_address>
         <size>0x46</size>
         <input_file_ref idref="fl-138"/>
      </object_component>
      <object_component id="oc-92">
         <name>.debug_info</name>
         <load_address>0xf1a5</load_address>
         <run_address>0xf1a5</run_address>
         <size>0x2c</size>
         <input_file_ref idref="fl-138"/>
      </object_component>
      <object_component id="oc-44">
         <name>.debug_info</name>
         <load_address>0xf1d1</load_address>
         <run_address>0xf1d1</run_address>
         <size>0x12f</size>
         <input_file_ref idref="fl-139"/>
      </object_component>
      <object_component id="oc-3e">
         <name>.debug_info</name>
         <load_address>0xf300</load_address>
         <run_address>0xf300</run_address>
         <size>0x242</size>
         <input_file_ref idref="fl-139"/>
      </object_component>
      <object_component id="oc-1a">
         <name>.debug_info</name>
         <load_address>0xf542</load_address>
         <run_address>0xf542</run_address>
         <size>0x1ac</size>
         <input_file_ref idref="fl-139"/>
      </object_component>
      <object_component id="oc-45">
         <name>.debug_info</name>
         <load_address>0xf6ee</load_address>
         <run_address>0xf6ee</run_address>
         <size>0x39</size>
         <input_file_ref idref="fl-139"/>
      </object_component>
      <object_component id="oc-a1">
         <name>.debug_info</name>
         <load_address>0xf727</load_address>
         <run_address>0xf727</run_address>
         <size>0x2c</size>
         <input_file_ref idref="fl-139"/>
      </object_component>
      <object_component id="oc-55">
         <name>.debug_info</name>
         <load_address>0xf753</load_address>
         <run_address>0xf753</run_address>
         <size>0x12a</size>
         <input_file_ref idref="fl-13a"/>
      </object_component>
      <object_component id="oc-21">
         <name>.debug_info</name>
         <load_address>0xf87d</load_address>
         <run_address>0xf87d</run_address>
         <size>0x1a5</size>
         <input_file_ref idref="fl-13a"/>
      </object_component>
      <object_component id="oc-50">
         <name>.debug_info</name>
         <load_address>0xfa22</load_address>
         <run_address>0xfa22</run_address>
         <size>0x46</size>
         <input_file_ref idref="fl-13a"/>
      </object_component>
      <object_component id="oc-207">
         <name>.debug_info</name>
         <load_address>0xfa68</load_address>
         <run_address>0xfa68</run_address>
         <size>0x10b</size>
         <input_file_ref idref="fl-13b"/>
      </object_component>
      <object_component id="oc-18b">
         <name>.debug_info</name>
         <load_address>0xfb73</load_address>
         <run_address>0xfb73</run_address>
         <size>0xf2</size>
         <input_file_ref idref="fl-13b"/>
      </object_component>
      <object_component id="oc-298">
         <name>.debug_info</name>
         <load_address>0xfc65</load_address>
         <run_address>0xfc65</run_address>
         <size>0xfc</size>
         <input_file_ref idref="fl-13b"/>
      </object_component>
      <object_component id="oc-1f3">
         <name>.debug_info</name>
         <load_address>0xfd61</load_address>
         <run_address>0xfd61</run_address>
         <size>0x17f</size>
         <input_file_ref idref="fl-13b"/>
      </object_component>
      <object_component id="oc-27d">
         <name>.debug_info</name>
         <load_address>0xfee0</load_address>
         <run_address>0xfee0</run_address>
         <size>0xae</size>
         <input_file_ref idref="fl-13b"/>
      </object_component>
      <object_component id="oc-bb">
         <name>.debug_info</name>
         <load_address>0xff8e</load_address>
         <run_address>0xff8e</run_address>
         <size>0x18c</size>
         <input_file_ref idref="fl-13c"/>
      </object_component>
      <object_component id="oc-b8">
         <name>.debug_info</name>
         <load_address>0x1011a</load_address>
         <run_address>0x1011a</run_address>
         <size>0x131</size>
         <input_file_ref idref="fl-13c"/>
      </object_component>
      <object_component id="oc-69">
         <name>.debug_info</name>
         <load_address>0x1024b</load_address>
         <run_address>0x1024b</run_address>
         <size>0x208</size>
         <input_file_ref idref="fl-13c"/>
      </object_component>
      <object_component id="oc-1f7">
         <name>.debug_info</name>
         <load_address>0x10453</load_address>
         <run_address>0x10453</run_address>
         <size>0x237</size>
         <input_file_ref idref="fl-13d"/>
      </object_component>
      <object_component id="oc-182">
         <name>.debug_info</name>
         <load_address>0x1068a</load_address>
         <run_address>0x1068a</run_address>
         <size>0x450</size>
         <input_file_ref idref="fl-13d"/>
      </object_component>
      <object_component id="oc-11e">
         <name>.debug_info</name>
         <load_address>0x10ada</load_address>
         <run_address>0x10ada</run_address>
         <size>0x2c</size>
         <input_file_ref idref="fl-13d"/>
      </object_component>
      <object_component id="oc-1ea">
         <name>.debug_info</name>
         <load_address>0x10b06</load_address>
         <run_address>0x10b06</run_address>
         <size>0x49b</size>
         <input_file_ref idref="fl-13e"/>
      </object_component>
      <object_component id="oc-1e7">
         <name>.debug_info</name>
         <load_address>0x10fa1</load_address>
         <run_address>0x10fa1</run_address>
         <size>0x111</size>
         <input_file_ref idref="fl-13e"/>
      </object_component>
      <object_component id="oc-179">
         <name>.debug_info</name>
         <load_address>0x110b2</load_address>
         <run_address>0x110b2</run_address>
         <size>0xb06</size>
         <input_file_ref idref="fl-13e"/>
      </object_component>
      <object_component id="oc-292">
         <name>.debug_info</name>
         <load_address>0x11bb8</load_address>
         <run_address>0x11bb8</run_address>
         <size>0x120</size>
         <input_file_ref idref="fl-13e"/>
      </object_component>
      <object_component id="oc-271">
         <name>.debug_info</name>
         <load_address>0x11cd8</load_address>
         <run_address>0x11cd8</run_address>
         <size>0x2c</size>
         <input_file_ref idref="fl-13e"/>
      </object_component>
      <object_component id="oc-32">
         <name>.debug_info</name>
         <load_address>0x11d04</load_address>
         <run_address>0x11d04</run_address>
         <size>0x110</size>
         <input_file_ref idref="fl-13f"/>
      </object_component>
      <object_component id="oc-4b">
         <name>.debug_info</name>
         <load_address>0x11e14</load_address>
         <run_address>0x11e14</run_address>
         <size>0x13e</size>
         <input_file_ref idref="fl-140"/>
      </object_component>
      <object_component id="oc-59">
         <name>.debug_info</name>
         <load_address>0x11f52</load_address>
         <run_address>0x11f52</run_address>
         <size>0x143</size>
         <input_file_ref idref="fl-141"/>
      </object_component>
      <object_component id="oc-1a7">
         <name>.debug_info</name>
         <load_address>0x12095</load_address>
         <run_address>0x12095</run_address>
         <size>0x227</size>
         <input_file_ref idref="fl-142"/>
      </object_component>
      <object_component id="oc-10d">
         <name>.debug_info</name>
         <load_address>0x122bc</load_address>
         <run_address>0x122bc</run_address>
         <size>0x27f</size>
         <input_file_ref idref="fl-142"/>
      </object_component>
      <object_component id="oc-1ff">
         <name>.debug_info</name>
         <load_address>0x1253b</load_address>
         <run_address>0x1253b</run_address>
         <size>0x1bb</size>
         <input_file_ref idref="fl-143"/>
      </object_component>
      <object_component id="oc-188">
         <name>.debug_info</name>
         <load_address>0x126f6</load_address>
         <run_address>0x126f6</run_address>
         <size>0x1fb</size>
         <input_file_ref idref="fl-143"/>
      </object_component>
      <object_component id="oc-200">
         <name>.debug_info</name>
         <load_address>0x128f1</load_address>
         <run_address>0x128f1</run_address>
         <size>0xbb</size>
         <input_file_ref idref="fl-143"/>
      </object_component>
      <object_component id="oc-6f">
         <name>.debug_info</name>
         <load_address>0x129ac</load_address>
         <run_address>0x129ac</run_address>
         <size>0x104</size>
         <input_file_ref idref="fl-144"/>
      </object_component>
      <object_component id="oc-285">
         <name>.debug_info</name>
         <load_address>0x12ab0</load_address>
         <run_address>0x12ab0</run_address>
         <size>0xf0</size>
         <input_file_ref idref="fl-145"/>
      </object_component>
      <object_component id="oc-1dc">
         <name>.debug_info</name>
         <load_address>0x12ba0</load_address>
         <run_address>0x12ba0</run_address>
         <size>0x23f</size>
         <input_file_ref idref="fl-145"/>
      </object_component>
      <object_component id="oc-283">
         <name>.debug_info</name>
         <load_address>0x12ddf</load_address>
         <run_address>0x12ddf</run_address>
         <size>0xe0</size>
         <input_file_ref idref="fl-146"/>
      </object_component>
      <object_component id="oc-1d8">
         <name>.debug_info</name>
         <load_address>0x12ebf</load_address>
         <run_address>0x12ebf</run_address>
         <size>0x253</size>
         <input_file_ref idref="fl-146"/>
      </object_component>
      <object_component id="oc-287">
         <name>.debug_info</name>
         <load_address>0x13112</load_address>
         <run_address>0x13112</run_address>
         <size>0xf1</size>
         <input_file_ref idref="fl-147"/>
      </object_component>
      <object_component id="oc-1e1">
         <name>.debug_info</name>
         <load_address>0x13203</load_address>
         <run_address>0x13203</run_address>
         <size>0x254</size>
         <input_file_ref idref="fl-147"/>
      </object_component>
      <object_component id="oc-2fb">
         <name>.debug_info</name>
         <load_address>0x13457</load_address>
         <run_address>0x13457</run_address>
         <size>0x268</size>
         <input_file_ref idref="fl-148"/>
      </object_component>
      <object_component id="oc-289">
         <name>.debug_info</name>
         <load_address>0x136bf</load_address>
         <run_address>0x136bf</run_address>
         <size>0xa28</size>
         <input_file_ref idref="fl-148"/>
      </object_component>
      <object_component id="oc-2fe">
         <name>.debug_info</name>
         <load_address>0x140e7</load_address>
         <run_address>0x140e7</run_address>
         <size>0x39</size>
         <input_file_ref idref="fl-148"/>
      </object_component>
      <object_component id="oc-33b">
         <name>.debug_info</name>
         <load_address>0x14120</load_address>
         <run_address>0x14120</run_address>
         <size>0x110</size>
         <input_file_ref idref="fl-149"/>
      </object_component>
      <object_component id="oc-338">
         <name>.debug_info</name>
         <load_address>0x14230</load_address>
         <run_address>0x14230</run_address>
         <size>0xf8</size>
         <input_file_ref idref="fl-149"/>
      </object_component>
      <object_component id="oc-2ef">
         <name>.debug_info</name>
         <load_address>0x14328</load_address>
         <run_address>0x14328</run_address>
         <size>0x27c</size>
         <input_file_ref idref="fl-149"/>
      </object_component>
      <object_component id="oc-145">
         <name>.debug_info</name>
         <load_address>0x145a4</load_address>
         <run_address>0x145a4</run_address>
         <size>0x11f</size>
         <input_file_ref idref="fl-14a"/>
      </object_component>
      <object_component id="oc-b5">
         <name>.debug_info</name>
         <load_address>0x146c3</load_address>
         <run_address>0x146c3</run_address>
         <size>0x10e</size>
         <input_file_ref idref="fl-14a"/>
      </object_component>
      <object_component id="oc-141">
         <name>.debug_info</name>
         <load_address>0x147d1</load_address>
         <run_address>0x147d1</run_address>
         <size>0x21a</size>
         <input_file_ref idref="fl-14a"/>
      </object_component>
      <object_component id="oc-26b">
         <name>.debug_info</name>
         <load_address>0x149eb</load_address>
         <run_address>0x149eb</run_address>
         <size>0x360</size>
         <input_file_ref idref="fl-14b"/>
      </object_component>
      <object_component id="oc-1a2">
         <name>.debug_info</name>
         <load_address>0x14d4b</load_address>
         <run_address>0x14d4b</run_address>
         <size>0x1803</size>
         <input_file_ref idref="fl-14b"/>
      </object_component>
      <object_component id="oc-26c">
         <name>.debug_info</name>
         <load_address>0x1654e</load_address>
         <run_address>0x1654e</run_address>
         <size>0x86</size>
         <input_file_ref idref="fl-14b"/>
      </object_component>
      <object_component id="oc-2e3">
         <name>.debug_info</name>
         <load_address>0x165d4</load_address>
         <run_address>0x165d4</run_address>
         <size>0x46</size>
         <input_file_ref idref="fl-14b"/>
      </object_component>
      <object_component id="oc-276">
         <name>.debug_info</name>
         <load_address>0x1661a</load_address>
         <run_address>0x1661a</run_address>
         <size>0x39</size>
         <input_file_ref idref="fl-14b"/>
      </object_component>
      <object_component id="oc-b3">
         <name>.debug_info</name>
         <load_address>0x16653</load_address>
         <run_address>0x16653</run_address>
         <size>0x161</size>
         <input_file_ref idref="fl-14c"/>
      </object_component>
      <object_component id="oc-63">
         <name>.debug_info</name>
         <load_address>0x167b4</load_address>
         <run_address>0x167b4</run_address>
         <size>0x162</size>
         <input_file_ref idref="fl-14c"/>
      </object_component>
      <object_component id="oc-138">
         <name>.debug_info</name>
         <load_address>0x16916</load_address>
         <run_address>0x16916</run_address>
         <size>0x5e</size>
         <input_file_ref idref="fl-14c"/>
      </object_component>
      <object_component id="oc-2e0">
         <name>.debug_info</name>
         <load_address>0x16974</load_address>
         <run_address>0x16974</run_address>
         <size>0x10f</size>
         <input_file_ref idref="fl-14d"/>
      </object_component>
      <object_component id="oc-265">
         <name>.debug_info</name>
         <load_address>0x16a83</load_address>
         <run_address>0x16a83</run_address>
         <size>0x16c</size>
         <input_file_ref idref="fl-14d"/>
      </object_component>
      <object_component id="oc-b1">
         <name>.debug_info</name>
         <load_address>0x16bef</load_address>
         <run_address>0x16bef</run_address>
         <size>0x2b8</size>
         <input_file_ref idref="fl-14e"/>
      </object_component>
      <object_component id="oc-5d">
         <name>.debug_info</name>
         <load_address>0x16ea7</load_address>
         <run_address>0x16ea7</run_address>
         <size>0x172</size>
         <input_file_ref idref="fl-14e"/>
      </object_component>
      <object_component id="oc-12c">
         <name>.debug_info</name>
         <load_address>0x17019</load_address>
         <run_address>0x17019</run_address>
         <size>0x39</size>
         <input_file_ref idref="fl-14e"/>
      </object_component>
      <object_component id="oc-131">
         <name>.debug_info</name>
         <load_address>0x17052</load_address>
         <run_address>0x17052</run_address>
         <size>0xcd</size>
         <input_file_ref idref="fl-14e"/>
      </object_component>
      <object_component id="oc-129">
         <name>.debug_info</name>
         <load_address>0x1711f</load_address>
         <run_address>0x1711f</run_address>
         <size>0x1db</size>
         <input_file_ref idref="fl-14f"/>
      </object_component>
      <object_component id="oc-ab">
         <name>.debug_info</name>
         <load_address>0x172fa</load_address>
         <run_address>0x172fa</run_address>
         <size>0x17e</size>
         <input_file_ref idref="fl-14f"/>
      </object_component>
      <object_component id="oc-1b3">
         <name>.debug_info</name>
         <load_address>0x17478</load_address>
         <run_address>0x17478</run_address>
         <size>0x2c</size>
         <input_file_ref idref="fl-14f"/>
      </object_component>
      <object_component id="oc-334">
         <name>.debug_info</name>
         <load_address>0x174a4</load_address>
         <run_address>0x174a4</run_address>
         <size>0xe9</size>
         <input_file_ref idref="fl-150"/>
      </object_component>
      <object_component id="oc-2dd">
         <name>.debug_info</name>
         <load_address>0x1758d</load_address>
         <run_address>0x1758d</run_address>
         <size>0xf5</size>
         <input_file_ref idref="fl-150"/>
      </object_component>
      <object_component id="oc-29b">
         <name>.debug_info</name>
         <load_address>0x17682</load_address>
         <run_address>0x17682</run_address>
         <size>0x1fb</size>
         <input_file_ref idref="fl-151"/>
      </object_component>
      <object_component id="oc-1ee">
         <name>.debug_info</name>
         <load_address>0x1787d</load_address>
         <run_address>0x1787d</run_address>
         <size>0x293</size>
         <input_file_ref idref="fl-151"/>
      </object_component>
      <object_component id="oc-24e">
         <name>.debug_info</name>
         <load_address>0x17b10</load_address>
         <run_address>0x17b10</run_address>
         <size>0x143</size>
         <input_file_ref idref="fl-152"/>
      </object_component>
      <object_component id="oc-22c">
         <name>.debug_info</name>
         <load_address>0x17c53</load_address>
         <run_address>0x17c53</run_address>
         <size>0x11f</size>
         <input_file_ref idref="fl-153"/>
      </object_component>
      <object_component id="oc-239">
         <name>.debug_info</name>
         <load_address>0x17d72</load_address>
         <run_address>0x17d72</run_address>
         <size>0x121</size>
         <input_file_ref idref="fl-153"/>
      </object_component>
      <object_component id="oc-235">
         <name>.debug_info</name>
         <load_address>0x17e93</load_address>
         <run_address>0x17e93</run_address>
         <size>0x131</size>
         <input_file_ref idref="fl-154"/>
      </object_component>
      <object_component id="oc-22f">
         <name>.debug_info</name>
         <load_address>0x17fc4</load_address>
         <run_address>0x17fc4</run_address>
         <size>0x131</size>
         <input_file_ref idref="fl-155"/>
      </object_component>
      <object_component id="oc-23e">
         <name>.debug_info</name>
         <load_address>0x180f5</load_address>
         <run_address>0x180f5</run_address>
         <size>0x125</size>
         <input_file_ref idref="fl-156"/>
      </object_component>
      <object_component id="oc-2b1">
         <name>.debug_info</name>
         <load_address>0x1821a</load_address>
         <run_address>0x1821a</run_address>
         <size>0x19d</size>
         <input_file_ref idref="fl-157"/>
      </object_component>
      <object_component id="oc-210">
         <name>.debug_info</name>
         <load_address>0x183b7</load_address>
         <run_address>0x183b7</run_address>
         <size>0x255</size>
         <input_file_ref idref="fl-157"/>
      </object_component>
      <object_component id="oc-215">
         <name>.debug_info</name>
         <load_address>0x1860c</load_address>
         <run_address>0x1860c</run_address>
         <size>0x1d9</size>
         <input_file_ref idref="fl-158"/>
      </object_component>
      <object_component id="oc-196">
         <name>.debug_info</name>
         <load_address>0x187e5</load_address>
         <run_address>0x187e5</run_address>
         <size>0x23a</size>
         <input_file_ref idref="fl-158"/>
      </object_component>
      <object_component id="oc-223">
         <name>.debug_info</name>
         <load_address>0x18a1f</load_address>
         <run_address>0x18a1f</run_address>
         <size>0x29d</size>
         <input_file_ref idref="fl-159"/>
      </object_component>
      <object_component id="oc-19c">
         <name>.debug_info</name>
         <load_address>0x18cbc</load_address>
         <run_address>0x18cbc</run_address>
         <size>0x354</size>
         <input_file_ref idref="fl-159"/>
      </object_component>
      <object_component id="oc-2cb">
         <name>.debug_info</name>
         <load_address>0x19010</load_address>
         <run_address>0x19010</run_address>
         <size>0x118</size>
         <input_file_ref idref="fl-15a"/>
      </object_component>
      <object_component id="oc-253">
         <name>.debug_info</name>
         <load_address>0x19128</load_address>
         <run_address>0x19128</run_address>
         <size>0x188</size>
         <input_file_ref idref="fl-15a"/>
      </object_component>
      <object_component id="oc-249">
         <name>.debug_info</name>
         <load_address>0x192b0</load_address>
         <run_address>0x192b0</run_address>
         <size>0x123</size>
         <input_file_ref idref="fl-15b"/>
      </object_component>
      <object_component id="oc-2d9">
         <name>.debug_info</name>
         <load_address>0x193d3</load_address>
         <run_address>0x193d3</run_address>
         <size>0x15c</size>
         <input_file_ref idref="fl-15c"/>
      </object_component>
      <object_component id="oc-25b">
         <name>.debug_info</name>
         <load_address>0x1952f</load_address>
         <run_address>0x1952f</run_address>
         <size>0x17f</size>
         <input_file_ref idref="fl-15c"/>
      </object_component>
      <object_component id="oc-2c1">
         <name>.debug_info</name>
         <load_address>0x196ae</load_address>
         <run_address>0x196ae</run_address>
         <size>0x147</size>
         <input_file_ref idref="fl-15d"/>
      </object_component>
      <object_component id="oc-243">
         <name>.debug_info</name>
         <load_address>0x197f5</load_address>
         <run_address>0x197f5</run_address>
         <size>0x1bd</size>
         <input_file_ref idref="fl-15d"/>
      </object_component>
      <object_component id="oc-2db">
         <name>.debug_info</name>
         <load_address>0x199b2</load_address>
         <run_address>0x199b2</run_address>
         <size>0xec</size>
         <input_file_ref idref="fl-15e"/>
      </object_component>
      <object_component id="oc-262">
         <name>.debug_info</name>
         <load_address>0x19a9e</load_address>
         <run_address>0x19a9e</run_address>
         <size>0x1a6</size>
         <input_file_ref idref="fl-15e"/>
      </object_component>
      <object_component id="oc-2b7">
         <name>.debug_info</name>
         <load_address>0x19c44</load_address>
         <run_address>0x19c44</run_address>
         <size>0xfb</size>
         <input_file_ref idref="fl-15f"/>
      </object_component>
      <object_component id="oc-21d">
         <name>.debug_info</name>
         <load_address>0x19d3f</load_address>
         <run_address>0x19d3f</run_address>
         <size>0x23d</size>
         <input_file_ref idref="fl-15f"/>
      </object_component>
      <object_component id="oc-8f">
         <name>.debug_info</name>
         <load_address>0x19f7c</load_address>
         <run_address>0x19f7c</run_address>
         <size>0x21d</size>
         <input_file_ref idref="fl-160"/>
      </object_component>
      <object_component id="oc-2f">
         <name>.debug_info</name>
         <load_address>0x1a199</load_address>
         <run_address>0x1a199</run_address>
         <size>0xfc</size>
         <input_file_ref idref="fl-160"/>
      </object_component>
      <object_component id="oc-2a1">
         <name>.debug_info</name>
         <load_address>0x1a295</load_address>
         <run_address>0x1a295</run_address>
         <size>0x147</size>
         <input_file_ref idref="fl-160"/>
      </object_component>
      <object_component id="oc-1fa">
         <name>.debug_info</name>
         <load_address>0x1a3dc</load_address>
         <run_address>0x1a3dc</run_address>
         <size>0x886</size>
         <input_file_ref idref="fl-160"/>
      </object_component>
      <object_component id="oc-123">
         <name>.debug_info</name>
         <load_address>0x1ac62</load_address>
         <run_address>0x1ac62</run_address>
         <size>0x62</size>
         <input_file_ref idref="fl-160"/>
      </object_component>
      <object_component id="oc-33d">
         <name>.debug_info</name>
         <load_address>0x1acc4</load_address>
         <run_address>0x1acc4</run_address>
         <size>0xeb</size>
         <input_file_ref idref="fl-162"/>
      </object_component>
      <object_component id="oc-2f5">
         <name>.debug_info</name>
         <load_address>0x1adaf</load_address>
         <run_address>0x1adaf</run_address>
         <size>0x22c</size>
         <input_file_ref idref="fl-162"/>
      </object_component>
      <object_component id="oc-2b5">
[...]
         <object_component_ref idref="oc-4a"/>
      </symbol>
      <symbol id="sm-495">
         <name>__aeabi_memclr4</name>
         <value>0x4761</value>
         <object_component_ref idref="oc-4a"/>
      </symbol>
      <symbol id="sm-496">
         <name>__aeabi_memclr</name>
         <value>0x4761</value>
         <object_component_ref idref="oc-4a"/>
      </symbol>
      <symbol id="sm-4a0">
         <name>_system_pre_init</name>
         <value>0x4f47</value>
         <object_component_ref idref="oc-56"/>
      </symbol>
      <symbol id="sm-4b9">
         <name>printf</name>
         <value>0x47e5</value>
         <object_component_ref idref="oc-10a"/>
      </symbol>
      <symbol id="sm-4da">
         <name>setvbuf</name>
         <value>0x40d1</value>
         <object_component_ref idref="oc-184"/>
      </symbol>
      <symbol id="sm-4e2">
         <name>main_func_sp</name>
         <value>0x2000074c</value>
         <object_component_ref idref="oc-6e"/>
      </symbol>
      <symbol id="sm-4f2">
         <name>strchr</name>
         <value>0x4ec5</value>
         <object_component_ref idref="oc-1da"/>
      </symbol>
      <symbol id="sm-501">
         <name>strcmp</name>
         <value>0x4ead</value>
         <object_component_ref idref="oc-1d4"/>
      </symbol>
      <symbol id="sm-511">
         <name>strncpy</name>
         <value>0x4d4d</value>
         <object_component_ref idref="oc-1e0"/>
      </symbol>
      <symbol id="sm-532">
         <name>HOSTgetenv</name>
         <value>0x2c87</value>
         <object_component_ref idref="oc-288"/>
      </symbol>
      <symbol id="sm-533">
         <name>HOSTrename</name>
         <value>0x2b2f</value>
         <object_component_ref idref="oc-288"/>
      </symbol>
      <symbol id="sm-534">
         <name>HOSTclose</name>
         <value>0x2cc5</value>
         <object_component_ref idref="oc-288"/>
      </symbol>
      <symbol id="sm-535">
         <name>HOSTunlink</name>
         <value>0x2abd</value>
         <object_component_ref idref="oc-288"/>
      </symbol>
      <symbol id="sm-536">
         <name>HOSTlseek</name>
         <value>0x2c2b</value>
         <object_component_ref idref="oc-288"/>
      </symbol>
      <symbol id="sm-537">
         <name>HOSTopen</name>
         <value>0x2bd9</value>
         <object_component_ref idref="oc-288"/>
      </symbol>
      <symbol id="sm-538">
         <name>HOSTclock</name>
         <value>0x2cfd</value>
         <object_component_ref idref="oc-288"/>
      </symbol>
      <symbol id="sm-539">
         <name>HOSTwrite</name>
         <value>0x2a71</value>
         <object_component_ref idref="oc-288"/>
      </symbol>
      <symbol id="sm-53a">
         <name>HOSTread</name>
         <value>0x2b8d</value>
         <object_component_ref idref="oc-288"/>
      </symbol>
      <symbol id="sm-53b">
         <name>HOSTtime</name>
         <value>0x2af5</value>
         <object_component_ref idref="oc-288"/>
      </symbol>
      <symbol id="sm-556">
         <name>__TI_readmsg</name>
         <value>0x4957</value>
         <object_component_ref idref="oc-2ee"/>
      </symbol>
      <symbol id="sm-557">
         <name>C$$IO$$</name>
         <value>0x4953</value>
         <object_component_ref idref="oc-2ee"/>
      </symbol>
      <symbol id="sm-558">
         <name>__CIOBUF_</name>
         <value>0x20000758</value>
         <object_component_ref idref="oc-337"/>
      </symbol>
      <symbol id="sm-559">
         <name>__TI_writemsg</name>
         <value>0x4925</value>
         <object_component_ref idref="oc-2ee"/>
      </symbol>
      <symbol id="sm-572">
         <name>_nop</name>
         <value>0x4eeb</value>
         <object_component_ref idref="oc-13d"/>
      </symbol>
      <symbol id="sm-573">
         <name>_lock</name>
         <value>0x2000072c</value>
         <object_component_ref idref="oc-b4"/>
      </symbol>
      <symbol id="sm-574">
         <name>_unlock</name>
         <value>0x20000730</value>
         <object_component_ref idref="oc-b4"/>
      </symbol>
      <symbol id="sm-575">
         <name>_register_lock</name>
         <value>0x4ee3</value>
         <object_component_ref idref="oc-13d"/>
      </symbol>
      <symbol id="sm-576">
         <name>_register_unlock</name>
         <value>0x4edd</value>
         <object_component_ref idref="oc-13d"/>
      </symbol>
      <symbol id="sm-67b">
         <name>__TI_printfi</name>
         <value>0xec7</value>
         <object_component_ref idref="oc-1a0"/>
      </symbol>
      <symbol id="sm-690">
         <name>_args_main</name>
         <value>0x4e95</value>
         <object_component_ref idref="oc-62"/>
      </symbol>
      <symbol id="sm-6a6">
         <name>atoi</name>
         <value>0x4bb5</value>
         <object_component_ref idref="oc-264"/>
      </symbol>
      <symbol id="sm-6cc">
         <name>__TI_auto_init</name>
         <value>0x484d</value>
         <object_component_ref idref="oc-5c"/>
      </symbol>
      <symbol id="sm-6e6">
         <name>copy_in</name>
         <value>0x4c01</value>
         <object_component_ref idref="oc-aa"/>
      </symbol>
      <symbol id="sm-6f1">
         <name>_ctypes_</name>
         <value>0x4f4c</value>
         <object_component_ref idref="oc-2dc"/>
      </symbol>
      <symbol id="sm-707">
         <name>__TI_closefile</name>
         <value>0x4525</value>
         <object_component_ref idref="oc-1ec"/>
      </symbol>
      <symbol id="sm-708">
         <name>fclose</name>
         <value>0x458b</value>
         <object_component_ref idref="oc-1ec"/>
      </symbol>
      <symbol id="sm-72c">
         <name>__aeabi_dsub</name>
         <value>0x3505</value>
         <object_component_ref idref="oc-24d"/>
      </symbol>
      <symbol id="sm-72d">
         <name>__aeabi_dadd</name>
         <value>0x350f</value>
         <object_component_ref idref="oc-24d"/>
      </symbol>
      <symbol id="sm-754">
         <name>__aeabi_cdcmpeq</name>
         <value>0x4655</value>
         <object_component_ref idref="oc-229"/>
      </symbol>
      <symbol id="sm-755">
         <name>__aeabi_cdcmple</name>
         <value>0x4655</value>
         <object_component_ref idref="oc-229"/>
      </symbol>
      <symbol id="sm-756">
         <name>__aeabi_cdrcmple</name>
         <value>0x46db</value>
         <object_component_ref idref="oc-238"/>
      </symbol>
      <symbol id="sm-776">
         <name>__aeabi_ddiv</name>
         <value>0x3951</value>
         <object_component_ref idref="oc-233"/>
      </symbol>
      <symbol id="sm-78d">
         <name>__aeabi_dmul</name>
         <value>0x3df1</value>
         <object_component_ref idref="oc-22e"/>
      </symbol>
      <symbol id="sm-79b">
         <name>__aeabi_d2iz</name>
         <value>0x4c4d</value>
         <object_component_ref idref="oc-23d"/>
      </symbol>
      <symbol id="sm-7b5">
         <name>__TI_doflush</name>
         <value>0x41ad</value>
         <object_component_ref idref="oc-20e"/>
      </symbol>
      <symbol id="sm-7b6">
         <name>fflush</name>
         <value>0x41f9</value>
         <object_component_ref idref="oc-20e"/>
      </symbol>
      <symbol id="sm-7cd">
         <name>putc</name>
         <value>0x45bd</value>
         <object_component_ref idref="oc-194"/>
      </symbol>
      <symbol id="sm-7ce">
         <name>fputc</name>
         <value>0x45bd</value>
         <object_component_ref idref="oc-194"/>
      </symbol>
      <symbol id="sm-7cf">
         <name>putchar</name>
         <value>0x4641</value>
         <object_component_ref idref="oc-194"/>
      </symbol>
      <symbol id="sm-7f1">
         <name>puts</name>
         <value>0x3b95</value>
         <object_component_ref idref="oc-19a"/>
      </symbol>
      <symbol id="sm-7f2">
         <name>fputs</name>
         <value>0x3a89</value>
         <object_component_ref idref="oc-19a"/>
      </symbol>
      <symbol id="sm-7ff">
         <name>frexp</name>
         <value>0x4e09</value>
         <object_component_ref idref="oc-252"/>
      </symbol>
      <symbol id="sm-80b">
         <name>__aeabi_i2d</name>
         <value>0x4dad</value>
         <object_component_ref idref="oc-248"/>
      </symbol>
      <symbol id="sm-81c">
         <name>ldexp</name>
         <value>0x4b11</value>
         <object_component_ref idref="oc-258"/>
      </symbol>
      <symbol id="sm-82b">
         <name>ltoa</name>
         <value>0x4abd</value>
         <object_component_ref idref="oc-242"/>
      </symbol>
      <symbol id="sm-83b">
         <name>memccpy</name>
         <value>0x4e77</value>
         <object_component_ref idref="oc-25e"/>
      </symbol>
      <symbol id="sm-84b">
         <name>memchr</name>
         <value>0x4e57</value>
         <object_component_ref idref="oc-21c"/>
      </symbol>
      <symbol id="sm-8bd">
         <name>_sys_memory</name>
         <value>0x20000000</value>
         <object_component_ref idref="oc-2e"/>
      </symbol>
      <symbol id="sm-8be">
         <name>free</name>
         <value>0x214b</value>
         <object_component_ref idref="oc-1f8"/>
      </symbol>
      <symbol id="sm-8bf">
         <name>realloc</name>
         <value>0x220d</value>
         <object_component_ref idref="oc-1f8"/>
      </symbol>
      <symbol id="sm-8c0">
         <name>memalign</name>
         <value>0x2319</value>
         <object_component_ref idref="oc-1f8"/>
      </symbol>
      <symbol id="sm-8c1">
         <name>calloc</name>
         <value>0x23fd</value>
         <object_component_ref idref="oc-1f8"/>
      </symbol>
      <symbol id="sm-8c2">
         <name>malloc</name>
         <value>0x20e3</value>
         <object_component_ref idref="oc-1f8"/>
      </symbol>
      <symbol id="sm-8c3">
         <name>minit</name>
         <value>0x2055</value>
         <object_component_ref idref="oc-1f8"/>
      </symbol>
      <symbol id="sm-8d2">
         <name>strcpy</name>
         <value>0x4ef1</value>
         <object_component_ref idref="oc-2f4"/>
      </symbol>
      <symbol id="sm-8e0">
         <name>strlen</name>
         <value>0x4f05</value>
         <object_component_ref idref="oc-216"/>
      </symbol>
      <symbol id="sm-90a">
         <name>__aeabi_uldivmod</name>
         <value>0x2f6d</value>
         <object_component_ref idref="oc-224"/>
      </symbol>
      <symbol id="sm-92b">
         <name>_Dscale</name>
         <value>0x3ce1</value>
         <object_component_ref idref="oc-2cc"/>
      </symbol>
      <symbol id="sm-93f">
         <name>_Dunscale</name>
         <value>0x498d</value>
         <object_component_ref idref="oc-2c4"/>
      </symbol>
      <symbol id="sm-94e">
         <name>_Feraise</name>
         <value>0x4d7d</value>
         <object_component_ref idref="oc-2d2"/>
      </symbol>
      <symbol id="sm-95e">
         <name>_Rteps</name>
         <value>0x200006d0</value>
         <object_component_ref idref="oc-31f"/>
      </symbol>
      <symbol id="sm-95f">
         <name>_Zero</name>
         <value>0x200006e8</value>
         <object_component_ref idref="oc-31f"/>
      </symbol>
      <symbol id="sm-960">
         <name>_Hugeval</name>
         <value>0x20000690</value>
         <object_component_ref idref="oc-31f"/>
      </symbol>
      <symbol id="sm-961">
         <name>_Snan</name>
         <value>0x200006c0</value>
         <object_component_ref idref="oc-31f"/>
      </symbol>
      <symbol id="sm-962">
         <name>_Nan</name>
         <value>0x200006b0</value>
         <object_component_ref idref="oc-31f"/>
      </symbol>
      <symbol id="sm-963">
         <name>_Inf</name>
         <value>0x200006a0</value>
         <object_component_ref idref="oc-31f"/>
      </symbol>
      <symbol id="sm-964">
         <name>_Xbig</name>
         <value>0x200006e0</value>
         <object_component_ref idref="oc-31f"/>
      </symbol>
      <symbol id="sm-965">
         <name>_Eps</name>
         <value>0x20000680</value>
         <object_component_ref idref="oc-31f"/>
      </symbol>
      <symbol id="sm-966">
         <name>_Denorm</name>
         <value>0x20000670</value>
         <object_component_ref idref="oc-31f"/>
      </symbol>
      <symbol id="sm-97f">
         <name>__TI_wrt_ok</name>
         <value>0x4333</value>
         <object_component_ref idref="oc-208"/>
      </symbol>
      <symbol id="sm-980">
         <name>__TI_rd_ok</name>
         <value>0x4395</value>
         <object_component_ref idref="oc-208"/>
      </symbol>
      <symbol id="sm-988">
         <name>_Errno</name>
         <value>0x20000744</value>
         <object_component_ref idref="oc-32a"/>
      </symbol>
      <symbol id="sm-9a6">
         <name>feraiseexcept</name>
         <value>0x4d19</value>
         <object_component_ref idref="oc-324"/>
      </symbol>
      <symbol id="sm-9a7">
         <name>_Tls_setup__Fenv</name>
         <value>0x20000740</value>
         <object_component_ref idref="oc-355"/>
      </symbol>
      <symbol id="sm-9a8">
         <name>_Fenv</name>
         <value>0x2000073c</value>
         <object_component_ref idref="oc-355"/>
      </symbol>
      <symbol id="sm-9ba">
         <name>fseek</name>
         <value>0x4a59</value>
         <object_component_ref idref="oc-2a8"/>
      </symbol>
      <symbol id="sm-9ce">
         <name>raise</name>
         <value>0x4ddb</value>
         <object_component_ref idref="oc-34f"/>
      </symbol>
      <symbol id="sm-9e8">
         <name>signal</name>
         <value>0x4cd9</value>
         <object_component_ref idref="oc-365"/>
      </symbol>
      <symbol id="sm-9fd">
         <name>_Dnorm</name>
         <value>0x4275</value>
         <object_component_ref idref="oc-315"/>
      </symbol>
      <symbol id="sm-9fe">
         <name>__TI_static_base__</name>
         <value>0x0</value>
      </symbol>
      <symbol id="sm-a01">
         <name>SHT$$INIT_ARRAY$$Limit</name>
         <value>0x0</value>
      </symbol>
      <symbol id="sm-a02">
         <name>SHT$$INIT_ARRAY$$Base</name>
         <value>0x0</value>
      </symbol>
      <symbol id="sm-a03">
         <name>NMI_Handler</name>
         <value>0x4f33</value>
      </symbol>
      <symbol id="sm-a04">
         <name>HardFault_Handler</name>
         <value>0x4f33</value>
      </symbol>
      <symbol id="sm-a05">
         <name>MemManage_Handler</name>
         <value>0x4f33</value>
      </symbol>
      <symbol id="sm-a06">
         <name>BusFault_Handler</name>
         <value>0x4f33</value>
      </symbol>
      <symbol id="sm-a07">
         <name>UsageFault_Handler</name>
         <value>0x4f33</value>
      </symbol>
      <symbol id="sm-a08">
         <name>SVC_Handler</name>
         <value>0x4f33</value>
      </symbol>
      <symbol id="sm-a09">
         <name>DebugMon_Handler</name>
         <value>0x4f33</value>
      </symbol>
      <symbol id="sm-a0a">
         <name>PendSV_Handler</name>
         <value>0x4f33</value>
      </symbol>
      <symbol id="sm-a0b">
         <name>SysTick_Handler</name>
         <value>0x4f33</value>
      </symbol>
      <symbol id="sm-a0c">
         <name>PSS_IRQHandler</name>
         <value>0x4f33</value>
      </symbol>
      <symbol id="sm-a0d">
         <name>CS_IRQHandler</name>
         <value>0x4f33</value>
      </symbol>
      <symbol id="sm-a0e">
         <name>PCM_IRQHandler</name>
         <value>0x4f33</value>
      </symbol>
      <symbol id="sm-a0f">
         <name>WDT_A_IRQHandler</name>
         <value>0x4f33</value>
      </symbol>
      <symbol id="sm-a10">
         <name>FPU_IRQHandler</name>
         <value>0x4f33</value>
      </symbol>
      <symbol id="sm-a11">
         <name>FLCTL_IRQHandler</name>
         <value>0x4f33</value>
      </symbol>
      <symbol id="sm-a12">
         <name>COMP_E0_IRQHandler</name>
         <value>0x4f33</value>
      </symbol>
      <symbol id="sm-a13">
         <name>COMP_E1_IRQHandler</name>
         <value>0x4f33</value>
      </symbol>
      <symbol id="sm-a14">
         <name>TA0_0_IRQHandler</name>
         <value>0x4f33</value>
      </symbol>
      <symbol id="sm-a15">
         <name>TA0_N_IRQHandler</name>
         <value>0x4f33</value>
      </symbol>
      <symbol id="sm-a16">
         <name>TA1_0_IRQHandler</name>
         <value>0x4453</value>
      </symbol>
      <symbol id="sm-a17">
         <name>TA1_N_IRQHandler</name>
         <value>0x4f33</value>
      </symbol>
      <symbol id="sm-a18">
         <name>TA2_0_IRQHandler</name>
         <value>0x4f33</value>
      </symbol>
      <symbol id="sm-a19">
         <name>TA2_N_IRQHandler</name>
         <value>0x4f33</value>
      </symbol>
      <symbol id="sm-a1a">
         <name>TA3_0_IRQHandler</name>
         <value>0x4f33</value>
      </symbol>
      <symbol id="sm-a1b">
         <name>TA3_N_IRQHandler</name>
         <value>0x4f33</value>
      </symbol>
      <symbol id="sm-a1c">
         <name>EUSCIA0_IRQHandler</name>
         <value>0x4f33</value>
      </symbol>
      <symbol id="sm-a1d">
         <name>EUSCIA1_IRQHandler</name>
         <value>0x4f33</value>
      </symbol>
      <symbol id="sm-a1e">
         <name>EUSCIA2_IRQHandler</name>
         <value>0x4f33</value>
      </symbol>
      <symbol id="sm-a1f">
         <name>EUSCIA3_IRQHandler</name>
         <value>0x4f33</value>
      </symbol>
      <symbol id="sm-a20">
         <name>EUSCIB0_IRQHandler</name>
         <value>0x4f33</value>
      </symbol>
      <symbol id="sm-a21">
         <name>EUSCIB1_IRQHandler</name>
         <value>0x4f33</value>
      </symbol>
      <symbol id="sm-a22">
         <name>EUSCIB2_IRQHandler</name>
         <value>0x4f33</value>
      </symbol>
      <symbol id="sm-a23">
         <name>EUSCIB3_IRQHandler</name>
         <value>0x4f33</value>
      </symbol>
      <symbol id="sm-a24">
         <name>ADC14_IRQHandler</name>
         <value>0x4f33</value>
      </symbol>
      <symbol id="sm-a25">
         <name>T32_INT1_IRQHandler</name>
         <value>0x4f33</value>
      </symbol>
      <symbol id="sm-a26">
         <name>T32_INT2_IRQHandler</name>
         <value>0x4f33</value>
      </symbol>
      <symbol id="sm-a27">
         <name>T32_INTC_IRQHandler</name>
         <value>0x4f33</value>
      </symbol>
      <symbol id="sm-a28">
         <name>AES256_IRQHandler</name>
         <value>0x4f33</value>
      </symbol>
      <symbol id="sm-a29">
         <name>RTC_C_IRQHandler</name>
         <value>0x4f33</value>
      </symbol>
      <symbol id="sm-a2a">
         <name>DMA_ERR_IRQHandler</name>
         <value>0x4f33</value>
      </symbol>
      <symbol id="sm-a2b">
         <name>DMA_INT3_IRQHandler</name>
         <value>0x4f33</value>
      </symbol>
      <symbol id="sm-a2c">
         <name>DMA_INT2_IRQHandler</name>
         <value>0x4f33</value>
      </symbol>
      <symbol id="sm-a2d">
         <name>DMA_INT1_IRQHandler</name>
         <value>0x4f33</value>
      </symbol>
      <symbol id="sm-a2e">
         <name>DMA_INT0_IRQHandler</name>
         <value>0x4f33</value>
      </symbol>
      <symbol id="sm-a2f">
         <name>PORT1_IRQHandler</name>
         <value>0x190d</value>
      </symbol>
      <symbol id="sm-a30">
         <name>PORT2_IRQHandler</name>
         <value>0x4f33</value>
      </symbol>
      <symbol id="sm-a31">
         <name>PORT3_IRQHandler</name>
         <value>0x4f33</value>
      </symbol>
      <symbol id="sm-a32">
         <name>PORT4_IRQHandler</name>
         <value>0x3c95</value>
      </symbol>
      <symbol id="sm-a33">
         <name>PORT5_IRQHandler</name>
         <value>0x4f33</value>
      </symbol>
      <symbol id="sm-a34">
         <name>PORT6_IRQHandler</name>
         <value>0x4f33</value>
      </symbol>
      <symbol id="sm-a35">
         <name>remove</name>
         <value>0x27f5</value>
      </symbol>
   </symbol_table>
   <title>Link successful</title>
</link_info>
