******************************************************************************
                  TI ARM Linker PC v5.2.9                      
******************************************************************************
>> Linked Thu Dec 01 00:50:28 2022

OUTPUT FILE NAME:   <Tracker.out>
ENTRY POINT SYMBOL: "_c_int00"  address: 00000d65


MEMORY CONFIGURATION

         name            origin    length      used     unused   attr    fill
----------------------  --------  ---------  --------  --------  ----  --------
  MAIN                  00000000   00040000  00000ec2  0003f13e  R  X
  INFO                  00200000   00004000  00000000  00004000  R  X
  SRAM_CODE             01000000   00010000  00000000  00010000  RW X
  SRAM_DATA             20000000   00010000  00000230  0000fdd0  RW  


SEGMENT ALLOCATION MAP

run origin  load origin   length   init length attrs members
----------  ----------- ---------- ----------- ----- -------
00000000    00000000    00000ec4   00000ec4    r-x
  00000000    00000000    000000e4   000000e4    r-- .intvecs
  000000e4    000000e4    00000db2   00000db2    r-x .text
  00000e98    00000e98    0000002c   0000002c    r-- .cinit
20000000    20000000    00000030   00000000    rw-
  20000000    20000000    00000030   00000000    rw- .data
2000fe00    2000fe00    00000200   00000000    rw-
  2000fe00    2000fe00    00000200   00000000    rw- .stack


SECTION ALLOCATION MAP

 output                                  attributes/
section   page    origin      length       input sections
--------  ----  ----------  ----------   ----------------
.intvecs   0    00000000    000000e4     
                  00000000    000000e4     startup_msp432p401r_ccs.obj (.intvecs:retain)

.text      0    000000e4    00000db2     
                  000000e4    00000334     system_msp432p401r.obj (.text)
                  00000418    00000228     PWM.obj (.text)
                  00000640    0000021c     main.obj (.text)
                  0000085c    000001e0     Clock.obj (.text)
                  00000a3c    00000138     Motor.obj (.text)
                  00000b74    0000009c     rtsv7M4_T_le_v4SPD16_eabi.lib : memcpy_t2.obj (.text)
                  00000c10    0000007a                                   : memset_t2.obj (.text)
                  00000c8a    00000002     --HOLE-- [fill = 0]
                  00000c8c    0000006c                                   : autoinit.obj (.text)
                  00000cf8    0000006a                                   : copy_decompress_rle.obj (.text)
                  00000d62    00000002     --HOLE-- [fill = 0]
                  00000d64    00000050                                   : boot.obj (.text)
                  00000db4    0000004c                                   : cpy_tbl.obj (.text)
                  00000e00    00000044                                   : exit.obj (.text)
                  00000e44    00000018                                   : args_main.obj (.text)
                  00000e5c    00000014                                   : _lock.obj (.text)
                  00000e70    0000000e                                   : copy_decompress_none.obj (.text:decompress:none)
                  00000e7e    0000000e     startup_msp432p401r_ccs.obj (.text)
                  00000e8c    00000006     rtsv7M4_T_le_v4SPD16_eabi.lib : copy_decompress_rle.obj (.text:decompress:rle24)
                  00000e92    00000004                                   : pre_init.obj (.text)

.cinit     0    00000e98    0000002c     
                  00000e98    00000019     (.cinit..data.load) [load image, compression = rle]
                  00000eb1    00000003     --HOLE-- [fill = 0]
                  00000eb4    00000008     (__TI_handler_table)
                  00000ebc    00000008     (__TI_cinit_table)

.init_array 
*          0    00000000    00000000     UNINITIALIZED

.data      0    20000000    00000030     UNINITIALIZED
                  20000000    00000018     Clock.obj (.data)
                  20000018    00000008     rtsv7M4_T_le_v4SPD16_eabi.lib : _lock.obj (.data)
                  20000020    00000008                                   : exit.obj (.data)
                  20000028    00000004                                   : stkdepth_vars.obj (.data)
                  2000002c    00000004     system_msp432p401r.obj (.data)

.TI.persistent 
*          0    20000000    00000000     UNINITIALIZED

.stack     0    2000fe00    00000200     UNINITIALIZED
                  2000fe00    00000200     --HOLE--


LINKER GENERATED COPY TABLES

__TI_cinit_table @ 00000ebc records: 1, size/record: 8, table size: 8
	.data: load addr=00000e98, load size=00000019 bytes, run addr=20000000, run size=00000030 bytes, compression=rle


LINKER GENERATED HANDLER TABLE

__TI_handler_table @ 00000eb4 records: 2, size/record: 4, table size: 8
	index: 0, handler: __TI_decompress_rle24
	index: 1, handler: __TI_decompress_none


GLOBAL SYMBOLS: SORTED ALPHABETICALLY BY Name 

address   name                    
-------   ----                    
00000e8b  ADC14_IRQHandler        
00000e8b  AES256_IRQHandler       
00000e8b  BusFault_Handler        
00000e01  C$$EXIT                 
00000e8b  COMP_E0_IRQHandler      
00000e8b  COMP_E1_IRQHandler      
20000008  CPMwait                 
00000e8b  CS_IRQHandler           
20000000  ClockFrequency          
000009b1  Clock_Delay1ms          
00000987  Clock_Delay1us          
00000973  Clock_GetFreq           
0000085d  Clock_Init48MHz         
20000014  Crystalstable           
00000e8b  DMA_ERR_IRQHandler      
00000e8b  DMA_INT0_IRQHandler     
00000e8b  DMA_INT1_IRQHandler     
00000e8b  DMA_INT2_IRQHandler     
00000e8b  DMA_INT3_IRQHandler     
00000e8b  DebugMon_Handler        
00000e8b  Default_Handler         
00000e8b  EUSCIA0_IRQHandler      
00000e8b  EUSCIA1_IRQHandler      
00000e8b  EUSCIA2_IRQHandler      
00000e8b  EUSCIA3_IRQHandler      
00000e8b  EUSCIB0_IRQHandler      
00000e8b  EUSCIB1_IRQHandler      
00000e8b  EUSCIB2_IRQHandler      
00000e8b  EUSCIB3_IRQHandler      
00000e8b  FLCTL_IRQHandler        
00000e8b  FPU_IRQHandler          
00000e8b  HardFault_Handler       
20000010  IFlags                  
00000e8b  MemManage_Handler       
00000b2b  Motor_Backward          
00000a87  Motor_Forward           
00000a3d  Motor_Init              
00000af1  Motor_Left              
00000ab7  Motor_Right             
00000a67  Motor_Stop              
00000e8b  NMI_Handler             
00000e8b  PCM_IRQHandler          
00000e8b  PORT1_IRQHandler        
00000e8b  PORT2_IRQHandler        
00000e8b  PORT3_IRQHandler        
00000e8b  PORT4_IRQHandler        
00000e8b  PORT5_IRQHandler        
00000e8b  PORT6_IRQHandler        
00000e8b  PSS_IRQHandler          
00000503  PWM_Duty1               
00000523  PWM_Duty2               
000005c7  PWM_Duty3               
000005e7  PWM_Duty4               
00000419  PWM_Init1               
0000047f  PWM_Init12              
00000543  PWM_Init34              
00000e8b  PendSV_Handler          
00000641  Port1_Init              
00000661  Port1_Input             
0000066b  Port1_Output            
2000000c  Postwait                
20000004  Prewait                 
00000e8b  RTC_C_IRQHandler        
00000e7f  Reset_Handler           
UNDEFED   SHT$$INIT_ARRAY$$Base   
UNDEFED   SHT$$INIT_ARRAY$$Limit  
00000e8b  SVC_Handler             
00000e8b  SysTick_Handler         
2000002c  SystemCoreClock         
000000e5  SystemCoreClockUpdate   
0000035d  SystemInit              
00000e8b  T32_INT1_IRQHandler     
00000e8b  T32_INT2_IRQHandler     
00000e8b  T32_INTC_IRQHandler     
00000e8b  TA0_0_IRQHandler        
00000e8b  TA0_N_IRQHandler        
00000e8b  TA1_0_IRQHandler        
00000e8b  TA1_N_IRQHandler        
00000e8b  TA2_0_IRQHandler        
00000e8b  TA2_N_IRQHandler        
00000e8b  TA3_0_IRQHandler        
00000e8b  TA3_N_IRQHandler        
00000e8b  UsageFault_Handler      
4000480c  WDTCTL_SYM              
00000e8b  WDT_A_IRQHandler        
20010000  __STACK_END             
00000200  __STACK_SIZE            
00000ebc  __TI_CINIT_Base         
00000ec4  __TI_CINIT_Limit        
00000eb4  __TI_Handler_Table_Base 
00000ebc  __TI_Handler_Table_Limit
00000c8d  __TI_auto_init          
20000020  __TI_cleanup_ptr        
00000e71  __TI_decompress_none    
00000e8d  __TI_decompress_rle24   
20000024  __TI_dtors_ptr          
00000000  __TI_static_base__      
00000c11  __aeabi_memclr          
00000c11  __aeabi_memclr4         
00000c11  __aeabi_memclr8         
00000b75  __aeabi_memcpy          
00000b75  __aeabi_memcpy4         
00000b75  __aeabi_memcpy8         
00000c13  __aeabi_memset          
00000c13  __aeabi_memset4         
00000c13  __aeabi_memset8         
ffffffff  __binit__               
ffffffff  __c_args__              
2000fe00  __stack                 
00000e45  _args_main              
00000d65  _c_int00                
20000018  _lock                   
00000e6b  _nop                    
00000e63  _register_lock          
00000e5d  _register_unlock        
00000e93  _system_pre_init        
2000001c  _unlock                 
00000e05  abort                   
ffffffff  binit                   
00000db5  copy_in                 
00000979  delay                   
00000e0d  exit                    
00000000  interruptVectors        
0000067f  main                    
20000028  main_func_sp            
00000b75  memcpy                  
00000c19  memset                  


GLOBAL SYMBOLS: SORTED BY Symbol Address 

address   name                    
-------   ----                    
00000000  __TI_static_base__      
00000000  interruptVectors        
000000e5  SystemCoreClockUpdate   
00000200  __STACK_SIZE            
0000035d  SystemInit              
00000419  PWM_Init1               
0000047f  PWM_Init12              
00000503  PWM_Duty1               
00000523  PWM_Duty2               
00000543  PWM_Init34              
000005c7  PWM_Duty3               
000005e7  PWM_Duty4               
00000641  Port1_Init              
00000661  Port1_Input             
0000066b  Port1_Output            
0000067f  main                    
0000085d  Clock_Init48MHz         
00000973  Clock_GetFreq           
00000979  delay                   
00000987  Clock_Delay1us          
000009b1  Clock_Delay1ms          
00000a3d  Motor_Init              
00000a67  Motor_Stop              
00000a87  Motor_Forward           
00000ab7  Motor_Right             
00000af1  Motor_Left              
00000b2b  Motor_Backward          
00000b75  __aeabi_memcpy          
00000b75  __aeabi_memcpy4         
00000b75  __aeabi_memcpy8         
00000b75  memcpy                  
00000c11  __aeabi_memclr          
00000c11  __aeabi_memclr4         
00000c11  __aeabi_memclr8         
00000c13  __aeabi_memset          
00000c13  __aeabi_memset4         
00000c13  __aeabi_memset8         
00000c19  memset                  
00000c8d  __TI_auto_init          
00000d65  _c_int00                
00000db5  copy_in                 
00000e01  C$$EXIT                 
00000e05  abort                   
00000e0d  exit                    
00000e45  _args_main              
00000e5d  _register_unlock        
00000e63  _register_lock          
00000e6b  _nop                    
00000e71  __TI_decompress_none    
00000e7f  Reset_Handler           
00000e8b  ADC14_IRQHandler        
00000e8b  AES256_IRQHandler       
00000e8b  BusFault_Handler        
00000e8b  COMP_E0_IRQHandler      
00000e8b  COMP_E1_IRQHandler      
00000e8b  CS_IRQHandler           
00000e8b  DMA_ERR_IRQHandler      
00000e8b  DMA_INT0_IRQHandler     
00000e8b  DMA_INT1_IRQHandler     
00000e8b  DMA_INT2_IRQHandler     
00000e8b  DMA_INT3_IRQHandler     
00000e8b  DebugMon_Handler        
00000e8b  Default_Handler         
00000e8b  EUSCIA0_IRQHandler      
00000e8b  EUSCIA1_IRQHandler      
00000e8b  EUSCIA2_IRQHandler      
00000e8b  EUSCIA3_IRQHandler      
00000e8b  EUSCIB0_IRQHandler      
00000e8b  EUSCIB1_IRQHandler      
00000e8b  EUSCIB2_IRQHandler      
00000e8b  EUSCIB3_IRQHandler      
00000e8b  FLCTL_IRQHandler        
00000e8b  FPU_IRQHandler          
00000e8b  HardFault_Handler       
00000e8b  MemManage_Handler       
00000e8b  NMI_Handler             
00000e8b  PCM_IRQHandler          
00000e8b  PORT1_IRQHandler        
00000e8b  PORT2_IRQHandler        
00000e8b  PORT3_IRQHandler        
00000e8b  PORT4_IRQHandler        
00000e8b  PORT5_IRQHandler        
00000e8b  PORT6_IRQHandler        
00000e8b  PSS_IRQHandler          
00000e8b  PendSV_Handler          
00000e8b  RTC_C_IRQHandler        
00000e8b  SVC_Handler             
00000e8b  SysTick_Handler         
00000e8b  T32_INT1_IRQHandler     
00000e8b  T32_INT2_IRQHandler     
00000e8b  T32_INTC_IRQHandler     
00000e8b  TA0_0_IRQHandler        
00000e8b  TA0_N_IRQHandler        
00000e8b  TA1_0_IRQHandler        
00000e8b  TA1_N_IRQHandler        
00000e8b  TA2_0_IRQHandler        
00000e8b  TA2_N_IRQHandler        
00000e8b  TA3_0_IRQHandler        
00000e8b  TA3_N_IRQHandler        
00000e8b  UsageFault_Handler      
00000e8b  WDT_A_IRQHandler        
00000e8d  __TI_decompress_rle24   
00000e93  _system_pre_init        
00000eb4  __TI_Handler_Table_Base 
00000ebc  __TI_CINIT_Base         
00000ebc  __TI_Handler_Table_Limit
00000ec4  __TI_CINIT_Limit        
20000000  ClockFrequency          
20000004  Prewait                 
20000008  CPMwait                 
2000000c  Postwait                
20000010  IFlags                  
20000014  Crystalstable           
20000018  _lock                   
2000001c  _unlock                 
20000020  __TI_cleanup_ptr        
20000024  __TI_dtors_ptr          
20000028  main_func_sp            
2000002c  SystemCoreClock         
2000fe00  __stack                 
20010000  __STACK_END             
4000480c  WDTCTL_SYM              
ffffffff  __binit__               
ffffffff  __c_args__              
ffffffff  binit                   
UNDEFED   SHT$$INIT_ARRAY$$Base   
UNDEFED   SHT$$INIT_ARRAY$$Limit  

[127 symbols]
