******************************************************************************
                  TI ARM Linker PC v20.2.7                     
******************************************************************************
>> Linked Fri Dec  2 00:52:19 2022

OUTPUT FILE NAME:   <Lab12_Motors.out>
ENTRY POINT SYMBOL: "_c_int00_noargs"  address: 000016b1


MEMORY CONFIGURATION

         name            origin    length      used     unused   attr    fill
----------------------  --------  ---------  --------  --------  ----  --------
  MAIN                  00000000   00040000  00001830  0003e7d0  R  X
  INFO                  00200000   00004000  00000000  00004000  R  X
  SRAM_CODE             01000000   00010000  00000338  0000fcc8  RW X
  SRAM_DATA             20000000   00010000  00000338  0000fcc8  RW  


SEGMENT ALLOCATION MAP

run origin  load origin   length   init length attrs members
----------  ----------- ---------- ----------- ----- -------
00000000    00000000    00001830   00001830    r-x
  00000000    00000000    000000e4   000000e4    r-- .intvecs
  000000e4    000000e4    00001640   00001640    r-x .text
  00001724    00001724    000000ac   000000ac    r-- .const
  000017d0    000017d0    00000060   00000060    r-- .cinit
20000000    20000000    00000138   00000000    rw-
  20000000    20000000    000000e4   00000000    rw- .vtable
  200000e4    200000e4    00000054   00000000    rw- .data
2000fe00    2000fe00    00000200   00000000    rw-
  2000fe00    2000fe00    00000200   00000000    rw- .stack


SECTION ALLOCATION MAP

 output                                  attributes/
section   page    origin      length       input sections
--------  ----  ----------  ----------   ----------------
.intvecs   0    00000000    000000e4     
                  00000000    000000e4     startup_msp432p401r_ccs.obj (.intvecs:retain)

.text      0    000000e4    00001640     
                  000000e4    00000480     gpio.obj (.text)
                  00000564    000003f0     interrupt.obj (.text)
                  00000954    0000032c     system_msp432p401r.obj (.text)
                  00000c80    0000023c     Lab12_Motorsmain.obj (.text)
                  00000ebc    00000228     PWM.obj (.text)
                  000010e4    000001e0     Clock.obj (.text)
                  000012c4    0000016c     Motor.obj (.text)
                  00001430    000000f8     LaunchPad.obj (.text)
                  00001528    0000009c     rtsv7M4_T_le_v4SPD16_eabi.lib : memcpy_t2.asm.obj (.text)
                  000015c4    00000068                                   : copy_decompress_lzss.c.obj (.text:decompress:lzss:__TI_decompress_lzss)
                  0000162c    00000044                                   : autoinit.c.obj (.text:__TI_auto_init_nobinit_nopinit:__TI_auto_init_nobinit_nopinit)
                  00001670    0000003e     cpu.obj (.text)
                  000016ae    00000002     --HOLE-- [fill = 0]
                  000016b0    00000034     rtsv7M4_T_le_v4SPD16_eabi.lib : boot_cortex_m.c.obj (.text:_c_int00_noargs:_c_int00_noargs)
                  000016e4    0000001c                                   : copy_zero_init.c.obj (.text:decompress:ZI:__TI_zero_init_nomemset:__TI_zero_init_nomemset)
                  00001700    0000000e                                   : copy_decompress_none.c.obj (.text:decompress:none:__TI_decompress_none)
                  0000170e    0000000e     startup_msp432p401r_ccs.obj (.text)
                  0000171c    00000004     rtsv7M4_T_le_v4SPD16_eabi.lib : pre_init.c.obj (.text:_system_pre_init)
                  00001720    00000004                                   : exit.c.obj (.text:abort:abort)

.const     0    00001724    000000ac     
                  00001724    00000050     interrupt.obj (.const:g_pulRegs)
                  00001774    00000020     interrupt.obj (.const:g_pulPriority)
                  00001794    0000001c     gpio.obj (.const:GPIO_PORT_TO_INT)
                  000017b0    00000008     interrupt.obj (.const:g_pulDisRegs)
                  000017b8    00000008     interrupt.obj (.const:g_pulEnRegs)
                  000017c0    00000008     interrupt.obj (.const:g_pulPendRegs)
                  000017c8    00000008     interrupt.obj (.const:g_pulUnpendRegs)

.cinit     0    000017d0    00000060     
                  000017d0    00000036     (.cinit..data.load) [load image, compression = lzss]
                  00001806    00000002     --HOLE-- [fill = 0]
                  00001808    0000000c     (__TI_handler_table)
                  00001814    00000004     --HOLE-- [fill = 0]
                  00001818    00000008     (.cinit..vtable.load) [load image, compression = zero_init]
                  00001820    00000010     (__TI_cinit_table)

.init_array 
*          0    00000000    00000000     UNINITIALIZED

.binit     0    00000000    00000000     

.vtable    0    20000000    000000e4     UNINITIALIZED
                  20000000    000000e4     interrupt.obj (.vtable)

.data      0    200000e4    00000054     UNINITIALIZED
                  200000e4    00000030     gpio.obj (.data:GPIO_PORT_TO_BASE)
                  20000114    00000018     Clock.obj (.data)
                  2000012c    00000008     Lab12_Motorsmain.obj (.data)
                  20000134    00000004     system_msp432p401r.obj (.data)

.stack     0    2000fe00    00000200     UNINITIALIZED
                  2000fe00    00000004     rtsv7M4_T_le_v4SPD16_eabi.lib : boot_cortex_m.c.obj (.stack)
                  2000fe04    000001fc     --HOLE--

__llvm_prf_cnts 
*          0    20000000    00000000     UNINITIALIZED

MODULE SUMMARY

       Module                        code   ro data   rw data
       ------                        ----   -------   -------
    .\
       system_msp432p401r.obj        812    0         8      
       Lab12_Motorsmain.obj          572    0         16     
       PWM.obj                       552    0         0      
       Clock.obj                     480    0         48     
       Motor.obj                     364    0         0      
       LaunchPad.obj                 248    0         0      
       startup_msp432p401r_ccs.obj   14     228       0      
    +--+-----------------------------+------+---------+---------+
       Total:                        3042   228       72     
                                                             
    .\MSP432P4xx\
       interrupt.obj                 1008   144       456    
       gpio.obj                      1152   28        96     
       cpu.obj                       62     0         0      
    +--+-----------------------------+------+---------+---------+
       Total:                        2222   172       552    
                                                             
    D:\MyPrograms\ccs\tools\compiler\ti-cgt-arm_20.2.7.LTS\lib\rtsv7M4_T_le_v4SPD16_eabi.lib
       memcpy_t2.asm.obj             156    0         0      
       copy_decompress_lzss.c.obj    104    0         0      
       autoinit.c.obj                68     0         0      
       boot_cortex_m.c.obj           52     0         0      
       copy_zero_init.c.obj          28     0         0      
       copy_decompress_none.c.obj    14     0         0      
       exit.c.obj                    4      0         0      
       pre_init.c.obj                4      0         0      
    +--+-----------------------------+------+---------+---------+
       Total:                        430    0         0      
                                                             
       Stack:                        0      0         1024   
       Linker Generated:             0      90        0      
    +--+-----------------------------+------+---------+---------+
       Grand Total:                  5694   490       1648   


LINKER GENERATED COPY TABLES

__TI_cinit_table @ 00001820 records: 2, size/record: 8, table size: 16
	.data: load addr=000017d0, load size=00000036 bytes, run addr=200000e4, run size=00000054 bytes, compression=lzss
	.vtable: load addr=00001818, load size=00000008 bytes, run addr=20000000, run size=000000e4 bytes, compression=zero_init


LINKER GENERATED HANDLER TABLE

__TI_handler_table @ 00001808 records: 3, size/record: 4, table size: 12
	index: 0, handler: __TI_zero_init
	index: 1, handler: __TI_decompress_lzss
	index: 2, handler: __TI_decompress_none


GLOBAL SYMBOLS: SORTED ALPHABETICALLY BY Name 

address   name                                       
-------   ----                                       
0000171b  ADC14_IRQHandler                           
0000171b  AES256_IRQHandler                          
0000171b  BusFault_Handler                           
00001721  C$$EXIT                                    
0000171b  COMP_E0_IRQHandler                         
0000171b  COMP_E1_IRQHandler                         
2000011c  CPMwait                                    
000016a5  CPU_basepriGet                             
00001697  CPU_basepriSet                             
00001671  CPU_cpsid                                  
00001687  CPU_cpsie                                  
0000167d  CPU_primask                                
00001693  CPU_wfi                                    
0000171b  CS_IRQHandler                              
20000114  ClockFrequency                             
00001239  Clock_Delay1ms                             
0000120f  Clock_Delay1us                             
000011fb  Clock_GetFreq                              
000010e5  Clock_Init48MHz                            
20000128  Crystalstable                              
0000171b  DMA_ERR_IRQHandler                         
0000171b  DMA_INT0_IRQHandler                        
0000171b  DMA_INT1_IRQHandler                        
0000171b  DMA_INT2_IRQHandler                        
0000171b  DMA_INT3_IRQHandler                        
0000171b  DebugMon_Handler                           
0000171b  Default_Handler                            
0000171b  EUSCIA0_IRQHandler                         
0000171b  EUSCIA1_IRQHandler                         
0000171b  EUSCIA2_IRQHandler                         
0000171b  EUSCIA3_IRQHandler                         
0000171b  EUSCIB0_IRQHandler                         
0000171b  EUSCIB1_IRQHandler                         
0000171b  EUSCIB2_IRQHandler                         
0000171b  EUSCIB3_IRQHandler                         
0000171b  FLCTL_IRQHandler                           
0000171b  FPU_IRQHandler                             
00000407  GPIO_clearInterruptFlag                    
000003c7  GPIO_disableInterrupt                      
000003a5  GPIO_enableInterrupt                       
0000045f  GPIO_getEnabledInterruptStatus             
00000377  GPIO_getInputPinValue                      
000003e9  GPIO_getInterruptStatus                    
00000429  GPIO_interruptEdgeSelect                   
0000051f  GPIO_registerInterrupt                     
0000011f  GPIO_setAsInputPin                         
000002d3  GPIO_setAsInputPinWithPullDownResistor     
00000325  GPIO_setAsInputPinWithPullUpResistor       
000000e5  GPIO_setAsOutputPin                        
000001e9  GPIO_setAsPeripheralModuleFunctionInputPin 
00000165  GPIO_setAsPeripheralModuleFunctionOutputPin
000004db  GPIO_setDriveStrengthHigh                  
000004fd  GPIO_setDriveStrengthLow                   
0000026d  GPIO_setOutputHighOnPin                    
0000028f  GPIO_setOutputLowOnPin                     
000002b1  GPIO_toggleOutputOnPin                     
0000053f  GPIO_unregisterInterrupt                   
0000171b  HardFault_Handler                          
20000124  IFlags                                     
00000727  Interrupt_disableInterrupt                 
00000577  Interrupt_disableMaster                    
00000925  Interrupt_disableSleepOnIsrExit            
000006b5  Interrupt_enableInterrupt                  
00000567  Interrupt_enableMaster                     
00000913  Interrupt_enableSleepOnIsrExit             
0000068f  Interrupt_getPriority                      
00000607  Interrupt_getPriorityGrouping              
000008f3  Interrupt_getPriorityMask                  
0000090d  Interrupt_getVectorTableAddress            
00000799  Interrupt_isEnabled                        
00000825  Interrupt_pendInterrupt                    
00000587  Interrupt_registerInterrupt                
0000063f  Interrupt_setPriority                      
000005ed  Interrupt_setPriorityGrouping              
000008e3  Interrupt_setPriorityMask                  
000008fd  Interrupt_setVectorTableAddress            
00000895  Interrupt_unpendInterrupt                  
000005d9  Interrupt_unregisterInterrupt              
00001431  LaunchPad_Init                             
000014a1  LaunchPad_Input                            
000014bf  LaunchPad_LED                              
000014dd  LaunchPad_Output                           
0000171b  MemManage_Handler                          
000013db  Motor_Backward                             
00001337  Motor_Forward                              
000012c5  Motor_Init                                 
000013a1  Motor_Left                                 
00001367  Motor_Right                                
00001317  Motor_Stop                                 
0000171b  NMI_Handler                                
0000171b  PCM_IRQHandler                             
00000e05  PORT1_IRQHandler                           
00000e05  PORT1_IRQHandler                           
0000171b  PORT2_IRQHandler                           
0000171b  PORT3_IRQHandler                           
0000171b  PORT4_IRQHandler                           
0000171b  PORT5_IRQHandler                           
0000171b  PORT6_IRQHandler                           
0000171b  PSS_IRQHandler                             
00000fa7  PWM_Duty1                                  
00000fc7  PWM_Duty2                                  
0000106b  PWM_Duty3                                  
0000108b  PWM_Duty4                                  
00000ebd  PWM_Init1                                  
00000f23  PWM_Init12                                 
00000fe7  PWM_Init34                                 
0000171b  PendSV_Handler                             
00000c81  Port1_Init                                 
00000cb5  Port1_Input                                
20000120  Postwait                                   
20000118  Prewait                                    
0000171b  RTC_C_IRQHandler                           
0000170f  Reset_Handler                              
0000171b  SVC_Handler                                
0000171b  SysTick_Handler                            
20000134  SystemCoreClock                            
00000955  SystemCoreClockUpdate                      
00000bc9  SystemInit                                 
0000171b  T32_INT1_IRQHandler                        
0000171b  T32_INT2_IRQHandler                        
0000171b  T32_INTC_IRQHandler                        
0000171b  TA0_0_IRQHandler                           
0000171b  TA0_N_IRQHandler                           
0000171b  TA1_0_IRQHandler                           
0000171b  TA1_N_IRQHandler                           
0000171b  TA2_0_IRQHandler                           
0000171b  TA2_N_IRQHandler                           
0000171b  TA3_0_IRQHandler                           
0000171b  TA3_N_IRQHandler                           
0000171b  UsageFault_Handler                         
4000480c  WDTCTL_SYM                                 
0000171b  WDT_A_IRQHandler                           
20010000  __STACK_END                                
00000200  __STACK_SIZE                               
00001820  __TI_CINIT_Base                            
00001830  __TI_CINIT_Limit                           
00001808  __TI_Handler_Table_Base                    
00001814  __TI_Handler_Table_Limit                   
0000162d  __TI_auto_init_nobinit_nopinit             
000015c5  __TI_decompress_lzss                       
00001701  __TI_decompress_none                       
ffffffff  __TI_pprof_out_hndl                        
ffffffff  __TI_prof_data_size                        
ffffffff  __TI_prof_data_start                       
00000000  __TI_static_base__                         
000016e5  __TI_zero_init_nomemset                    
00001529  __aeabi_memcpy                             
00001529  __aeabi_memcpy4                            
00001529  __aeabi_memcpy8                            
ffffffff  __binit__                                  
ffffffff  __c_args__                                 
UNDEFED   __mpu_init                                 
2000fe00  __stack                                    
20000000  __start___llvm_prf_cnts                    
20000000  __stop___llvm_prf_cnts                     
000016b1  _c_int00_noargs                            
UNDEFED   _system_post_cinit                         
0000171d  _system_pre_init                           
00001721  abort                                      
ffffffff  binit                                      
2000012c  count1                                     
20000130  count2                                     
00001201  delay                                      
20000000  g_pfnRAMVectors                            
00000000  interruptVectors                           
00000cbf  main                                       
00001529  memcpy                                     


GLOBAL SYMBOLS: SORTED BY Symbol Address 

address   name                                       
-------   ----                                       
00000000  __TI_static_base__                         
00000000  interruptVectors                           
000000e5  GPIO_setAsOutputPin                        
0000011f  GPIO_setAsInputPin                         
00000165  GPIO_setAsPeripheralModuleFunctionOutputPin
000001e9  GPIO_setAsPeripheralModuleFunctionInputPin 
00000200  __STACK_SIZE                               
0000026d  GPIO_setOutputHighOnPin                    
0000028f  GPIO_setOutputLowOnPin                     
000002b1  GPIO_toggleOutputOnPin                     
000002d3  GPIO_setAsInputPinWithPullDownResistor     
00000325  GPIO_setAsInputPinWithPullUpResistor       
00000377  GPIO_getInputPinValue                      
000003a5  GPIO_enableInterrupt                       
000003c7  GPIO_disableInterrupt                      
000003e9  GPIO_getInterruptStatus                    
00000407  GPIO_clearInterruptFlag                    
00000429  GPIO_interruptEdgeSelect                   
0000045f  GPIO_getEnabledInterruptStatus             
000004db  GPIO_setDriveStrengthHigh                  
000004fd  GPIO_setDriveStrengthLow                   
0000051f  GPIO_registerInterrupt                     
0000053f  GPIO_unregisterInterrupt                   
00000567  Interrupt_enableMaster                     
00000577  Interrupt_disableMaster                    
00000587  Interrupt_registerInterrupt                
000005d9  Interrupt_unregisterInterrupt              
000005ed  Interrupt_setPriorityGrouping              
00000607  Interrupt_getPriorityGrouping              
0000063f  Interrupt_setPriority                      
0000068f  Interrupt_getPriority                      
000006b5  Interrupt_enableInterrupt                  
00000727  Interrupt_disableInterrupt                 
00000799  Interrupt_isEnabled                        
00000825  Interrupt_pendInterrupt                    
00000895  Interrupt_unpendInterrupt                  
000008e3  Interrupt_setPriorityMask                  
000008f3  Interrupt_getPriorityMask                  
000008fd  Interrupt_setVectorTableAddress            
0000090d  Interrupt_getVectorTableAddress            
00000913  Interrupt_enableSleepOnIsrExit             
00000925  Interrupt_disableSleepOnIsrExit            
00000955  SystemCoreClockUpdate                      
00000bc9  SystemInit                                 
00000c81  Port1_Init                                 
00000cb5  Port1_Input                                
00000cbf  main                                       
00000e05  PORT1_IRQHandler                           
00000e05  PORT1_IRQHandler                           
00000ebd  PWM_Init1                                  
00000f23  PWM_Init12                                 
00000fa7  PWM_Duty1                                  
00000fc7  PWM_Duty2                                  
00000fe7  PWM_Init34                                 
0000106b  PWM_Duty3                                  
0000108b  PWM_Duty4                                  
000010e5  Clock_Init48MHz                            
000011fb  Clock_GetFreq                              
00001201  delay                                      
0000120f  Clock_Delay1us                             
00001239  Clock_Delay1ms                             
000012c5  Motor_Init                                 
00001317  Motor_Stop                                 
00001337  Motor_Forward                              
00001367  Motor_Right                                
000013a1  Motor_Left                                 
000013db  Motor_Backward                             
00001431  LaunchPad_Init                             
000014a1  LaunchPad_Input                            
000014bf  LaunchPad_LED                              
000014dd  LaunchPad_Output                           
00001529  __aeabi_memcpy                             
00001529  __aeabi_memcpy4                            
00001529  __aeabi_memcpy8                            
00001529  memcpy                                     
000015c5  __TI_decompress_lzss                       
0000162d  __TI_auto_init_nobinit_nopinit             
00001671  CPU_cpsid                                  
0000167d  CPU_primask                                
00001687  CPU_cpsie                                  
00001693  CPU_wfi                                    
00001697  CPU_basepriSet                             
000016a5  CPU_basepriGet                             
000016b1  _c_int00_noargs                            
000016e5  __TI_zero_init_nomemset                    
00001701  __TI_decompress_none                       
0000170f  Reset_Handler                              
0000171b  ADC14_IRQHandler                           
0000171b  AES256_IRQHandler                          
0000171b  BusFault_Handler                           
0000171b  COMP_E0_IRQHandler                         
0000171b  COMP_E1_IRQHandler                         
0000171b  CS_IRQHandler                              
0000171b  DMA_ERR_IRQHandler                         
0000171b  DMA_INT0_IRQHandler                        
0000171b  DMA_INT1_IRQHandler                        
0000171b  DMA_INT2_IRQHandler                        
0000171b  DMA_INT3_IRQHandler                        
0000171b  DebugMon_Handler                           
0000171b  Default_Handler                            
0000171b  EUSCIA0_IRQHandler                         
0000171b  EUSCIA1_IRQHandler                         
0000171b  EUSCIA2_IRQHandler                         
0000171b  EUSCIA3_IRQHandler                         
0000171b  EUSCIB0_IRQHandler                         
0000171b  EUSCIB1_IRQHandler                         
0000171b  EUSCIB2_IRQHandler                         
0000171b  EUSCIB3_IRQHandler                         
0000171b  FLCTL_IRQHandler                           
0000171b  FPU_IRQHandler                             
0000171b  HardFault_Handler                          
0000171b  MemManage_Handler                          
0000171b  NMI_Handler                                
0000171b  PCM_IRQHandler                             
0000171b  PORT2_IRQHandler                           
0000171b  PORT3_IRQHandler                           
0000171b  PORT4_IRQHandler                           
0000171b  PORT5_IRQHandler                           
0000171b  PORT6_IRQHandler                           
0000171b  PSS_IRQHandler                             
0000171b  PendSV_Handler                             
0000171b  RTC_C_IRQHandler                           
0000171b  SVC_Handler                                
0000171b  SysTick_Handler                            
0000171b  T32_INT1_IRQHandler                        
0000171b  T32_INT2_IRQHandler                        
0000171b  T32_INTC_IRQHandler                        
0000171b  TA0_0_IRQHandler                           
0000171b  TA0_N_IRQHandler                           
0000171b  TA1_0_IRQHandler                           
0000171b  TA1_N_IRQHandler                           
0000171b  TA2_0_IRQHandler                           
0000171b  TA2_N_IRQHandler                           
0000171b  TA3_0_IRQHandler                           
0000171b  TA3_N_IRQHandler                           
0000171b  UsageFault_Handler                         
0000171b  WDT_A_IRQHandler                           
0000171d  _system_pre_init                           
00001721  C$$EXIT                                    
00001721  abort                                      
00001808  __TI_Handler_Table_Base                    
00001814  __TI_Handler_Table_Limit                   
00001820  __TI_CINIT_Base                            
00001830  __TI_CINIT_Limit                           
20000000  __start___llvm_prf_cnts                    
20000000  __stop___llvm_prf_cnts                     
20000000  g_pfnRAMVectors                            
20000114  ClockFrequency                             
20000118  Prewait                                    
2000011c  CPMwait                                    
20000120  Postwait                                   
20000124  IFlags                                     
20000128  Crystalstable                              
2000012c  count1                                     
20000130  count2                                     
20000134  SystemCoreClock                            
2000fe00  __stack                                    
20010000  __STACK_END                                
4000480c  WDTCTL_SYM                                 
ffffffff  __TI_pprof_out_hndl                        
ffffffff  __TI_prof_data_size                        
ffffffff  __TI_prof_data_start                       
ffffffff  __binit__                                  
ffffffff  __c_args__                                 
ffffffff  binit                                      
UNDEFED   __mpu_init                                 
UNDEFED   _system_post_cinit                         

[167 symbols]
