******************************************************************************
                  TI ARM Linker PC v5.2.9                      
******************************************************************************
>> Linked Thu Dec 01 00:45:54 2022

OUTPUT FILE NAME:   <Tracker.out>
ENTRY POINT SYMBOL: "_c_int00"  address: 0000145d


MEMORY CONFIGURATION

         name            origin    length      used     unused   attr    fill
----------------------  --------  ---------  --------  --------  ----  --------
  RAM                   00000020   ffffffe0  000018e7  ffffe6f9  RWIX


SEGMENT ALLOCATION MAP

run origin  load origin   length   init length attrs members
----------  ----------- ---------- ----------- ----- -------
00000020    00000020    0000157a   0000157a    r-x
  00000020    00000020    0000157a   0000157a    r-x .text
0000159c    0000159c    0000024c   00000000    rw-
  0000159c    0000159c    0000003c   00000000    rw- .data
  000015d8    000015d8    0000000d   00000000    rw- .bss
  000015e8    000015e8    00000200   00000000    rw- .stack
000017e8    000017e8    00000128   00000128    r--
  000017e8    000017e8    000000e4   000000e4    r-- .intvecs
  000018d0    000018d0    00000040   00000040    r-- .cinit


SECTION ALLOCATION MAP

 output                                  attributes/
section   page    origin      length       input sections
--------  ----  ----------  ----------   ----------------
.text      0    00000020    0000157a     
                  00000020    00000630     TExaS.obj (.text)
                  00000650    00000334     system_msp432p401r.obj (.text)
                  00000984    00000228     PWM.obj (.text)
                  00000bac    0000021c     main.obj (.text)
                  00000dc8    000001e0     Clock.obj (.text)
                  00000fa8    00000138     Motor.obj (.text)
                  000010e0    000000e4     BumpInt.obj (.text)
                  000011c4    000000a8     TimerA1.obj (.text)
                  0000126c    0000009c     rtsv7M4_T_le_v4SPD16_eabi.lib : memcpy_t2.obj (.text)
                  00001308    0000007a                                   : memset_t2.obj (.text)
                  00001382    00000002     --HOLE-- [fill = 0]
                  00001384    0000006c                                   : autoinit.obj (.text)
                  000013f0    0000006a                                   : copy_decompress_rle.obj (.text)
                  0000145a    00000002     --HOLE-- [fill = 0]
                  0000145c    00000050                                   : boot.obj (.text)
                  000014ac    0000004c                                   : cpy_tbl.obj (.text)
                  000014f8    00000044                                   : exit.obj (.text)
                  0000153c    00000018                                   : args_main.obj (.text)
                  00001554    00000014                                   : _lock.obj (.text)
                  00001568    0000000e                                   : copy_decompress_none.obj (.text:decompress:none)
                  00001576    0000000e     startup_msp432p401r_ccs.obj (.text)
                  00001584    0000000c     rtsv7M4_T_le_v4SPD16_eabi.lib : copy_zero_init.obj (.text:decompress:ZI)
                  00001590    00000006                                   : copy_decompress_rle.obj (.text:decompress:rle24)
                  00001596    00000004                                   : pre_init.obj (.text)

.data      0    0000159c    0000003c     UNINITIALIZED
                  0000159c    00000018     Clock.obj (.data)
                  000015b4    0000000c     TExaS.obj (.data)
                  000015c0    00000008     rtsv7M4_T_le_v4SPD16_eabi.lib : _lock.obj (.data)
                  000015c8    00000008                                   : exit.obj (.data)
                  000015d0    00000004                                   : stkdepth_vars.obj (.data)
                  000015d4    00000004     system_msp432p401r.obj (.data)

.TI.persistent 
*          0    0000159c    00000000     UNINITIALIZED

.bss       0    000015d8    0000000d     UNINITIALIZED
                  000015d8    00000004     (.common:P4EdgeIntTask)
                  000015dc    00000004     (.common:PeriodicTask2)
                  000015e0    00000004     (.common:TimerA1Task)
                  000015e4    00000001     (.common:LogicData)

.TI.noinit 
*          0    000015d8    00000000     UNINITIALIZED

.cinit     0    000018d0    00000040     
                  000018d0    00000019     (.cinit..data.load) [load image, compression = rle]
                  000018e9    00000003     --HOLE-- [fill = 0]
                  000018ec    0000000c     (__TI_handler_table)
                  000018f8    00000008     (.cinit..bss.load) [load image, compression = zero_init]
                  00001900    00000010     (__TI_cinit_table)

.init_array 
*          0    00000020    00000000     UNINITIALIZED

.stack     0    000015e8    00000200     UNINITIALIZED
                  000015e8    00000200     --HOLE--

.intvecs   0    000017e8    000000e4     
                  000017e8    000000e4     startup_msp432p401r_ccs.obj (.intvecs:retain)


LINKER GENERATED COPY TABLES

__TI_cinit_table @ 00001900 records: 2, size/record: 8, table size: 16
	.data: load addr=000018d0, load size=00000019 bytes, run addr=0000159c, run size=0000003c bytes, compression=rle
	.bss: load addr=000018f8, load size=00000008 bytes, run addr=000015d8, run size=0000000d bytes, compression=zero_init


LINKER GENERATED HANDLER TABLE

__TI_handler_table @ 000018ec records: 3, size/record: 4, table size: 12
	index: 0, handler: __TI_decompress_rle24
	index: 1, handler: __TI_decompress_none
	index: 2, handler: __TI_zero_init


GLOBAL SYMBOLS: SORTED ALPHABETICALLY BY Name 

address   name                    
-------   ----                    
00001583  ADC14_IRQHandler        
000003b1  ADC_Init                
00001583  AES256_IRQHandler       
000010e1  BumpInt_Init            
00001143  Bump_Read               
00001583  BusFault_Handler        
000014f9  C$$EXIT                 
00001583  COMP_E0_IRQHandler      
00001583  COMP_E1_IRQHandler      
000015a4  CPMwait                 
00001583  CS_IRQHandler           
0000159c  ClockFrequency          
00000f1d  Clock_Delay1ms          
00000ef3  Clock_Delay1us          
00000edf  Clock_GetFreq           
00000dc9  Clock_Init48MHz         
000015b0  Crystalstable           
00001583  DMA_ERR_IRQHandler      
00001583  DMA_INT0_IRQHandler     
00001583  DMA_INT1_IRQHandler     
00001583  DMA_INT2_IRQHandler     
00001583  DMA_INT3_IRQHandler     
00001583  DebugMon_Handler        
00001583  Default_Handler         
00001583  EUSCIA0_IRQHandler      
00001583  EUSCIA1_IRQHandler      
00001583  EUSCIA2_IRQHandler      
00001583  EUSCIA3_IRQHandler      
00001583  EUSCIB0_IRQHandler      
00001583  EUSCIB1_IRQHandler      
00001583  EUSCIB2_IRQHandler      
00001583  EUSCIB3_IRQHandler      
00001583  FLCTL_IRQHandler        
00001583  FPU_IRQHandler          
00001583  HardFault_Handler       
000015ac  IFlags                  
00000021  LogicAnalyzer           
0000002b  LogicAnalyzer_P1        
00000101  LogicAnalyzer_P10       
00000039  LogicAnalyzer_P2        
00000047  LogicAnalyzer_P2_7654   
00000057  LogicAnalyzer_P3        
00000065  LogicAnalyzer_P4        
00000083  LogicAnalyzer_P4_765320 
00000073  LogicAnalyzer_P4_765432 
000000bb  LogicAnalyzer_P5        
000000c9  LogicAnalyzer_P6        
000000d7  LogicAnalyzer_P7        
000000e5  LogicAnalyzer_P8        
000000f3  LogicAnalyzer_P9        
000015e4  LogicData               
00001583  MemManage_Handler       
00001097  Motor_Backward          
00000ff3  Motor_Forward           
00000fa9  Motor_Init              
0000105d  Motor_Left              
00001023  Motor_Right             
00000fd3  Motor_Stop              
00001583  NMI_Handler             
000015d8  P4EdgeIntTask           
00001583  PCM_IRQHandler          
00001583  PORT1_IRQHandler        
00001583  PORT2_IRQHandler        
00001583  PORT3_IRQHandler        
0000117b  PORT4_IRQHandler        
0000117b  PORT4_IRQHandler        
00001583  PORT5_IRQHandler        
00001583  PORT6_IRQHandler        
00001583  PSS_IRQHandler          
00000a6f  PWM_Duty1               
00000a8f  PWM_Duty2               
00000b33  PWM_Duty3               
00000b53  PWM_Duty4               
00000985  PWM_Init1               
000009eb  PWM_Init12              
00000aaf  PWM_Init34              
00001583  PendSV_Handler          
000015dc  PeriodicTask2           
00000193  PeriodicTask2_Init      
0000020d  PeriodicTask2_Stop      
00000bad  Port1_Init              
00000bcd  Port1_Input             
00000bd7  Port1_Output            
000015a8  Postwait                
000015a0  Prewait                 
00001583  RTC_C_IRQHandler        
00001577  Reset_Handler           
UNDEFED   SHT$$INIT_ARRAY$$Base   
UNDEFED   SHT$$INIT_ARRAY$$Limit  
00001583  SVC_Handler             
0000010f  Scope                   
00001583  SysTick_Handler         
000015d4  SystemCoreClock         
00000651  SystemCoreClockUpdate   
000008c9  SystemInit              
000001fd  T32_INT1_IRQHandler     
000001fd  T32_INT1_IRQHandler     
00001583  T32_INT2_IRQHandler     
00001583  T32_INTC_IRQHandler     
00001583  TA0_0_IRQHandler        
00001583  TA0_N_IRQHandler        
00001237  TA1_0_IRQHandler        
00001237  TA1_0_IRQHandler        
00001583  TA1_N_IRQHandler        
00001583  TA2_0_IRQHandler        
00001583  TA2_N_IRQHandler        
00001583  TA3_0_IRQHandler        
00001583  TA3_N_IRQHandler        
0000034f  TExaS_Clear0            
0000035b  TExaS_Clear1            
00000367  TExaS_Clear2            
00000373  TExaS_Clear3            
0000037f  TExaS_Clear4            
00000381  TExaS_Clear5            
0000038d  TExaS_Clear6            
0000048d  TExaS_Init              
000015b8  TExaS_ScopeErrConflict  
000015b4  TExaS_ScopeErrLostData  
000015bc  TExaS_ScopeWrnReconfig  
000002ed  TExaS_Set               
00000305  TExaS_Set0              
00000311  TExaS_Set1              
0000031d  TExaS_Set2              
00000329  TExaS_Set3              
00000335  TExaS_Set4              
00000337  TExaS_Set5              
00000343  TExaS_Set6              
000005ed  TExaS_Stop              
000002a3  TExaS_Task0             
000002af  TExaS_Task1             
000002bb  TExaS_Task2             
000002c7  TExaS_Task3             
000002d3  TExaS_Task4             
000002d5  TExaS_Task5             
000002e1  TExaS_Task6             
000015e0  TimerA1Task             
000011c5  TimerA1_Init            
00001223  TimerA1_Stop            
00000277  UART_InChar             
0000021d  UART_Init               
00000287  UART_OutChar            
00001583  UsageFault_Handler      
00001583  WDT_A_IRQHandler        
000017e8  __STACK_END             
00000200  __STACK_SIZE            
00001900  __TI_CINIT_Base         
00001910  __TI_CINIT_Limit        
000018ec  __TI_Handler_Table_Base 
000018f8  __TI_Handler_Table_Limit
00001385  __TI_auto_init          
000015c8  __TI_cleanup_ptr        
00001569  __TI_decompress_none    
00001591  __TI_decompress_rle24   
000015cc  __TI_dtors_ptr          
000018d0  __TI_static_base__      
00001585  __TI_zero_init          
00001309  __aeabi_memclr          
00001309  __aeabi_memclr4         
00001309  __aeabi_memclr8         
0000126d  __aeabi_memcpy          
0000126d  __aeabi_memcpy4         
0000126d  __aeabi_memcpy8         
0000130b  __aeabi_memset          
0000130b  __aeabi_memset4         
0000130b  __aeabi_memset8         
ffffffff  __binit__               
ffffffff  __c_args__              
000015e8  __stack                 
0000153d  _args_main              
0000145d  _c_int00                
000015c0  _lock                   
00001563  _nop                    
0000155b  _register_lock          
00001555  _register_unlock        
00001597  _system_pre_init        
000015c4  _unlock                 
000014fd  abort                   
ffffffff  binit                   
000014ad  copy_in                 
00000ee5  delay                   
00001505  exit                    
000017e8  interruptVectors        
00000beb  main                    
000015d0  main_func_sp            
0000126d  memcpy                  
00001311  memset                  


GLOBAL SYMBOLS: SORTED BY Symbol Address 

address   name                    
-------   ----                    
00000021  LogicAnalyzer           
0000002b  LogicAnalyzer_P1        
00000039  LogicAnalyzer_P2        
00000047  LogicAnalyzer_P2_7654   
00000057  LogicAnalyzer_P3        
00000065  LogicAnalyzer_P4        
00000073  LogicAnalyzer_P4_765432 
00000083  LogicAnalyzer_P4_765320 
000000bb  LogicAnalyzer_P5        
000000c9  LogicAnalyzer_P6        
000000d7  LogicAnalyzer_P7        
000000e5  LogicAnalyzer_P8        
000000f3  LogicAnalyzer_P9        
00000101  LogicAnalyzer_P10       
0000010f  Scope                   
00000193  PeriodicTask2_Init      
000001fd  T32_INT1_IRQHandler     
000001fd  T32_INT1_IRQHandler     
00000200  __STACK_SIZE            
0000020d  PeriodicTask2_Stop      
0000021d  UART_Init               
00000277  UART_InChar             
00000287  UART_OutChar            
000002a3  TExaS_Task0             
000002af  TExaS_Task1             
000002bb  TExaS_Task2             
000002c7  TExaS_Task3             
000002d3  TExaS_Task4             
000002d5  TExaS_Task5             
000002e1  TExaS_Task6             
000002ed  TExaS_Set               
00000305  TExaS_Set0              
00000311  TExaS_Set1              
0000031d  TExaS_Set2              
00000329  TExaS_Set3              
00000335  TExaS_Set4              
00000337  TExaS_Set5              
00000343  TExaS_Set6              
0000034f  TExaS_Clear0            
0000035b  TExaS_Clear1            
00000367  TExaS_Clear2            
00000373  TExaS_Clear3            
0000037f  TExaS_Clear4            
00000381  TExaS_Clear5            
0000038d  TExaS_Clear6            
000003b1  ADC_Init                
0000048d  TExaS_Init              
000005ed  TExaS_Stop              
00000651  SystemCoreClockUpdate   
000008c9  SystemInit              
00000985  PWM_Init1               
000009eb  PWM_Init12              
00000a6f  PWM_Duty1               
00000a8f  PWM_Duty2               
00000aaf  PWM_Init34              
00000b33  PWM_Duty3               
00000b53  PWM_Duty4               
00000bad  Port1_Init              
00000bcd  Port1_Input             
00000bd7  Port1_Output            
00000beb  main                    
00000dc9  Clock_Init48MHz         
00000edf  Clock_GetFreq           
00000ee5  delay                   
00000ef3  Clock_Delay1us          
00000f1d  Clock_Delay1ms          
00000fa9  Motor_Init              
00000fd3  Motor_Stop              
00000ff3  Motor_Forward           
00001023  Motor_Right             
0000105d  Motor_Left              
00001097  Motor_Backward          
000010e1  BumpInt_Init            
00001143  Bump_Read               
0000117b  PORT4_IRQHandler        
0000117b  PORT4_IRQHandler        
000011c5  TimerA1_Init            
00001223  TimerA1_Stop            
00001237  TA1_0_IRQHandler        
00001237  TA1_0_IRQHandler        
0000126d  __aeabi_memcpy          
0000126d  __aeabi_memcpy4         
0000126d  __aeabi_memcpy8         
0000126d  memcpy                  
00001309  __aeabi_memclr          
00001309  __aeabi_memclr4         
00001309  __aeabi_memclr8         
0000130b  __aeabi_memset          
0000130b  __aeabi_memset4         
0000130b  __aeabi_memset8         
00001311  memset                  
00001385  __TI_auto_init          
0000145d  _c_int00                
000014ad  copy_in                 
000014f9  C$$EXIT                 
000014fd  abort                   
00001505  exit                    
0000153d  _args_main              
00001555  _register_unlock        
0000155b  _register_lock          
00001563  _nop                    
00001569  __TI_decompress_none    
00001577  Reset_Handler           
00001583  ADC14_IRQHandler        
00001583  AES256_IRQHandler       
00001583  BusFault_Handler        
00001583  COMP_E0_IRQHandler      
00001583  COMP_E1_IRQHandler      
00001583  CS_IRQHandler           
00001583  DMA_ERR_IRQHandler      
00001583  DMA_INT0_IRQHandler     
00001583  DMA_INT1_IRQHandler     
00001583  DMA_INT2_IRQHandler     
00001583  DMA_INT3_IRQHandler     
00001583  DebugMon_Handler        
00001583  Default_Handler         
00001583  EUSCIA0_IRQHandler      
00001583  EUSCIA1_IRQHandler      
00001583  EUSCIA2_IRQHandler      
00001583  EUSCIA3_IRQHandler      
00001583  EUSCIB0_IRQHandler      
00001583  EUSCIB1_IRQHandler      
00001583  EUSCIB2_IRQHandler      
00001583  EUSCIB3_IRQHandler      
00001583  FLCTL_IRQHandler        
00001583  FPU_IRQHandler          
00001583  HardFault_Handler       
00001583  MemManage_Handler       
00001583  NMI_Handler             
00001583  PCM_IRQHandler          
00001583  PORT1_IRQHandler        
00001583  PORT2_IRQHandler        
00001583  PORT3_IRQHandler        
00001583  PORT5_IRQHandler        
00001583  PORT6_IRQHandler        
00001583  PSS_IRQHandler          
00001583  PendSV_Handler          
00001583  RTC_C_IRQHandler        
00001583  SVC_Handler             
00001583  SysTick_Handler         
00001583  T32_INT2_IRQHandler     
00001583  T32_INTC_IRQHandler     
00001583  TA0_0_IRQHandler        
00001583  TA0_N_IRQHandler        
00001583  TA1_N_IRQHandler        
00001583  TA2_0_IRQHandler        
00001583  TA2_N_IRQHandler        
00001583  TA3_0_IRQHandler        
00001583  TA3_N_IRQHandler        
00001583  UsageFault_Handler      
00001583  WDT_A_IRQHandler        
00001585  __TI_zero_init          
00001591  __TI_decompress_rle24   
00001597  _system_pre_init        
0000159c  ClockFrequency          
000015a0  Prewait                 
000015a4  CPMwait                 
000015a8  Postwait                
000015ac  IFlags                  
000015b0  Crystalstable           
000015b4  TExaS_ScopeErrLostData  
000015b8  TExaS_ScopeErrConflict  
000015bc  TExaS_ScopeWrnReconfig  
000015c0  _lock                   
000015c4  _unlock                 
000015c8  __TI_cleanup_ptr        
000015cc  __TI_dtors_ptr          
000015d0  main_func_sp            
000015d4  SystemCoreClock         
000015d8  P4EdgeIntTask           
000015dc  PeriodicTask2           
000015e0  TimerA1Task             
000015e4  LogicData               
000015e8  __stack                 
000017e8  __STACK_END             
000017e8  interruptVectors        
000018d0  __TI_static_base__      
000018ec  __TI_Handler_Table_Base 
000018f8  __TI_Handler_Table_Limit
00001900  __TI_CINIT_Base         
00001910  __TI_CINIT_Limit        
ffffffff  __binit__               
ffffffff  __c_args__              
ffffffff  binit                   
UNDEFED   SHT$$INIT_ARRAY$$Base   
UNDEFED   SHT$$INIT_ARRAY$$Limit  

[186 symbols]
