******************************************************************************
                  TI ARM Linker PC v18.1.1                     
******************************************************************************
>> Linked Thu Mar 26 18:58:27 2020

OUTPUT FILE NAME:   <Lab13_UART_TTS.out>
ENTRY POINT SYMBOL: "_c_int00_noargs"  address: 00003d15


MEMORY CONFIGURATION

         name            origin    length      used     unused   attr    fill
----------------------  --------  ---------  --------  --------  ----  --------
  MAIN                  00000000   00040000  00004203  0003bdfd  R  X
  INFO                  00200000   00004000  00000000  00004000  R  X
  SRAM_CODE             01000000   00010000  000009e8  0000f618  RW X
  SRAM_DATA             20000000   00010000  000009e8  0000f618  RW  


SEGMENT ALLOCATION MAP

run origin  load origin   length   init length attrs members
----------  ----------- ---------- ----------- ----- -------
00000000    00000000    00004208   00004208    r-x
  00000000    00000000    000000e4   000000e4    r-- .intvecs
  000000e4    000000e4    00003f78   00003f78    r-x .text
  0000405c    0000405c    0000010f   0000010f    r-- .const
  00004170    00004170    00000098   00000098    r-- .cinit
20000000    20000000    000007e8   00000000    rw-
  20000000    20000000    00000400   00000000    rw- .sysmem
  20000400    20000400    00000214   00000000    rw- .data
  20000614    20000614    000001d4   00000000    rw- .bss
2000fe00    2000fe00    00000200   00000000    rw-
  2000fe00    2000fe00    00000200   00000000    rw- .stack


SECTION ALLOCATION MAP

 output                                  attributes/
section   page    origin      length       input sections
--------  ----  ----------  ----------   ----------------
.intvecs   0    00000000    000000e4     
                  00000000    000000e4     startup_msp432p401r_ccs.obj (.intvecs:retain)

.text      0    000000e4    00003f78     
                  000000e4    00000a5e     rtsv7M4_T_le_v4SPD16_eabi.lib : _printfi.c.obj (.text:__TI_printfi)
                  00000b42    00000002                                   : _lock.c.obj (.text:_nop)
                  00000b44    000006f0     UART3.obj (.text)
                  00001234    000006bc     UART0.obj (.text)
                  000018f0    00000334     system_msp432p401r.obj (.text)
                  00001c24    00000270     rtsv7M4_T_le_v4SPD16_eabi.lib : _printfi.c.obj (.text:_pconv_a)
                  00001e94    000001e0     Clock.obj (.text)
                  00002074    000001d0     rtsv7M4_T_le_v4SPD16_eabi.lib : _printfi.c.obj (.text:_pconv_g)
                  00002244    000001b6                                   : fd_add_t2.asm.obj (.text)
                  000023fa    00000002                                   : div0.asm.obj (.text)
                  000023fc    0000013c                                   : _printfi.c.obj (.text:_pconv_e)
                  00002538    00000136                                   : fd_div_t2.asm.obj (.text)
                  0000266e    00000002     --HOLE-- [fill = 0]
                  00002670    00000120                                   : _printfi.c.obj (.text:fcvt)
                  00002790    00000114                                   : fputs.c.obj (.text:fputs)
                  000028a4    00000110                                   : s_scalbn.c.obj (.text:scalbn)
                  000029b4    000000fc                                   : fd_mul_t2.asm.obj (.text)
                  00002ab0    000000dc                                   : setvbuf.c.obj (.text:setvbuf)
                  00002b8c    000000d8                                   : memory.c.obj (.text:free)
                  00002c64    000000d0                                   : fopen.c.obj (.text:_openfile)
                  00002d34    000000bc                                   : open.c.obj (.text:open)
                  00002df0    000000b8                                   : add_device.c.obj (.text:add_device)
                  00002ea8    000000b1                                   : _printfi.c.obj (.text:_ltostr)
                  00002f59    00000003     --HOLE-- [fill = 0]
                  00002f5c    0000009c                                   : fopen.c.obj (.text:fopen)
                  00002ff8    0000009c                                   : memcpy_t2.asm.obj (.text)
                  00003094    00000096                                   : ull_div_t2.asm.obj (.text)
                  0000312a    00000002     --HOLE-- [fill = 0]
                  0000312c    0000008c                                   : fputc.c.obj (.text:fputc)
                  000031b8    00000086                                   : fd_cmp_t2.asm.obj (.text:__aeabi_cdcmple)
                  0000323e    00000086                                   : fd_cmp_t2.asm.obj (.text:__aeabi_cdrcmple)
                  000032c4    0000007a                                   : memset_t2.asm.obj (.text)
                  0000333e    00000002     --HOLE-- [fill = 0]
                  00003340    00000078                                   : memory.c.obj (.text:malloc)
                  000033b8    00000074                                   : fclose.c.obj (.text:__TI_closefile)
                  0000342c    0000006e                                   : _printfi.c.obj (.text:_mcpy)
                  0000349a    00000002     --HOLE-- [fill = 0]
                  0000349c    00000068                                   : hostlseek.c.obj (.text:HOSTlseek)
                  00003504    00000068                                   : hostrename.c.obj (.text:HOSTrename)
                  0000356c    00000068                                   : copy_decompress_lzss.c.obj (.text:decompress:lzss:__TI_decompress_lzss)
                  000035d4    00000068                                   : printf.c.obj (.text:printf)
                  0000363c    00000064                                   : s_frexp.c.obj (.text:frexp)
                  000036a0    00000064                                   : fseek.c.obj (.text:fseek)
                  00003704    00000062                                   : _io_perm.c.obj (.text:__TI_wrt_ok)
                  00003766    00000002     --HOLE-- [fill = 0]
                  00003768    00000060                                   : hostopen.c.obj (.text:HOSTopen)
                  000037c8    0000005c                                   : close.c.obj (.text:close)
                  00003824    00000058                                   : hostread.c.obj (.text:HOSTread)
                  0000387c    00000058                                   : hostwrite.c.obj (.text:HOSTwrite)
                  000038d4    00000056                                   : _printfi.c.obj (.text:_pconv_f)
                  0000392a    00000054                                   : ltoa.c.obj (.text:ltoa)
                  0000397e    00000002     --HOLE-- [fill = 0]
                  00003980    00000054     main.obj (.text)
                  000039d4    00000052     rtsv7M4_T_le_v4SPD16_eabi.lib : _printfi.c.obj (.text:_ecpy)
                  00003a26    0000004c                                   : fflush.c.obj (.text:__TI_doflush)
                  00003a72    00000002     --HOLE-- [fill = 0]
                  00003a74    0000004c                                   : atoi.c.obj (.text:atoi)
                  00003ac0    00000048                                   : exit.c.obj (.text:exit)
                  00003b08    00000048                                   : fd_toi_t2.asm.obj (.text)
                  00003b50    00000044                                   : hostclose.c.obj (.text:HOSTclose)
                  00003b94    00000044                                   : hostunlink.c.obj (.text:HOSTunlink)
                  00003bd8    00000044                                   : autoinit.c.obj (.text:__TI_auto_init_nobinit_nopinit:__TI_auto_init_nobinit_nopinit)
                  00003c1c    00000044                                   : getdevice.c.obj (.text:getdevice)
                  00003c60    0000003e                                   : _printfi.c.obj (.text:_fcpy)
                  00003c9e    00000002     --HOLE-- [fill = 0]
                  00003ca0    0000003c                                   : memory.c.obj (.text:minsert)
                  00003cdc    00000038                                   : trgmsg.c.obj (.text:__TI_writemsg)
                  00003d14    00000038                                   : boot_cortex_m.c.obj (.text:_c_int00_noargs:_c_int00_noargs)
                  00003d4c    00000038                                   : memory.c.obj (.text:minit)
                  00003d84    00000036                                   : strncpy.c.obj (.text:strncpy)
                  00003dba    00000002     --HOLE-- [fill = 0]
                  00003dbc    00000034                                   : fopen.c.obj (.text:__TI_cleanup)
                  00003df0    00000034                                   : trgmsg.c.obj (.text:__TI_readmsg)
                  00003e24    00000034                                   : fopen.c.obj (.text:freopen)
                  00003e58    00000030                                   : getdevice.c.obj (.text:finddevice)
                  00003e88    0000002e                                   : i_tofd_t2.asm.obj (.text)
                  00003eb6    00000002     --HOLE-- [fill = 0]
                  00003eb8    0000002c                                   : unlink.c.obj (.text:unlink)
                  00003ee4    00000028                                   : lseek.c.obj (.text:lseek)
                  00003f0c    00000028                                   : memory.c.obj (.text:mremove)
                  00003f34    00000028                                   : write.c.obj (.text:write)
                  00003f5c    00000020                                   : memchr.c.obj (.text:memchr)
                  00003f7c    0000001c                                   : memccpy.c.obj (.text:memccpy)
                  00003f98    00000018                                   : strcmp.c.obj (.text:strcmp)
                  00003fb0    00000016                                   : strchr.c.obj (.text:strchr)
                  00003fc6    00000014                                   : s_copysign.c.obj (.text:copysign)
                  00003fda    00000014                                   : strcpy.c.obj (.text:strcpy)
                  00003fee    00000014                                   : strlen.c.obj (.text:strlen)
                  00004002    00000012                                   : copy_zero_init.c.obj (.text:decompress:ZI:__TI_zero_init_nomemset:__TI_zero_init_nomemset)
                  00004014    00000012                                   : wcslen.c.obj (.text:wcslen)
                  00004026    0000000e                                   : copy_decompress_none.c.obj (.text:decompress:none:__TI_decompress_none)
                  00004034    0000000e     startup_msp432p401r_ccs.obj (.text)
                  00004042    00000002     --HOLE-- [fill = 0]
                  00004044    00000008     rtsv7M4_T_le_v4SPD16_eabi.lib : errno.c.obj (.text:__aeabi_errno_addr)
                  0000404c    00000004                                   : printf.c.obj (.text:_outc)
                  00004050    00000004                                   : printf.c.obj (.text:_outs)
                  00004054    00000004                                   : pre_init.c.obj (.text:_system_pre_init)
                  00004058    00000004                                   : exit.c.obj (.text:abort:abort)

.const     0    0000405c    0000010f     
                  0000405c    00000101     rtsv7M4_T_le_v4SPD16_eabi.lib : ctype.c.obj (.const:.string:_ctypes_)
                  0000415d    0000000e     main.obj (.const:.string:$P$T0$1)

.cinit     0    00004170    00000098     
                  00004170    00000074     (.cinit..data.load) [load image, compression = lzss]
                  000041e4    0000000c     (__TI_handler_table)
                  000041f0    00000008     (.cinit..bss.load) [load image, compression = zero_init]
                  000041f8    00000010     (__TI_cinit_table)

.init_array 
*          0    00000000    00000000     UNINITIALIZED

.binit     0    00000000    00000000     

.sysmem    0    20000000    00000400     UNINITIALIZED
                  20000000    00000008     rtsv7M4_T_le_v4SPD16_eabi.lib : memory.c.obj (.sysmem)
                  20000008    000003f8     --HOLE--

.data      0    20000400    00000214     UNINITIALIZED
                  20000400    000000f0     rtsv7M4_T_le_v4SPD16_eabi.lib : defs.c.obj (.data:_ftable)
                  200004f0    00000078                                   : write.c.obj (.data:_device)
                  20000568    00000050                                   : write.c.obj (.data:_stream)
                  200005b8    00000018     Clock.obj (.data)
                  200005d0    00000010     rtsv7M4_T_le_v4SPD16_eabi.lib : defs.c.obj (.data)
                  200005e0    0000000c                                   : exit.c.obj (.data:$O1$$)
                  200005ec    0000000c                                   : memory.c.obj (.data:$O1$$)
                  200005f8    00000008                                   : _lock.c.obj (.data:$O1$$)
                  20000600    00000004                                   : add_device.c.obj (.data)
                  20000604    00000004                                   : errno.c.obj (.data)
                  20000608    00000004                                   : fopen.c.obj (.data)
                  2000060c    00000004                                   : open.c.obj (.data)
                  20000610    00000004     system_msp432p401r.obj (.data)

.bss       0    20000614    000001d4     UNINITIALIZED
                  20000614    00000120     rtsv7M4_T_le_v4SPD16_eabi.lib : trgmsg.c.obj (.bss:_CIOBUF_)
                  20000734    000000a0     (.common:__TI_tmpnams)
                  200007d4    00000008     (.common:Messageb)
                  200007dc    00000008     (.common:parmbuf)
                  200007e4    00000004     (.common:Messageindexb)

.stack     0    2000fe00    00000200     UNINITIALIZED
                  2000fe00    00000004     rtsv7M4_T_le_v4SPD16_eabi.lib : boot_cortex_m.c.obj (.stack)
                  2000fe04    000001fc     --HOLE--

MODULE SUMMARY

       Module                        code    ro data   rw data
       ------                        ----    -------   -------
    .\
       UART3.obj                     1776    0         0      
       UART0.obj                     1724    0         24     
       system_msp432p401r.obj        820     0         8      
       Clock.obj                     480     0         48     
       startup_msp432p401r_ccs.obj   14      228       0      
       main.obj                      84      14        0      
    +--+-----------------------------+-------+---------+---------+
       Total:                        4898    242       80     
                                                              
    C:\ti\ccsv8\tools\compiler\ti-cgt-arm_18.1.1.LTS\lib\rtsv7M4_T_le_v4SPD16_eabi.lib
       _printfi.c.obj                4863    0         0      
       defs.c.obj                    0       0         832    
       trgmsg.c.obj                  108     0         576    
       memory.c.obj                  492     0         24     
       fopen.c.obj                   468     0         8      
       write.c.obj                   40      0         400    
       fd_add_t2.asm.obj             438     0         0      
       fd_div_t2.asm.obj             310     0         0      
       fputs.c.obj                   276     0         0      
       s_scalbn.c.obj                272     0         0      
       fd_cmp_t2.asm.obj             268     0         0      
       ctype.c.obj                   0       257       0      
       fd_mul_t2.asm.obj             252     0         0      
       setvbuf.c.obj                 220     0         0      
       open.c.obj                    188     0         8      
       add_device.c.obj              184     0         8      
       memcpy_t2.asm.obj             156     0         0      
       ull_div_t2.asm.obj            150     0         0      
       fputc.c.obj                   140     0         0      
       memset_t2.asm.obj             122     0         0      
       fclose.c.obj                  116     0         0      
       getdevice.c.obj               116     0         0      
       hostopen.c.obj                96      0         16     
       printf.c.obj                  112     0         0      
       copy_decompress_lzss.c.obj    104     0         0      
       hostlseek.c.obj               104     0         0      
       hostrename.c.obj              104     0         0      
       exit.c.obj                    76      0         24     
       fseek.c.obj                   100     0         0      
       s_frexp.c.obj                 100     0         0      
       _io_perm.c.obj                98      0         0      
       close.c.obj                   92      0         0      
       hostread.c.obj                88      0         0      
       hostwrite.c.obj               88      0         0      
       ltoa.c.obj                    84      0         0      
       atoi.c.obj                    76      0         0      
       fflush.c.obj                  76      0         0      
       fd_toi_t2.asm.obj             72      0         0      
       autoinit.c.obj                68      0         0      
       hostclose.c.obj               68      0         0      
       hostunlink.c.obj              68      0         0      
       boot_cortex_m.c.obj           56      0         0      
       strncpy.c.obj                 54      0         0      
       i_tofd_t2.asm.obj             46      0         0      
       unlink.c.obj                  44      0         0      
       lseek.c.obj                   40      0         0      
       memchr.c.obj                  32      0         0      
       memccpy.c.obj                 28      0         0      
       strcmp.c.obj                  24      0         0      
       strchr.c.obj                  22      0         0      
       s_copysign.c.obj              20      0         0      
       strcpy.c.obj                  20      0         0      
       strlen.c.obj                  20      0         0      
       _lock.c.obj                   2       0         16     
       copy_zero_init.c.obj          18      0         0      
       wcslen.c.obj                  18      0         0      
       errno.c.obj                   8       0         8      
       copy_decompress_none.c.obj    14      0         0      
       pre_init.c.obj                4       0         0      
       div0.asm.obj                  2       0         0      
    +--+-----------------------------+-------+---------+---------+
       Total:                        11325   257       1920   
                                                              
       Heap:                         0       0         2048   
       Stack:                        0       0         1024   
       Linker Generated:             0       152       0      
    +--+-----------------------------+-------+---------+---------+
       Grand Total:                  16223   651       5072   


LINKER GENERATED COPY TABLES

__TI_cinit_table @ 000041f8 records: 2, size/record: 8, table size: 16
	.data: load addr=00004170, load size=00000074 bytes, run addr=20000400, run size=00000214 bytes, compression=lzss
	.bss: load addr=000041f0, load size=00000008 bytes, run addr=20000614, run size=000001d4 bytes, compression=zero_init


LINKER GENERATED HANDLER TABLE

__TI_handler_table @ 000041e4 records: 3, size/record: 4, table size: 12
	index: 0, handler: __TI_decompress_lzss
	index: 1, handler: __TI_decompress_none
	index: 2, handler: __TI_zero_init


GLOBAL SYMBOLS: SORTED ALPHABETICALLY BY Name 

address   name                           
-------   ----                           
00004041  ADC14_IRQHandler               
00004041  AES256_IRQHandler              
00004041  BusFault_Handler               
00004059  C$$EXIT                        
00003d0b  C$$IO$$                        
00004041  COMP_E0_IRQHandler             
00004041  COMP_E1_IRQHandler             
200005c0  CPMwait                        
00004041  CS_IRQHandler                  
200005b8  ClockFrequency                 
00001fe9  Clock_Delay1ms                 
00001fbf  Clock_Delay1us                 
00001fab  Clock_GetFreq                  
00001e95  Clock_Init48MHz                
200005cc  Crystalstable                  
00004041  DMA_ERR_IRQHandler             
00004041  DMA_INT0_IRQHandler            
00004041  DMA_INT1_IRQHandler            
00004041  DMA_INT2_IRQHandler            
00004041  DMA_INT3_IRQHandler            
00004041  DebugMon_Handler               
00004041  Default_Handler                
00004041  EUSCIA0_IRQHandler             
00004041  EUSCIA1_IRQHandler             
00004041  EUSCIA2_IRQHandler             
00004041  EUSCIA3_IRQHandler             
00004041  EUSCIB0_IRQHandler             
00004041  EUSCIB1_IRQHandler             
00004041  EUSCIB2_IRQHandler             
00004041  EUSCIB3_IRQHandler             
00004041  FLCTL_IRQHandler               
00004041  FPU_IRQHandler                 
00003b51  HOSTclose                      
0000349d  HOSTlseek                      
00003769  HOSTopen                       
00003825  HOSTread                       
00003505  HOSTrename                     
00003b95  HOSTunlink                     
0000387d  HOSTwrite                      
00004041  HardFault_Handler              
200005c8  IFlags                         
00004041  MemManage_Handler              
200007d4  Messageb                       
200007e4  Messageindexb                  
00004041  NMI_Handler                    
00004041  PCM_IRQHandler                 
00004041  PORT1_IRQHandler               
00004041  PORT2_IRQHandler               
00004041  PORT3_IRQHandler               
00004041  PORT4_IRQHandler               
00004041  PORT5_IRQHandler               
00004041  PORT6_IRQHandler               
00004041  PSS_IRQHandler                 
00004041  PendSV_Handler                 
200005c4  Postwait                       
200005bc  Prewait                        
00004041  RTC_C_IRQHandler               
00004035  Reset_Handler                  
00004041  SVC_Handler                    
00004041  SysTick_Handler                
20000610  SystemCoreClock                
000018f1  SystemCoreClockUpdate          
00001b69  SystemInit                     
00004041  T32_INT1_IRQHandler            
00004041  T32_INT2_IRQHandler            
00004041  T32_INTC_IRQHandler            
00004041  TA0_0_IRQHandler               
00004041  TA0_N_IRQHandler               
00004041  TA1_0_IRQHandler               
00004041  TA1_N_IRQHandler               
00004041  TA2_0_IRQHandler               
00004041  TA2_N_IRQHandler               
00004041  TA3_0_IRQHandler               
00004041  TA3_N_IRQHandler               
0000127b  UART0_InChar                   
00001705  UART0_InString                 
000012c5  UART0_InUDec                   
000015b9  UART0_InUHex                   
00001235  UART0_Init                     
00001865  UART0_Initprintf               
0000128b  UART0_OutChar                  
000012a7  UART0_OutString                
00001349  UART0_OutUDec                  
000014b5  UART0_OutUDec4                 
00001509  UART0_OutUDec5                 
00001545  UART0_OutUFix1                 
0000156d  UART0_OutUFix2                 
0000167d  UART0_OutUHex                  
000016e9  UART0_OutUHex2                 
00000b8d  UART3_InChar                   
00001045  UART3_InString                 
00000c07  UART3_InUDec                   
00000ef9  UART3_InUHex                   
00000b45  UART3_Init                     
000011a7  UART3_Initprintf               
00000b9d  UART3_OutChar                  
00000be9  UART3_OutString                
00000c8b  UART3_OutUDec                  
00000e19  UART3_OutUDec4                 
00000e55  UART3_OutUDec5                 
00000e87  UART3_OutUFix1                 
00000eaf  UART3_OutUFix2                 
00000fbd  UART3_OutUHex                  
00001029  UART3_OutUHex2                 
00000bb9  UART3_Out_arr                  
00004041  UsageFault_Handler             
4000480c  WDTCTL_SYM                     
00004041  WDT_A_IRQHandler               
20000614  __CIOBUF_                      
20010000  __STACK_END                    
00000200  __STACK_SIZE                   
00000400  __SYSMEM_SIZE                  
000041f8  __TI_CINIT_Base                
00004208  __TI_CINIT_Limit               
000041e4  __TI_Handler_Table_Base        
000041f0  __TI_Handler_Table_Limit       
00003bd9  __TI_auto_init_nobinit_nopinit 
00003dbd  __TI_cleanup                   
200005e0  __TI_cleanup_ptr               
000033b9  __TI_closefile                 
0000356d  __TI_decompress_lzss           
00004027  __TI_decompress_none           
00003a27  __TI_doflush                   
200005e4  __TI_dtors_ptr                 
200005e8  __TI_enable_exit_profile_output
200005d0  __TI_ft_end                    
ffffffff  __TI_pprof_out_hndl            
000000e5  __TI_printfi                   
ffffffff  __TI_prof_data_size            
ffffffff  __TI_prof_data_start           
00003df1  __TI_readmsg                   
00000000  __TI_static_base__             
20000734  __TI_tmpnams                   
00003cdd  __TI_writemsg                  
00003705  __TI_wrt_ok                    
00004003  __TI_zero_init_nomemset        
000031b9  __aeabi_cdcmpeq                
000031b9  __aeabi_cdcmple                
0000323f  __aeabi_cdrcmple               
00003b09  __aeabi_d2iz                   
0000224f  __aeabi_dadd                   
00002539  __aeabi_ddiv                   
000029b5  __aeabi_dmul                   
00002245  __aeabi_dsub                   
00004045  __aeabi_errno_addr             
00003e89  __aeabi_i2d                    
000023fb  __aeabi_idiv0                  
000023fb  __aeabi_ldiv0                  
000032c5  __aeabi_memclr                 
000032c5  __aeabi_memclr4                
000032c5  __aeabi_memclr8                
00002ff9  __aeabi_memcpy                 
00002ff9  __aeabi_memcpy4                
00002ff9  __aeabi_memcpy8                
000032c7  __aeabi_memset                 
000032c7  __aeabi_memset4                
000032c7  __aeabi_memset8                
200005dc  __aeabi_stderr                 
200005d4  __aeabi_stdin                  
200005d8  __aeabi_stdout                 
00003095  __aeabi_uldivmod               
ffffffff  __binit__                      
ffffffff  __c_args__                     
UNDEFED   __mpu_init                     
2000fe00  __stack                        
00003d15  _c_int00_noargs                
0000405c  _ctypes_                       
200004f0  _device                        
20000400  _ftable                        
200005f8  _lock                          
00000b43  _nop                           
20000568  _stream                        
20000000  _sys_memory                    
UNDEFED   _system_post_cinit             
00004055  _system_pre_init               
200005fc  _unlock                        
00004059  abort                          
00002df1  add_device                     
00003a75  atoi                           
ffffffff  binit                          
000037c9  close                          
00003fc7  copysign                       
00003fc7  copysignl                      
00001fb1  delay                          
20000604  errno                          
00003ac1  exit                           
0000179f  ferror                         
000010d9  ferror3                        
0000177f  fgetc                          
000010bf  fgetc3                         
00003e59  finddevice                     
00002f5d  fopen                          
0000312d  fputc                          
00002791  fputs                          
00002b8d  free                           
00003e25  freopen                        
0000363d  frexp                          
0000363d  frexpl                         
000036a1  fseek                          
00003c1d  getdevice                      
00000000  interruptVectors               
000028a5  ldexp                          
000028a5  ldexpl                         
00003ee5  lseek                          
0000392b  ltoa                           
00003981  main                           
00003341  malloc                         
00003f7d  memccpy                        
00003f5d  memchr                         
00002ff9  memcpy                         
000032cd  memset                         
00003d4d  minit                          
00002d35  open                           
000016c1  outnibble                      
00001001  outnibble3                     
200007dc  parmbuf                        
000035d5  printf                         
0000312d  putc                           
00003eb9  remove                         
000028a5  scalbn                         
000028a5  scalbnl                        
00002ab1  setvbuf                        
00003fb1  strchr                         
00003f99  strcmp                         
00003fdb  strcpy                         
00003fef  strlen                         
00003d85  strncpy                        
000017bd  uart_close                     
000010ff  uart_close3                    
0000183b  uart_lseek                     
0000117d  uart_lseek3                    
000017ad  uart_open                      
000010ef  uart_open3                     
000017cf  uart_read                      
0000110b  uart_read3                     
00001857  uart_rename                    
00001199  uart_rename3                   
0000184b  uart_unlink                    
0000118d  uart_unlink3                   
000017f9  uart_write                     
0000113b  uart_write3                    
00003eb9  unlink                         
00004015  wcslen                         
00003f35  write                          


GLOBAL SYMBOLS: SORTED BY Symbol Address 

address   name                           
-------   ----                           
00000000  __TI_static_base__             
00000000  interruptVectors               
000000e5  __TI_printfi                   
00000200  __STACK_SIZE                   
00000400  __SYSMEM_SIZE                  
00000b43  _nop                           
00000b45  UART3_Init                     
00000b8d  UART3_InChar                   
00000b9d  UART3_OutChar                  
00000bb9  UART3_Out_arr                  
00000be9  UART3_OutString                
00000c07  UART3_InUDec                   
00000c8b  UART3_OutUDec                  
00000e19  UART3_OutUDec4                 
00000e55  UART3_OutUDec5                 
00000e87  UART3_OutUFix1                 
00000eaf  UART3_OutUFix2                 
00000ef9  UART3_InUHex                   
00000fbd  UART3_OutUHex                  
00001001  outnibble3                     
00001029  UART3_OutUHex2                 
00001045  UART3_InString                 
000010bf  fgetc3                         
000010d9  ferror3                        
000010ef  uart_open3                     
000010ff  uart_close3                    
0000110b  uart_read3                     
0000113b  uart_write3                    
0000117d  uart_lseek3                    
0000118d  uart_unlink3                   
00001199  uart_rename3                   
000011a7  UART3_Initprintf               
00001235  UART0_Init                     
0000127b  UART0_InChar                   
0000128b  UART0_OutChar                  
000012a7  UART0_OutString                
000012c5  UART0_InUDec                   
00001349  UART0_OutUDec                  
000014b5  UART0_OutUDec4                 
00001509  UART0_OutUDec5                 
00001545  UART0_OutUFix1                 
0000156d  UART0_OutUFix2                 
000015b9  UART0_InUHex                   
0000167d  UART0_OutUHex                  
000016c1  outnibble                      
000016e9  UART0_OutUHex2                 
00001705  UART0_InString                 
0000177f  fgetc                          
0000179f  ferror                         
000017ad  uart_open                      
000017bd  uart_close                     
000017cf  uart_read                      
000017f9  uart_write                     
0000183b  uart_lseek                     
0000184b  uart_unlink                    
00001857  uart_rename                    
00001865  UART0_Initprintf               
000018f1  SystemCoreClockUpdate          
00001b69  SystemInit                     
00001e95  Clock_Init48MHz                
00001fab  Clock_GetFreq                  
00001fb1  delay                          
00001fbf  Clock_Delay1us                 
00001fe9  Clock_Delay1ms                 
00002245  __aeabi_dsub                   
0000224f  __aeabi_dadd                   
000023fb  __aeabi_idiv0                  
000023fb  __aeabi_ldiv0                  
00002539  __aeabi_ddiv                   
00002791  fputs                          
000028a5  ldexp                          
000028a5  ldexpl                         
000028a5  scalbn                         
000028a5  scalbnl                        
000029b5  __aeabi_dmul                   
00002ab1  setvbuf                        
00002b8d  free                           
00002d35  open                           
00002df1  add_device                     
00002f5d  fopen                          
00002ff9  __aeabi_memcpy                 
00002ff9  __aeabi_memcpy4                
00002ff9  __aeabi_memcpy8                
00002ff9  memcpy                         
00003095  __aeabi_uldivmod               
0000312d  fputc                          
0000312d  putc                           
000031b9  __aeabi_cdcmpeq                
000031b9  __aeabi_cdcmple                
0000323f  __aeabi_cdrcmple               
000032c5  __aeabi_memclr                 
000032c5  __aeabi_memclr4                
000032c5  __aeabi_memclr8                
000032c7  __aeabi_memset                 
000032c7  __aeabi_memset4                
000032c7  __aeabi_memset8                
000032cd  memset                         
00003341  malloc                         
000033b9  __TI_closefile                 
0000349d  HOSTlseek                      
00003505  HOSTrename                     
0000356d  __TI_decompress_lzss           
000035d5  printf                         
0000363d  frexp                          
0000363d  frexpl                         
000036a1  fseek                          
00003705  __TI_wrt_ok                    
00003769  HOSTopen                       
000037c9  close                          
00003825  HOSTread                       
0000387d  HOSTwrite                      
0000392b  ltoa                           
00003981  main                           
00003a27  __TI_doflush                   
00003a75  atoi                           
00003ac1  exit                           
00003b09  __aeabi_d2iz                   
00003b51  HOSTclose                      
00003b95  HOSTunlink                     
00003bd9  __TI_auto_init_nobinit_nopinit 
00003c1d  getdevice                      
00003cdd  __TI_writemsg                  
00003d0b  C$$IO$$                        
00003d15  _c_int00_noargs                
00003d4d  minit                          
00003d85  strncpy                        
00003dbd  __TI_cleanup                   
00003df1  __TI_readmsg                   
00003e25  freopen                        
00003e59  finddevice                     
00003e89  __aeabi_i2d                    
00003eb9  remove                         
00003eb9  unlink                         
00003ee5  lseek                          
00003f35  write                          
00003f5d  memchr                         
00003f7d  memccpy                        
00003f99  strcmp                         
00003fb1  strchr                         
00003fc7  copysign                       
00003fc7  copysignl                      
00003fdb  strcpy                         
00003fef  strlen                         
00004003  __TI_zero_init_nomemset        
00004015  wcslen                         
00004027  __TI_decompress_none           
00004035  Reset_Handler                  
00004041  ADC14_IRQHandler               
00004041  AES256_IRQHandler              
00004041  BusFault_Handler               
00004041  COMP_E0_IRQHandler             
00004041  COMP_E1_IRQHandler             
00004041  CS_IRQHandler                  
00004041  DMA_ERR_IRQHandler             
00004041  DMA_INT0_IRQHandler            
00004041  DMA_INT1_IRQHandler            
00004041  DMA_INT2_IRQHandler            
00004041  DMA_INT3_IRQHandler            
00004041  DebugMon_Handler               
00004041  Default_Handler                
00004041  EUSCIA0_IRQHandler             
00004041  EUSCIA1_IRQHandler             
00004041  EUSCIA2_IRQHandler             
00004041  EUSCIA3_IRQHandler             
00004041  EUSCIB0_IRQHandler             
00004041  EUSCIB1_IRQHandler             
00004041  EUSCIB2_IRQHandler             
00004041  EUSCIB3_IRQHandler             
00004041  FLCTL_IRQHandler               
00004041  FPU_IRQHandler                 
00004041  HardFault_Handler              
00004041  MemManage_Handler              
00004041  NMI_Handler                    
00004041  PCM_IRQHandler                 
00004041  PORT1_IRQHandler               
00004041  PORT2_IRQHandler               
00004041  PORT3_IRQHandler               
00004041  PORT4_IRQHandler               
00004041  PORT5_IRQHandler               
00004041  PORT6_IRQHandler               
00004041  PSS_IRQHandler                 
00004041  PendSV_Handler                 
00004041  RTC_C_IRQHandler               
00004041  SVC_Handler                    
00004041  SysTick_Handler                
00004041  T32_INT1_IRQHandler            
00004041  T32_INT2_IRQHandler            
00004041  T32_INTC_IRQHandler            
00004041  TA0_0_IRQHandler               
00004041  TA0_N_IRQHandler               
00004041  TA1_0_IRQHandler               
00004041  TA1_N_IRQHandler               
00004041  TA2_0_IRQHandler               
00004041  TA2_N_IRQHandler               
00004041  TA3_0_IRQHandler               
00004041  TA3_N_IRQHandler               
00004041  UsageFault_Handler             
00004041  WDT_A_IRQHandler               
00004045  __aeabi_errno_addr             
00004055  _system_pre_init               
00004059  C$$EXIT                        
00004059  abort                          
0000405c  _ctypes_                       
000041e4  __TI_Handler_Table_Base        
000041f0  __TI_Handler_Table_Limit       
000041f8  __TI_CINIT_Base                
00004208  __TI_CINIT_Limit               
20000000  _sys_memory                    
20000400  _ftable                        
200004f0  _device                        
20000568  _stream                        
200005b8  ClockFrequency                 
200005bc  Prewait                        
200005c0  CPMwait                        
200005c4  Postwait                       
200005c8  IFlags                         
200005cc  Crystalstable                  
200005d0  __TI_ft_end                    
200005d4  __aeabi_stdin                  
200005d8  __aeabi_stdout                 
200005dc  __aeabi_stderr                 
200005e0  __TI_cleanup_ptr               
200005e4  __TI_dtors_ptr                 
200005e8  __TI_enable_exit_profile_output
200005f8  _lock                          
200005fc  _unlock                        
20000604  errno                          
20000610  SystemCoreClock                
20000614  __CIOBUF_                      
20000734  __TI_tmpnams                   
200007d4  Messageb                       
200007dc  parmbuf                        
200007e4  Messageindexb                  
2000fe00  __stack                        
20010000  __STACK_END                    
4000480c  WDTCTL_SYM                     
ffffffff  __TI_pprof_out_hndl            
ffffffff  __TI_prof_data_size            
ffffffff  __TI_prof_data_start           
ffffffff  __binit__                      
ffffffff  __c_args__                     
ffffffff  binit                          
UNDEFED   __mpu_init                     
UNDEFED   _system_post_cinit             

[244 symbols]
