******************************************************************************
                  TI ARM Linker PC v18.1.1                     
******************************************************************************
>> Linked Tue Mar 17 19:41:40 2020

OUTPUT FILE NAME:   <Lab06_GPIO.out>
ENTRY POINT SYMBOL: "_c_int00_noargs"  address: 00004579


MEMORY CONFIGURATION

         name            origin    length      used     unused   attr    fill
----------------------  --------  ---------  --------  --------  ----  --------
  MAIN                  00000000   00040000  00004aa8  0003b558  R  X
  INFO                  00200000   00004000  00000000  00004000  R  X
  SRAM_CODE             01000000   00010000  00000a02  0000f5fe  RW X
  SRAM_DATA             20000000   00010000  00000a02  0000f5fe  RW  


SEGMENT ALLOCATION MAP

run origin  load origin   length   init length attrs members
----------  ----------- ---------- ----------- ----- -------
00000000    00000000    00004aa8   00004aa8    r-x
  00000000    00000000    000000e4   000000e4    r-- .intvecs
  000000e4    000000e4    00004800   00004800    r-x .text
  000048e4    000048e4    00000124   00000124    r-- .const
  00004a08    00004a08    000000a0   000000a0    r-- .cinit
20000000    20000000    00000802   00000000    rw-
  20000000    20000000    00000400   00000000    rw- .sysmem
  20000400    20000400    00000220   00000000    rw- .data
  20000620    20000620    000001e2   00000000    rw- .bss
2000fe00    2000fe00    00000200   00000000    rw-
  2000fe00    2000fe00    00000200   00000000    rw- .stack


SECTION ALLOCATION MAP

 output                                  attributes/
section   page    origin      length       input sections
--------  ----  ----------  ----------   ----------------
.intvecs   0    00000000    000000e4     
                  00000000    000000e4     startup_msp432p401r_ccs.obj (.intvecs:retain)

.text      0    000000e4    00004800     
                  000000e4    00000a5e     rtsv7M4_T_le_v4SPD16_eabi.lib : _printfi.c.obj (.text:__TI_printfi)
                  00000b42    00000002                                   : _lock.c.obj (.text:_nop)
                  00000b44    000006bc     UART0.obj (.text)
                  00001200    00000630     TExaS.obj (.text)
                  00001830    0000032c     system_msp432p401r.obj (.text)
                  00001b5c    00000270     rtsv7M4_T_le_v4SPD16_eabi.lib : _printfi.c.obj (.text:_pconv_a)
                  00001dcc    00000234     Reflectance.obj (.text)
                  00002000    00000228     PWM.obj (.text)
                  00002228    000001ee     xunji.obj (.text)
                  00002416    00000002     rtsv7M4_T_le_v4SPD16_eabi.lib : div0.asm.obj (.text)
                  00002418    000001e0     Clock.obj (.text)
                  000025f8    000001d0     rtsv7M4_T_le_v4SPD16_eabi.lib : _printfi.c.obj (.text:_pconv_g)
                  000027c8    000001cc     Lab06_GPIOmain.obj (.text)
                  00002994    000001b6     rtsv7M4_T_le_v4SPD16_eabi.lib : fd_add_t2.asm.obj (.text)
                  00002b4a    00000002     --HOLE-- [fill = 0]
                  00002b4c    0000016c     Motor.obj (.text)
                  00002cb8    0000013c     rtsv7M4_T_le_v4SPD16_eabi.lib : _printfi.c.obj (.text:_pconv_e)
                  00002df4    00000136                                   : fd_div_t2.asm.obj (.text)
                  00002f2a    00000002     --HOLE-- [fill = 0]
                  00002f2c    00000120                                   : _printfi.c.obj (.text:fcvt)
                  0000304c    00000114                                   : fputs.c.obj (.text:fputs)
                  00003160    00000110                                   : s_scalbn.c.obj (.text:scalbn)
                  00003270    000000fc                                   : fd_mul_t2.asm.obj (.text)
                  0000336c    000000dc                                   : setvbuf.c.obj (.text:setvbuf)
                  00003448    000000d8                                   : memory.c.obj (.text:free)
                  00003520    000000d0                                   : fopen.c.obj (.text:_openfile)
                  000035f0    000000bc                                   : open.c.obj (.text:open)
                  000036ac    000000b8                                   : add_device.c.obj (.text:add_device)
                  00003764    000000b1                                   : _printfi.c.obj (.text:_ltostr)
                  00003815    00000003     --HOLE-- [fill = 0]
                  00003818    0000009c                                   : fopen.c.obj (.text:fopen)
                  000038b4    0000009c                                   : memcpy_t2.asm.obj (.text)
                  00003950    00000096                                   : ull_div_t2.asm.obj (.text)
                  000039e6    00000002     --HOLE-- [fill = 0]
                  000039e8    0000008c                                   : fputc.c.obj (.text:fputc)
                  00003a74    00000086                                   : fd_cmp_t2.asm.obj (.text:__aeabi_cdcmple)
                  00003afa    00000086                                   : fd_cmp_t2.asm.obj (.text:__aeabi_cdrcmple)
                  00003b80    0000007a                                   : memset_t2.asm.obj (.text)
                  00003bfa    00000002     --HOLE-- [fill = 0]
                  00003bfc    00000078                                   : memory.c.obj (.text:malloc)
                  00003c74    00000074                                   : fclose.c.obj (.text:__TI_closefile)
                  00003ce8    0000006e                                   : _printfi.c.obj (.text:_mcpy)
                  00003d56    00000002     --HOLE-- [fill = 0]
                  00003d58    00000068                                   : hostlseek.c.obj (.text:HOSTlseek)
                  00003dc0    00000068                                   : hostrename.c.obj (.text:HOSTrename)
                  00003e28    00000068                                   : copy_decompress_lzss.c.obj (.text:decompress:lzss:__TI_decompress_lzss)
                  00003e90    00000068                                   : printf.c.obj (.text:printf)
                  00003ef8    00000064                                   : s_frexp.c.obj (.text:frexp)
                  00003f5c    00000064                                   : fseek.c.obj (.text:fseek)
                  00003fc0    00000062                                   : _io_perm.c.obj (.text:__TI_wrt_ok)
                  00004022    00000002     --HOLE-- [fill = 0]
                  00004024    00000060                                   : hostopen.c.obj (.text:HOSTopen)
                  00004084    0000005c                                   : close.c.obj (.text:close)
                  000040e0    00000058                                   : hostread.c.obj (.text:HOSTread)
                  00004138    00000058                                   : hostwrite.c.obj (.text:HOSTwrite)
                  00004190    00000056                                   : _printfi.c.obj (.text:_pconv_f)
                  000041e6    00000054                                   : ltoa.c.obj (.text:ltoa)
                  0000423a    00000052                                   : _printfi.c.obj (.text:_ecpy)
                  0000428c    0000004c                                   : fflush.c.obj (.text:__TI_doflush)
                  000042d8    0000004c                                   : atoi.c.obj (.text:atoi)
                  00004324    00000048                                   : exit.c.obj (.text:exit)
                  0000436c    00000048                                   : fd_toi_t2.asm.obj (.text)
                  000043b4    00000044                                   : hostclose.c.obj (.text:HOSTclose)
                  000043f8    00000044                                   : hostunlink.c.obj (.text:HOSTunlink)
                  0000443c    00000044                                   : autoinit.c.obj (.text:__TI_auto_init_nobinit_nopinit:__TI_auto_init_nobinit_nopinit)
                  00004480    00000044                                   : getdevice.c.obj (.text:getdevice)
                  000044c4    0000003e                                   : _printfi.c.obj (.text:_fcpy)
                  00004502    00000002     --HOLE-- [fill = 0]
                  00004504    0000003c                                   : memory.c.obj (.text:minsert)
                  00004540    00000038                                   : trgmsg.c.obj (.text:__TI_writemsg)
                  00004578    00000038                                   : boot_cortex_m.c.obj (.text:_c_int00_noargs:_c_int00_noargs)
                  000045b0    00000038                                   : memory.c.obj (.text:minit)
                  000045e8    00000036                                   : strncpy.c.obj (.text:strncpy)
                  0000461e    00000002     --HOLE-- [fill = 0]
                  00004620    00000034                                   : fopen.c.obj (.text:__TI_cleanup)
                  00004654    00000034                                   : trgmsg.c.obj (.text:__TI_readmsg)
                  00004688    00000034                                   : fopen.c.obj (.text:freopen)
                  000046bc    00000030                                   : getdevice.c.obj (.text:finddevice)
                  000046ec    0000002e                                   : i_tofd_t2.asm.obj (.text)
                  0000471a    00000002     --HOLE-- [fill = 0]
                  0000471c    0000002c                                   : unlink.c.obj (.text:unlink)
                  00004748    00000028                                   : lseek.c.obj (.text:lseek)
                  00004770    00000028                                   : memory.c.obj (.text:mremove)
                  00004798    00000028                                   : write.c.obj (.text:write)
                  000047c0    00000024     CortexM.obj (.text)
                  000047e4    00000020     rtsv7M4_T_le_v4SPD16_eabi.lib : memchr.c.obj (.text:memchr)
                  00004804    0000001c                                   : memccpy.c.obj (.text:memccpy)
                  00004820    00000018                                   : strcmp.c.obj (.text:strcmp)
                  00004838    00000016                                   : strchr.c.obj (.text:strchr)
                  0000484e    00000014                                   : s_copysign.c.obj (.text:copysign)
                  00004862    00000014                                   : strcpy.c.obj (.text:strcpy)
                  00004876    00000014                                   : strlen.c.obj (.text:strlen)
                  0000488a    00000012                                   : copy_zero_init.c.obj (.text:decompress:ZI:__TI_zero_init_nomemset:__TI_zero_init_nomemset)
                  0000489c    00000012                                   : wcslen.c.obj (.text:wcslen)
                  000048ae    0000000e                                   : copy_decompress_none.c.obj (.text:decompress:none:__TI_decompress_none)
                  000048bc    0000000e     startup_msp432p401r_ccs.obj (.text)
                  000048ca    00000002     --HOLE-- [fill = 0]
                  000048cc    00000008     rtsv7M4_T_le_v4SPD16_eabi.lib : errno.c.obj (.text:__aeabi_errno_addr)
                  000048d4    00000004                                   : printf.c.obj (.text:_outc)
                  000048d8    00000004                                   : printf.c.obj (.text:_outs)
                  000048dc    00000004                                   : pre_init.c.obj (.text:_system_pre_init)
                  000048e0    00000004                                   : exit.c.obj (.text:abort:abort)

.const     0    000048e4    00000124     
                  000048e4    00000101     rtsv7M4_T_le_v4SPD16_eabi.lib : ctype.c.obj (.const:.string:_ctypes_)
                  000049e5    00000003     --HOLE-- [fill = 0]
                  000049e8    00000020     Reflectance.obj (.const:$P$T0$1)

.cinit     0    00004a08    000000a0     
                  00004a08    00000077     (.cinit..data.load) [load image, compression = lzss]
                  00004a7f    00000001     --HOLE-- [fill = 0]
                  00004a80    0000000c     (__TI_handler_table)
                  00004a8c    00000004     --HOLE-- [fill = 0]
                  00004a90    00000008     (.cinit..bss.load) [load image, compression = zero_init]
                  00004a98    00000010     (__TI_cinit_table)

.init_array 
*          0    00000000    00000000     UNINITIALIZED

.binit     0    00000000    00000000     

.sysmem    0    20000000    00000400     UNINITIALIZED
                  20000000    00000008     rtsv7M4_T_le_v4SPD16_eabi.lib : memory.c.obj (.sysmem)
                  20000008    000003f8     --HOLE--

.data      0    20000400    00000220     UNINITIALIZED
                  20000400    000000f0     rtsv7M4_T_le_v4SPD16_eabi.lib : defs.c.obj (.data:_ftable)
                  200004f0    00000078                                   : write.c.obj (.data:_device)
                  20000568    00000050                                   : write.c.obj (.data:_stream)
                  200005b8    00000018     Clock.obj (.data)
                  200005d0    00000010     rtsv7M4_T_le_v4SPD16_eabi.lib : defs.c.obj (.data)
                  200005e0    0000000c                                   : exit.c.obj (.data:$O1$$)
                  200005ec    0000000c                                   : memory.c.obj (.data:$O1$$)
                  200005f8    0000000c     TExaS.obj (.data)
                  20000604    00000008     rtsv7M4_T_le_v4SPD16_eabi.lib : _lock.c.obj (.data:$O1$$)
                  2000060c    00000004                                   : add_device.c.obj (.data)
                  20000610    00000004                                   : errno.c.obj (.data)
                  20000614    00000004                                   : fopen.c.obj (.data)
                  20000618    00000004                                   : open.c.obj (.data)
                  2000061c    00000004     system_msp432p401r.obj (.data)

.bss       0    20000620    000001e2     UNINITIALIZED
                  20000620    00000120     rtsv7M4_T_le_v4SPD16_eabi.lib : trgmsg.c.obj (.bss:_CIOBUF_)
                  20000740    000000a0     (.common:__TI_tmpnams)
                  200007e0    00000008     (.common:Messageb)
                  200007e8    00000008     (.common:parmbuf)
                  200007f0    00000004     (.common:FallingEdges1)
                  200007f4    00000004     (.common:FallingEdges4)
                  200007f8    00000004     (.common:Messageindexb)
                  200007fc    00000004     (.common:PeriodicTask2)
                  20000800    00000001     (.common:Data)
                  20000801    00000001     (.common:LogicData)

.stack     0    2000fe00    00000200     UNINITIALIZED
                  2000fe00    00000004     rtsv7M4_T_le_v4SPD16_eabi.lib : boot_cortex_m.c.obj (.stack)
                  2000fe04    000001fc     --HOLE--

MODULE SUMMARY

       Module                        code    ro data   rw data
       ------                        ----    -------   -------
    .\
       UART0.obj                     1724    0         24     
       TExaS.obj                     1584    0         34     
       system_msp432p401r.obj        812     0         8      
       Reflectance.obj               564     32        0      
       PWM.obj                       552     0         0      
       Clock.obj                     480     0         48     
       xunji.obj                     494     0         0      
       Lab06_GPIOmain.obj            460     0         18     
       Motor.obj                     364     0         0      
       startup_msp432p401r_ccs.obj   14      228       0      
       CortexM.obj                   36      0         0      
    +--+-----------------------------+-------+---------+---------+
       Total:                        7084    260       132    
                                                              
    C:\ti\ccsv8\tools\compiler\ti-cgt-arm_18.1.1.LTS\lib\rtsv7M4_T_le_v4SPD16_eabi.lib
       _printfi.c.obj                4863    0         0      
       defs.c.obj                    0       0         832    
       trgmsg.c.obj                  108     0         576    
       memory.c.obj                  492     0         24     
       fopen.c.obj                   468     0         8      
       write.c.obj                   40      0         400    
       fd_add_t2.asm.obj             438     0         0      
       fd_div_t2.asm.obj             310     0         0      
       fputs.c.obj                   276     0         0      
       s_scalbn.c.obj                272     0         0      
       fd_cmp_t2.asm.obj             268     0         0      
       ctype.c.obj                   0       257       0      
       fd_mul_t2.asm.obj             252     0         0      
       setvbuf.c.obj                 220     0         0      
       open.c.obj                    188     0         8      
       add_device.c.obj              184     0         8      
       memcpy_t2.asm.obj             156     0         0      
       ull_div_t2.asm.obj            150     0         0      
       fputc.c.obj                   140     0         0      
       memset_t2.asm.obj             122     0         0      
       fclose.c.obj                  116     0         0      
       getdevice.c.obj               116     0         0      
       hostopen.c.obj                96      0         16     
       printf.c.obj                  112     0         0      
       copy_decompress_lzss.c.obj    104     0         0      
       hostlseek.c.obj               104     0         0      
       hostrename.c.obj              104     0         0      
       exit.c.obj                    76      0         24     
       fseek.c.obj                   100     0         0      
       s_frexp.c.obj                 100     0         0      
       _io_perm.c.obj                98      0         0      
       close.c.obj                   92      0         0      
       hostread.c.obj                88      0         0      
       hostwrite.c.obj               88      0         0      
       ltoa.c.obj                    84      0         0      
       atoi.c.obj                    76      0         0      
       fflush.c.obj                  76      0         0      
       fd_toi_t2.asm.obj             72      0         0      
       autoinit.c.obj                68      0         0      
       hostclose.c.obj               68      0         0      
       hostunlink.c.obj              68      0         0      
       boot_cortex_m.c.obj           56      0         0      
       strncpy.c.obj                 54      0         0      
       i_tofd_t2.asm.obj             46      0         0      
       unlink.c.obj                  44      0         0      
       lseek.c.obj                   40      0         0      
       memchr.c.obj                  32      0         0      
       memccpy.c.obj                 28      0         0      
       strcmp.c.obj                  24      0         0      
       strchr.c.obj                  22      0         0      
       s_copysign.c.obj              20      0         0      
       strcpy.c.obj                  20      0         0      
       strlen.c.obj                  20      0         0      
       _lock.c.obj                   2       0         16     
       copy_zero_init.c.obj          18      0         0      
       wcslen.c.obj                  18      0         0      
       errno.c.obj                   8       0         8      
       copy_decompress_none.c.obj    14      0         0      
       pre_init.c.obj                4       0         0      
       div0.asm.obj                  2       0         0      
    +--+-----------------------------+-------+---------+---------+
       Total:                        11325   257       1920   
                                                              
       Heap:                         0       0         2048   
       Stack:                        0       0         1024   
       Linker Generated:             0       155       0      
    +--+-----------------------------+-------+---------+---------+
       Grand Total:                  18409   672       5124   


LINKER GENERATED COPY TABLES

__TI_cinit_table @ 00004a98 records: 2, size/record: 8, table size: 16
	.data: load addr=00004a08, load size=00000077 bytes, run addr=20000400, run size=00000220 bytes, compression=lzss
	.bss: load addr=00004a90, load size=00000008 bytes, run addr=20000620, run size=000001e2 bytes, compression=zero_init


LINKER GENERATED HANDLER TABLE

__TI_handler_table @ 00004a80 records: 3, size/record: 4, table size: 12
	index: 0, handler: __TI_decompress_lzss
	index: 1, handler: __TI_decompress_none
	index: 2, handler: __TI_zero_init


GLOBAL SYMBOLS: SORTED ALPHABETICALLY BY Name 

address   name                           
-------   ----                           
000048c9  ADC14_IRQHandler               
00001591  ADC_Init                       
000048c9  AES256_IRQHandler              
000048c9  BusFault_Handler               
000048e1  C$$EXIT                        
0000456f  C$$IO$$                        
000048c9  COMP_E0_IRQHandler             
000048c9  COMP_E1_IRQHandler             
200005c0  CPMwait                        
000048c9  CS_IRQHandler                  
200005b8  ClockFrequency                 
0000256d  Clock_Delay1ms                 
00002543  Clock_Delay1us                 
0000252f  Clock_GetFreq                  
00002419  Clock_Init48MHz                
200005cc  Crystalstable                  
000048c9  DMA_ERR_IRQHandler             
000048c9  DMA_INT0_IRQHandler            
000048c9  DMA_INT1_IRQHandler            
000048c9  DMA_INT2_IRQHandler            
000048c9  DMA_INT3_IRQHandler            
20000800  Data                           
000048c9  DebugMon_Handler               
000048c9  Default_Handler                
000047c1  DisableInterrupts              
000048c9  EUSCIA0_IRQHandler             
000048c9  EUSCIA1_IRQHandler             
000048c9  EUSCIA2_IRQHandler             
000048c9  EUSCIA3_IRQHandler             
000048c9  EUSCIB0_IRQHandler             
000048c9  EUSCIB1_IRQHandler             
000048c9  EUSCIB2_IRQHandler             
000048c9  EUSCIB3_IRQHandler             
000027eb  EdgeTrigger_Init               
000027c9  Eight_xunji                    
000047c7  EnableInterrupts               
000047d7  EndCritical                    
000048c9  FLCTL_IRQHandler               
000048c9  FPU_IRQHandler                 
200007f0  FallingEdges1                  
200007f4  FallingEdges4                  
000043b5  HOSTclose                      
00003d59  HOSTlseek                      
00004025  HOSTopen                       
000040e1  HOSTread                       
00003dc1  HOSTrename                     
000043f9  HOSTunlink                     
00004139  HOSTwrite                      
000048c9  HardFault_Handler              
200005c8  IFlags                         
00001201  LogicAnalyzer                  
0000120b  LogicAnalyzer_P1               
000012e1  LogicAnalyzer_P10              
00001219  LogicAnalyzer_P2               
00001227  LogicAnalyzer_P2_7654          
00001237  LogicAnalyzer_P3               
00001245  LogicAnalyzer_P4               
00001263  LogicAnalyzer_P4_765320        
00001253  LogicAnalyzer_P4_765432        
0000129b  LogicAnalyzer_P5               
000012a9  LogicAnalyzer_P6               
000012b7  LogicAnalyzer_P7               
000012c5  LogicAnalyzer_P8               
000012d3  LogicAnalyzer_P9               
20000801  LogicData                      
000048c9  MemManage_Handler              
200007e0  Messageb                       
200007f8  Messageindexb                  
00002c63  Motor_Backward                 
00002bbf  Motor_Forward                  
00002b4d  Motor_Init                     
00002c29  Motor_Left                     
00002bef  Motor_Right                    
00002b9f  Motor_Stop                     
000048c9  NMI_Handler                    
000048c9  PCM_IRQHandler                 
0000285d  PORT1_IRQHandler               
0000285d  PORT1_IRQHandler               
000048c9  PORT2_IRQHandler               
000048c9  PORT3_IRQHandler               
000048c9  PORT4_IRQHandler               
000048c9  PORT5_IRQHandler               
000048c9  PORT6_IRQHandler               
000048c9  PSS_IRQHandler                 
000020eb  PWM_Duty1                      
0000210b  PWM_Duty2                      
000021af  PWM_Duty3                      
000021cf  PWM_Duty4                      
00002001  PWM_Init1                      
00002067  PWM_Init12                     
0000212b  PWM_Init34                     
000048c9  PendSV_Handler                 
200007fc  PeriodicTask2                  
00001373  PeriodicTask2_Init             
000013ed  PeriodicTask2_Stop             
200005c4  Postwait                       
200005bc  Prewait                        
000048c9  RTC_C_IRQHandler               
00001e6f  Reflectance_Center             
00001fb5  Reflectance_End                
00001dcd  Reflectance_Init               
00001eb1  Reflectance_Position           
00001e15  Reflectance_Read               
00001f83  Reflectance_Start              
000048bd  Reset_Handler                  
000048c9  SVC_Handler                    
000012ef  Scope                          
000047cd  StartCritical                  
000048c9  SysTick_Handler                
2000061c  SystemCoreClock                
00001831  SystemCoreClockUpdate          
00001aa5  SystemInit                     
000013dd  T32_INT1_IRQHandler            
000013dd  T32_INT1_IRQHandler            
000048c9  T32_INT2_IRQHandler            
000048c9  T32_INTC_IRQHandler            
000048c9  TA0_0_IRQHandler               
000048c9  TA0_N_IRQHandler               
000048c9  TA1_0_IRQHandler               
000048c9  TA1_N_IRQHandler               
000048c9  TA2_0_IRQHandler               
000048c9  TA2_N_IRQHandler               
000048c9  TA3_0_IRQHandler               
000048c9  TA3_N_IRQHandler               
0000152f  TExaS_Clear0                   
0000153b  TExaS_Clear1                   
00001547  TExaS_Clear2                   
00001553  TExaS_Clear3                   
0000155f  TExaS_Clear4                   
00001561  TExaS_Clear5                   
0000156d  TExaS_Clear6                   
0000166d  TExaS_Init                     
200005fc  TExaS_ScopeErrConflict         
200005f8  TExaS_ScopeErrLostData         
20000600  TExaS_ScopeWrnReconfig         
000014cd  TExaS_Set                      
000014e5  TExaS_Set0                     
000014f1  TExaS_Set1                     
000014fd  TExaS_Set2                     
00001509  TExaS_Set3                     
00001515  TExaS_Set4                     
00001517  TExaS_Set5                     
00001523  TExaS_Set6                     
000017cd  TExaS_Stop                     
00001483  TExaS_Task0                    
0000148f  TExaS_Task1                    
0000149b  TExaS_Task2                    
000014a7  TExaS_Task3                    
000014b3  TExaS_Task4                    
000014b5  TExaS_Task5                    
000014c1  TExaS_Task6                    
00000b8b  UART0_InChar                   
00001015  UART0_InString                 
00000bd5  UART0_InUDec                   
00000ec9  UART0_InUHex                   
00000b45  UART0_Init                     
00001175  UART0_Initprintf               
00000b9b  UART0_OutChar                  
00000bb7  UART0_OutString                
00000c59  UART0_OutUDec                  
00000dc5  UART0_OutUDec4                 
00000e19  UART0_OutUDec5                 
00000e55  UART0_OutUFix1                 
00000e7d  UART0_OutUFix2                 
00000f8d  UART0_OutUHex                  
00000ff9  UART0_OutUHex2                 
00001457  UART_InChar                    
000013fd  UART_Init                      
00001467  UART_OutChar                   
000048c9  UsageFault_Handler             
4000480c  WDTCTL_SYM                     
000048c9  WDT_A_IRQHandler               
000047df  WaitForInterrupt               
20000620  __CIOBUF_                      
20010000  __STACK_END                    
00000200  __STACK_SIZE                   
00000400  __SYSMEM_SIZE                  
00004a98  __TI_CINIT_Base                
00004aa8  __TI_CINIT_Limit               
00004a80  __TI_Handler_Table_Base        
00004a8c  __TI_Handler_Table_Limit       
0000443d  __TI_auto_init_nobinit_nopinit 
00004621  __TI_cleanup                   
200005e0  __TI_cleanup_ptr               
00003c75  __TI_closefile                 
00003e29  __TI_decompress_lzss           
000048af  __TI_decompress_none           
0000428d  __TI_doflush                   
200005e4  __TI_dtors_ptr                 
200005e8  __TI_enable_exit_profile_output
200005d0  __TI_ft_end                    
ffffffff  __TI_pprof_out_hndl            
000000e5  __TI_printfi                   
ffffffff  __TI_prof_data_size            
ffffffff  __TI_prof_data_start           
00004655  __TI_readmsg                   
00000000  __TI_static_base__             
20000740  __TI_tmpnams                   
00004541  __TI_writemsg                  
00003fc1  __TI_wrt_ok                    
0000488b  __TI_zero_init_nomemset        
00003a75  __aeabi_cdcmpeq                
00003a75  __aeabi_cdcmple                
00003afb  __aeabi_cdrcmple               
0000436d  __aeabi_d2iz                   
0000299f  __aeabi_dadd                   
00002df5  __aeabi_ddiv                   
00003271  __aeabi_dmul                   
00002995  __aeabi_dsub                   
000048cd  __aeabi_errno_addr             
000046ed  __aeabi_i2d                    
00002417  __aeabi_idiv0                  
00002417  __aeabi_ldiv0                  
00003b81  __aeabi_memclr                 
00003b81  __aeabi_memclr4                
00003b81  __aeabi_memclr8                
000038b5  __aeabi_memcpy                 
000038b5  __aeabi_memcpy4                
000038b5  __aeabi_memcpy8                
00003b83  __aeabi_memset                 
00003b83  __aeabi_memset4                
00003b83  __aeabi_memset8                
200005dc  __aeabi_stderr                 
200005d4  __aeabi_stdin                  
200005d8  __aeabi_stdout                 
00003951  __aeabi_uldivmod               
ffffffff  __binit__                      
ffffffff  __c_args__                     
UNDEFED   __mpu_init                     
2000fe00  __stack                        
00004579  _c_int00_noargs                
000048e4  _ctypes_                       
200004f0  _device                        
20000400  _ftable                        
20000604  _lock                          
00000b43  _nop                           
20000568  _stream                        
20000000  _sys_memory                    
UNDEFED   _system_post_cinit             
000048dd  _system_pre_init               
20000608  _unlock                        
000048e1  abort                          
000036ad  add_device                     
000042d9  atoi                           
ffffffff  binit                          
00004085  close                          
0000484f  copysign                       
0000484f  copysignl                      
00002535  delay                          
20000610  errno                          
00004325  exit                           
000010af  ferror                         
0000108f  fgetc                          
000046bd  finddevice                     
00003819  fopen                          
000039e9  fputc                          
0000304d  fputs                          
00003449  free                           
00004689  freopen                        
00003ef9  frexp                          
00003ef9  frexpl                         
00003f5d  fseek                          
00004481  getdevice                      
00000000  interruptVectors               
00003161  ldexp                          
00003161  ldexpl                         
00004749  lseek                          
000041e7  ltoa                           
000028c1  main                           
00003bfd  malloc                         
00004805  memccpy                        
000047e5  memchr                         
000038b5  memcpy                         
00003b89  memset                         
000045b1  minit                          
000035f1  open                           
00000fd1  outnibble                      
200007e8  parmbuf                        
00003e91  printf                         
000039e9  putc                           
0000471d  remove                         
00003161  scalbn                         
00003161  scalbnl                        
0000336d  setvbuf                        
00004839  strchr                         
00004821  strcmp                         
00004863  strcpy                         
00004877  strlen                         
000045e9  strncpy                        
000010cd  uart_close                     
0000114b  uart_lseek                     
000010bd  uart_open                      
000010df  uart_read                      
00001167  uart_rename                    
0000115b  uart_unlink                    
00001109  uart_write                     
0000471d  unlink                         
0000489d  wcslen                         
00004799  write                          
00002229  xunji                          


GLOBAL SYMBOLS: SORTED BY Symbol Address 

address   name                           
-------   ----                           
00000000  __TI_static_base__             
00000000  interruptVectors               
000000e5  __TI_printfi                   
00000200  __STACK_SIZE                   
00000400  __SYSMEM_SIZE                  
00000b43  _nop                           
00000b45  UART0_Init                     
00000b8b  UART0_InChar                   
00000b9b  UART0_OutChar                  
00000bb7  UART0_OutString                
00000bd5  UART0_InUDec                   
00000c59  UART0_OutUDec                  
00000dc5  UART0_OutUDec4                 
00000e19  UART0_OutUDec5                 
00000e55  UART0_OutUFix1                 
00000e7d  UART0_OutUFix2                 
00000ec9  UART0_InUHex                   
00000f8d  UART0_OutUHex                  
00000fd1  outnibble                      
00000ff9  UART0_OutUHex2                 
00001015  UART0_InString                 
0000108f  fgetc                          
000010af  ferror                         
000010bd  uart_open                      
000010cd  uart_close                     
000010df  uart_read                      
00001109  uart_write                     
0000114b  uart_lseek                     
0000115b  uart_unlink                    
00001167  uart_rename                    
00001175  UART0_Initprintf               
00001201  LogicAnalyzer                  
0000120b  LogicAnalyzer_P1               
00001219  LogicAnalyzer_P2               
00001227  LogicAnalyzer_P2_7654          
00001237  LogicAnalyzer_P3               
00001245  LogicAnalyzer_P4               
00001253  LogicAnalyzer_P4_765432        
00001263  LogicAnalyzer_P4_765320        
0000129b  LogicAnalyzer_P5               
000012a9  LogicAnalyzer_P6               
000012b7  LogicAnalyzer_P7               
000012c5  LogicAnalyzer_P8               
000012d3  LogicAnalyzer_P9               
000012e1  LogicAnalyzer_P10              
000012ef  Scope                          
00001373  PeriodicTask2_Init             
000013dd  T32_INT1_IRQHandler            
000013dd  T32_INT1_IRQHandler            
000013ed  PeriodicTask2_Stop             
000013fd  UART_Init                      
00001457  UART_InChar                    
00001467  UART_OutChar                   
00001483  TExaS_Task0                    
0000148f  TExaS_Task1                    
0000149b  TExaS_Task2                    
000014a7  TExaS_Task3                    
000014b3  TExaS_Task4                    
000014b5  TExaS_Task5                    
000014c1  TExaS_Task6                    
000014cd  TExaS_Set                      
000014e5  TExaS_Set0                     
000014f1  TExaS_Set1                     
000014fd  TExaS_Set2                     
00001509  TExaS_Set3                     
00001515  TExaS_Set4                     
00001517  TExaS_Set5                     
00001523  TExaS_Set6                     
0000152f  TExaS_Clear0                   
0000153b  TExaS_Clear1                   
00001547  TExaS_Clear2                   
00001553  TExaS_Clear3                   
0000155f  TExaS_Clear4                   
00001561  TExaS_Clear5                   
0000156d  TExaS_Clear6                   
00001591  ADC_Init                       
0000166d  TExaS_Init                     
000017cd  TExaS_Stop                     
00001831  SystemCoreClockUpdate          
00001aa5  SystemInit                     
00001dcd  Reflectance_Init               
00001e15  Reflectance_Read               
00001e6f  Reflectance_Center             
00001eb1  Reflectance_Position           
00001f83  Reflectance_Start              
00001fb5  Reflectance_End                
00002001  PWM_Init1                      
00002067  PWM_Init12                     
000020eb  PWM_Duty1                      
0000210b  PWM_Duty2                      
0000212b  PWM_Init34                     
000021af  PWM_Duty3                      
000021cf  PWM_Duty4                      
00002229  xunji                          
00002417  __aeabi_idiv0                  
00002417  __aeabi_ldiv0                  
00002419  Clock_Init48MHz                
0000252f  Clock_GetFreq                  
00002535  delay                          
00002543  Clock_Delay1us                 
0000256d  Clock_Delay1ms                 
000027c9  Eight_xunji                    
000027eb  EdgeTrigger_Init               
0000285d  PORT1_IRQHandler               
0000285d  PORT1_IRQHandler               
000028c1  main                           
00002995  __aeabi_dsub                   
0000299f  __aeabi_dadd                   
00002b4d  Motor_Init                     
00002b9f  Motor_Stop                     
00002bbf  Motor_Forward                  
00002bef  Motor_Right                    
00002c29  Motor_Left                     
00002c63  Motor_Backward                 
00002df5  __aeabi_ddiv                   
0000304d  fputs                          
00003161  ldexp                          
00003161  ldexpl                         
00003161  scalbn                         
00003161  scalbnl                        
00003271  __aeabi_dmul                   
0000336d  setvbuf                        
00003449  free                           
000035f1  open                           
000036ad  add_device                     
00003819  fopen                          
000038b5  __aeabi_memcpy                 
000038b5  __aeabi_memcpy4                
000038b5  __aeabi_memcpy8                
000038b5  memcpy                         
00003951  __aeabi_uldivmod               
000039e9  fputc                          
000039e9  putc                           
00003a75  __aeabi_cdcmpeq                
00003a75  __aeabi_cdcmple                
00003afb  __aeabi_cdrcmple               
00003b81  __aeabi_memclr                 
00003b81  __aeabi_memclr4                
00003b81  __aeabi_memclr8                
00003b83  __aeabi_memset                 
00003b83  __aeabi_memset4                
00003b83  __aeabi_memset8                
00003b89  memset                         
00003bfd  malloc                         
00003c75  __TI_closefile                 
00003d59  HOSTlseek                      
00003dc1  HOSTrename                     
00003e29  __TI_decompress_lzss           
00003e91  printf                         
00003ef9  frexp                          
00003ef9  frexpl                         
00003f5d  fseek                          
00003fc1  __TI_wrt_ok                    
00004025  HOSTopen                       
00004085  close                          
000040e1  HOSTread                       
00004139  HOSTwrite                      
000041e7  ltoa                           
0000428d  __TI_doflush                   
000042d9  atoi                           
00004325  exit                           
0000436d  __aeabi_d2iz                   
000043b5  HOSTclose                      
000043f9  HOSTunlink                     
0000443d  __TI_auto_init_nobinit_nopinit 
00004481  getdevice                      
00004541  __TI_writemsg                  
0000456f  C$$IO$$                        
00004579  _c_int00_noargs                
000045b1  minit                          
000045e9  strncpy                        
00004621  __TI_cleanup                   
00004655  __TI_readmsg                   
00004689  freopen                        
000046bd  finddevice                     
000046ed  __aeabi_i2d                    
0000471d  remove                         
0000471d  unlink                         
00004749  lseek                          
00004799  write                          
000047c1  DisableInterrupts              
000047c7  EnableInterrupts               
000047cd  StartCritical                  
000047d7  EndCritical                    
000047df  WaitForInterrupt               
000047e5  memchr                         
00004805  memccpy                        
00004821  strcmp                         
00004839  strchr                         
0000484f  copysign                       
0000484f  copysignl                      
00004863  strcpy                         
00004877  strlen                         
0000488b  __TI_zero_init_nomemset        
0000489d  wcslen                         
000048af  __TI_decompress_none           
000048bd  Reset_Handler                  
000048c9  ADC14_IRQHandler               
000048c9  AES256_IRQHandler              
000048c9  BusFault_Handler               
000048c9  COMP_E0_IRQHandler             
000048c9  COMP_E1_IRQHandler             
000048c9  CS_IRQHandler                  
000048c9  DMA_ERR_IRQHandler             
000048c9  DMA_INT0_IRQHandler            
000048c9  DMA_INT1_IRQHandler            
000048c9  DMA_INT2_IRQHandler            
000048c9  DMA_INT3_IRQHandler            
000048c9  DebugMon_Handler               
000048c9  Default_Handler                
000048c9  EUSCIA0_IRQHandler             
000048c9  EUSCIA1_IRQHandler             
000048c9  EUSCIA2_IRQHandler             
000048c9  EUSCIA3_IRQHandler             
000048c9  EUSCIB0_IRQHandler             
000048c9  EUSCIB1_IRQHandler             
000048c9  EUSCIB2_IRQHandler             
000048c9  EUSCIB3_IRQHandler             
000048c9  FLCTL_IRQHandler               
000048c9  FPU_IRQHandler                 
000048c9  HardFault_Handler              
000048c9  MemManage_Handler              
000048c9  NMI_Handler                    
000048c9  PCM_IRQHandler                 
000048c9  PORT2_IRQHandler               
000048c9  PORT3_IRQHandler               
000048c9  PORT4_IRQHandler               
000048c9  PORT5_IRQHandler               
000048c9  PORT6_IRQHandler               
000048c9  PSS_IRQHandler                 
000048c9  PendSV_Handler                 
000048c9  RTC_C_IRQHandler               
000048c9  SVC_Handler                    
000048c9  SysTick_Handler                
000048c9  T32_INT2_IRQHandler            
000048c9  T32_INTC_IRQHandler            
000048c9  TA0_0_IRQHandler               
000048c9  TA0_N_IRQHandler               
000048c9  TA1_0_IRQHandler               
000048c9  TA1_N_IRQHandler               
000048c9  TA2_0_IRQHandler               
000048c9  TA2_N_IRQHandler               
000048c9  TA3_0_IRQHandler               
000048c9  TA3_N_IRQHandler               
000048c9  UsageFault_Handler             
000048c9  WDT_A_IRQHandler               
000048cd  __aeabi_errno_addr             
000048dd  _system_pre_init               
000048e1  C$$EXIT                        
000048e1  abort                          
000048e4  _ctypes_                       
00004a80  __TI_Handler_Table_Base        
00004a8c  __TI_Handler_Table_Limit       
00004a98  __TI_CINIT_Base                
00004aa8  __TI_CINIT_Limit               
20000000  _sys_memory                    
20000400  _ftable                        
200004f0  _device                        
20000568  _stream                        
200005b8  ClockFrequency                 
200005bc  Prewait                        
200005c0  CPMwait                        
200005c4  Postwait                       
200005c8  IFlags                         
200005cc  Crystalstable                  
200005d0  __TI_ft_end                    
200005d4  __aeabi_stdin                  
200005d8  __aeabi_stdout                 
200005dc  __aeabi_stderr                 
200005e0  __TI_cleanup_ptr               
200005e4  __TI_dtors_ptr                 
200005e8  __TI_enable_exit_profile_output
200005f8  TExaS_ScopeErrLostData         
200005fc  TExaS_ScopeErrConflict         
20000600  TExaS_ScopeWrnReconfig         
20000604  _lock                          
20000608  _unlock                        
20000610  errno                          
2000061c  SystemCoreClock                
20000620  __CIOBUF_                      
20000740  __TI_tmpnams                   
200007e0  Messageb                       
200007e8  parmbuf                        
200007f0  FallingEdges1                  
200007f4  FallingEdges4                  
200007f8  Messageindexb                  
200007fc  PeriodicTask2                  
20000800  Data                           
20000801  LogicData                      
2000fe00  __stack                        
20010000  __STACK_END                    
4000480c  WDTCTL_SYM                     
ffffffff  __TI_pprof_out_hndl            
ffffffff  __TI_prof_data_size            
ffffffff  __TI_prof_data_start           
ffffffff  __binit__                      
ffffffff  __c_args__                     
ffffffff  binit                          
UNDEFED   __mpu_init                     
UNDEFED   _system_post_cinit             

[300 symbols]
